0% Partitioning collider contacts
20% Partitioning collider contacts
59% Partitioning collider contacts
79% Partitioning collider contacts
85% Auditing collider contacts
100% Collision model ready
0% Partitioning collider contacts
4% Partitioning collider contacts
9% Partitioning collider contacts
13% Partitioning collider contacts
17% Partitioning collider contacts
22% Partitioning collider contacts
26% Partitioning collider contacts
30% Partitioning collider contacts
35% Partitioning collider contacts
39% Partitioning collider contacts
43% Partitioning collider contacts
47% Partitioning collider contacts
52% Partitioning collider contacts
56% Partitioning collider contacts
60% Partitioning collider contacts
65% Partitioning collider contacts
69% Partitioning collider contacts
73% Partitioning collider contacts
78% Partitioning collider contacts
85% Auditing collider contacts
100% Collision model ready
18% Suspension
55% Cabin
72% Engine & details
91% Checking connections
100% Ready
{"model":"buggy","visuals":927,"groups":190,"shapes":384,"bonds":626,"geometryHash":"283ecdd3ca7e3de4f59595bde95fd937396cc4455ef6fc5247b32dd3e7d864af"}
0% Partitioning collider contacts
12% Partitioning collider contacts
35% Partitioning collider contacts
47% Partitioning collider contacts
58% Partitioning collider contacts
70% Partitioning collider contacts
85% Auditing collider contacts
100% Collision model ready
0% Partitioning collider contacts
4% Partitioning collider contacts
7% Partitioning collider contacts
11% Partitioning collider contacts
15% Partitioning collider contacts
19% Partitioning collider contacts
22% Partitioning collider contacts
26% Partitioning collider contacts
30% Partitioning collider contacts
34% Partitioning collider contacts
37% Partitioning collider contacts
41% Partitioning collider contacts
45% Partitioning collider contacts
49% Partitioning collider contacts
52% Partitioning collider contacts
56% Partitioning collider contacts
60% Partitioning collider contacts
64% Partitioning collider contacts
67% Partitioning collider contacts
71% Partitioning collider contacts
75% Partitioning collider contacts
79% Partitioning collider contacts
85% Auditing collider contacts
100% Collision model ready
18% Suspension
55% Cabin
72% Engine & details
91% Checking connections
100% Ready
{"model":"trophy","visuals":1069,"groups":332,"shapes":674,"bonds":1072,"geometryHash":"708af0f3221160e095faa8c0c09d65dd4950f2f044454709517b128942615a24"}
0% Partitioning collider contacts
12% Partitioning collider contacts
35% Partitioning collider contacts
47% Partitioning collider contacts
59% Partitioning collider contacts
71% Partitioning collider contacts
85% Auditing collider contacts
100% Collision model ready
0% Partitioning collider contacts
4% Partitioning collider contacts
8% Partitioning collider contacts
11% Partitioning collider contacts
15% Partitioning collider contacts
19% Partitioning collider contacts
23% Partitioning collider contacts
26% Partitioning collider contacts
30% Partitioning collider contacts
34% Partitioning collider contacts
38% Partitioning collider contacts
41% Partitioning collider contacts
45% Partitioning collider contacts
49% Partitioning collider contacts
53% Partitioning collider contacts
56% Partitioning collider contacts
60% Partitioning collider contacts
64% Partitioning collider contacts
68% Partitioning collider contacts
71% Partitioning collider contacts
75% Partitioning collider contacts
79% Partitioning collider contacts
85% Auditing collider contacts
100% Collision model ready
18% Suspension
55% Cabin
72% Engine & details
91% Checking connections
100% Ready
{"model":"rally","visuals":1064,"groups":327,"shapes":664,"bonds":1102,"geometryHash":"0c760baee2a430bc218d9563acf68fcdf4ae84d8ab1c3a0a25294e4a8dde02ed"}
0% Partitioning collider contacts
12% Partitioning collider contacts
47% Partitioning collider contacts
58% Partitioning collider contacts
70% Partitioning collider contacts
85% Auditing collider contacts
100% Collision model ready
0% Partitioning collider contacts
4% Partitioning collider contacts
7% Partitioning collider contacts
11% Partitioning collider contacts
15% Partitioning collider contacts
19% Partitioning collider contacts
22% Partitioning collider contacts
26% Partitioning collider contacts
30% Partitioning collider contacts
34% Partitioning collider contacts
37% Partitioning collider contacts
41% Partitioning collider contacts
45% Partitioning collider contacts
49% Partitioning collider contacts
52% Partitioning collider contacts
56% Partitioning collider contacts
60% Partitioning collider contacts
64% Partitioning collider contacts
67% Partitioning collider contacts
71% Partitioning collider contacts
75% Partitioning collider contacts
79% Partitioning collider contacts
85% Auditing collider contacts
100% Collision model ready
18% Suspension
55% Cabin
72% Engine & details
91% Checking connections
100% Ready
{"model":"monster","visuals":1069,"groups":328,"shapes":622,"bonds":1039,"geometryHash":"a0e08231a28fcc13f64f4a00d2ef85717074809eb744acb64b7b7655fe35edd4"}
0% Partitioning collider contacts
12% Partitioning collider contacts
36% Partitioning collider contacts
47% Partitioning collider contacts
59% Partitioning collider contacts
71% Partitioning collider contacts
85% Auditing collider contacts
100% Collision model ready
0% Partitioning collider contacts
4% Partitioning collider contacts
8% Partitioning collider contacts
11% Partitioning collider contacts
15% Partitioning collider contacts
19% Partitioning collider contacts
23% Partitioning collider contacts
26% Partitioning collider contacts
30% Partitioning collider contacts
34% Partitioning collider contacts
38% Partitioning collider contacts
41% Partitioning collider contacts
45% Partitioning collider contacts
49% Partitioning collider contacts
53% Partitioning collider contacts
56% Partitioning collider contacts
60% Partitioning collider contacts
64% Partitioning collider contacts
68% Partitioning collider contacts
71% Partitioning collider contacts
75% Partitioning collider contacts
79% Partitioning collider contacts
85% Auditing collider contacts
100% Collision model ready
18% Suspension
55% Cabin
72% Engine & details
91% Checking connections
100% Ready
{"model":"derby","visuals":1063,"groups":326,"shapes":639,"bonds":1016,"geometryHash":"9a8b2a16ebfd3c7b49b233b528f981dd98833ce30d15055ff7fbee29377cabb9"}
0% Partitioning collider contacts
17% Partitioning collider contacts
51% Partitioning collider contacts
68% Partitioning collider contacts
85% Auditing collider contacts
100% Collision model ready
0% Partitioning collider contacts
4% Partitioning collider contacts
8% Partitioning collider contacts
13% Partitioning collider contacts
17% Partitioning collider contacts
21% Partitioning collider contacts
25% Partitioning collider contacts
29% Partitioning collider contacts
33% Partitioning collider contacts
38% Partitioning collider contacts
42% Partitioning collider contacts
46% Partitioning collider contacts
50% Partitioning collider contacts
54% Partitioning collider contacts
58% Partitioning collider contacts
63% Partitioning collider contacts
67% Partitioning collider contacts
71% Partitioning collider contacts
75% Partitioning collider contacts
79% Partitioning collider contacts
85% Auditing collider contacts
100% Collision model ready
18% Suspension
55% Cabin
72% Engine & details
91% Checking connections
100% Ready
{"model":"sprint","visuals":959,"groups":222,"shapes":461,"bonds":754,"geometryHash":"5f805eb3dd5d8e68aacd62765c14421324718ddff02a323b89555ec2c6ff477f"}
0% Partitioning collider contacts
10% Partitioning collider contacts
20% Partitioning collider contacts
30% Partitioning collider contacts
40% Partitioning collider contacts
50% Partitioning collider contacts
60% Partitioning collider contacts
70% Partitioning collider contacts
85% Auditing collider contacts
100% Collision model ready
0% Partitioning collider contacts
3% Partitioning collider contacts
7% Partitioning collider contacts
10% Partitioning collider contacts
13% Partitioning collider contacts
17% Partitioning collider contacts
20% Partitioning collider contacts
23% Partitioning collider contacts
27% Partitioning collider contacts
30% Partitioning collider contacts
34% Partitioning collider contacts
37% Partitioning collider contacts
40% Partitioning collider contacts
44% Partitioning collider contacts
47% Partitioning collider contacts
50% Partitioning collider contacts
54% Partitioning collider contacts
57% Partitioning collider contacts
60% Partitioning collider contacts
64% Partitioning collider contacts
67% Partitioning collider contacts
70% Partitioning collider contacts
74% Partitioning collider contacts
77% Partitioning collider contacts
85% Auditing collider contacts
100% Collision model ready
18% Suspension
55% Cabin
72% Engine & details
91% Checking connections
100% Ready
{"model":"semi","visuals":1192,"groups":387,"shapes":865,"bonds":1215,"geometryHash":"1a967b1d7806505564c1fadf115ae77a1544505df8429addc4a6ce0daa9d2116"}
0% Partitioning collider contacts
20% Partitioning collider contacts
59% Partitioning collider contacts
79% Partitioning collider contacts
85% Auditing collider contacts
100% Collision model ready
0% Partitioning collider contacts
4% Partitioning collider contacts
9% Partitioning collider contacts
13% Partitioning collider contacts
17% Partitioning collider contacts
22% Partitioning collider contacts
26% Partitioning collider contacts
30% Partitioning collider contacts
35% Partitioning collider contacts
39% Partitioning collider contacts
43% Partitioning collider contacts
47% Partitioning collider contacts
52% Partitioning collider contacts
56% Partitioning collider contacts
60% Partitioning collider contacts
65% Partitioning collider contacts
69% Partitioning collider contacts
73% Partitioning collider contacts
78% Partitioning collider contacts
85% Auditing collider contacts
100% Collision model ready
18% Suspension
55% Cabin
72% Engine & details
91% Checking connections
100% Ready
{"model":"custom-buggy","visuals":927,"groups":190,"shapes":391,"bonds":635,"geometryHash":"32430d531b64d4cc19c3647f645767bda5128db778d7b52daf1d2a032d7a7e08"}
