
running 4 tests
test a_dropped_building_breaks_up_instead_of_landing_in_one_piece ... [destruction] CUDA stress solver active; configured iteration budget 32. Convergence depends on the current load and topology.
ok
test a_shot_damages_the_facade_without_starting_a_collapse ... algedra-tower: facade burst=356 cascade=6 background_per_sec=0 awake=0 nodes=7959 total_bonds=362
house-1story: facade burst=541 cascade=0 background_per_sec=0 awake=0 nodes=319 total_bonds=541
house-2story: facade burst=589 cascade=0 background_per_sec=0 awake=26 nodes=599 total_bonds=589
villa-savoye: facade burst=306 cascade=3 background_per_sec=0 awake=0 nodes=1045 total_bonds=309
PhysX[2] Cooking::cookConvexMesh: GPU-compatible convex hull could not be built because of oblong shape. Will fall back to CPU collision, particles and deformables will not collide with this mesh! (/root/workspace/physx-gpu-activity/physx/source/geomutils/src/cooking/GuCookingConvexMesh.cpp:124)
PhysX[2] Cooking::cookConvexMesh: GPU-compatible convex hull could not be built because of oblong shape. Will fall back to CPU collision, particles and deformables will not collide with this mesh! (/root/workspace/physx-gpu-activity/physx/source/geomutils/src/cooking/GuCookingConvexMesh.cpp:124)
PhysX[2] Cooking::cookConvexMesh: GPU-compatible convex hull could not be built because of oblong shape. Will fall back to CPU collision, particles and deformables will not collide with this mesh! (/root/workspace/physx-gpu-activity/physx/source/geomutils/src/cooking/GuCookingConvexMesh.cpp:124)
PhysX[2] Cooking::cookConvexMesh: GPU-compatible convex hull could not be built because of oblong shape. Will fall back to CPU collision, particles and deformables will not collide with this mesh! (/root/workspace/physx-gpu-activity/physx/source/geomutils/src/cooking/GuCookingConvexMesh.cpp:124)
PhysX[2] Cooking::cookConvexMesh: GPU-compatible convex hull could not be built because of oblong shape. Will fall back to CPU collision, particles and deformables will not collide with this mesh! (/root/workspace/physx-gpu-activity/physx/source/geomutils/src/cooking/GuCookingConvexMesh.cpp:124)
PhysX[2] Cooking::cookConvexMesh: GPU-compatible convex hull could not be built because of oblong shape. Will fall back to CPU collision, particles and deformables will not collide with this mesh! (/root/workspace/physx-gpu-activity/physx/source/geomutils/src/cooking/GuCookingConvexMesh.cpp:124)
PhysX[2] Cooking::cookConvexMesh: GPU-compatible convex hull could not be built because of oblong shape. Will fall back to CPU collision, particles and deformables will not collide with this mesh! (/root/workspace/physx-gpu-activity/physx/source/geomutils/src/cooking/GuCookingConvexMesh.cpp:124)
PhysX[2] Cooking::cookConvexMesh: GPU-compatible convex hull could not be built because of oblong shape. Will fall back to CPU collision, particles and deformables will not collide with this mesh! (/root/workspace/physx-gpu-activity/physx/source/geomutils/src/cooking/GuCookingConvexMesh.cpp:124)
PhysX[2] Cooking::cookConvexMesh: GPU-compatible convex hull could not be built because of oblong shape. Will fall back to CPU collision, particles and deformables will not collide with this mesh! (/root/workspace/physx-gpu-activity/physx/source/geomutils/src/cooking/GuCookingConvexMesh.cpp:124)
PhysX[2] Cooking::cookConvexMesh: GPU-compatible convex hull could not be built because of oblong shape. Will fall back to CPU collision, particles and deformables will not collide with this mesh! (/root/workspace/physx-gpu-activity/physx/source/geomutils/src/cooking/GuCookingConvexMesh.cpp:124)
PhysX[2] Cooking::cookConvexMesh: GPU-compatible convex hull could not be built because of oblong shape. Will fall back to CPU collision, particles and deformables will not collide with this mesh! (/root/workspace/physx-gpu-activity/physx/source/geomutils/src/cooking/GuCookingConvexMesh.cpp:124)
PhysX[2] Cooking::cookConvexMesh: GPU-compatible convex hull could not be built because of oblong shape. Will fall back to CPU collision, particles and deformables will not collide with this mesh! (/root/workspace/physx-gpu-activity/physx/source/geomutils/src/cooking/GuCookingConvexMesh.cpp:124)
PhysX[2] Cooking::cookConvexMesh: GPU-compatible convex hull could not be built because of oblong shape. Will fall back to CPU collision, particles and deformables will not collide with this mesh! (/root/workspace/physx-gpu-activity/physx/source/geomutils/src/cooking/GuCookingConvexMesh.cpp:124)
PhysX[2] Cooking::cookConvexMesh: GPU-compatible convex hull could not be built because of oblong shape. Will fall back to CPU collision, particles and deformables will not collide with this mesh! (/root/workspace/physx-gpu-activity/physx/source/geomutils/src/cooking/GuCookingConvexMesh.cpp:124)
PhysX[2] Cooking::cookConvexMesh: GPU-compatible convex hull could not be built because of oblong shape. Will fall back to CPU collision, particles and deformables will not collide with this mesh! (/root/workspace/physx-gpu-activity/physx/source/geomutils/src/cooking/GuCookingConvexMesh.cpp:124)
PhysX[2] Cooking::cookConvexMesh: GPU-compatible convex hull could not be built because of oblong shape. Will fall back to CPU collision, particles and deformables will not collide with this mesh! (/root/workspace/physx-gpu-activity/physx/source/geomutils/src/cooking/GuCookingConvexMesh.cpp:124)
PhysX[2] Cooking::cookConvexMesh: GPU-compatible convex hull could not be built because of oblong shape. Will fall back to CPU collision, particles and deformables will not collide with this mesh! (/root/workspace/physx-gpu-activity/physx/source/geomutils/src/cooking/GuCookingConvexMesh.cpp:124)
PhysX[2] Cooking::cookConvexMesh: GPU-compatible convex hull could not be built because of oblong shape. Will fall back to CPU collision, particles and deformables will not collide with this mesh! (/root/workspace/physx-gpu-activity/physx/source/geomutils/src/cooking/GuCookingConvexMesh.cpp:124)
PhysX[2] Cooking::cookConvexMesh: GPU-compatible convex hull could not be built because of oblong shape. Will fall back to CPU collision, particles and deformables will not collide with this mesh! (/root/workspace/physx-gpu-activity/physx/source/geomutils/src/cooking/GuCookingConvexMesh.cpp:124)
PhysX[2] Cooking::cookConvexMesh: GPU-compatible convex hull could not be built because of oblong shape. Will fall back to CPU collision, particles and deformables will not collide with this mesh! (/root/workspace/physx-gpu-activity/physx/source/geomutils/src/cooking/GuCookingConvexMesh.cpp:124)
PhysX[2] Cooking::cookConvexMesh: GPU-compatible convex hull could not be built because of oblong shape. Will fall back to CPU collision, particles and deformables will not collide with this mesh! (/root/workspace/physx-gpu-activity/physx/source/geomutils/src/cooking/GuCookingConvexMesh.cpp:124)
PhysX[2] Cooking::cookConvexMesh: GPU-compatible convex hull could not be built because of oblong shape. Will fall back to CPU collision, particles and deformables will not collide with this mesh! (/root/workspace/physx-gpu-activity/physx/source/geomutils/src/cooking/GuCookingConvexMesh.cpp:124)
PhysX[2] Cooking::cookConvexMesh: GPU-compatible convex hull could not be built because of oblong shape. Will fall back to CPU collision, particles and deformables will not collide with this mesh! (/root/workspace/physx-gpu-activity/physx/source/geomutils/src/cooking/GuCookingConvexMesh.cpp:124)
PhysX[2] Cooking::cookConvexMesh: GPU-compatible convex hull could not be built because of oblong shape. Will fall back to CPU collision, particles and deformables will not collide with this mesh! (/root/workspace/physx-gpu-activity/physx/source/geomutils/src/cooking/GuCookingConvexMesh.cpp:124)
PhysX[2] Cooking::cookConvexMesh: GPU-compatible convex hull could not be built because of oblong shape. Will fall back to CPU collision, particles and deformables will not collide with this mesh! (/root/workspace/physx-gpu-activity/physx/source/geomutils/src/cooking/GuCookingConvexMesh.cpp:124)
PhysX[2] Cooking::cookConvexMesh: GPU-compatible convex hull could not be built because of oblong shape. Will fall back to CPU collision, particles and deformables will not collide with this mesh! (/root/workspace/physx-gpu-activity/physx/source/geomutils/src/cooking/GuCookingConvexMesh.cpp:124)
PhysX[2] Cooking::cookConvexMesh: GPU-compatible convex hull could not be built because of oblong shape. Will fall back to CPU collision, particles and deformables will not collide with this mesh! (/root/workspace/physx-gpu-activity/physx/source/geomutils/src/cooking/GuCookingConvexMesh.cpp:124)
PhysX[2] Cooking::cookConvexMesh: GPU-compatible convex hull could not be built because of oblong shape. Will fall back to CPU collision, particles and deformables will not collide with this mesh! (/root/workspace/physx-gpu-activity/physx/source/geomutils/src/cooking/GuCookingConvexMesh.cpp:124)
PhysX[2] Cooking::cookConvexMesh: GPU-compatible convex hull could not be built because of oblong shape. Will fall back to CPU collision, particles and deformables will not collide with this mesh! (/root/workspace/physx-gpu-activity/physx/source/geomutils/src/cooking/GuCookingConvexMesh.cpp:124)
PhysX[2] Cooking::cookConvexMesh: GPU-compatible convex hull could not be built because of oblong shape. Will fall back to CPU collision, particles and deformables will not collide with this mesh! (/root/workspace/physx-gpu-activity/physx/source/geomutils/src/cooking/GuCookingConvexMesh.cpp:124)
PhysX[2] Cooking::cookConvexMesh: GPU-compatible convex hull could not be built because of oblong shape. Will fall back to CPU collision, particles and deformables will not collide with this mesh! (/root/workspace/physx-gpu-activity/physx/source/geomutils/src/cooking/GuCookingConvexMesh.cpp:124)
PhysX[2] Cooking::cookConvexMesh: GPU-compatible convex hull could not be built because of oblong shape. Will fall back to CPU collision, particles and deformables will not collide with this mesh! (/root/workspace/physx-gpu-activity/physx/source/geomutils/src/cooking/GuCookingConvexMesh.cpp:124)
PhysX[2] Cooking::cookConvexMesh: GPU-compatible convex hull could not be built because of oblong shape. Will fall back to CPU collision, particles and deformables will not collide with this mesh! (/root/workspace/physx-gpu-activity/physx/source/geomutils/src/cooking/GuCookingConvexMesh.cpp:124)
PhysX[2] Cooking::cookConvexMesh: GPU-compatible convex hull could not be built because of oblong shape. Will fall back to CPU collision, particles and deformables will not collide with this mesh! (/root/workspace/physx-gpu-activity/physx/source/geomutils/src/cooking/GuCookingConvexMesh.cpp:124)
PhysX[2] Cooking::cookConvexMesh: GPU-compatible convex hull could not be built because of oblong shape. Will fall back to CPU collision, particles and deformables will not collide with this mesh! (/root/workspace/physx-gpu-activity/physx/source/geomutils/src/cooking/GuCookingConvexMesh.cpp:124)
PhysX[2] Cooking::cookConvexMesh: GPU-compatible convex hull could not be built because of oblong shape. Will fall back to CPU collision, particles and deformables will not collide with this mesh! (/root/workspace/physx-gpu-activity/physx/source/geomutils/src/cooking/GuCookingConvexMesh.cpp:124)
PhysX[2] Cooking::cookConvexMesh: GPU-compatible convex hull could not be built because of oblong shape. Will fall back to CPU collision, particles and deformables will not collide with this mesh! (/root/workspace/physx-gpu-activity/physx/source/geomutils/src/cooking/GuCookingConvexMesh.cpp:124)
PhysX[2] Cooking::cookConvexMesh: GPU-compatible convex hull could not be built because of oblong shape. Will fall back to CPU collision, particles and deformables will not collide with this mesh! (/root/workspace/physx-gpu-activity/physx/source/geomutils/src/cooking/GuCookingConvexMesh.cpp:124)
PhysX[2] Cooking::cookConvexMesh: GPU-compatible convex hull could not be built because of oblong shape. Will fall back to CPU collision, particles and deformables will not collide with this mesh! (/root/workspace/physx-gpu-activity/physx/source/geomutils/src/cooking/GuCookingConvexMesh.cpp:124)
PhysX[2] Cooking::cookConvexMesh: GPU-compatible convex hull could not be built because of oblong shape. Will fall back to CPU collision, particles and deformables will not collide with this mesh! (/root/workspace/physx-gpu-activity/physx/source/geomutils/src/cooking/GuCookingConvexMesh.cpp:124)
PhysX[2] Cooking::cookConvexMesh: GPU-compatible convex hull could not be built because of oblong shape. Will fall back to CPU collision, particles and deformables will not collide with this mesh! (/root/workspace/physx-gpu-activity/physx/source/geomutils/src/cooking/GuCookingConvexMesh.cpp:124)
PhysX[2] Cooking::cookConvexMesh: GPU-compatible convex hull could not be built because of oblong shape. Will fall back to CPU collision, particles and deformables will not collide with this mesh! (/root/workspace/physx-gpu-activity/physx/source/geomutils/src/cooking/GuCookingConvexMesh.cpp:124)
PhysX[2] Cooking::cookConvexMesh: GPU-compatible convex hull could not be built because of oblong shape. Will fall back to CPU collision, particles and deformables will not collide with this mesh! (/root/workspace/physx-gpu-activity/physx/source/geomutils/src/cooking/GuCookingConvexMesh.cpp:124)
PhysX[2] Cooking::cookConvexMesh: GPU-compatible convex hull could not be built because of oblong shape. Will fall back to CPU collision, particles and deformables will not collide with this mesh! (/root/workspace/physx-gpu-activity/physx/source/geomutils/src/cooking/GuCookingConvexMesh.cpp:124)
PhysX[2] Cooking::cookConvexMesh: GPU-compatible convex hull could not be built because of oblong shape. Will fall back to CPU collision, particles and deformables will not collide with this mesh! (/root/workspace/physx-gpu-activity/physx/source/geomutils/src/cooking/GuCookingConvexMesh.cpp:124)
PhysX[2] Cooking::cookConvexMesh: GPU-compatible convex hull could not be built because of oblong shape. Will fall back to CPU collision, particles and deformables will not collide with this mesh! (/root/workspace/physx-gpu-activity/physx/source/geomutils/src/cooking/GuCookingConvexMesh.cpp:124)
PhysX[2] Cooking::cookConvexMesh: GPU-compatible convex hull could not be built because of oblong shape. Will fall back to CPU collision, particles and deformables will not collide with this mesh! (/root/workspace/physx-gpu-activity/physx/source/geomutils/src/cooking/GuCookingConvexMesh.cpp:124)
PhysX[2] Cooking::cookConvexMesh: GPU-compatible convex hull could not be built because of oblong shape. Will fall back to CPU collision, particles and deformables will not collide with this mesh! (/root/workspace/physx-gpu-activity/physx/source/geomutils/src/cooking/GuCookingConvexMesh.cpp:124)
PhysX[2] Cooking::cookConvexMesh: GPU-compatible convex hull could not be built because of oblong shape. Will fall back to CPU collision, particles and deformables will not collide with this mesh! (/root/workspace/physx-gpu-activity/physx/source/geomutils/src/cooking/GuCookingConvexMesh.cpp:124)
PhysX[2] Cooking::cookConvexMesh: GPU-compatible convex hull could not be built because of oblong shape. Will fall back to CPU collision, particles and deformables will not collide with this mesh! (/root/workspace/physx-gpu-activity/physx/source/geomutils/src/cooking/GuCookingConvexMesh.cpp:124)
PhysX[2] Cooking::cookConvexMesh: GPU-compatible convex hull could not be built because of oblong shape. Will fall back to CPU collision, particles and deformables will not collide with this mesh! (/root/workspace/physx-gpu-activity/physx/source/geomutils/src/cooking/GuCookingConvexMesh.cpp:124)
PhysX[2] Cooking::cookConvexMesh: GPU-compatible convex hull could not be built because of oblong shape. Will fall back to CPU collision, particles and deformables will not collide with this mesh! (/root/workspace/physx-gpu-activity/physx/source/geomutils/src/cooking/GuCookingConvexMesh.cpp:124)
PhysX[2] Cooking::cookConvexMesh: GPU-compatible convex hull could not be built because of oblong shape. Will fall back to CPU collision, particles and deformables will not collide with this mesh! (/root/workspace/physx-gpu-activity/physx/source/geomutils/src/cooking/GuCookingConvexMesh.cpp:124)
PhysX[2] Cooking::cookConvexMesh: GPU-compatible convex hull could not be built because of oblong shape. Will fall back to CPU collision, particles and deformables will not collide with this mesh! (/root/workspace/physx-gpu-activity/physx/source/geomutils/src/cooking/GuCookingConvexMesh.cpp:124)
PhysX[2] Cooking::cookConvexMesh: GPU-compatible convex hull could not be built because of oblong shape. Will fall back to CPU collision, particles and deformables will not collide with this mesh! (/root/workspace/physx-gpu-activity/physx/source/geomutils/src/cooking/GuCookingConvexMesh.cpp:124)
PhysX[2] Cooking::cookConvexMesh: GPU-compatible convex hull could not be built because of oblong shape. Will fall back to CPU collision, particles and deformables will not collide with this mesh! (/root/workspace/physx-gpu-activity/physx/source/geomutils/src/cooking/GuCookingConvexMesh.cpp:124)
PhysX[2] Cooking::cookConvexMesh: GPU-compatible convex hull could not be built because of oblong shape. Will fall back to CPU collision, particles and deformables will not collide with this mesh! (/root/workspace/physx-gpu-activity/physx/source/geomutils/src/cooking/GuCookingConvexMesh.cpp:124)
PhysX[2] Cooking::cookConvexMesh: GPU-compatible convex hull could not be built because of oblong shape. Will fall back to CPU collision, particles and deformables will not collide with this mesh! (/root/workspace/physx-gpu-activity/physx/source/geomutils/src/cooking/GuCookingConvexMesh.cpp:124)
PhysX[2] Cooking::cookConvexMesh: GPU-compatible convex hull could not be built because of oblong shape. Will fall back to CPU collision, particles and deformables will not collide with this mesh! (/root/workspace/physx-gpu-activity/physx/source/geomutils/src/cooking/GuCookingConvexMesh.cpp:124)
PhysX[2] Cooking::cookConvexMesh: GPU-compatible convex hull could not be built because of oblong shape. Will fall back to CPU collision, particles and deformables will not collide with this mesh! (/root/workspace/physx-gpu-activity/physx/source/geomutils/src/cooking/GuCookingConvexMesh.cpp:124)
PhysX[2] Cooking::cookConvexMesh: GPU-compatible convex hull could not be built because of oblong shape. Will fall back to CPU collision, particles and deformables will not collide with this mesh! (/root/workspace/physx-gpu-activity/physx/source/geomutils/src/cooking/GuCookingConvexMesh.cpp:124)
PhysX[2] Cooking::cookConvexMesh: GPU-compatible convex hull could not be built because of oblong shape. Will fall back to CPU collision, particles and deformables will not collide with this mesh! (/root/workspace/physx-gpu-activity/physx/source/geomutils/src/cooking/GuCookingConvexMesh.cpp:124)
PhysX[2] Cooking::cookConvexMesh: GPU-compatible convex hull could not be built because of oblong shape. Will fall back to CPU collision, particles and deformables will not collide with this mesh! (/root/workspace/physx-gpu-activity/physx/source/geomutils/src/cooking/GuCookingConvexMesh.cpp:124)
PhysX[2] Cooking::cookConvexMesh: GPU-compatible convex hull could not be built because of oblong shape. Will fall back to CPU collision, particles and deformables will not collide with this mesh! (/root/workspace/physx-gpu-activity/physx/source/geomutils/src/cooking/GuCookingConvexMesh.cpp:124)
PhysX[2] Cooking::cookConvexMesh: GPU-compatible convex hull could not be built because of oblong shape. Will fall back to CPU collision, particles and deformables will not collide with this mesh! (/root/workspace/physx-gpu-activity/physx/source/geomutils/src/cooking/GuCookingConvexMesh.cpp:124)
PhysX[2] Cooking::cookConvexMesh: GPU-compatible convex hull could not be built because of oblong shape. Will fall back to CPU collision, particles and deformables will not collide with this mesh! (/root/workspace/physx-gpu-activity/physx/source/geomutils/src/cooking/GuCookingConvexMesh.cpp:124)
PhysX[2] Cooking::cookConvexMesh: GPU-compatible convex hull could not be built because of oblong shape. Will fall back to CPU collision, particles and deformables will not collide with this mesh! (/root/workspace/physx-gpu-activity/physx/source/geomutils/src/cooking/GuCookingConvexMesh.cpp:124)
PhysX[2] Cooking::cookConvexMesh: GPU-compatible convex hull could not be built because of oblong shape. Will fall back to CPU collision, particles and deformables will not collide with this mesh! (/root/workspace/physx-gpu-activity/physx/source/geomutils/src/cooking/GuCookingConvexMesh.cpp:124)
PhysX[2] Cooking::cookConvexMesh: GPU-compatible convex hull could not be built because of oblong shape. Will fall back to CPU collision, particles and deformables will not collide with this mesh! (/root/workspace/physx-gpu-activity/physx/source/geomutils/src/cooking/GuCookingConvexMesh.cpp:124)
PhysX[2] Cooking::cookConvexMesh: GPU-compatible convex hull could not be built because of oblong shape. Will fall back to CPU collision, particles and deformables will not collide with this mesh! (/root/workspace/physx-gpu-activity/physx/source/geomutils/src/cooking/GuCookingConvexMesh.cpp:124)
PhysX[2] Cooking::cookConvexMesh: GPU-compatible convex hull could not be built because of oblong shape. Will fall back to CPU collision, particles and deformables will not collide with this mesh! (/root/workspace/physx-gpu-activity/physx/source/geomutils/src/cooking/GuCookingConvexMesh.cpp:124)
PhysX[2] Cooking::cookConvexMesh: GPU-compatible convex hull could not be built because of oblong shape. Will fall back to CPU collision, particles and deformables will not collide with this mesh! (/root/workspace/physx-gpu-activity/physx/source/geomutils/src/cooking/GuCookingConvexMesh.cpp:124)
PhysX[2] Cooking::cookConvexMesh: GPU-compatible convex hull could not be built because of oblong shape. Will fall back to CPU collision, particles and deformables will not collide with this mesh! (/root/workspace/physx-gpu-activity/physx/source/geomutils/src/cooking/GuCookingConvexMesh.cpp:124)
PhysX[2] Cooking::cookConvexMesh: GPU-compatible convex hull could not be built because of oblong shape. Will fall back to CPU collision, particles and deformables will not collide with this mesh! (/root/workspace/physx-gpu-activity/physx/source/geomutils/src/cooking/GuCookingConvexMesh.cpp:124)
PhysX[2] Cooking::cookConvexMesh: GPU-compatible convex hull could not be built because of oblong shape. Will fall back to CPU collision, particles and deformables will not collide with this mesh! (/root/workspace/physx-gpu-activity/physx/source/geomutils/src/cooking/GuCookingConvexMesh.cpp:124)
PhysX[2] Cooking::cookConvexMesh: GPU-compatible convex hull could not be built because of oblong shape. Will fall back to CPU collision, particles and deformables will not collide with this mesh! (/root/workspace/physx-gpu-activity/physx/source/geomutils/src/cooking/GuCookingConvexMesh.cpp:124)
PhysX[2] Cooking::cookConvexMesh: GPU-compatible convex hull could not be built because of oblong shape. Will fall back to CPU collision, particles and deformables will not collide with this mesh! (/root/workspace/physx-gpu-activity/physx/source/geomutils/src/cooking/GuCookingConvexMesh.cpp:124)
PhysX[2] Cooking::cookConvexMesh: GPU-compatible convex hull could not be built because of oblong shape. Will fall back to CPU collision, particles and deformables will not collide with this mesh! (/root/workspace/physx-gpu-activity/physx/source/geomutils/src/cooking/GuCookingConvexMesh.cpp:124)
PhysX[2] Cooking::cookConvexMesh: GPU-compatible convex hull could not be built because of oblong shape. Will fall back to CPU collision, particles and deformables will not collide with this mesh! (/root/workspace/physx-gpu-activity/physx/source/geomutils/src/cooking/GuCookingConvexMesh.cpp:124)
PhysX[2] Cooking::cookConvexMesh: GPU-compatible convex hull could not be built because of oblong shape. Will fall back to CPU collision, particles and deformables will not collide with this mesh! (/root/workspace/physx-gpu-activity/physx/source/geomutils/src/cooking/GuCookingConvexMesh.cpp:124)
PhysX[2] Cooking::cookConvexMesh: GPU-compatible convex hull could not be built because of oblong shape. Will fall back to CPU collision, particles and deformables will not collide with this mesh! (/root/workspace/physx-gpu-activity/physx/source/geomutils/src/cooking/GuCookingConvexMesh.cpp:124)
PhysX[2] Cooking::cookConvexMesh: GPU-compatible convex hull could not be built because of oblong shape. Will fall back to CPU collision, particles and deformables will not collide with this mesh! (/root/workspace/physx-gpu-activity/physx/source/geomutils/src/cooking/GuCookingConvexMesh.cpp:124)
PhysX[2] Cooking::cookConvexMesh: GPU-compatible convex hull could not be built because of oblong shape. Will fall back to CPU collision, particles and deformables will not collide with this mesh! (/root/workspace/physx-gpu-activity/physx/source/geomutils/src/cooking/GuCookingConvexMesh.cpp:124)
PhysX[2] Cooking::cookConvexMesh: GPU-compatible convex hull could not be built because of oblong shape. Will fall back to CPU collision, particles and deformables will not collide with this mesh! (/root/workspace/physx-gpu-activity/physx/source/geomutils/src/cooking/GuCookingConvexMesh.cpp:124)
PhysX[2] Cooking::cookConvexMesh: GPU-compatible convex hull could not be built because of oblong shape. Will fall back to CPU collision, particles and deformables will not collide with this mesh! (/root/workspace/physx-gpu-activity/physx/source/geomutils/src/cooking/GuCookingConvexMesh.cpp:124)
PhysX[2] Cooking::cookConvexMesh: GPU-compatible convex hull could not be built because of oblong shape. Will fall back to CPU collision, particles and deformables will not collide with this mesh! (/root/workspace/physx-gpu-activity/physx/source/geomutils/src/cooking/GuCookingConvexMesh.cpp:124)
PhysX[2] Cooking::cookConvexMesh: GPU-compatible convex hull could not be built because of oblong shape. Will fall back to CPU collision, particles and deformables will not collide with this mesh! (/root/workspace/physx-gpu-activity/physx/source/geomutils/src/cooking/GuCookingConvexMesh.cpp:124)
PhysX[2] Cooking::cookConvexMesh: GPU-compatible convex hull could not be built because of oblong shape. Will fall back to CPU collision, particles and deformables will not collide with this mesh! (/root/workspace/physx-gpu-activity/physx/source/geomutils/src/cooking/GuCookingConvexMesh.cpp:124)
PhysX[2] Cooking::cookConvexMesh: GPU-compatible convex hull could not be built because of oblong shape. Will fall back to CPU collision, particles and deformables will not collide with this mesh! (/root/workspace/physx-gpu-activity/physx/source/geomutils/src/cooking/GuCookingConvexMesh.cpp:124)
PhysX[2] Cooking::cookConvexMesh: GPU-compatible convex hull could not be built because of oblong shape. Will fall back to CPU collision, particles and deformables will not collide with this mesh! (/root/workspace/physx-gpu-activity/physx/source/geomutils/src/cooking/GuCookingConvexMesh.cpp:124)
PhysX[2] Cooking::cookConvexMesh: GPU-compatible convex hull could not be built because of oblong shape. Will fall back to CPU collision, particles and deformables will not collide with this mesh! (/root/workspace/physx-gpu-activity/physx/source/geomutils/src/cooking/GuCookingConvexMesh.cpp:124)
PhysX[2] Cooking::cookConvexMesh: GPU-compatible convex hull could not be built because of oblong shape. Will fall back to CPU collision, particles and deformables will not collide with this mesh! (/root/workspace/physx-gpu-activity/physx/source/geomutils/src/cooking/GuCookingConvexMesh.cpp:124)
PhysX[2] Cooking::cookConvexMesh: GPU-compatible convex hull could not be built because of oblong shape. Will fall back to CPU collision, particles and deformables will not collide with this mesh! (/root/workspace/physx-gpu-activity/physx/source/geomutils/src/cooking/GuCookingConvexMesh.cpp:124)
PhysX[2] Cooking::cookConvexMesh: GPU-compatible convex hull could not be built because of oblong shape. Will fall back to CPU collision, particles and deformables will not collide with this mesh! (/root/workspace/physx-gpu-activity/physx/source/geomutils/src/cooking/GuCookingConvexMesh.cpp:124)
PhysX[2] Cooking::cookConvexMesh: GPU-compatible convex hull could not be built because of oblong shape. Will fall back to CPU collision, particles and deformables will not collide with this mesh! (/root/workspace/physx-gpu-activity/physx/source/geomutils/src/cooking/GuCookingConvexMesh.cpp:124)
PhysX[2] Cooking::cookConvexMesh: GPU-compatible convex hull could not be built because of oblong shape. Will fall back to CPU collision, particles and deformables will not collide with this mesh! (/root/workspace/physx-gpu-activity/physx/source/geomutils/src/cooking/GuCookingConvexMesh.cpp:124)
PhysX[2] Cooking::cookConvexMesh: GPU-compatible convex hull could not be built because of oblong shape. Will fall back to CPU collision, particles and deformables will not collide with this mesh! (/root/workspace/physx-gpu-activity/physx/source/geomutils/src/cooking/GuCookingConvexMesh.cpp:124)
PhysX[2] Cooking::cookConvexMesh: GPU-compatible convex hull could not be built because of oblong shape. Will fall back to CPU collision, particles and deformables will not collide with this mesh! (/root/workspace/physx-gpu-activity/physx/source/geomutils/src/cooking/GuCookingConvexMesh.cpp:124)
PhysX[2] Cooking::cookConvexMesh: GPU-compatible convex hull could not be built because of oblong shape. Will fall back to CPU collision, particles and deformables will not collide with this mesh! (/root/workspace/physx-gpu-activity/physx/source/geomutils/src/cooking/GuCookingConvexMesh.cpp:124)
PhysX[2] Cooking::cookConvexMesh: GPU-compatible convex hull could not be built because of oblong shape. Will fall back to CPU collision, particles and deformables will not collide with this mesh! (/root/workspace/physx-gpu-activity/physx/source/geomutils/src/cooking/GuCookingConvexMesh.cpp:124)
PhysX[2] Cooking::cookConvexMesh: GPU-compatible convex hull could not be built because of oblong shape. Will fall back to CPU collision, particles and deformables will not collide with this mesh! (/root/workspace/physx-gpu-activity/physx/source/geomutils/src/cooking/GuCookingConvexMesh.cpp:124)
PhysX[2] Cooking::cookConvexMesh: GPU-compatible convex hull could not be built because of oblong shape. Will fall back to CPU collision, particles and deformables will not collide with this mesh! (/root/workspace/physx-gpu-activity/physx/source/geomutils/src/cooking/GuCookingConvexMesh.cpp:124)
PhysX[2] Cooking::cookConvexMesh: GPU-compatible convex hull could not be built because of oblong shape. Will fall back to CPU collision, particles and deformables will not collide with this mesh! (/root/workspace/physx-gpu-activity/physx/source/geomutils/src/cooking/GuCookingConvexMesh.cpp:124)
PhysX[2] Cooking::cookConvexMesh: GPU-compatible convex hull could not be built because of oblong shape. Will fall back to CPU collision, particles and deformables will not collide with this mesh! (/root/workspace/physx-gpu-activity/physx/source/geomutils/src/cooking/GuCookingConvexMesh.cpp:124)
minas-tirith: facade burst=542 cascade=8 background_per_sec=26 awake=0 nodes=49049 total_bonds=669
park-432: facade burst=544 cascade=3 background_per_sec=0 awake=0 nodes=24452 total_bonds=547
parking-garage: facade burst=315 cascade=62 background_per_sec=0 awake=24 nodes=3177 total_bonds=377
petronas: facade burst=115 cascade=0 background_per_sec=0 awake=0 nodes=24766 total_bonds=115
ok
test every_structure_stands_under_its_own_weight ... PhysX[2] Cooking::cookConvexMesh: GPU-compatible convex hull could not be built because of oblong shape. Will fall back to CPU collision, particles and deformables will not collide with this mesh! (/root/workspace/physx-gpu-activity/physx/source/geomutils/src/cooking/GuCookingConvexMesh.cpp:124)
PhysX[2] Cooking::cookConvexMesh: GPU-compatible convex hull could not be built because of oblong shape. Will fall back to CPU collision, particles and deformables will not collide with this mesh! (/root/workspace/physx-gpu-activity/physx/source/geomutils/src/cooking/GuCookingConvexMesh.cpp:124)
PhysX[2] Cooking::cookConvexMesh: GPU-compatible convex hull could not be built because of oblong shape. Will fall back to CPU collision, particles and deformables will not collide with this mesh! (/root/workspace/physx-gpu-activity/physx/source/geomutils/src/cooking/GuCookingConvexMesh.cpp:124)
PhysX[2] Cooking::cookConvexMesh: GPU-compatible convex hull could not be built because of oblong shape. Will fall back to CPU collision, particles and deformables will not collide with this mesh! (/root/workspace/physx-gpu-activity/physx/source/geomutils/src/cooking/GuCookingConvexMesh.cpp:124)
PhysX[2] Cooking::cookConvexMesh: GPU-compatible convex hull could not be built because of oblong shape. Will fall back to CPU collision, particles and deformables will not collide with this mesh! (/root/workspace/physx-gpu-activity/physx/source/geomutils/src/cooking/GuCookingConvexMesh.cpp:124)
PhysX[2] Cooking::cookConvexMesh: GPU-compatible convex hull could not be built because of oblong shape. Will fall back to CPU collision, particles and deformables will not collide with this mesh! (/root/workspace/physx-gpu-activity/physx/source/geomutils/src/cooking/GuCookingConvexMesh.cpp:124)
PhysX[2] Cooking::cookConvexMesh: GPU-compatible convex hull could not be built because of oblong shape. Will fall back to CPU collision, particles and deformables will not collide with this mesh! (/root/workspace/physx-gpu-activity/physx/source/geomutils/src/cooking/GuCookingConvexMesh.cpp:124)
PhysX[2] Cooking::cookConvexMesh: GPU-compatible convex hull could not be built because of oblong shape. Will fall back to CPU collision, particles and deformables will not collide with this mesh! (/root/workspace/physx-gpu-activity/physx/source/geomutils/src/cooking/GuCookingConvexMesh.cpp:124)
PhysX[2] Cooking::cookConvexMesh: GPU-compatible convex hull could not be built because of oblong shape. Will fall back to CPU collision, particles and deformables will not collide with this mesh! (/root/workspace/physx-gpu-activity/physx/source/geomutils/src/cooking/GuCookingConvexMesh.cpp:124)
PhysX[2] Cooking::cookConvexMesh: GPU-compatible convex hull could not be built because of oblong shape. Will fall back to CPU collision, particles and deformables will not collide with this mesh! (/root/workspace/physx-gpu-activity/physx/source/geomutils/src/cooking/GuCookingConvexMesh.cpp:124)
PhysX[2] Cooking::cookConvexMesh: GPU-compatible convex hull could not be built because of oblong shape. Will fall back to CPU collision, particles and deformables will not collide with this mesh! (/root/workspace/physx-gpu-activity/physx/source/geomutils/src/cooking/GuCookingConvexMesh.cpp:124)
PhysX[2] Cooking::cookConvexMesh: GPU-compatible convex hull could not be built because of oblong shape. Will fall back to CPU collision, particles and deformables will not collide with this mesh! (/root/workspace/physx-gpu-activity/physx/source/geomutils/src/cooking/GuCookingConvexMesh.cpp:124)
PhysX[2] Cooking::cookConvexMesh: GPU-compatible convex hull could not be built because of oblong shape. Will fall back to CPU collision, particles and deformables will not collide with this mesh! (/root/workspace/physx-gpu-activity/physx/source/geomutils/src/cooking/GuCookingConvexMesh.cpp:124)
PhysX[2] Cooking::cookConvexMesh: GPU-compatible convex hull could not be built because of oblong shape. Will fall back to CPU collision, particles and deformables will not collide with this mesh! (/root/workspace/physx-gpu-activity/physx/source/geomutils/src/cooking/GuCookingConvexMesh.cpp:124)
PhysX[2] Cooking::cookConvexMesh: GPU-compatible convex hull could not be built because of oblong shape. Will fall back to CPU collision, particles and deformables will not collide with this mesh! (/root/workspace/physx-gpu-activity/physx/source/geomutils/src/cooking/GuCookingConvexMesh.cpp:124)
PhysX[2] Cooking::cookConvexMesh: GPU-compatible convex hull could not be built because of oblong shape. Will fall back to CPU collision, particles and deformables will not collide with this mesh! (/root/workspace/physx-gpu-activity/physx/source/geomutils/src/cooking/GuCookingConvexMesh.cpp:124)
PhysX[2] Cooking::cookConvexMesh: GPU-compatible convex hull could not be built because of oblong shape. Will fall back to CPU collision, particles and deformables will not collide with this mesh! (/root/workspace/physx-gpu-activity/physx/source/geomutils/src/cooking/GuCookingConvexMesh.cpp:124)
PhysX[2] Cooking::cookConvexMesh: GPU-compatible convex hull could not be built because of oblong shape. Will fall back to CPU collision, particles and deformables will not collide with this mesh! (/root/workspace/physx-gpu-activity/physx/source/geomutils/src/cooking/GuCookingConvexMesh.cpp:124)
PhysX[2] Cooking::cookConvexMesh: GPU-compatible convex hull could not be built because of oblong shape. Will fall back to CPU collision, particles and deformables will not collide with this mesh! (/root/workspace/physx-gpu-activity/physx/source/geomutils/src/cooking/GuCookingConvexMesh.cpp:124)
PhysX[2] Cooking::cookConvexMesh: GPU-compatible convex hull could not be built because of oblong shape. Will fall back to CPU collision, particles and deformables will not collide with this mesh! (/root/workspace/physx-gpu-activity/physx/source/geomutils/src/cooking/GuCookingConvexMesh.cpp:124)
PhysX[2] Cooking::cookConvexMesh: GPU-compatible convex hull could not be built because of oblong shape. Will fall back to CPU collision, particles and deformables will not collide with this mesh! (/root/workspace/physx-gpu-activity/physx/source/geomutils/src/cooking/GuCookingConvexMesh.cpp:124)
PhysX[2] Cooking::cookConvexMesh: GPU-compatible convex hull could not be built because of oblong shape. Will fall back to CPU collision, particles and deformables will not collide with this mesh! (/root/workspace/physx-gpu-activity/physx/source/geomutils/src/cooking/GuCookingConvexMesh.cpp:124)
PhysX[2] Cooking::cookConvexMesh: GPU-compatible convex hull could not be built because of oblong shape. Will fall back to CPU collision, particles and deformables will not collide with this mesh! (/root/workspace/physx-gpu-activity/physx/source/geomutils/src/cooking/GuCookingConvexMesh.cpp:124)
PhysX[2] Cooking::cookConvexMesh: GPU-compatible convex hull could not be built because of oblong shape. Will fall back to CPU collision, particles and deformables will not collide with this mesh! (/root/workspace/physx-gpu-activity/physx/source/geomutils/src/cooking/GuCookingConvexMesh.cpp:124)
PhysX[2] Cooking::cookConvexMesh: GPU-compatible convex hull could not be built because of oblong shape. Will fall back to CPU collision, particles and deformables will not collide with this mesh! (/root/workspace/physx-gpu-activity/physx/source/geomutils/src/cooking/GuCookingConvexMesh.cpp:124)
PhysX[2] Cooking::cookConvexMesh: GPU-compatible convex hull could not be built because of oblong shape. Will fall back to CPU collision, particles and deformables will not collide with this mesh! (/root/workspace/physx-gpu-activity/physx/source/geomutils/src/cooking/GuCookingConvexMesh.cpp:124)
PhysX[2] Cooking::cookConvexMesh: GPU-compatible convex hull could not be built because of oblong shape. Will fall back to CPU collision, particles and deformables will not collide with this mesh! (/root/workspace/physx-gpu-activity/physx/source/geomutils/src/cooking/GuCookingConvexMesh.cpp:124)
PhysX[2] Cooking::cookConvexMesh: GPU-compatible convex hull could not be built because of oblong shape. Will fall back to CPU collision, particles and deformables will not collide with this mesh! (/root/workspace/physx-gpu-activity/physx/source/geomutils/src/cooking/GuCookingConvexMesh.cpp:124)
PhysX[2] Cooking::cookConvexMesh: GPU-compatible convex hull could not be built because of oblong shape. Will fall back to CPU collision, particles and deformables will not collide with this mesh! (/root/workspace/physx-gpu-activity/physx/source/geomutils/src/cooking/GuCookingConvexMesh.cpp:124)
PhysX[2] Cooking::cookConvexMesh: GPU-compatible convex hull could not be built because of oblong shape. Will fall back to CPU collision, particles and deformables will not collide with this mesh! (/root/workspace/physx-gpu-activity/physx/source/geomutils/src/cooking/GuCookingConvexMesh.cpp:124)
PhysX[2] Cooking::cookConvexMesh: GPU-compatible convex hull could not be built because of oblong shape. Will fall back to CPU collision, particles and deformables will not collide with this mesh! (/root/workspace/physx-gpu-activity/physx/source/geomutils/src/cooking/GuCookingConvexMesh.cpp:124)
PhysX[2] Cooking::cookConvexMesh: GPU-compatible convex hull could not be built because of oblong shape. Will fall back to CPU collision, particles and deformables will not collide with this mesh! (/root/workspace/physx-gpu-activity/physx/source/geomutils/src/cooking/GuCookingConvexMesh.cpp:124)
PhysX[2] Cooking::cookConvexMesh: GPU-compatible convex hull could not be built because of oblong shape. Will fall back to CPU collision, particles and deformables will not collide with this mesh! (/root/workspace/physx-gpu-activity/physx/source/geomutils/src/cooking/GuCookingConvexMesh.cpp:124)
PhysX[2] Cooking::cookConvexMesh: GPU-compatible convex hull could not be built because of oblong shape. Will fall back to CPU collision, particles and deformables will not collide with this mesh! (/root/workspace/physx-gpu-activity/physx/source/geomutils/src/cooking/GuCookingConvexMesh.cpp:124)
PhysX[2] Cooking::cookConvexMesh: GPU-compatible convex hull could not be built because of oblong shape. Will fall back to CPU collision, particles and deformables will not collide with this mesh! (/root/workspace/physx-gpu-activity/physx/source/geomutils/src/cooking/GuCookingConvexMesh.cpp:124)
PhysX[2] Cooking::cookConvexMesh: GPU-compatible convex hull could not be built because of oblong shape. Will fall back to CPU collision, particles and deformables will not collide with this mesh! (/root/workspace/physx-gpu-activity/physx/source/geomutils/src/cooking/GuCookingConvexMesh.cpp:124)
PhysX[2] Cooking::cookConvexMesh: GPU-compatible convex hull could not be built because of oblong shape. Will fall back to CPU collision, particles and deformables will not collide with this mesh! (/root/workspace/physx-gpu-activity/physx/source/geomutils/src/cooking/GuCookingConvexMesh.cpp:124)
PhysX[2] Cooking::cookConvexMesh: GPU-compatible convex hull could not be built because of oblong shape. Will fall back to CPU collision, particles and deformables will not collide with this mesh! (/root/workspace/physx-gpu-activity/physx/source/geomutils/src/cooking/GuCookingConvexMesh.cpp:124)
PhysX[2] Cooking::cookConvexMesh: GPU-compatible convex hull could not be built because of oblong shape. Will fall back to CPU collision, particles and deformables will not collide with this mesh! (/root/workspace/physx-gpu-activity/physx/source/geomutils/src/cooking/GuCookingConvexMesh.cpp:124)
PhysX[2] Cooking::cookConvexMesh: GPU-compatible convex hull could not be built because of oblong shape. Will fall back to CPU collision, particles and deformables will not collide with this mesh! (/root/workspace/physx-gpu-activity/physx/source/geomutils/src/cooking/GuCookingConvexMesh.cpp:124)
PhysX[2] Cooking::cookConvexMesh: GPU-compatible convex hull could not be built because of oblong shape. Will fall back to CPU collision, particles and deformables will not collide with this mesh! (/root/workspace/physx-gpu-activity/physx/source/geomutils/src/cooking/GuCookingConvexMesh.cpp:124)
PhysX[2] Cooking::cookConvexMesh: GPU-compatible convex hull could not be built because of oblong shape. Will fall back to CPU collision, particles and deformables will not collide with this mesh! (/root/workspace/physx-gpu-activity/physx/source/geomutils/src/cooking/GuCookingConvexMesh.cpp:124)
PhysX[2] Cooking::cookConvexMesh: GPU-compatible convex hull could not be built because of oblong shape. Will fall back to CPU collision, particles and deformables will not collide with this mesh! (/root/workspace/physx-gpu-activity/physx/source/geomutils/src/cooking/GuCookingConvexMesh.cpp:124)
PhysX[2] Cooking::cookConvexMesh: GPU-compatible convex hull could not be built because of oblong shape. Will fall back to CPU collision, particles and deformables will not collide with this mesh! (/root/workspace/physx-gpu-activity/physx/source/geomutils/src/cooking/GuCookingConvexMesh.cpp:124)
PhysX[2] Cooking::cookConvexMesh: GPU-compatible convex hull could not be built because of oblong shape. Will fall back to CPU collision, particles and deformables will not collide with this mesh! (/root/workspace/physx-gpu-activity/physx/source/geomutils/src/cooking/GuCookingConvexMesh.cpp:124)
PhysX[2] Cooking::cookConvexMesh: GPU-compatible convex hull could not be built because of oblong shape. Will fall back to CPU collision, particles and deformables will not collide with this mesh! (/root/workspace/physx-gpu-activity/physx/source/geomutils/src/cooking/GuCookingConvexMesh.cpp:124)
PhysX[2] Cooking::cookConvexMesh: GPU-compatible convex hull could not be built because of oblong shape. Will fall back to CPU collision, particles and deformables will not collide with this mesh! (/root/workspace/physx-gpu-activity/physx/source/geomutils/src/cooking/GuCookingConvexMesh.cpp:124)
PhysX[2] Cooking::cookConvexMesh: GPU-compatible convex hull could not be built because of oblong shape. Will fall back to CPU collision, particles and deformables will not collide with this mesh! (/root/workspace/physx-gpu-activity/physx/source/geomutils/src/cooking/GuCookingConvexMesh.cpp:124)
PhysX[2] Cooking::cookConvexMesh: GPU-compatible convex hull could not be built because of oblong shape. Will fall back to CPU collision, particles and deformables will not collide with this mesh! (/root/workspace/physx-gpu-activity/physx/source/geomutils/src/cooking/GuCookingConvexMesh.cpp:124)
PhysX[2] Cooking::cookConvexMesh: GPU-compatible convex hull could not be built because of oblong shape. Will fall back to CPU collision, particles and deformables will not collide with this mesh! (/root/workspace/physx-gpu-activity/physx/source/geomutils/src/cooking/GuCookingConvexMesh.cpp:124)
PhysX[2] Cooking::cookConvexMesh: GPU-compatible convex hull could not be built because of oblong shape. Will fall back to CPU collision, particles and deformables will not collide with this mesh! (/root/workspace/physx-gpu-activity/physx/source/geomutils/src/cooking/GuCookingConvexMesh.cpp:124)
PhysX[2] Cooking::cookConvexMesh: GPU-compatible convex hull could not be built because of oblong shape. Will fall back to CPU collision, particles and deformables will not collide with this mesh! (/root/workspace/physx-gpu-activity/physx/source/geomutils/src/cooking/GuCookingConvexMesh.cpp:124)
PhysX[2] Cooking::cookConvexMesh: GPU-compatible convex hull could not be built because of oblong shape. Will fall back to CPU collision, particles and deformables will not collide with this mesh! (/root/workspace/physx-gpu-activity/physx/source/geomutils/src/cooking/GuCookingConvexMesh.cpp:124)
PhysX[2] Cooking::cookConvexMesh: GPU-compatible convex hull could not be built because of oblong shape. Will fall back to CPU collision, particles and deformables will not collide with this mesh! (/root/workspace/physx-gpu-activity/physx/source/geomutils/src/cooking/GuCookingConvexMesh.cpp:124)
PhysX[2] Cooking::cookConvexMesh: GPU-compatible convex hull could not be built because of oblong shape. Will fall back to CPU collision, particles and deformables will not collide with this mesh! (/root/workspace/physx-gpu-activity/physx/source/geomutils/src/cooking/GuCookingConvexMesh.cpp:124)
PhysX[2] Cooking::cookConvexMesh: GPU-compatible convex hull could not be built because of oblong shape. Will fall back to CPU collision, particles and deformables will not collide with this mesh! (/root/workspace/physx-gpu-activity/physx/source/geomutils/src/cooking/GuCookingConvexMesh.cpp:124)
PhysX[2] Cooking::cookConvexMesh: GPU-compatible convex hull could not be built because of oblong shape. Will fall back to CPU collision, particles and deformables will not collide with this mesh! (/root/workspace/physx-gpu-activity/physx/source/geomutils/src/cooking/GuCookingConvexMesh.cpp:124)
PhysX[2] Cooking::cookConvexMesh: GPU-compatible convex hull could not be built because of oblong shape. Will fall back to CPU collision, particles and deformables will not collide with this mesh! (/root/workspace/physx-gpu-activity/physx/source/geomutils/src/cooking/GuCookingConvexMesh.cpp:124)
PhysX[2] Cooking::cookConvexMesh: GPU-compatible convex hull could not be built because of oblong shape. Will fall back to CPU collision, particles and deformables will not collide with this mesh! (/root/workspace/physx-gpu-activity/physx/source/geomutils/src/cooking/GuCookingConvexMesh.cpp:124)
PhysX[2] Cooking::cookConvexMesh: GPU-compatible convex hull could not be built because of oblong shape. Will fall back to CPU collision, particles and deformables will not collide with this mesh! (/root/workspace/physx-gpu-activity/physx/source/geomutils/src/cooking/GuCookingConvexMesh.cpp:124)
PhysX[2] Cooking::cookConvexMesh: GPU-compatible convex hull could not be built because of oblong shape. Will fall back to CPU collision, particles and deformables will not collide with this mesh! (/root/workspace/physx-gpu-activity/physx/source/geomutils/src/cooking/GuCookingConvexMesh.cpp:124)
PhysX[2] Cooking::cookConvexMesh: GPU-compatible convex hull could not be built because of oblong shape. Will fall back to CPU collision, particles and deformables will not collide with this mesh! (/root/workspace/physx-gpu-activity/physx/source/geomutils/src/cooking/GuCookingConvexMesh.cpp:124)
PhysX[2] Cooking::cookConvexMesh: GPU-compatible convex hull could not be built because of oblong shape. Will fall back to CPU collision, particles and deformables will not collide with this mesh! (/root/workspace/physx-gpu-activity/physx/source/geomutils/src/cooking/GuCookingConvexMesh.cpp:124)
PhysX[2] Cooking::cookConvexMesh: GPU-compatible convex hull could not be built because of oblong shape. Will fall back to CPU collision, particles and deformables will not collide with this mesh! (/root/workspace/physx-gpu-activity/physx/source/geomutils/src/cooking/GuCookingConvexMesh.cpp:124)
PhysX[2] Cooking::cookConvexMesh: GPU-compatible convex hull could not be built because of oblong shape. Will fall back to CPU collision, particles and deformables will not collide with this mesh! (/root/workspace/physx-gpu-activity/physx/source/geomutils/src/cooking/GuCookingConvexMesh.cpp:124)
PhysX[2] Cooking::cookConvexMesh: GPU-compatible convex hull could not be built because of oblong shape. Will fall back to CPU collision, particles and deformables will not collide with this mesh! (/root/workspace/physx-gpu-activity/physx/source/geomutils/src/cooking/GuCookingConvexMesh.cpp:124)
PhysX[2] Cooking::cookConvexMesh: GPU-compatible convex hull could not be built because of oblong shape. Will fall back to CPU collision, particles and deformables will not collide with this mesh! (/root/workspace/physx-gpu-activity/physx/source/geomutils/src/cooking/GuCookingConvexMesh.cpp:124)
PhysX[2] Cooking::cookConvexMesh: GPU-compatible convex hull could not be built because of oblong shape. Will fall back to CPU collision, particles and deformables will not collide with this mesh! (/root/workspace/physx-gpu-activity/physx/source/geomutils/src/cooking/GuCookingConvexMesh.cpp:124)
PhysX[2] Cooking::cookConvexMesh: GPU-compatible convex hull could not be built because of oblong shape. Will fall back to CPU collision, particles and deformables will not collide with this mesh! (/root/workspace/physx-gpu-activity/physx/source/geomutils/src/cooking/GuCookingConvexMesh.cpp:124)
PhysX[2] Cooking::cookConvexMesh: GPU-compatible convex hull could not be built because of oblong shape. Will fall back to CPU collision, particles and deformables will not collide with this mesh! (/root/workspace/physx-gpu-activity/physx/source/geomutils/src/cooking/GuCookingConvexMesh.cpp:124)
PhysX[2] Cooking::cookConvexMesh: GPU-compatible convex hull could not be built because of oblong shape. Will fall back to CPU collision, particles and deformables will not collide with this mesh! (/root/workspace/physx-gpu-activity/physx/source/geomutils/src/cooking/GuCookingConvexMesh.cpp:124)
PhysX[2] Cooking::cookConvexMesh: GPU-compatible convex hull could not be built because of oblong shape. Will fall back to CPU collision, particles and deformables will not collide with this mesh! (/root/workspace/physx-gpu-activity/physx/source/geomutils/src/cooking/GuCookingConvexMesh.cpp:124)
PhysX[2] Cooking::cookConvexMesh: GPU-compatible convex hull could not be built because of oblong shape. Will fall back to CPU collision, particles and deformables will not collide with this mesh! (/root/workspace/physx-gpu-activity/physx/source/geomutils/src/cooking/GuCookingConvexMesh.cpp:124)
PhysX[2] Cooking::cookConvexMesh: GPU-compatible convex hull could not be built because of oblong shape. Will fall back to CPU collision, particles and deformables will not collide with this mesh! (/root/workspace/physx-gpu-activity/physx/source/geomutils/src/cooking/GuCookingConvexMesh.cpp:124)
PhysX[2] Cooking::cookConvexMesh: GPU-compatible convex hull could not be built because of oblong shape. Will fall back to CPU collision, particles and deformables will not collide with this mesh! (/root/workspace/physx-gpu-activity/physx/source/geomutils/src/cooking/GuCookingConvexMesh.cpp:124)
PhysX[2] Cooking::cookConvexMesh: GPU-compatible convex hull could not be built because of oblong shape. Will fall back to CPU collision, particles and deformables will not collide with this mesh! (/root/workspace/physx-gpu-activity/physx/source/geomutils/src/cooking/GuCookingConvexMesh.cpp:124)
PhysX[2] Cooking::cookConvexMesh: GPU-compatible convex hull could not be built because of oblong shape. Will fall back to CPU collision, particles and deformables will not collide with this mesh! (/root/workspace/physx-gpu-activity/physx/source/geomutils/src/cooking/GuCookingConvexMesh.cpp:124)
PhysX[2] Cooking::cookConvexMesh: GPU-compatible convex hull could not be built because of oblong shape. Will fall back to CPU collision, particles and deformables will not collide with this mesh! (/root/workspace/physx-gpu-activity/physx/source/geomutils/src/cooking/GuCookingConvexMesh.cpp:124)
PhysX[2] Cooking::cookConvexMesh: GPU-compatible convex hull could not be built because of oblong shape. Will fall back to CPU collision, particles and deformables will not collide with this mesh! (/root/workspace/physx-gpu-activity/physx/source/geomutils/src/cooking/GuCookingConvexMesh.cpp:124)
PhysX[2] Cooking::cookConvexMesh: GPU-compatible convex hull could not be built because of oblong shape. Will fall back to CPU collision, particles and deformables will not collide with this mesh! (/root/workspace/physx-gpu-activity/physx/source/geomutils/src/cooking/GuCookingConvexMesh.cpp:124)
PhysX[2] Cooking::cookConvexMesh: GPU-compatible convex hull could not be built because of oblong shape. Will fall back to CPU collision, particles and deformables will not collide with this mesh! (/root/workspace/physx-gpu-activity/physx/source/geomutils/src/cooking/GuCookingConvexMesh.cpp:124)
PhysX[2] Cooking::cookConvexMesh: GPU-compatible convex hull could not be built because of oblong shape. Will fall back to CPU collision, particles and deformables will not collide with this mesh! (/root/workspace/physx-gpu-activity/physx/source/geomutils/src/cooking/GuCookingConvexMesh.cpp:124)
PhysX[2] Cooking::cookConvexMesh: GPU-compatible convex hull could not be built because of oblong shape. Will fall back to CPU collision, particles and deformables will not collide with this mesh! (/root/workspace/physx-gpu-activity/physx/source/geomutils/src/cooking/GuCookingConvexMesh.cpp:124)
PhysX[2] Cooking::cookConvexMesh: GPU-compatible convex hull could not be built because of oblong shape. Will fall back to CPU collision, particles and deformables will not collide with this mesh! (/root/workspace/physx-gpu-activity/physx/source/geomutils/src/cooking/GuCookingConvexMesh.cpp:124)
PhysX[2] Cooking::cookConvexMesh: GPU-compatible convex hull could not be built because of oblong shape. Will fall back to CPU collision, particles and deformables will not collide with this mesh! (/root/workspace/physx-gpu-activity/physx/source/geomutils/src/cooking/GuCookingConvexMesh.cpp:124)
PhysX[2] Cooking::cookConvexMesh: GPU-compatible convex hull could not be built because of oblong shape. Will fall back to CPU collision, particles and deformables will not collide with this mesh! (/root/workspace/physx-gpu-activity/physx/source/geomutils/src/cooking/GuCookingConvexMesh.cpp:124)
PhysX[2] Cooking::cookConvexMesh: GPU-compatible convex hull could not be built because of oblong shape. Will fall back to CPU collision, particles and deformables will not collide with this mesh! (/root/workspace/physx-gpu-activity/physx/source/geomutils/src/cooking/GuCookingConvexMesh.cpp:124)
PhysX[2] Cooking::cookConvexMesh: GPU-compatible convex hull could not be built because of oblong shape. Will fall back to CPU collision, particles and deformables will not collide with this mesh! (/root/workspace/physx-gpu-activity/physx/source/geomutils/src/cooking/GuCookingConvexMesh.cpp:124)
PhysX[2] Cooking::cookConvexMesh: GPU-compatible convex hull could not be built because of oblong shape. Will fall back to CPU collision, particles and deformables will not collide with this mesh! (/root/workspace/physx-gpu-activity/physx/source/geomutils/src/cooking/GuCookingConvexMesh.cpp:124)
PhysX[2] Cooking::cookConvexMesh: GPU-compatible convex hull could not be built because of oblong shape. Will fall back to CPU collision, particles and deformables will not collide with this mesh! (/root/workspace/physx-gpu-activity/physx/source/geomutils/src/cooking/GuCookingConvexMesh.cpp:124)
PhysX[2] Cooking::cookConvexMesh: GPU-compatible convex hull could not be built because of oblong shape. Will fall back to CPU collision, particles and deformables will not collide with this mesh! (/root/workspace/physx-gpu-activity/physx/source/geomutils/src/cooking/GuCookingConvexMesh.cpp:124)
PhysX[2] Cooking::cookConvexMesh: GPU-compatible convex hull could not be built because of oblong shape. Will fall back to CPU collision, particles and deformables will not collide with this mesh! (/root/workspace/physx-gpu-activity/physx/source/geomutils/src/cooking/GuCookingConvexMesh.cpp:124)
PhysX[2] Cooking::cookConvexMesh: GPU-compatible convex hull could not be built because of oblong shape. Will fall back to CPU collision, particles and deformables will not collide with this mesh! (/root/workspace/physx-gpu-activity/physx/source/geomutils/src/cooking/GuCookingConvexMesh.cpp:124)
PhysX[2] Cooking::cookConvexMesh: GPU-compatible convex hull could not be built because of oblong shape. Will fall back to CPU collision, particles and deformables will not collide with this mesh! (/root/workspace/physx-gpu-activity/physx/source/geomutils/src/cooking/GuCookingConvexMesh.cpp:124)
PhysX[2] Cooking::cookConvexMesh: GPU-compatible convex hull could not be built because of oblong shape. Will fall back to CPU collision, particles and deformables will not collide with this mesh! (/root/workspace/physx-gpu-activity/physx/source/geomutils/src/cooking/GuCookingConvexMesh.cpp:124)
PhysX[2] Cooking::cookConvexMesh: GPU-compatible convex hull could not be built because of oblong shape. Will fall back to CPU collision, particles and deformables will not collide with this mesh! (/root/workspace/physx-gpu-activity/physx/source/geomutils/src/cooking/GuCookingConvexMesh.cpp:124)
PhysX[2] Cooking::cookConvexMesh: GPU-compatible convex hull could not be built because of oblong shape. Will fall back to CPU collision, particles and deformables will not collide with this mesh! (/root/workspace/physx-gpu-activity/physx/source/geomutils/src/cooking/GuCookingConvexMesh.cpp:124)
PhysX[2] Cooking::cookConvexMesh: GPU-compatible convex hull could not be built because of oblong shape. Will fall back to CPU collision, particles and deformables will not collide with this mesh! (/root/workspace/physx-gpu-activity/physx/source/geomutils/src/cooking/GuCookingConvexMesh.cpp:124)
PhysX[2] Cooking::cookConvexMesh: GPU-compatible convex hull could not be built because of oblong shape. Will fall back to CPU collision, particles and deformables will not collide with this mesh! (/root/workspace/physx-gpu-activity/physx/source/geomutils/src/cooking/GuCookingConvexMesh.cpp:124)
PhysX[2] Cooking::cookConvexMesh: GPU-compatible convex hull could not be built because of oblong shape. Will fall back to CPU collision, particles and deformables will not collide with this mesh! (/root/workspace/physx-gpu-activity/physx/source/geomutils/src/cooking/GuCookingConvexMesh.cpp:124)
PhysX[2] Cooking::cookConvexMesh: GPU-compatible convex hull could not be built because of oblong shape. Will fall back to CPU collision, particles and deformables will not collide with this mesh! (/root/workspace/physx-gpu-activity/physx/source/geomutils/src/cooking/GuCookingConvexMesh.cpp:124)
PhysX[2] Cooking::cookConvexMesh: GPU-compatible convex hull could not be built because of oblong shape. Will fall back to CPU collision, particles and deformables will not collide with this mesh! (/root/workspace/physx-gpu-activity/physx/source/geomutils/src/cooking/GuCookingConvexMesh.cpp:124)
PhysX[2] Cooking::cookConvexMesh: GPU-compatible convex hull could not be built because of oblong shape. Will fall back to CPU collision, particles and deformables will not collide with this mesh! (/root/workspace/physx-gpu-activity/physx/source/geomutils/src/cooking/GuCookingConvexMesh.cpp:124)
PhysX[2] Cooking::cookConvexMesh: GPU-compatible convex hull could not be built because of oblong shape. Will fall back to CPU collision, particles and deformables will not collide with this mesh! (/root/workspace/physx-gpu-activity/physx/source/geomutils/src/cooking/GuCookingConvexMesh.cpp:124)
ok
test the_frame_needs_a_bigger_hit_than_the_cladding ... ok

test result: ok. 4 passed; 0 failed; 0 ignored; 0 measured; 0 filtered out; finished in 224.76s

