scene destruction/assets/scenes/fractured-downtown.json | structures 4 | chunks 86966 | bonds 267992
[destruction] CUDA stress solver active; configured iteration budget 32. Convergence depends on the current load and topology.
tick      0  bodies    108  awake      0  broken       0  solve 360.33 ms  | begin 0.59 solve 152.19 end 186.01 readback 4.02 events 3.15 filters 10.04 ccd 0.00 support 0.00 shape 4.32 => gap 0.01 ms  quiet 4  pairs 0
            topo 185.99 (frac 184.69 + valid 1.30)                   pts/pair 0.00  islands skipped 0/216 (0%)
            fracture: gen 2.99 prep 6.25 apply 3.44 scene 172.82 rebuild 0.00 valid 1.30 | rest -0.81
            physx step 40.75 ms avg over 1 ticks  (last: gpu_wait 13.18 fetch_copy 7.56, contacts hw 0)
tick    300  bodies   2735  awake   2574  broken    9919  solve 5.02 ms  | begin 0.63 solve 2.35 end 1.02 readback 0.09 events 0.00 filters 0.00 ccd 0.00 support 0.93 shape 0.00 => gap 0.00 ms  quiet 1605  pairs 3749
            topo 1.02 (frac 1.02 + valid 0.00)                   pts/pair 0.42  islands skipped 3071/168695 (2%)
            fracture: gen 0.58 prep 0.00 apply 0.00 scene 0.00 rebuild 0.00 valid 0.00 | rest 0.45
            physx step 4.63 ms avg over 300 ticks  (last: gpu_wait 5.26 fetch_copy 0.85, contacts hw 42294)
[bs-phase] calls=599 per-call ms: upload 0.131 kernel 0.070 readback 0.021 | prep 0.111 enqueue 0.096 sync 0.021 | host total 0.242 | skipped 0 of 599 | up 0.49 MB down 0.06 MB | PROBE empty 0.000 nullkernel1 0.000 nullkernel2 0.000 copy4B 0.000
[bond-stress-gpu] ticks=600 attempts=599 ranOnDevice=599 checks=0 MISMATCHES=0 (count=0 removeSize=0 removeOrder=0 mask=0) firstBadTick=0 lastBadTick=0 refuse(noSolver=0 stale=0 pendingTopo=0 csr=0) STRESS_MISMATCH=0/0 big=0 maxRel=0.000e+00 BEND_MISMATCH=0 bendMaxRel=0.000e+00 OVERSET_MISMATCH=0/0 compactHits=74543 misses=0 IMPULSE=0/0 impMaxRel=0.000e+00 PAYLOAD(n=0 node=0 normal=0 disp=0 centroid=0)
[bs-phase] calls=599 per-call ms: upload 0.100 kernel 0.072 readback 0.023 | prep 0.082 enqueue 0.098 sync 0.020 | host total 0.214 | skipped 0 of 599 | up 0.37 MB down 0.05 MB | PROBE empty 0.000 nullkernel1 0.000 nullkernel2 0.000 copy4B 0.000
[bond-stress-gpu] ticks=600 attempts=599 ranOnDevice=599 checks=0 MISMATCHES=0 (count=0 removeSize=0 removeOrder=0 mask=0) firstBadTick=0 lastBadTick=0 refuse(noSolver=0 stale=0 pendingTopo=0 csr=0) STRESS_MISMATCH=0/0 big=0 maxRel=0.000e+00 BEND_MISMATCH=0 bendMaxRel=0.000e+00 OVERSET_MISMATCH=0/0 compactHits=62300 misses=0 IMPULSE=0/0 impMaxRel=0.000e+00 PAYLOAD(n=0 node=0 normal=0 disp=0 centroid=0)
[bs-phase] calls=599 per-call ms: upload 0.141 kernel 0.071 readback 0.021 | prep 0.121 enqueue 0.097 sync 0.020 | host total 0.255 | skipped 0 of 599 | up 0.55 MB down 0.06 MB | PROBE empty 0.000 nullkernel1 0.000 nullkernel2 0.000 copy4B 0.000
[bond-stress-gpu] ticks=600 attempts=599 ranOnDevice=599 checks=0 MISMATCHES=0 (count=0 removeSize=0 removeOrder=0 mask=0) firstBadTick=0 lastBadTick=0 refuse(noSolver=0 stale=0 pendingTopo=0 csr=0) STRESS_MISMATCH=0/0 big=0 maxRel=0.000e+00 BEND_MISMATCH=0 bendMaxRel=0.000e+00 OVERSET_MISMATCH=0/0 compactHits=79773 misses=0 IMPULSE=0/0 impMaxRel=0.000e+00 PAYLOAD(n=0 node=0 normal=0 disp=0 centroid=0)
[bs-phase] calls=599 per-call ms: upload 0.135 kernel 0.310 readback 0.017 | prep 0.119 enqueue 0.333 sync 0.015 | host total 0.478 | skipped 0 of 599 | up 0.76 MB down 0.14 MB | PROBE empty 0.000 nullkernel1 0.000 nullkernel2 0.000 copy4B 0.000
[bond-stress-gpu] ticks=600 attempts=599 ranOnDevice=599 checks=0 MISMATCHES=0 (count=0 removeSize=0 removeOrder=0 mask=0) firstBadTick=0 lastBadTick=0 refuse(noSolver=0 stale=0 pendingTopo=0 csr=0) STRESS_MISMATCH=0/0 big=0 maxRel=0.000e+00 BEND_MISMATCH=0 bendMaxRel=0.000e+00 OVERSET_MISMATCH=0/0 compactHits=186654 misses=0 IMPULSE=0/0 impMaxRel=0.000e+00 PAYLOAD(n=0 node=0 normal=0 disp=0 centroid=0)
tick    600  bodies   4172  awake   3798  broken   14539  solve 9.83 ms  | begin 0.76 solve 2.46 end 1.68 readback 0.48 events 1.34 filters 1.02 ccd 0.00 support 1.35 shape 0.74 => gap 0.00 ms  quiet 3260  pairs 10732
            topo 1.46 (frac 1.46 + valid 0.00)                   pts/pair 0.25  islands skipped 7030/280844 (3%)
            fracture: gen 0.33 prep 0.01 apply 0.47 scene 0.50 rebuild 0.00 valid 0.00 | rest 0.15
            physx step 9.74 ms avg over 300 ticks  (last: gpu_wait 7.86 fetch_copy 1.43, contacts hw 58364)
[bs-phase] calls=1199 per-call ms: upload 0.123 kernel 0.052 readback 0.023 | prep 0.105 enqueue 0.078 sync 0.019 | host total 0.216 | skipped 0 of 1199 | up 0.44 MB down 0.06 MB | PROBE empty 0.000 nullkernel1 0.000 nullkernel2 0.000 copy4B 0.000
[bond-stress-gpu] ticks=1200 attempts=1199 ranOnDevice=1199 checks=0 MISMATCHES=0 (count=0 removeSize=0 removeOrder=0 mask=0) firstBadTick=0 lastBadTick=0 refuse(noSolver=0 stale=0 pendingTopo=0 csr=0) STRESS_MISMATCH=0/0 big=0 maxRel=0.000e+00 BEND_MISMATCH=0 bendMaxRel=0.000e+00 OVERSET_MISMATCH=0/0 compactHits=133982 misses=0 IMPULSE=0/0 impMaxRel=0.000e+00 PAYLOAD(n=0 node=0 normal=0 disp=0 centroid=0)
[bs-phase] calls=1199 per-call ms: upload 0.134 kernel 0.050 readback 0.022 | prep 0.117 enqueue 0.077 sync 0.017 | host total 0.226 | skipped 0 of 1199 | up 0.50 MB down 0.06 MB | PROBE empty 0.000 nullkernel1 0.000 nullkernel2 0.000 copy4B 0.000
[bond-stress-gpu] ticks=1200 attempts=1199 ranOnDevice=1199 checks=0 MISMATCHES=0 (count=0 removeSize=0 removeOrder=0 mask=0) firstBadTick=0 lastBadTick=0 refuse(noSolver=0 stale=0 pendingTopo=0 csr=0) STRESS_MISMATCH=0/0 big=0 maxRel=0.000e+00 BEND_MISMATCH=0 bendMaxRel=0.000e+00 OVERSET_MISMATCH=0/0 compactHits=143507 misses=0 IMPULSE=0/0 impMaxRel=0.000e+00 PAYLOAD(n=0 node=0 normal=0 disp=0 centroid=0)
[bs-phase] calls=1199 per-call ms: upload 0.098 kernel 0.064 readback 0.026 | prep 0.083 enqueue 0.092 sync 0.019 | host total 0.205 | skipped 0 of 1199 | up 0.35 MB down 0.09 MB | PROBE empty 0.000 nullkernel1 0.000 nullkernel2 0.000 copy4B 0.000
[bond-stress-gpu] ticks=1200 attempts=1199 ranOnDevice=1199 checks=0 MISMATCHES=0 (count=0 removeSize=0 removeOrder=0 mask=0) firstBadTick=0 lastBadTick=0 refuse(noSolver=0 stale=0 pendingTopo=0 csr=0) STRESS_MISMATCH=0/0 big=0 maxRel=0.000e+00 BEND_MISMATCH=0 bendMaxRel=0.000e+00 OVERSET_MISMATCH=0/0 compactHits=104262 misses=0 IMPULSE=0/0 impMaxRel=0.000e+00 PAYLOAD(n=0 node=0 normal=0 disp=0 centroid=0)
[bs-phase] calls=1199 per-call ms: upload 0.133 kernel 0.179 readback 0.018 | prep 0.118 enqueue 0.202 sync 0.014 | host total 0.345 | skipped 0 of 1199 | up 0.69 MB down 0.14 MB | PROBE empty 0.000 nullkernel1 0.000 nullkernel2 0.000 copy4B 0.000
[bond-stress-gpu] ticks=1200 attempts=1199 ranOnDevice=1199 checks=0 MISMATCHES=0 (count=0 removeSize=0 removeOrder=0 mask=0) firstBadTick=0 lastBadTick=0 refuse(noSolver=0 stale=0 pendingTopo=0 csr=0) STRESS_MISMATCH=0/0 big=0 maxRel=0.000e+00 BEND_MISMATCH=0 bendMaxRel=0.000e+00 OVERSET_MISMATCH=0/0 compactHits=318110 misses=0 IMPULSE=0/0 impMaxRel=0.000e+00 PAYLOAD(n=0 node=0 normal=0 disp=0 centroid=0)
tick    900  bodies   4896  awake   4054  broken   17168  solve 11.92 ms  | begin 0.77 solve 2.25 end 4.12 readback 0.57 events 1.15 filters 1.08 ccd 0.00 support 1.27 shape 0.71 => gap 0.00 ms  quiet 4704  pairs 12115
            topo 3.86 (frac 3.86 + valid 0.00)                   pts/pair 0.26  islands skipped 10325/227960 (5%)
            fracture: gen 0.51 prep 0.12 apply 0.66 scene 2.43 rebuild 0.00 valid 0.00 | rest 0.14
            physx step 11.69 ms avg over 300 ticks  (last: gpu_wait 8.33 fetch_copy 1.55, contacts hw 63247)
tick   1200  bodies   5709  awake   4690  broken   20110  solve 6.41 ms  | begin 1.03 solve 2.45 end 1.15 readback 0.30 events 0.00 filters 0.00 ccd 0.00 support 1.47 shape 0.00 => gap 0.00 ms  quiet 6290  pairs 13746
            topo 1.15 (frac 1.15 + valid 0.00)                   pts/pair 0.31  islands skipped 13685/328012 (4%)
            fracture: gen 0.37 prep 0.00 apply 0.00 scene 0.00 rebuild 0.00 valid 0.00 | rest 0.78
            physx step 13.04 ms avg over 300 ticks  (last: gpu_wait 9.92 fetch_copy 1.89, contacts hw 76102)
[bs-phase] calls=1799 per-call ms: upload 0.119 kernel 0.045 readback 0.023 | prep 0.101 enqueue 0.072 sync 0.019 | host total 0.203 | skipped 0 of 1799 | up 0.42 MB down 0.06 MB | PROBE empty 0.000 nullkernel1 0.000 nullkernel2 0.000 copy4B 0.000
[bond-stress-gpu] ticks=1800 attempts=1799 ranOnDevice=1799 checks=0 MISMATCHES=0 (count=0 removeSize=0 removeOrder=0 mask=0) firstBadTick=0 lastBadTick=0 refuse(noSolver=0 stale=0 pendingTopo=0 csr=0) STRESS_MISMATCH=0/0 big=0 maxRel=0.000e+00 BEND_MISMATCH=0 bendMaxRel=0.000e+00 OVERSET_MISMATCH=0/0 compactHits=186404 misses=0 IMPULSE=0/0 impMaxRel=0.000e+00 PAYLOAD(n=0 node=0 normal=0 disp=0 centroid=0)
[bs-phase] calls=1799 per-call ms: upload 0.128 kernel 0.043 readback 0.022 | prep 0.112 enqueue 0.070 sync 0.017 | host total 0.212 | skipped 0 of 1799 | up 0.47 MB down 0.06 MB | PROBE empty 0.000 nullkernel1 0.000 nullkernel2 0.000 copy4B 0.000
[bond-stress-gpu] ticks=1800 attempts=1799 ranOnDevice=1799 checks=0 MISMATCHES=0 (count=0 removeSize=0 removeOrder=0 mask=0) firstBadTick=0 lastBadTick=0 refuse(noSolver=0 stale=0 pendingTopo=0 csr=0) STRESS_MISMATCH=0/0 big=0 maxRel=0.000e+00 BEND_MISMATCH=0 bendMaxRel=0.000e+00 OVERSET_MISMATCH=0/0 compactHits=193604 misses=0 IMPULSE=0/0 impMaxRel=0.000e+00 PAYLOAD(n=0 node=0 normal=0 disp=0 centroid=0)
[bs-phase] calls=1799 per-call ms: upload 0.093 kernel 0.052 readback 0.025 | prep 0.080 enqueue 0.079 sync 0.017 | host total 0.187 | skipped 0 of 1799 | up 0.32 MB down 0.08 MB | PROBE empty 0.000 nullkernel1 0.000 nullkernel2 0.000 copy4B 0.000
[bond-stress-gpu] ticks=1800 attempts=1799 ranOnDevice=1799 checks=0 MISMATCHES=0 (count=0 removeSize=0 removeOrder=0 mask=0) firstBadTick=0 lastBadTick=0 refuse(noSolver=0 stale=0 pendingTopo=0 csr=0) STRESS_MISMATCH=0/0 big=0 maxRel=0.000e+00 BEND_MISMATCH=0 bendMaxRel=0.000e+00 OVERSET_MISMATCH=0/0 compactHits=142699 misses=0 IMPULSE=0/0 impMaxRel=0.000e+00 PAYLOAD(n=0 node=0 normal=0 disp=0 centroid=0)
[bs-phase] calls=1799 per-call ms: upload 0.133 kernel 0.154 readback 0.018 | prep 0.118 enqueue 0.177 sync 0.014 | host total 0.320 | skipped 0 of 1799 | up 0.68 MB down 0.13 MB | PROBE empty 0.000 nullkernel1 0.000 nullkernel2 0.000 copy4B 0.000
[bond-stress-gpu] ticks=1800 attempts=1799 ranOnDevice=1799 checks=0 MISMATCHES=0 (count=0 removeSize=0 removeOrder=0 mask=0) firstBadTick=0 lastBadTick=0 refuse(noSolver=0 stale=0 pendingTopo=0 csr=0) STRESS_MISMATCH=0/0 big=0 maxRel=0.000e+00 BEND_MISMATCH=0 bendMaxRel=0.000e+00 OVERSET_MISMATCH=0/0 compactHits=464475 misses=0 IMPULSE=0/0 impMaxRel=0.000e+00 PAYLOAD(n=0 node=0 normal=0 disp=0 centroid=0)
tick   1500  bodies   6061  awake   4904  broken   21264  solve 6.87 ms  | begin 1.00 solve 2.42 end 1.04 readback 0.45 events 0.00 filters 0.00 ccd 0.00 support 1.97 shape 0.00 => gap 0.00 ms  quiet 7817  pairs 13329
            topo 1.04 (frac 1.04 + valid 0.00)                   pts/pair 0.34  islands skipped 16361/356719 (5%)
            fracture: gen 0.25 prep 0.00 apply 0.00 scene 0.00 rebuild 0.00 valid 0.00 | rest 0.79
            physx step 13.93 ms avg over 300 ticks  (last: gpu_wait 9.62 fetch_copy 1.82, contacts hw 76401)
[bs-phase] calls=2399 per-call ms: upload 0.113 kernel 0.041 readback 0.023 | prep 0.097 enqueue 0.067 sync 0.018 | host total 0.193 | skipped 0 of 2399 | up 0.41 MB down 0.06 MB | PROBE empty 0.000 nullkernel1 0.000 nullkernel2 0.000 copy4B 0.000
[bond-stress-gpu] ticks=2400 attempts=2399 ranOnDevice=2399 checks=0 MISMATCHES=0 (count=0 removeSize=0 removeOrder=0 mask=0) firstBadTick=0 lastBadTick=0 refuse(noSolver=0 stale=0 pendingTopo=0 csr=0) STRESS_MISMATCH=0/0 big=0 maxRel=0.000e+00 BEND_MISMATCH=0 bendMaxRel=0.000e+00 OVERSET_MISMATCH=0/0 compactHits=233341 misses=0 IMPULSE=0/0 impMaxRel=0.000e+00 PAYLOAD(n=0 node=0 normal=0 disp=0 centroid=0)
[bs-phase] calls=2399 per-call ms: upload 0.089 kernel 0.046 readback 0.025 | prep 0.077 enqueue 0.072 sync 0.016 | host total 0.175 | skipped 0 of 2399 | up 0.31 MB down 0.07 MB | PROBE empty 0.000 nullkernel1 0.000 nullkernel2 0.000 copy4B 0.000
[bond-stress-gpu] ticks=2400 attempts=2399 ranOnDevice=2399 checks=0 MISMATCHES=0 (count=0 removeSize=0 removeOrder=0 mask=0) firstBadTick=0 lastBadTick=0 refuse(noSolver=0 stale=0 pendingTopo=0 csr=0) STRESS_MISMATCH=0/0 big=0 maxRel=0.000e+00 BEND_MISMATCH=0 bendMaxRel=0.000e+00 OVERSET_MISMATCH=0/0 compactHits=175461 misses=0 IMPULSE=0/0 impMaxRel=0.000e+00 PAYLOAD(n=0 node=0 normal=0 disp=0 centroid=0)
[bs-phase] calls=2399 per-call ms: upload 0.122 kernel 0.040 readback 0.022 | prep 0.107 enqueue 0.066 sync 0.016 | host total 0.201 | skipped 0 of 2399 | up 0.46 MB down 0.06 MB | PROBE empty 0.000 nullkernel1 0.000 nullkernel2 0.000 copy4B 0.000
[bond-stress-gpu] ticks=2400 attempts=2399 ranOnDevice=2399 checks=0 MISMATCHES=0 (count=0 removeSize=0 removeOrder=0 mask=0) firstBadTick=0 lastBadTick=0 refuse(noSolver=0 stale=0 pendingTopo=0 csr=0) STRESS_MISMATCH=0/0 big=0 maxRel=0.000e+00 BEND_MISMATCH=0 bendMaxRel=0.000e+00 OVERSET_MISMATCH=0/0 compactHits=237833 misses=0 IMPULSE=0/0 impMaxRel=0.000e+00 PAYLOAD(n=0 node=0 normal=0 disp=0 centroid=0)
[bs-phase] calls=2399 per-call ms: upload 0.130 kernel 0.128 readback 0.018 | prep 0.115 enqueue 0.152 sync 0.013 | host total 0.291 | skipped 0 of 2399 | up 0.66 MB down 0.13 MB | PROBE empty 0.000 nullkernel1 0.000 nullkernel2 0.000 copy4B 0.000
[bond-stress-gpu] ticks=2400 attempts=2399 ranOnDevice=2399 checks=0 MISMATCHES=0 (count=0 removeSize=0 removeOrder=0 mask=0) firstBadTick=0 lastBadTick=0 refuse(noSolver=0 stale=0 pendingTopo=0 csr=0) STRESS_MISMATCH=0/0 big=0 maxRel=0.000e+00 BEND_MISMATCH=0 bendMaxRel=0.000e+00 OVERSET_MISMATCH=0/0 compactHits=593645 misses=0 IMPULSE=0/0 impMaxRel=0.000e+00 PAYLOAD(n=0 node=0 normal=0 disp=0 centroid=0)
tick   1800  bodies   6474  awake   5125  broken   22601  solve 11.56 ms  | begin 1.11 solve 2.41 end 2.08 readback 0.91 events 1.48 filters 1.06 ccd 0.00 support 1.68 shape 0.81 => gap 0.00 ms  quiet 9273  pairs 13749
            topo 1.67 (frac 1.67 + valid 0.00)                   pts/pair 0.33  islands skipped 21263/348075 (6%)
            fracture: gen 0.34 prep 0.00 apply 0.74 scene 0.44 rebuild 0.00 valid 0.00 | rest 0.15
            physx step 14.35 ms avg over 300 ticks  (last: gpu_wait 9.69 fetch_copy 1.91, contacts hw 77387)
tick   2100  bodies   6757  awake   5249  broken   23578  solve 6.87 ms  | begin 1.07 solve 2.23 end 1.55 readback 0.43 events 0.00 filters 0.00 ccd 0.00 support 1.58 shape 0.00 => gap 0.00 ms  quiet 10616  pairs 11157
            topo 1.14 (frac 1.14 + valid 0.00)                   pts/pair 0.36  islands skipped 21729/333391 (7%)
            fracture: gen 0.29 prep 0.00 apply 0.00 scene 0.00 rebuild 0.00 valid 0.00 | rest 0.85
            physx step 14.47 ms avg over 300 ticks  (last: gpu_wait 8.73 fetch_copy 2.68, contacts hw 80196)
[bs-phase] calls=2999 per-call ms: upload 0.087 kernel 0.042 readback 0.025 | prep 0.075 enqueue 0.069 sync 0.015 | host total 0.169 | skipped 0 of 2999 | up 0.30 MB down 0.06 MB | PROBE empty 0.000 nullkernel1 0.000 nullkernel2 0.000 copy4B 0.000
[bond-stress-gpu] ticks=3000 attempts=2999 ranOnDevice=2999 checks=0 MISMATCHES=0 (count=0 removeSize=0 removeOrder=0 mask=0) firstBadTick=0 lastBadTick=0 refuse(noSolver=0 stale=0 pendingTopo=0 csr=0) STRESS_MISMATCH=0/0 big=0 maxRel=0.000e+00 BEND_MISMATCH=0 bendMaxRel=0.000e+00 OVERSET_MISMATCH=0/0 compactHits=205427 misses=0 IMPULSE=0/0 impMaxRel=0.000e+00 PAYLOAD(n=0 node=0 normal=0 disp=0 centroid=0)
[bs-phase] calls=2999 per-call ms: upload 0.110 kernel 0.039 readback 0.023 | prep 0.095 enqueue 0.065 sync 0.017 | host total 0.187 | skipped 0 of 2999 | up 0.40 MB down 0.06 MB | PROBE empty 0.000 nullkernel1 0.000 nullkernel2 0.000 copy4B 0.000
[bond-stress-gpu] ticks=3000 attempts=2999 ranOnDevice=2999 checks=0 MISMATCHES=0 (count=0 removeSize=0 removeOrder=0 mask=0) firstBadTick=0 lastBadTick=0 refuse(noSolver=0 stale=0 pendingTopo=0 csr=0) STRESS_MISMATCH=0/0 big=0 maxRel=0.000e+00 BEND_MISMATCH=0 bendMaxRel=0.000e+00 OVERSET_MISMATCH=0/0 compactHits=272391 misses=0 IMPULSE=0/0 impMaxRel=0.000e+00 PAYLOAD(n=0 node=0 normal=0 disp=0 centroid=0)
[bs-phase] calls=2999 per-call ms: upload 0.119 kernel 0.037 readback 0.023 | prep 0.104 enqueue 0.064 sync 0.015 | host total 0.195 | skipped 0 of 2999 | up 0.44 MB down 0.06 MB | PROBE empty 0.000 nullkernel1 0.000 nullkernel2 0.000 copy4B 0.000
[bond-stress-gpu] ticks=3000 attempts=2999 ranOnDevice=2999 checks=0 MISMATCHES=0 (count=0 removeSize=0 removeOrder=0 mask=0) firstBadTick=0 lastBadTick=0 refuse(noSolver=0 stale=0 pendingTopo=0 csr=0) STRESS_MISMATCH=0/0 big=0 maxRel=0.000e+00 BEND_MISMATCH=0 bendMaxRel=0.000e+00 OVERSET_MISMATCH=0/0 compactHits=274379 misses=0 IMPULSE=0/0 impMaxRel=0.000e+00 PAYLOAD(n=0 node=0 normal=0 disp=0 centroid=0)
[bs-phase] calls=2999 per-call ms: upload 0.127 kernel 0.112 readback 0.018 | prep 0.114 enqueue 0.135 sync 0.013 | host total 0.273 | skipped 0 of 2999 | up 0.63 MB down 0.13 MB | PROBE empty 0.000 nullkernel1 0.000 nullkernel2 0.000 copy4B 0.000
[bond-stress-gpu] ticks=3000 attempts=2999 ranOnDevice=2999 checks=0 MISMATCHES=0 (count=0 removeSize=0 removeOrder=0 mask=0) firstBadTick=0 lastBadTick=0 refuse(noSolver=0 stale=0 pendingTopo=0 csr=0) STRESS_MISMATCH=0/0 big=0 maxRel=0.000e+00 BEND_MISMATCH=0 bendMaxRel=0.000e+00 OVERSET_MISMATCH=0/0 compactHits=702308 misses=0 IMPULSE=0/0 impMaxRel=0.000e+00 PAYLOAD(n=0 node=0 normal=0 disp=0 centroid=0)
tick   2400  bodies   6787  awake   4851  broken   23697  solve 6.56 ms  | begin 1.08 solve 2.20 end 1.22 readback 0.48 events 0.00 filters 0.00 ccd 0.00 support 1.57 shape 0.00 => gap 0.00 ms  quiet 11898  pairs 10708
            topo 1.22 (frac 1.22 + valid 0.00)                   pts/pair 0.30  islands skipped 34638/318637 (11%)
            fracture: gen 0.32 prep 0.00 apply 0.00 scene 0.00 rebuild 0.00 valid 0.00 | rest 0.90
            physx step 12.96 ms avg over 300 ticks  (last: gpu_wait 8.93 fetch_copy 1.68, contacts hw 80196)
  ccd tracked 0 / identity stamped 6801 against 6801 live bodies
  resim: 2700 captures, 854 re-passes
  resim diag: captures=2700 zero=0 not_needed=0 errors=0 first_error=None

wrote /dev/null
  ticks 2700  chunks 86966  bonds 267992
  broken bonds 23750 (adapter 23750)
  migrations 80371  peak bodies 5423  membership mismatches 0
wrote /dev/null.sidecar.json
Original city deployment restored and healthy
