scene destruction/assets/scenes/fractured-downtown.json | structures 4 | chunks 86966 | bonds 267992
[destruction] CUDA stress solver active; configured iteration budget 32. Convergence depends on the current load and topology.
tick      0  bodies    108  awake      0  broken       0  solve 369.57 ms  | begin 0.65 solve 154.19 end 193.45 readback 3.86 events 3.12 filters 10.15 ccd 0.00 support 0.00 shape 4.16 => gap 0.00 ms  quiet 4  pairs 0
            topo 193.43 (frac 192.10 + valid 1.34)                   pts/pair 0.00  islands skipped 0/216 (0%)
            fracture: gen 2.79 prep 6.27 apply 3.64 scene 180.23 rebuild 0.00 valid 1.34 | rest -0.83
            physx step 40.78 ms avg over 1 ticks  (last: gpu_wait 12.72 fetch_copy 8.04, contacts hw 0)
tick    300  bodies   2410  awake   2245  broken    8767  solve 7.67 ms  | begin 0.47 solve 2.24 end 1.57 readback 0.25 events 0.93 filters 0.99 ccd 0.00 support 0.64 shape 0.57 => gap 0.00 ms  quiet 1590  pairs 2907
            topo 1.49 (frac 1.49 + valid 0.00)                   pts/pair 0.38  islands skipped 3153/148834 (2%)
            fracture: gen 0.55 prep 0.01 apply 0.25 scene 0.53 rebuild 0.00 valid 0.00 | rest 0.16
            physx step 4.00 ms avg over 300 ticks  (last: gpu_wait 5.48 fetch_copy 1.21, contacts hw 30989)
[bs-phase] calls=599 per-call ms: upload 0.106 kernel 0.071 readback 0.023 | prep 0.087 enqueue 0.097 sync 0.021 | host total 0.219 | skipped 0 of 599 | up 0.37 MB down 0.05 MB | PROBE empty 0.000 nullkernel1 0.000 nullkernel2 0.000 copy4B 0.000
[bond-stress-gpu] ticks=600 attempts=599 ranOnDevice=599 checks=0 MISMATCHES=0 (count=0 removeSize=0 removeOrder=0 mask=0) firstBadTick=0 lastBadTick=0 refuse(noSolver=0 stale=0 pendingTopo=0 csr=0) STRESS_MISMATCH=0/0 big=0 maxRel=0.000e+00 BEND_MISMATCH=0 bendMaxRel=0.000e+00 OVERSET_MISMATCH=0/0 compactHits=63655 misses=0 IMPULSE=0/0 impMaxRel=0.000e+00 PAYLOAD(n=0 node=0 normal=0 disp=0 centroid=0)
[bs-phase] calls=599 per-call ms: upload 0.132 kernel 0.072 readback 0.020 | prep 0.113 enqueue 0.097 sync 0.020 | host total 0.243 | skipped 0 of 599 | up 0.49 MB down 0.06 MB | PROBE empty 0.000 nullkernel1 0.000 nullkernel2 0.000 copy4B 0.000
[bond-stress-gpu] ticks=600 attempts=599 ranOnDevice=599 checks=0 MISMATCHES=0 (count=0 removeSize=0 removeOrder=0 mask=0) firstBadTick=0 lastBadTick=0 refuse(noSolver=0 stale=0 pendingTopo=0 csr=0) STRESS_MISMATCH=0/0 big=0 maxRel=0.000e+00 BEND_MISMATCH=0 bendMaxRel=0.000e+00 OVERSET_MISMATCH=0/0 compactHits=74119 misses=0 IMPULSE=0/0 impMaxRel=0.000e+00 PAYLOAD(n=0 node=0 normal=0 disp=0 centroid=0)
[bs-phase] calls=599 per-call ms: upload 0.146 kernel 0.071 readback 0.021 | prep 0.126 enqueue 0.097 sync 0.021 | host total 0.258 | skipped 0 of 599 | up 0.55 MB down 0.06 MB | PROBE empty 0.000 nullkernel1 0.000 nullkernel2 0.000 copy4B 0.000
[bond-stress-gpu] ticks=600 attempts=599 ranOnDevice=599 checks=0 MISMATCHES=0 (count=0 removeSize=0 removeOrder=0 mask=0) firstBadTick=0 lastBadTick=0 refuse(noSolver=0 stale=0 pendingTopo=0 csr=0) STRESS_MISMATCH=0/0 big=0 maxRel=0.000e+00 BEND_MISMATCH=0 bendMaxRel=0.000e+00 OVERSET_MISMATCH=0/0 compactHits=80486 misses=0 IMPULSE=0/0 impMaxRel=0.000e+00 PAYLOAD(n=0 node=0 normal=0 disp=0 centroid=0)
[bs-phase] calls=599 per-call ms: upload 0.136 kernel 0.297 readback 0.018 | prep 0.118 enqueue 0.321 sync 0.015 | host total 0.466 | skipped 0 of 599 | up 0.76 MB down 0.14 MB | PROBE empty 0.000 nullkernel1 0.000 nullkernel2 0.000 copy4B 0.000
[bond-stress-gpu] ticks=600 attempts=599 ranOnDevice=599 checks=0 MISMATCHES=0 (count=0 removeSize=0 removeOrder=0 mask=0) firstBadTick=0 lastBadTick=0 refuse(noSolver=0 stale=0 pendingTopo=0 csr=0) STRESS_MISMATCH=0/0 big=0 maxRel=0.000e+00 BEND_MISMATCH=0 bendMaxRel=0.000e+00 OVERSET_MISMATCH=0/0 compactHits=161586 misses=0 IMPULSE=0/0 impMaxRel=0.000e+00 PAYLOAD(n=0 node=0 normal=0 disp=0 centroid=0)
tick    600  bodies   4275  awake   3927  broken   15114  solve 11.24 ms  | begin 0.83 solve 2.75 end 3.46 readback 0.43 events 1.10 filters 0.98 ccd 0.00 support 1.03 shape 0.66 => gap 0.00 ms  quiet 3294  pairs 10975
            topo 3.25 (frac 3.25 + valid 0.00)                   pts/pair 0.25  islands skipped 7286/268363 (3%)
            fracture: gen 0.43 prep 0.15 apply 0.60 scene 1.95 rebuild 0.00 valid 0.00 | rest 0.12
            physx step 8.74 ms avg over 300 ticks  (last: gpu_wait 7.15 fetch_copy 1.28, contacts hw 57965)
[bs-phase] calls=1199 per-call ms: upload 0.122 kernel 0.052 readback 0.021 | prep 0.105 enqueue 0.077 sync 0.018 | host total 0.213 | skipped 0 of 1199 | up 0.44 MB down 0.06 MB | PROBE empty 0.000 nullkernel1 0.000 nullkernel2 0.000 copy4B 0.000
[bond-stress-gpu] ticks=1200 attempts=1199 ranOnDevice=1199 checks=0 MISMATCHES=0 (count=0 removeSize=0 removeOrder=0 mask=0) firstBadTick=0 lastBadTick=0 refuse(noSolver=0 stale=0 pendingTopo=0 csr=0) STRESS_MISMATCH=0/0 big=0 maxRel=0.000e+00 BEND_MISMATCH=0 bendMaxRel=0.000e+00 OVERSET_MISMATCH=0/0 compactHits=131378 misses=0 IMPULSE=0/0 impMaxRel=0.000e+00 PAYLOAD(n=0 node=0 normal=0 disp=0 centroid=0)
[bs-phase] calls=1199 per-call ms: upload 0.131 kernel 0.190 readback 0.018 | prep 0.115 enqueue 0.213 sync 0.015 | host total 0.354 | skipped 0 of 1199 | up 0.71 MB down 0.15 MB | PROBE empty 0.000 nullkernel1 0.000 nullkernel2 0.000 copy4B 0.000
[bond-stress-gpu] ticks=1200 attempts=1199 ranOnDevice=1199 checks=0 MISMATCHES=0 (count=0 removeSize=0 removeOrder=0 mask=0) firstBadTick=0 lastBadTick=0 refuse(noSolver=0 stale=0 pendingTopo=0 csr=0) STRESS_MISMATCH=0/0 big=0 maxRel=0.000e+00 BEND_MISMATCH=0 bendMaxRel=0.000e+00 OVERSET_MISMATCH=0/0 compactHits=286277 misses=0 IMPULSE=0/0 impMaxRel=0.000e+00 PAYLOAD(n=0 node=0 normal=0 disp=0 centroid=0)
[bs-phase] calls=1199 per-call ms: upload 0.134 kernel 0.051 readback 0.022 | prep 0.117 enqueue 0.077 sync 0.018 | host total 0.225 | skipped 0 of 1199 | up 0.50 MB down 0.06 MB | PROBE empty 0.000 nullkernel1 0.000 nullkernel2 0.000 copy4B 0.000
[bond-stress-gpu] ticks=1200 attempts=1199 ranOnDevice=1199 checks=0 MISMATCHES=0 (count=0 removeSize=0 removeOrder=0 mask=0) firstBadTick=0 lastBadTick=0 refuse(noSolver=0 stale=0 pendingTopo=0 csr=0) STRESS_MISMATCH=0/0 big=0 maxRel=0.000e+00 BEND_MISMATCH=0 bendMaxRel=0.000e+00 OVERSET_MISMATCH=0/0 compactHits=142701 misses=0 IMPULSE=0/0 impMaxRel=0.000e+00 PAYLOAD(n=0 node=0 normal=0 disp=0 centroid=0)
[bs-phase] calls=1199 per-call ms: upload 0.101 kernel 0.065 readback 0.025 | prep 0.085 enqueue 0.092 sync 0.019 | host total 0.209 | skipped 0 of 1199 | up 0.34 MB down 0.07 MB | PROBE empty 0.000 nullkernel1 0.000 nullkernel2 0.000 copy4B 0.000
[bond-stress-gpu] ticks=1200 attempts=1199 ranOnDevice=1199 checks=0 MISMATCHES=0 (count=0 removeSize=0 removeOrder=0 mask=0) firstBadTick=0 lastBadTick=0 refuse(noSolver=0 stale=0 pendingTopo=0 csr=0) STRESS_MISMATCH=0/0 big=0 maxRel=0.000e+00 BEND_MISMATCH=0 bendMaxRel=0.000e+00 OVERSET_MISMATCH=0/0 compactHits=106459 misses=0 IMPULSE=0/0 impMaxRel=0.000e+00 PAYLOAD(n=0 node=0 normal=0 disp=0 centroid=0)
tick    900  bodies   4567  awake   3776  broken   16145  solve 6.23 ms  | begin 0.82 solve 2.28 end 0.98 readback 0.15 events 0.00 filters 0.00 ccd 0.00 support 1.99 shape 0.00 => gap 0.00 ms  quiet 4826  pairs 9467
            topo 0.98 (frac 0.98 + valid 0.00)                   pts/pair 0.34  islands skipped 9213/269598 (3%)
            fracture: gen 0.35 prep 0.00 apply 0.00 scene 0.00 rebuild 0.00 valid 0.00 | rest 0.62
            physx step 11.02 ms avg over 300 ticks  (last: gpu_wait 8.48 fetch_copy 1.48, contacts hw 58626)
tick   1200  bodies   4779  awake   3740  broken   16848  solve 10.69 ms  | begin 0.84 solve 2.43 end 2.03 readback 0.56 events 1.25 filters 1.03 ccd 0.00 support 1.80 shape 0.74 => gap 0.00 ms  quiet 6291  pairs 9466
            topo 1.76 (frac 1.76 + valid 0.00)                   pts/pair 0.31  islands skipped 13761/269853 (5%)
            fracture: gen 0.34 prep 0.04 apply 0.55 scene 0.67 rebuild 0.00 valid 0.00 | rest 0.16
            physx step 11.02 ms avg over 300 ticks  (last: gpu_wait 9.47 fetch_copy 2.42, contacts hw 58626)
[bs-phase] calls=1799 per-call ms: upload 0.098 kernel 0.052 readback 0.026 | prep 0.083 enqueue 0.079 sync 0.018 | host total 0.192 | skipped 0 of 1799 | up 0.32 MB down 0.08 MB | PROBE empty 0.000 nullkernel1 0.000 nullkernel2 0.000 copy4B 0.000
[bond-stress-gpu] ticks=1800 attempts=1799 ranOnDevice=1799 checks=0 MISMATCHES=0 (count=0 removeSize=0 removeOrder=0 mask=0) firstBadTick=0 lastBadTick=0 refuse(noSolver=0 stale=0 pendingTopo=0 csr=0) STRESS_MISMATCH=0/0 big=0 maxRel=0.000e+00 BEND_MISMATCH=0 bendMaxRel=0.000e+00 OVERSET_MISMATCH=0/0 compactHits=143305 misses=0 IMPULSE=0/0 impMaxRel=0.000e+00 PAYLOAD(n=0 node=0 normal=0 disp=0 centroid=0)
[bs-phase] calls=1799 per-call ms: upload 0.128 kernel 0.045 readback 0.023 | prep 0.113 enqueue 0.071 sync 0.017 | host total 0.213 | skipped 0 of 1799 | up 0.47 MB down 0.06 MB | PROBE empty 0.000 nullkernel1 0.000 nullkernel2 0.000 copy4B 0.000
[bond-stress-gpu] ticks=1800 attempts=1799 ranOnDevice=1799 checks=0 MISMATCHES=0 (count=0 removeSize=0 removeOrder=0 mask=0) firstBadTick=0 lastBadTick=0 refuse(noSolver=0 stale=0 pendingTopo=0 csr=0) STRESS_MISMATCH=0/0 big=0 maxRel=0.000e+00 BEND_MISMATCH=0 bendMaxRel=0.000e+00 OVERSET_MISMATCH=0/0 compactHits=195378 misses=0 IMPULSE=0/0 impMaxRel=0.000e+00 PAYLOAD(n=0 node=0 normal=0 disp=0 centroid=0)
[bs-phase] calls=1799 per-call ms: upload 0.129 kernel 0.140 readback 0.018 | prep 0.114 enqueue 0.163 sync 0.015 | host total 0.304 | skipped 0 of 1799 | up 0.67 MB down 0.14 MB | PROBE empty 0.000 nullkernel1 0.000 nullkernel2 0.000 copy4B 0.000
[bond-stress-gpu] ticks=1800 attempts=1799 ranOnDevice=1799 checks=0 MISMATCHES=0 (count=0 removeSize=0 removeOrder=0 mask=0) firstBadTick=0 lastBadTick=0 refuse(noSolver=0 stale=0 pendingTopo=0 csr=0) STRESS_MISMATCH=0/0 big=0 maxRel=0.000e+00 BEND_MISMATCH=0 bendMaxRel=0.000e+00 OVERSET_MISMATCH=0/0 compactHits=419542 misses=0 IMPULSE=0/0 impMaxRel=0.000e+00 PAYLOAD(n=0 node=0 normal=0 disp=0 centroid=0)
[bs-phase] calls=1799 per-call ms: upload 0.115 kernel 0.045 readback 0.022 | prep 0.099 enqueue 0.070 sync 0.017 | host total 0.198 | skipped 0 of 1799 | up 0.42 MB down 0.06 MB | PROBE empty 0.000 nullkernel1 0.000 nullkernel2 0.000 copy4B 0.000
[bond-stress-gpu] ticks=1800 attempts=1799 ranOnDevice=1799 checks=0 MISMATCHES=0 (count=0 removeSize=0 removeOrder=0 mask=0) firstBadTick=0 lastBadTick=0 refuse(noSolver=0 stale=0 pendingTopo=0 csr=0) STRESS_MISMATCH=0/0 big=0 maxRel=0.000e+00 BEND_MISMATCH=0 bendMaxRel=0.000e+00 OVERSET_MISMATCH=0/0 compactHits=180778 misses=0 IMPULSE=0/0 impMaxRel=0.000e+00 PAYLOAD(n=0 node=0 normal=0 disp=0 centroid=0)
tick   1500  bodies   5608  awake   4385  broken   19725  solve 6.05 ms  | begin 0.96 solve 2.33 end 1.08 readback 0.26 events 0.00 filters 0.00 ccd 0.00 support 1.42 shape 0.00 => gap 0.00 ms  quiet 7786  pairs 11726
            topo 1.08 (frac 1.08 + valid 0.00)                   pts/pair 0.30  islands skipped 16761/306218 (5%)
            fracture: gen 0.33 prep 0.00 apply 0.00 scene 0.00 rebuild 0.00 valid 0.00 | rest 0.75
            physx step 11.64 ms avg over 300 ticks  (last: gpu_wait 8.74 fetch_copy 1.70, contacts hw 63572)
[bs-phase] calls=2399 per-call ms: upload 0.111 kernel 0.041 readback 0.022 | prep 0.096 enqueue 0.067 sync 0.017 | host total 0.190 | skipped 0 of 2399 | up 0.41 MB down 0.06 MB | PROBE empty 0.000 nullkernel1 0.000 nullkernel2 0.000 copy4B 0.000
[bond-stress-gpu] ticks=2400 attempts=2399 ranOnDevice=2399 checks=0 MISMATCHES=0 (count=0 removeSize=0 removeOrder=0 mask=0) firstBadTick=0 lastBadTick=0 refuse(noSolver=0 stale=0 pendingTopo=0 csr=0) STRESS_MISMATCH=0/0 big=0 maxRel=0.000e+00 BEND_MISMATCH=0 bendMaxRel=0.000e+00 OVERSET_MISMATCH=0/0 compactHits=228749 misses=0 IMPULSE=0/0 impMaxRel=0.000e+00 PAYLOAD(n=0 node=0 normal=0 disp=0 centroid=0)
[bs-phase] calls=2399 per-call ms: upload 0.096 kernel 0.047 readback 0.025 | prep 0.082 enqueue 0.075 sync 0.017 | host total 0.184 | skipped 0 of 2399 | up 0.31 MB down 0.07 MB | PROBE empty 0.000 nullkernel1 0.000 nullkernel2 0.000 copy4B 0.000
[bond-stress-gpu] ticks=2400 attempts=2399 ranOnDevice=2399 checks=0 MISMATCHES=0 (count=0 removeSize=0 removeOrder=0 mask=0) firstBadTick=0 lastBadTick=0 refuse(noSolver=0 stale=0 pendingTopo=0 csr=0) STRESS_MISMATCH=0/0 big=0 maxRel=0.000e+00 BEND_MISMATCH=0 bendMaxRel=0.000e+00 OVERSET_MISMATCH=0/0 compactHits=180557 misses=0 IMPULSE=0/0 impMaxRel=0.000e+00 PAYLOAD(n=0 node=0 normal=0 disp=0 centroid=0)
[bs-phase] calls=2399 per-call ms: upload 0.123 kernel 0.041 readback 0.023 | prep 0.109 enqueue 0.067 sync 0.016 | host total 0.204 | skipped 0 of 2399 | up 0.45 MB down 0.06 MB | PROBE empty 0.000 nullkernel1 0.000 nullkernel2 0.000 copy4B 0.000
[bond-stress-gpu] ticks=2400 attempts=2399 ranOnDevice=2399 checks=0 MISMATCHES=0 (count=0 removeSize=0 removeOrder=0 mask=0) firstBadTick=0 lastBadTick=0 refuse(noSolver=0 stale=0 pendingTopo=0 csr=0) STRESS_MISMATCH=0/0 big=0 maxRel=0.000e+00 BEND_MISMATCH=0 bendMaxRel=0.000e+00 OVERSET_MISMATCH=0/0 compactHits=238977 misses=0 IMPULSE=0/0 impMaxRel=0.000e+00 PAYLOAD(n=0 node=0 normal=0 disp=0 centroid=0)
[bs-phase] calls=2399 per-call ms: upload 0.128 kernel 0.129 readback 0.018 | prep 0.113 enqueue 0.152 sync 0.015 | host total 0.292 | skipped 0 of 2399 | up 0.66 MB down 0.14 MB | PROBE empty 0.000 nullkernel1 0.000 nullkernel2 0.000 copy4B 0.000
[bond-stress-gpu] ticks=2400 attempts=2399 ranOnDevice=2399 checks=0 MISMATCHES=0 (count=0 removeSize=0 removeOrder=0 mask=0) firstBadTick=0 lastBadTick=0 refuse(noSolver=0 stale=0 pendingTopo=0 csr=0) STRESS_MISMATCH=0/0 big=0 maxRel=0.000e+00 BEND_MISMATCH=0 bendMaxRel=0.000e+00 OVERSET_MISMATCH=0/0 compactHits=554081 misses=0 IMPULSE=0/0 impMaxRel=0.000e+00 PAYLOAD(n=0 node=0 normal=0 disp=0 centroid=0)
tick   1800  bodies   7371  awake   6160  broken   25962  solve 14.27 ms  | begin 1.23 solve 2.33 end 2.91 readback 1.24 events 2.03 filters 1.49 ccd 0.00 support 1.82 shape 1.22 => gap 0.00 ms  quiet 9375  pairs 14304
            topo 2.38 (frac 2.38 + valid 0.00)                   pts/pair 0.34  islands skipped 16390/386629 (4%)
            fracture: gen 0.43 prep 0.08 apply 1.02 scene 0.77 rebuild 0.00 valid 0.00 | rest 0.07
            physx step 14.00 ms avg over 300 ticks  (last: gpu_wait 12.00 fetch_copy 2.28, contacts hw 84465)
tick   2100  bodies   7603  awake   5795  broken   26658  solve 7.42 ms  | begin 1.12 solve 2.31 end 1.44 readback 0.59 events 0.00 filters 0.00 ccd 0.00 support 1.96 shape 0.00 => gap 0.00 ms  quiet 10771  pairs 12886
            topo 1.44 (frac 1.44 + valid 0.00)                   pts/pair 0.32  islands skipped 21321/368333 (6%)
            fracture: gen 0.35 prep 0.00 apply 0.00 scene 0.00 rebuild 0.00 valid 0.00 | rest 1.08
            physx step 14.72 ms avg over 300 ticks  (last: gpu_wait 11.00 fetch_copy 2.01, contacts hw 84736)
[bs-phase] calls=2999 per-call ms: upload 0.094 kernel 0.054 readback 0.026 | prep 0.082 enqueue 0.082 sync 0.017 | host total 0.191 | skipped 0 of 2999 | up 0.32 MB down 0.10 MB | PROBE empty 0.000 nullkernel1 0.000 nullkernel2 0.000 copy4B 0.000
[bond-stress-gpu] ticks=3000 attempts=2999 ranOnDevice=2999 checks=0 MISMATCHES=0 (count=0 removeSize=0 removeOrder=0 mask=0) firstBadTick=0 lastBadTick=0 refuse(noSolver=0 stale=0 pendingTopo=0 csr=0) STRESS_MISMATCH=0/0 big=0 maxRel=0.000e+00 BEND_MISMATCH=0 bendMaxRel=0.000e+00 OVERSET_MISMATCH=0/0 compactHits=242674 misses=0 IMPULSE=0/0 impMaxRel=0.000e+00 PAYLOAD(n=0 node=0 normal=0 disp=0 centroid=0)
[bs-phase] calls=2999 per-call ms: upload 0.107 kernel 0.039 readback 0.022 | prep 0.093 enqueue 0.064 sync 0.016 | host total 0.183 | skipped 0 of 2999 | up 0.40 MB down 0.06 MB | PROBE empty 0.000 nullkernel1 0.000 nullkernel2 0.000 copy4B 0.000
[bond-stress-gpu] ticks=3000 attempts=2999 ranOnDevice=2999 checks=0 MISMATCHES=0 (count=0 removeSize=0 removeOrder=0 mask=0) firstBadTick=0 lastBadTick=0 refuse(noSolver=0 stale=0 pendingTopo=0 csr=0) STRESS_MISMATCH=0/0 big=0 maxRel=0.000e+00 BEND_MISMATCH=0 bendMaxRel=0.000e+00 OVERSET_MISMATCH=0/0 compactHits=264906 misses=0 IMPULSE=0/0 impMaxRel=0.000e+00 PAYLOAD(n=0 node=0 normal=0 disp=0 centroid=0)
[bs-phase] calls=2999 per-call ms: upload 0.120 kernel 0.038 readback 0.023 | prep 0.106 enqueue 0.065 sync 0.016 | host total 0.197 | skipped 0 of 2999 | up 0.44 MB down 0.06 MB | PROBE empty 0.000 nullkernel1 0.000 nullkernel2 0.000 copy4B 0.000
[bond-stress-gpu] ticks=3000 attempts=2999 ranOnDevice=2999 checks=0 MISMATCHES=0 (count=0 removeSize=0 removeOrder=0 mask=0) firstBadTick=0 lastBadTick=0 refuse(noSolver=0 stale=0 pendingTopo=0 csr=0) STRESS_MISMATCH=0/0 big=0 maxRel=0.000e+00 BEND_MISMATCH=0 bendMaxRel=0.000e+00 OVERSET_MISMATCH=0/0 compactHits=278119 misses=0 IMPULSE=0/0 impMaxRel=0.000e+00 PAYLOAD(n=0 node=0 normal=0 disp=0 centroid=0)
[bs-phase] calls=2999 per-call ms: upload 0.127 kernel 0.114 readback 0.019 | prep 0.112 enqueue 0.136 sync 0.015 | host total 0.276 | skipped 0 of 2999 | up 0.63 MB down 0.14 MB | PROBE empty 0.000 nullkernel1 0.000 nullkernel2 0.000 copy4B 0.000
[bond-stress-gpu] ticks=3000 attempts=2999 ranOnDevice=2999 checks=0 MISMATCHES=0 (count=0 removeSize=0 removeOrder=0 mask=0) firstBadTick=0 lastBadTick=0 refuse(noSolver=0 stale=0 pendingTopo=0 csr=0) STRESS_MISMATCH=0/0 big=0 maxRel=0.000e+00 BEND_MISMATCH=0 bendMaxRel=0.000e+00 OVERSET_MISMATCH=0/0 compactHits=658068 misses=0 IMPULSE=0/0 impMaxRel=0.000e+00 PAYLOAD(n=0 node=0 normal=0 disp=0 centroid=0)
tick   2400  bodies   7642  awake   5305  broken   26906  solve 7.75 ms  | begin 1.00 solve 2.32 end 1.89 readback 0.65 events 0.00 filters 0.00 ccd 0.00 support 1.89 shape 0.00 => gap 0.00 ms  quiet 12055  pairs 11484
            topo 1.29 (frac 1.29 + valid 0.00)                   pts/pair 0.29  islands skipped 33126/337154 (10%)
            fracture: gen 0.23 prep 0.00 apply 0.00 scene 0.00 rebuild 0.00 valid 0.00 | rest 1.06
            physx step 13.43 ms avg over 300 ticks  (last: gpu_wait 8.56 fetch_copy 2.41, contacts hw 84736)
[bs-phase] calls=3599 per-call ms: upload 0.116 kernel 0.036 readback 0.023 | prep 0.103 enqueue 0.062 sync 0.015 | host total 0.191 | skipped 0 of 3599 | up 0.43 MB down 0.06 MB | PROBE empty 0.000 nullkernel1 0.000 nullkernel2 0.000 copy4B 0.000
[bond-stress-gpu] ticks=3600 attempts=3599 ranOnDevice=3599 checks=0 MISMATCHES=0 (count=0 removeSize=0 removeOrder=0 mask=0) firstBadTick=0 lastBadTick=0 refuse(noSolver=0 stale=0 pendingTopo=0 csr=0) STRESS_MISMATCH=0/0 big=0 maxRel=0.000e+00 BEND_MISMATCH=0 bendMaxRel=0.000e+00 OVERSET_MISMATCH=0/0 compactHits=316467 misses=0 IMPULSE=0/0 impMaxRel=0.000e+00 PAYLOAD(n=0 node=0 normal=0 disp=0 centroid=0)
[bs-phase] calls=3599 per-call ms: upload 0.103 kernel 0.037 readback 0.022 | prep 0.090 enqueue 0.062 sync 0.015 | host total 0.177 | skipped 0 of 3599 | up 0.39 MB down 0.06 MB | PROBE empty 0.000 nullkernel1 0.000 nullkernel2 0.000 copy4B 0.000
[bond-stress-gpu] ticks=3600 attempts=3599 ranOnDevice=3599 checks=0 MISMATCHES=0 (count=0 removeSize=0 removeOrder=0 mask=0) firstBadTick=0 lastBadTick=0 refuse(noSolver=0 stale=0 pendingTopo=0 csr=0) STRESS_MISMATCH=0/0 big=0 maxRel=0.000e+00 BEND_MISMATCH=0 bendMaxRel=0.000e+00 OVERSET_MISMATCH=0/0 compactHits=300451 misses=0 IMPULSE=0/0 impMaxRel=0.000e+00 PAYLOAD(n=0 node=0 normal=0 disp=0 centroid=0)
[bs-phase] calls=3599 per-call ms: upload 0.091 kernel 0.050 readback 0.026 | prep 0.079 enqueue 0.077 sync 0.016 | host total 0.182 | skipped 0 of 3599 | up 0.31 MB down 0.09 MB | PROBE empty 0.000 nullkernel1 0.000 nullkernel2 0.000 copy4B 0.000
[bond-stress-gpu] ticks=3600 attempts=3599 ranOnDevice=3599 checks=0 MISMATCHES=0 (count=0 removeSize=0 removeOrder=0 mask=0) firstBadTick=0 lastBadTick=0 refuse(noSolver=0 stale=0 pendingTopo=0 csr=0) STRESS_MISMATCH=0/0 big=0 maxRel=0.000e+00 BEND_MISMATCH=0 bendMaxRel=0.000e+00 OVERSET_MISMATCH=0/0 compactHits=272498 misses=0 IMPULSE=0/0 impMaxRel=0.000e+00 PAYLOAD(n=0 node=0 normal=0 disp=0 centroid=0)
[bs-phase] calls=3599 per-call ms: upload 0.124 kernel 0.099 readback 0.018 | prep 0.109 enqueue 0.121 sync 0.015 | host total 0.257 | skipped 0 of 3599 | up 0.60 MB down 0.13 MB | PROBE empty 0.000 nullkernel1 0.000 nullkernel2 0.000 copy4B 0.000
[bond-stress-gpu] ticks=3600 attempts=3599 ranOnDevice=3599 checks=0 MISMATCHES=0 (count=0 removeSize=0 removeOrder=0 mask=0) firstBadTick=0 lastBadTick=0 refuse(noSolver=0 stale=0 pendingTopo=0 csr=0) STRESS_MISMATCH=0/0 big=0 maxRel=0.000e+00 BEND_MISMATCH=0 bendMaxRel=0.000e+00 OVERSET_MISMATCH=0/0 compactHits=732698 misses=0 IMPULSE=0/0 impMaxRel=0.000e+00 PAYLOAD(n=0 node=0 normal=0 disp=0 centroid=0)
  ccd tracked 0 / identity stamped 7657 against 7657 live bodies
  resim: 2700 captures, 908 re-passes
  resim diag: captures=2700 zero=0 not_needed=0 errors=0 first_error=None

wrote /dev/null
  ticks 2700  chunks 86966  bonds 267992
  broken bonds 26975 (adapter 26975)
  migrations 80424  peak bodies 6441  membership mismatches 0
wrote /dev/null.sidecar.json
Original city deployment restored and healthy
