   Compiling vibe-land-physx-bridge v0.1.0 (/Users/glavin/Development/vibe-land/physx-bridge)
warning: vibe-land-physx-bridge@0.1.0: In file included from src/physx_bridge.cc:3:
warning: vibe-land-physx-bridge@0.1.0: In file included from /tmp/vehicle-fracture-sdk22/include/physx/PxPhysicsAPI.h:96:
warning: vibe-land-physx-bridge@0.1.0: In file included from /tmp/vehicle-fracture-sdk22/include/physx/foundation/PxVecMath.h:1352:
warning: vibe-land-physx-bridge@0.1.0: /tmp/vehicle-fracture-sdk22/include/physx/foundation/PxVecQuat.h:335:9: warning: use of bitwise '&' with boolean operands [-Wbitwise-instead-of-logical]
warning: vibe-land-physx-bridge@0.1.0:         return isFiniteVec4V(q) & (BAllEqTTTT(con) == 1);
warning: vibe-land-physx-bridge@0.1.0:                ^~~~~~~~~~~~~~~~~~~~~~~~~~~~~~~~~~~~~~~~~
warning: vibe-land-physx-bridge@0.1.0:                                 &&
warning: vibe-land-physx-bridge@0.1.0: /tmp/vehicle-fracture-sdk22/include/physx/foundation/PxVecQuat.h:335:9: note: cast one or both operands to int to silence this warning
warning: vibe-land-physx-bridge@0.1.0: /tmp/vehicle-fracture-sdk22/include/physx/foundation/PxVecQuat.h:343:9: warning: use of bitwise '&' with boolean operands [-Wbitwise-instead-of-logical]
warning: vibe-land-physx-bridge@0.1.0:         return isFiniteVec4V(q) & (BAllEqTTTT(con) == 1);
warning: vibe-land-physx-bridge@0.1.0:                ^~~~~~~~~~~~~~~~~~~~~~~~~~~~~~~~~~~~~~~~~
warning: vibe-land-physx-bridge@0.1.0:                                 &&
warning: vibe-land-physx-bridge@0.1.0: /tmp/vehicle-fracture-sdk22/include/physx/foundation/PxVecQuat.h:343:9: note: cast one or both operands to int to silence this warning
warning: vibe-land-physx-bridge@0.1.0: In file included from src/physx_bridge.cc:3:
warning: vibe-land-physx-bridge@0.1.0: In file included from /tmp/vehicle-fracture-sdk22/include/physx/PxPhysicsAPI.h:98:
warning: vibe-land-physx-bridge@0.1.0: /tmp/vehicle-fracture-sdk22/include/physx/foundation/PxVecTransform.h:135:10: warning: use of bitwise '&' with boolean operands [-Wbitwise-instead-of-logical]
warning: vibe-land-physx-bridge@0.1.0:                 return isFiniteVec3V(p) & isFiniteQuatV(q) & isValidQuatV(q);
warning: vibe-land-physx-bridge@0.1.0:                        ^~~~~~~~~~~~~~~~~~~~~~~~~~~~~~~~~~~~~~~~~~~~~~~~~~~~~
warning: vibe-land-physx-bridge@0.1.0:                                                            &&
warning: vibe-land-physx-bridge@0.1.0: /tmp/vehicle-fracture-sdk22/include/physx/foundation/PxVecTransform.h:135:10: note: cast one or both operands to int to silence this warning
warning: vibe-land-physx-bridge@0.1.0: /tmp/vehicle-fracture-sdk22/include/physx/foundation/PxVecTransform.h:135:10: warning: use of bitwise '&' with boolean operands [-Wbitwise-instead-of-logical]
warning: vibe-land-physx-bridge@0.1.0:                 return isFiniteVec3V(p) & isFiniteQuatV(q) & isValidQuatV(q);
warning: vibe-land-physx-bridge@0.1.0:                        ^~~~~~~~~~~~~~~~~~~~~~~~~~~~~~~~~~~
warning: vibe-land-physx-bridge@0.1.0:                                         &&
warning: vibe-land-physx-bridge@0.1.0: /tmp/vehicle-fracture-sdk22/include/physx/foundation/PxVecTransform.h:135:10: note: cast one or both operands to int to silence this warning
warning: vibe-land-physx-bridge@0.1.0: /tmp/vehicle-fracture-sdk22/include/physx/foundation/PxVecTransform.h:146:10: warning: use of bitwise '&' with boolean operands [-Wbitwise-instead-of-logical]
warning: vibe-land-physx-bridge@0.1.0:                 return isFinite() & isSaneQuatV(q);
warning: vibe-land-physx-bridge@0.1.0:                        ^~~~~~~~~~~~~~~~~~~~~~~~~~~
warning: vibe-land-physx-bridge@0.1.0:                                   &&
warning: vibe-land-physx-bridge@0.1.0: /tmp/vehicle-fracture-sdk22/include/physx/foundation/PxVecTransform.h:146:10: note: cast one or both operands to int to silence this warning
warning: vibe-land-physx-bridge@0.1.0: /tmp/vehicle-fracture-sdk22/include/physx/foundation/PxVecTransform.h:155:10: warning: use of bitwise '&' with boolean operands [-Wbitwise-instead-of-logical]
warning: vibe-land-physx-bridge@0.1.0:                 return isFiniteVec3V(p) & isFiniteQuatV(q);
warning: vibe-land-physx-bridge@0.1.0:                        ^~~~~~~~~~~~~~~~~~~~~~~~~~~~~~~~~~~
warning: vibe-land-physx-bridge@0.1.0:                                         &&
warning: vibe-land-physx-bridge@0.1.0: /tmp/vehicle-fracture-sdk22/include/physx/foundation/PxVecTransform.h:155:10: note: cast one or both operands to int to silence this warning
warning: vibe-land-physx-bridge@0.1.0: In file included from src/physx_bridge.cc:3:
warning: vibe-land-physx-bridge@0.1.0: In file included from /tmp/vehicle-fracture-sdk22/include/physx/PxPhysicsAPI.h:215:
warning: vibe-land-physx-bridge@0.1.0: In file included from /tmp/vehicle-fracture-sdk22/include/physx/vehicle/PxVehicleAPI.h:40:
warning: vibe-land-physx-bridge@0.1.0: In file included from /tmp/vehicle-fracture-sdk22/include/physx/vehicle/braking/PxVehicleBrakingFunctions.h:37:
warning: vibe-land-physx-bridge@0.1.0: /tmp/vehicle-fracture-sdk22/include/physx/vehicle/braking/../drivetrain/PxVehicleDrivetrainParams.h:960:10: warning: variable 'count' set but not used [-Wunused-but-set-variable]
warning: vibe-land-physx-bridge@0.1.0:                         PxU32 count = 0;
warning: vibe-land-physx-bridge@0.1.0:                               ^
warning: vibe-land-physx-bridge@0.1.0: In file included from src/physx_bridge.cc:13:
warning: vibe-land-physx-bridge@0.1.0: include/native_destruction.h:9:1: warning: class 'PxFilterData' was previously declared as a struct; this is valid, but may result in linker errors under the Microsoft C++ ABI [-Wmismatched-tags]
warning: vibe-land-physx-bridge@0.1.0: class PxFilterData;
warning: vibe-land-physx-bridge@0.1.0: ^
warning: vibe-land-physx-bridge@0.1.0: /tmp/vehicle-fracture-sdk22/include/physx/PxFiltering.h:365:8: note: previous use is here
warning: vibe-land-physx-bridge@0.1.0: struct PxFilterData
warning: vibe-land-physx-bridge@0.1.0:        ^
warning: vibe-land-physx-bridge@0.1.0: include/native_destruction.h:9:1: note: did you mean struct here?
warning: vibe-land-physx-bridge@0.1.0: class PxFilterData;
warning: vibe-land-physx-bridge@0.1.0: ^~~~~
warning: vibe-land-physx-bridge@0.1.0: struct
warning: vibe-land-physx-bridge@0.1.0: src/physx_bridge.cc:1017:40: warning: unused parameter 'shape0' [-Wunused-parameter]
warning: vibe-land-physx-bridge@0.1.0:                               PxShape *shape0, PxShape *shape1,
warning: vibe-land-physx-bridge@0.1.0:                                        ^
warning: vibe-land-physx-bridge@0.1.0: src/physx_bridge.cc:1017:57: warning: unused parameter 'shape1' [-Wunused-parameter]
warning: vibe-land-physx-bridge@0.1.0:                               PxShape *shape0, PxShape *shape1,
warning: vibe-land-physx-bridge@0.1.0:                                                         ^
warning: vibe-land-physx-bridge@0.1.0: src/physx_bridge.cc:1023:54: warning: unused parameter 'pre' [-Wunused-parameter]
warning: vibe-land-physx-bridge@0.1.0:                               const PairPrecomputed *pre = nullptr,
warning: vibe-land-physx-bridge@0.1.0:                                                      ^
warning: vibe-land-physx-bridge@0.1.0: src/physx_bridge.cc:314:6: warning: unused function 'contact_fastpath_enabled' [-Wunused-function]
warning: vibe-land-physx-bridge@0.1.0: bool contact_fastpath_enabled() {
warning: vibe-land-physx-bridge@0.1.0:      ^
warning: vibe-land-physx-bridge@0.1.0: src/physx_bridge.cc:382:6: warning: unused function 'bondless_hoist_enabled' [-Wunused-function]
warning: vibe-land-physx-bridge@0.1.0: bool bondless_hoist_enabled() {
warning: vibe-land-physx-bridge@0.1.0:      ^
warning: vibe-land-physx-bridge@0.1.0: src/physx_bridge.cc:415:6: warning: unused function 'frozen_hoist_verify' [-Wunused-function]
warning: vibe-land-physx-bridge@0.1.0: bool frozen_hoist_verify() {
warning: vibe-land-physx-bridge@0.1.0:      ^
warning: vibe-land-physx-bridge@0.1.0: src/physx_bridge.cc:423:6: warning: unused function 'frozen_hoist_enabled' [-Wunused-function]
warning: vibe-land-physx-bridge@0.1.0: bool frozen_hoist_enabled() {
warning: vibe-land-physx-bridge@0.1.0:      ^
warning: vibe-land-physx-bridge@0.1.0: 15 warnings generated.
warning: vibe-land-physx-bridge@0.1.0: In file included from src/native_destruction.cc:1:
warning: vibe-land-physx-bridge@0.1.0: In file included from include/native_state.h:9:
warning: vibe-land-physx-bridge@0.1.0: In file included from /tmp/vehicle-fracture-sdk22/include/physx/PxPhysicsAPI.h:96:
warning: vibe-land-physx-bridge@0.1.0: In file included from /tmp/vehicle-fracture-sdk22/include/physx/foundation/PxVecMath.h:1352:
warning: vibe-land-physx-bridge@0.1.0: /tmp/vehicle-fracture-sdk22/include/physx/foundation/PxVecQuat.h:335:9: warning: use of bitwise '&' with boolean operands [-Wbitwise-instead-of-logical]
warning: vibe-land-physx-bridge@0.1.0:         return isFiniteVec4V(q) & (BAllEqTTTT(con) == 1);
warning: vibe-land-physx-bridge@0.1.0:                ^~~~~~~~~~~~~~~~~~~~~~~~~~~~~~~~~~~~~~~~~
warning: vibe-land-physx-bridge@0.1.0:                                 &&
warning: vibe-land-physx-bridge@0.1.0: /tmp/vehicle-fracture-sdk22/include/physx/foundation/PxVecQuat.h:335:9: note: cast one or both operands to int to silence this warning
warning: vibe-land-physx-bridge@0.1.0: /tmp/vehicle-fracture-sdk22/include/physx/foundation/PxVecQuat.h:343:9: warning: use of bitwise '&' with boolean operands [-Wbitwise-instead-of-logical]
warning: vibe-land-physx-bridge@0.1.0:         return isFiniteVec4V(q) & (BAllEqTTTT(con) == 1);
warning: vibe-land-physx-bridge@0.1.0:                ^~~~~~~~~~~~~~~~~~~~~~~~~~~~~~~~~~~~~~~~~
warning: vibe-land-physx-bridge@0.1.0:                                 &&
warning: vibe-land-physx-bridge@0.1.0: /tmp/vehicle-fracture-sdk22/include/physx/foundation/PxVecQuat.h:343:9: note: cast one or both operands to int to silence this warning
warning: vibe-land-physx-bridge@0.1.0: In file included from src/native_destruction.cc:1:
warning: vibe-land-physx-bridge@0.1.0: In file included from include/native_state.h:9:
warning: vibe-land-physx-bridge@0.1.0: In file included from /tmp/vehicle-fracture-sdk22/include/physx/PxPhysicsAPI.h:98:
warning: vibe-land-physx-bridge@0.1.0: /tmp/vehicle-fracture-sdk22/include/physx/foundation/PxVecTransform.h:135:10: warning: use of bitwise '&' with boolean operands [-Wbitwise-instead-of-logical]
warning: vibe-land-physx-bridge@0.1.0:                 return isFiniteVec3V(p) & isFiniteQuatV(q) & isValidQuatV(q);
warning: vibe-land-physx-bridge@0.1.0:                        ^~~~~~~~~~~~~~~~~~~~~~~~~~~~~~~~~~~~~~~~~~~~~~~~~~~~~
warning: vibe-land-physx-bridge@0.1.0:                                                            &&
warning: vibe-land-physx-bridge@0.1.0: /tmp/vehicle-fracture-sdk22/include/physx/foundation/PxVecTransform.h:135:10: note: cast one or both operands to int to silence this warning
warning: vibe-land-physx-bridge@0.1.0: /tmp/vehicle-fracture-sdk22/include/physx/foundation/PxVecTransform.h:135:10: warning: use of bitwise '&' with boolean operands [-Wbitwise-instead-of-logical]
warning: vibe-land-physx-bridge@0.1.0:                 return isFiniteVec3V(p) & isFiniteQuatV(q) & isValidQuatV(q);
warning: vibe-land-physx-bridge@0.1.0:                        ^~~~~~~~~~~~~~~~~~~~~~~~~~~~~~~~~~~
warning: vibe-land-physx-bridge@0.1.0:                                         &&
warning: vibe-land-physx-bridge@0.1.0: /tmp/vehicle-fracture-sdk22/include/physx/foundation/PxVecTransform.h:135:10: note: cast one or both operands to int to silence this warning
warning: vibe-land-physx-bridge@0.1.0: /tmp/vehicle-fracture-sdk22/include/physx/foundation/PxVecTransform.h:146:10: warning: use of bitwise '&' with boolean operands [-Wbitwise-instead-of-logical]
warning: vibe-land-physx-bridge@0.1.0:                 return isFinite() & isSaneQuatV(q);
warning: vibe-land-physx-bridge@0.1.0:                        ^~~~~~~~~~~~~~~~~~~~~~~~~~~
warning: vibe-land-physx-bridge@0.1.0:                                   &&
warning: vibe-land-physx-bridge@0.1.0: /tmp/vehicle-fracture-sdk22/include/physx/foundation/PxVecTransform.h:146:10: note: cast one or both operands to int to silence this warning
warning: vibe-land-physx-bridge@0.1.0: /tmp/vehicle-fracture-sdk22/include/physx/foundation/PxVecTransform.h:155:10: warning: use of bitwise '&' with boolean operands [-Wbitwise-instead-of-logical]
warning: vibe-land-physx-bridge@0.1.0:                 return isFiniteVec3V(p) & isFiniteQuatV(q);
warning: vibe-land-physx-bridge@0.1.0:                        ^~~~~~~~~~~~~~~~~~~~~~~~~~~~~~~~~~~
warning: vibe-land-physx-bridge@0.1.0:                                         &&
warning: vibe-land-physx-bridge@0.1.0: /tmp/vehicle-fracture-sdk22/include/physx/foundation/PxVecTransform.h:155:10: note: cast one or both operands to int to silence this warning
warning: vibe-land-physx-bridge@0.1.0: In file included from src/native_destruction.cc:1:
warning: vibe-land-physx-bridge@0.1.0: In file included from include/native_state.h:9:
warning: vibe-land-physx-bridge@0.1.0: In file included from /tmp/vehicle-fracture-sdk22/include/physx/PxPhysicsAPI.h:129:
warning: vibe-land-physx-bridge@0.1.0: In file included from /tmp/vehicle-fracture-sdk22/include/physx/geometry/PxGeometryHelpers.h:43:
warning: vibe-land-physx-bridge@0.1.0: In file included from /tmp/vehicle-fracture-sdk22/include/physx/geometry/PxParticleSystemGeometry.h:35:
warning: vibe-land-physx-bridge@0.1.0: In file included from /tmp/vehicle-fracture-sdk22/include/physx/PxParticleSystem.h:33:
warning: vibe-land-physx-bridge@0.1.0: In file included from /tmp/vehicle-fracture-sdk22/include/physx/PxPBDParticleSystem.h:37:
warning: vibe-land-physx-bridge@0.1.0: /tmp/vehicle-fracture-sdk22/include/physx/PxFiltering.h:365:1: warning: 'PxFilterData' defined as a struct here but previously declared as a class; this is valid, but may result in linker errors under the Microsoft C++ ABI [-Wmismatched-tags]
warning: vibe-land-physx-bridge@0.1.0: struct PxFilterData
warning: vibe-land-physx-bridge@0.1.0: ^
warning: vibe-land-physx-bridge@0.1.0: include/native_destruction.h:9:1: note: did you mean struct here?
warning: vibe-land-physx-bridge@0.1.0: class PxFilterData;
warning: vibe-land-physx-bridge@0.1.0: ^~~~~
warning: vibe-land-physx-bridge@0.1.0: struct
warning: vibe-land-physx-bridge@0.1.0: In file included from src/native_destruction.cc:1:
warning: vibe-land-physx-bridge@0.1.0: In file included from include/native_state.h:9:
warning: vibe-land-physx-bridge@0.1.0: In file included from /tmp/vehicle-fracture-sdk22/include/physx/PxPhysicsAPI.h:215:
warning: vibe-land-physx-bridge@0.1.0: In file included from /tmp/vehicle-fracture-sdk22/include/physx/vehicle/PxVehicleAPI.h:40:
warning: vibe-land-physx-bridge@0.1.0: In file included from /tmp/vehicle-fracture-sdk22/include/physx/vehicle/braking/PxVehicleBrakingFunctions.h:37:
warning: vibe-land-physx-bridge@0.1.0: /tmp/vehicle-fracture-sdk22/include/physx/vehicle/braking/../drivetrain/PxVehicleDrivetrainParams.h:960:10: warning: variable 'count' set but not used [-Wunused-but-set-variable]
warning: vibe-land-physx-bridge@0.1.0:                         PxU32 count = 0;
warning: vibe-land-physx-bridge@0.1.0:                               ^
warning: vibe-land-physx-bridge@0.1.0: 8 warnings generated.
warning: vibe-land-physx-bridge@0.1.0: In file included from src/native_observation.cc:1:
warning: vibe-land-physx-bridge@0.1.0: In file included from include/native_state.h:9:
warning: vibe-land-physx-bridge@0.1.0: In file included from /tmp/vehicle-fracture-sdk22/include/physx/PxPhysicsAPI.h:96:
warning: vibe-land-physx-bridge@0.1.0: In file included from /tmp/vehicle-fracture-sdk22/include/physx/foundation/PxVecMath.h:1352:
warning: vibe-land-physx-bridge@0.1.0: /tmp/vehicle-fracture-sdk22/include/physx/foundation/PxVecQuat.h:335:9: warning: use of bitwise '&' with boolean operands [-Wbitwise-instead-of-logical]
warning: vibe-land-physx-bridge@0.1.0:         return isFiniteVec4V(q) & (BAllEqTTTT(con) == 1);
warning: vibe-land-physx-bridge@0.1.0:                ^~~~~~~~~~~~~~~~~~~~~~~~~~~~~~~~~~~~~~~~~
warning: vibe-land-physx-bridge@0.1.0:                                 &&
warning: vibe-land-physx-bridge@0.1.0: /tmp/vehicle-fracture-sdk22/include/physx/foundation/PxVecQuat.h:335:9: note: cast one or both operands to int to silence this warning
warning: vibe-land-physx-bridge@0.1.0: /tmp/vehicle-fracture-sdk22/include/physx/foundation/PxVecQuat.h:343:9: warning: use of bitwise '&' with boolean operands [-Wbitwise-instead-of-logical]
warning: vibe-land-physx-bridge@0.1.0:         return isFiniteVec4V(q) & (BAllEqTTTT(con) == 1);
warning: vibe-land-physx-bridge@0.1.0:                ^~~~~~~~~~~~~~~~~~~~~~~~~~~~~~~~~~~~~~~~~
warning: vibe-land-physx-bridge@0.1.0:                                 &&
warning: vibe-land-physx-bridge@0.1.0: /tmp/vehicle-fracture-sdk22/include/physx/foundation/PxVecQuat.h:343:9: note: cast one or both operands to int to silence this warning
warning: vibe-land-physx-bridge@0.1.0: In file included from src/native_observation.cc:1:
warning: vibe-land-physx-bridge@0.1.0: In file included from include/native_state.h:9:
warning: vibe-land-physx-bridge@0.1.0: In file included from /tmp/vehicle-fracture-sdk22/include/physx/PxPhysicsAPI.h:98:
warning: vibe-land-physx-bridge@0.1.0: /tmp/vehicle-fracture-sdk22/include/physx/foundation/PxVecTransform.h:135:10: warning: use of bitwise '&' with boolean operands [-Wbitwise-instead-of-logical]
warning: vibe-land-physx-bridge@0.1.0:                 return isFiniteVec3V(p) & isFiniteQuatV(q) & isValidQuatV(q);
warning: vibe-land-physx-bridge@0.1.0:                        ^~~~~~~~~~~~~~~~~~~~~~~~~~~~~~~~~~~~~~~~~~~~~~~~~~~~~
warning: vibe-land-physx-bridge@0.1.0:                                                            &&
warning: vibe-land-physx-bridge@0.1.0: /tmp/vehicle-fracture-sdk22/include/physx/foundation/PxVecTransform.h:135:10: note: cast one or both operands to int to silence this warning
warning: vibe-land-physx-bridge@0.1.0: /tmp/vehicle-fracture-sdk22/include/physx/foundation/PxVecTransform.h:135:10: warning: use of bitwise '&' with boolean operands [-Wbitwise-instead-of-logical]
warning: vibe-land-physx-bridge@0.1.0:                 return isFiniteVec3V(p) & isFiniteQuatV(q) & isValidQuatV(q);
warning: vibe-land-physx-bridge@0.1.0:                        ^~~~~~~~~~~~~~~~~~~~~~~~~~~~~~~~~~~
warning: vibe-land-physx-bridge@0.1.0:                                         &&
warning: vibe-land-physx-bridge@0.1.0: /tmp/vehicle-fracture-sdk22/include/physx/foundation/PxVecTransform.h:135:10: note: cast one or both operands to int to silence this warning
warning: vibe-land-physx-bridge@0.1.0: /tmp/vehicle-fracture-sdk22/include/physx/foundation/PxVecTransform.h:146:10: warning: use of bitwise '&' with boolean operands [-Wbitwise-instead-of-logical]
warning: vibe-land-physx-bridge@0.1.0:                 return isFinite() & isSaneQuatV(q);
warning: vibe-land-physx-bridge@0.1.0:                        ^~~~~~~~~~~~~~~~~~~~~~~~~~~
warning: vibe-land-physx-bridge@0.1.0:                                   &&
warning: vibe-land-physx-bridge@0.1.0: /tmp/vehicle-fracture-sdk22/include/physx/foundation/PxVecTransform.h:146:10: note: cast one or both operands to int to silence this warning
warning: vibe-land-physx-bridge@0.1.0: /tmp/vehicle-fracture-sdk22/include/physx/foundation/PxVecTransform.h:155:10: warning: use of bitwise '&' with boolean operands [-Wbitwise-instead-of-logical]
warning: vibe-land-physx-bridge@0.1.0:                 return isFiniteVec3V(p) & isFiniteQuatV(q);
warning: vibe-land-physx-bridge@0.1.0:                        ^~~~~~~~~~~~~~~~~~~~~~~~~~~~~~~~~~~
warning: vibe-land-physx-bridge@0.1.0:                                         &&
warning: vibe-land-physx-bridge@0.1.0: /tmp/vehicle-fracture-sdk22/include/physx/foundation/PxVecTransform.h:155:10: note: cast one or both operands to int to silence this warning
warning: vibe-land-physx-bridge@0.1.0: In file included from src/native_observation.cc:1:
warning: vibe-land-physx-bridge@0.1.0: In file included from include/native_state.h:9:
warning: vibe-land-physx-bridge@0.1.0: In file included from /tmp/vehicle-fracture-sdk22/include/physx/PxPhysicsAPI.h:129:
warning: vibe-land-physx-bridge@0.1.0: In file included from /tmp/vehicle-fracture-sdk22/include/physx/geometry/PxGeometryHelpers.h:43:
warning: vibe-land-physx-bridge@0.1.0: In file included from /tmp/vehicle-fracture-sdk22/include/physx/geometry/PxParticleSystemGeometry.h:35:
warning: vibe-land-physx-bridge@0.1.0: In file included from /tmp/vehicle-fracture-sdk22/include/physx/PxParticleSystem.h:33:
warning: vibe-land-physx-bridge@0.1.0: In file included from /tmp/vehicle-fracture-sdk22/include/physx/PxPBDParticleSystem.h:37:
warning: vibe-land-physx-bridge@0.1.0: /tmp/vehicle-fracture-sdk22/include/physx/PxFiltering.h:365:1: warning: 'PxFilterData' defined as a struct here but previously declared as a class; this is valid, but may result in linker errors under the Microsoft C++ ABI [-Wmismatched-tags]
warning: vibe-land-physx-bridge@0.1.0: struct PxFilterData
warning: vibe-land-physx-bridge@0.1.0: ^
warning: vibe-land-physx-bridge@0.1.0: include/native_destruction.h:9:1: note: did you mean struct here?
warning: vibe-land-physx-bridge@0.1.0: class PxFilterData;
warning: vibe-land-physx-bridge@0.1.0: ^~~~~
warning: vibe-land-physx-bridge@0.1.0: struct
warning: vibe-land-physx-bridge@0.1.0: In file included from src/native_observation.cc:1:
warning: vibe-land-physx-bridge@0.1.0: In file included from include/native_state.h:9:
warning: vibe-land-physx-bridge@0.1.0: In file included from /tmp/vehicle-fracture-sdk22/include/physx/PxPhysicsAPI.h:215:
warning: vibe-land-physx-bridge@0.1.0: In file included from /tmp/vehicle-fracture-sdk22/include/physx/vehicle/PxVehicleAPI.h:40:
warning: vibe-land-physx-bridge@0.1.0: In file included from /tmp/vehicle-fracture-sdk22/include/physx/vehicle/braking/PxVehicleBrakingFunctions.h:37:
warning: vibe-land-physx-bridge@0.1.0: /tmp/vehicle-fracture-sdk22/include/physx/vehicle/braking/../drivetrain/PxVehicleDrivetrainParams.h:960:10: warning: variable 'count' set but not used [-Wunused-but-set-variable]
warning: vibe-land-physx-bridge@0.1.0:                         PxU32 count = 0;
warning: vibe-land-physx-bridge@0.1.0:                               ^
warning: vibe-land-physx-bridge@0.1.0: 8 warnings generated.
warning: vibe-land-physx-bridge@0.1.0: In file included from /tmp/vehicle-fracture-sdk22/destruction/vehicle/PxNativeVehicle.cpp:2:
warning: vibe-land-physx-bridge@0.1.0: In file included from /tmp/vehicle-fracture-sdk22/destruction/vehicle/PxNativeVehicle.h:13:
warning: vibe-land-physx-bridge@0.1.0: In file included from /tmp/vehicle-fracture-sdk22/include/physx/PxPhysicsAPI.h:96:
warning: vibe-land-physx-bridge@0.1.0: In file included from /tmp/vehicle-fracture-sdk22/include/physx/foundation/PxVecMath.h:1352:
warning: vibe-land-physx-bridge@0.1.0: /tmp/vehicle-fracture-sdk22/include/physx/foundation/PxVecQuat.h:335:9: warning: use of bitwise '&' with boolean operands [-Wbitwise-instead-of-logical]
warning: vibe-land-physx-bridge@0.1.0:         return isFiniteVec4V(q) & (BAllEqTTTT(con) == 1);
warning: vibe-land-physx-bridge@0.1.0:                ^~~~~~~~~~~~~~~~~~~~~~~~~~~~~~~~~~~~~~~~~
warning: vibe-land-physx-bridge@0.1.0:                                 &&
warning: vibe-land-physx-bridge@0.1.0: /tmp/vehicle-fracture-sdk22/include/physx/foundation/PxVecQuat.h:335:9: note: cast one or both operands to int to silence this warning
warning: vibe-land-physx-bridge@0.1.0: /tmp/vehicle-fracture-sdk22/include/physx/foundation/PxVecQuat.h:343:9: warning: use of bitwise '&' with boolean operands [-Wbitwise-instead-of-logical]
warning: vibe-land-physx-bridge@0.1.0:         return isFiniteVec4V(q) & (BAllEqTTTT(con) == 1);
warning: vibe-land-physx-bridge@0.1.0:                ^~~~~~~~~~~~~~~~~~~~~~~~~~~~~~~~~~~~~~~~~
warning: vibe-land-physx-bridge@0.1.0:                                 &&
warning: vibe-land-physx-bridge@0.1.0: /tmp/vehicle-fracture-sdk22/include/physx/foundation/PxVecQuat.h:343:9: note: cast one or both operands to int to silence this warning
warning: vibe-land-physx-bridge@0.1.0: In file included from /tmp/vehicle-fracture-sdk22/destruction/vehicle/PxNativeVehicle.cpp:2:
warning: vibe-land-physx-bridge@0.1.0: In file included from /tmp/vehicle-fracture-sdk22/destruction/vehicle/PxNativeVehicle.h:13:
warning: vibe-land-physx-bridge@0.1.0: In file included from /tmp/vehicle-fracture-sdk22/include/physx/PxPhysicsAPI.h:98:
warning: vibe-land-physx-bridge@0.1.0: /tmp/vehicle-fracture-sdk22/include/physx/foundation/PxVecTransform.h:135:10: warning: use of bitwise '&' with boolean operands [-Wbitwise-instead-of-logical]
warning: vibe-land-physx-bridge@0.1.0:                 return isFiniteVec3V(p) & isFiniteQuatV(q) & isValidQuatV(q);
warning: vibe-land-physx-bridge@0.1.0:                        ^~~~~~~~~~~~~~~~~~~~~~~~~~~~~~~~~~~~~~~~~~~~~~~~~~~~~
warning: vibe-land-physx-bridge@0.1.0:                                                            &&
warning: vibe-land-physx-bridge@0.1.0: /tmp/vehicle-fracture-sdk22/include/physx/foundation/PxVecTransform.h:135:10: note: cast one or both operands to int to silence this warning
warning: vibe-land-physx-bridge@0.1.0: /tmp/vehicle-fracture-sdk22/include/physx/foundation/PxVecTransform.h:135:10: warning: use of bitwise '&' with boolean operands [-Wbitwise-instead-of-logical]
warning: vibe-land-physx-bridge@0.1.0:                 return isFiniteVec3V(p) & isFiniteQuatV(q) & isValidQuatV(q);
warning: vibe-land-physx-bridge@0.1.0:                        ^~~~~~~~~~~~~~~~~~~~~~~~~~~~~~~~~~~
warning: vibe-land-physx-bridge@0.1.0:                                         &&
warning: vibe-land-physx-bridge@0.1.0: /tmp/vehicle-fracture-sdk22/include/physx/foundation/PxVecTransform.h:135:10: note: cast one or both operands to int to silence this warning
warning: vibe-land-physx-bridge@0.1.0: /tmp/vehicle-fracture-sdk22/include/physx/foundation/PxVecTransform.h:146:10: warning: use of bitwise '&' with boolean operands [-Wbitwise-instead-of-logical]
warning: vibe-land-physx-bridge@0.1.0:                 return isFinite() & isSaneQuatV(q);
warning: vibe-land-physx-bridge@0.1.0:                        ^~~~~~~~~~~~~~~~~~~~~~~~~~~
warning: vibe-land-physx-bridge@0.1.0:                                   &&
warning: vibe-land-physx-bridge@0.1.0: /tmp/vehicle-fracture-sdk22/include/physx/foundation/PxVecTransform.h:146:10: note: cast one or both operands to int to silence this warning
warning: vibe-land-physx-bridge@0.1.0: /tmp/vehicle-fracture-sdk22/include/physx/foundation/PxVecTransform.h:155:10: warning: use of bitwise '&' with boolean operands [-Wbitwise-instead-of-logical]
warning: vibe-land-physx-bridge@0.1.0:                 return isFiniteVec3V(p) & isFiniteQuatV(q);
warning: vibe-land-physx-bridge@0.1.0:                        ^~~~~~~~~~~~~~~~~~~~~~~~~~~~~~~~~~~
warning: vibe-land-physx-bridge@0.1.0:                                         &&
warning: vibe-land-physx-bridge@0.1.0: /tmp/vehicle-fracture-sdk22/include/physx/foundation/PxVecTransform.h:155:10: note: cast one or both operands to int to silence this warning
warning: vibe-land-physx-bridge@0.1.0: In file included from /tmp/vehicle-fracture-sdk22/destruction/vehicle/PxNativeVehicle.cpp:2:
warning: vibe-land-physx-bridge@0.1.0: In file included from /tmp/vehicle-fracture-sdk22/destruction/vehicle/PxNativeVehicle.h:13:
warning: vibe-land-physx-bridge@0.1.0: In file included from /tmp/vehicle-fracture-sdk22/include/physx/PxPhysicsAPI.h:215:
warning: vibe-land-physx-bridge@0.1.0: In file included from /tmp/vehicle-fracture-sdk22/include/physx/vehicle/PxVehicleAPI.h:40:
warning: vibe-land-physx-bridge@0.1.0: In file included from /tmp/vehicle-fracture-sdk22/include/physx/vehicle/braking/PxVehicleBrakingFunctions.h:37:
warning: vibe-land-physx-bridge@0.1.0: /tmp/vehicle-fracture-sdk22/include/physx/vehicle/braking/../drivetrain/PxVehicleDrivetrainParams.h:960:10: warning: variable 'count' set but not used [-Wunused-but-set-variable]
warning: vibe-land-physx-bridge@0.1.0:                         PxU32 count = 0;
warning: vibe-land-physx-bridge@0.1.0:                               ^
warning: vibe-land-physx-bridge@0.1.0: 7 warnings generated.
warning: vibe-land-physx-bridge@0.1.0: In file included from /tmp/vehicle-fracture-sdk22/snippets/snippetvehiclecommon/base/Base.cpp:29:
warning: vibe-land-physx-bridge@0.1.0: In file included from /tmp/vehicle-fracture-sdk22/snippets/snippetvehiclecommon/base/Base.h:31:
warning: vibe-land-physx-bridge@0.1.0: In file included from /tmp/vehicle-fracture-sdk22/include/physx/vehicle/PxVehicleAPI.h:40:
warning: vibe-land-physx-bridge@0.1.0: In file included from /tmp/vehicle-fracture-sdk22/include/physx/vehicle/braking/PxVehicleBrakingFunctions.h:37:
warning: vibe-land-physx-bridge@0.1.0: /tmp/vehicle-fracture-sdk22/include/physx/vehicle/braking/../drivetrain/PxVehicleDrivetrainParams.h:960:10: warning: variable 'count' set but not used [-Wunused-but-set-variable]
warning: vibe-land-physx-bridge@0.1.0:                         PxU32 count = 0;
warning: vibe-land-physx-bridge@0.1.0:                               ^
warning: vibe-land-physx-bridge@0.1.0: 1 warning generated.
warning: vibe-land-physx-bridge@0.1.0: In file included from /tmp/vehicle-fracture-sdk22/snippets/snippetvehiclecommon/directdrivetrain/DirectDrivetrain.cpp:29:
warning: vibe-land-physx-bridge@0.1.0: In file included from /tmp/vehicle-fracture-sdk22/snippets/snippetvehiclecommon/directdrivetrain/DirectDrivetrain.h:31:
warning: vibe-land-physx-bridge@0.1.0: In file included from /tmp/vehicle-fracture-sdk22/include/physx/vehicle/PxVehicleAPI.h:40:
warning: vibe-land-physx-bridge@0.1.0: In file included from /tmp/vehicle-fracture-sdk22/include/physx/vehicle/braking/PxVehicleBrakingFunctions.h:37:
warning: vibe-land-physx-bridge@0.1.0: /tmp/vehicle-fracture-sdk22/include/physx/vehicle/braking/../drivetrain/PxVehicleDrivetrainParams.h:960:10: warning: variable 'count' set but not used [-Wunused-but-set-variable]
warning: vibe-land-physx-bridge@0.1.0:                         PxU32 count = 0;
warning: vibe-land-physx-bridge@0.1.0:                               ^
warning: vibe-land-physx-bridge@0.1.0: 1 warning generated.
warning: vibe-land-physx-bridge@0.1.0: In file included from /tmp/vehicle-fracture-sdk22/snippets/snippetvehiclecommon/physxintegration/PhysXIntegration.cpp:29:
warning: vibe-land-physx-bridge@0.1.0: In file included from /tmp/vehicle-fracture-sdk22/snippets/snippetvehiclecommon/physxintegration/PhysXIntegration.h:32:
warning: vibe-land-physx-bridge@0.1.0: In file included from /tmp/vehicle-fracture-sdk22/include/physx/vehicle/PxVehicleAPI.h:40:
warning: vibe-land-physx-bridge@0.1.0: In file included from /tmp/vehicle-fracture-sdk22/include/physx/vehicle/braking/PxVehicleBrakingFunctions.h:37:
warning: vibe-land-physx-bridge@0.1.0: /tmp/vehicle-fracture-sdk22/include/physx/vehicle/braking/../drivetrain/PxVehicleDrivetrainParams.h:960:10: warning: variable 'count' set but not used [-Wunused-but-set-variable]
warning: vibe-land-physx-bridge@0.1.0:                         PxU32 count = 0;
warning: vibe-land-physx-bridge@0.1.0:                               ^
warning: vibe-land-physx-bridge@0.1.0: 1 warning generated.
warning: vibe-land-physx-bridge@0.1.0: /Applications/Xcode.app/Contents/Developer/Toolchains/XcodeDefault.xctoolchain/usr/bin/ar: illegal option -- D
warning: vibe-land-physx-bridge@0.1.0: usage:  ar -d [-TLsv] archive file ...
warning: vibe-land-physx-bridge@0.1.0: 	ar -m [-TLsv] archive file ...
warning: vibe-land-physx-bridge@0.1.0: 	ar -m [-abiTLsv] position archive file ...
warning: vibe-land-physx-bridge@0.1.0: 	ar -p [-TLsv] archive [file ...]
warning: vibe-land-physx-bridge@0.1.0: 	ar -q [-cTLsv] archive file ...
warning: vibe-land-physx-bridge@0.1.0: 	ar -r [-cuTLsv] archive file ...
warning: vibe-land-physx-bridge@0.1.0: 	ar -r [-abciuTLsv] position archive file ...
warning: vibe-land-physx-bridge@0.1.0: 	ar -t [-TLsv] archive [file ...]
warning: vibe-land-physx-bridge@0.1.0: 	ar -x [-ouTLsv] archive [file ...]
warning: multiple methods are never used
    --> physx-bridge/src/lib.rs:2579:12
     |
1884 | #[cxx::bridge(namespace = "vibe_land::physx_bridge")]
     | ----------------------------------------------------- methods in this implementation
...
2579 |         fn create_destructible(
     |            ^^^^^^^^^^^^^^^^^^^
...
2589 |         fn clear_destructibles(self: Pin<&mut World>) -> Result<()>;
     |            ^^^^^^^^^^^^^^^^^^^
2590 |         fn destruction_tick(self: Pin<&mut World>, dt: f32, gravity: FfiVec3) -> Result<()>;
     |            ^^^^^^^^^^^^^^^^
2591 |         fn queue_chunk_damage(
     |            ^^^^^^^^^^^^^^^^^^
...
2598 |         fn apply_destruction_explosion(
     |            ^^^^^^^^^^^^^^^^^^^^^^^^^^^
...
2604 |         fn apply_destruction_blast(
     |            ^^^^^^^^^^^^^^^^^^^^^^^
...
2612 |         fn take_broken_bonds(self: Pin<&mut World>) -> Result<Vec<FfiBrokenBondEvent>>;
     |            ^^^^^^^^^^^^^^^^^
2613 |         fn take_chunk_migrations(self: Pin<&mut World>) -> Result<Vec<FfiChunkMigrationEvent>>;
     |            ^^^^^^^^^^^^^^^^^^^^^
2614 |         fn take_island_events(self: Pin<&mut World>) -> Result<Vec<FfiIslandBodyEvent>>;
     |            ^^^^^^^^^^^^^^^^^^
2615 |         fn chunk_body_snapshots(self: &World) -> Result<&[FfiChunkBodySnapshot]>;
2616 |         fn sleep_chunk_body(self: Pin<&mut World>, entity_id: u32) -> Result<()>;
     |            ^^^^^^^^^^^^^^^^
2617 |         fn freeze_chunk_bodies(self: Pin<&mut World>, entity_ids: &[u32]) -> Result<u32>;
     |            ^^^^^^^^^^^^^^^^^^^
2618 |         fn unfreeze_chunk_bodies(self: Pin<&mut World>, entity_ids: &[u32]) -> Result<u32>;
     |            ^^^^^^^^^^^^^^^^^^^^^
2619 |         fn take_frozen_contact_wakes(self: Pin<&mut World>) -> Result<Vec<u32>>;
     |            ^^^^^^^^^^^^^^^^^^^^^^^^^
2620 |         fn take_support_sets(self: Pin<&mut World>) -> Result<Vec<FfiSupportSet>>;
     |            ^^^^^^^^^^^^^^^^^
2621 |         fn take_support_rows(self: Pin<&mut World>) -> Result<Vec<FfiSupportRow>>;
     |            ^^^^^^^^^^^^^^^^^
2622 |         fn bond_stress_rows(self: &World, structure_id: u32) -> Result<Vec<FfiBondStressRow>>;
     |            ^^^^^^^^^^^^^^^^
2623 |         fn destruction_stats(self: &World) -> Result<FfiDestructionStats>;
     |            ^^^^^^^^^^^^^^^^^
2624 |         fn validate_destruction_mappings(self: &World) -> Result<bool>;
     |            ^^^^^^^^^^^^^^^^^^^^^^^^^^^^^
2625 |         fn split_count(self: &World) -> Result<u64>;
     |            ^^^^^^^^^^^
2626 |         fn resim_needed(self: &World) -> Result<bool>;
     |            ^^^^^^^^^^^^
2627 |         fn resim_capture(self: Pin<&mut World>) -> Result<u32>;
     |            ^^^^^^^^^^^^^
2628 |         fn resim_restore(self: Pin<&mut World>) -> Result<bool>;
     |            ^^^^^^^^^^^^^
     |
     = note: `#[warn(dead_code)]` (part of `#[warn(unused)]`) on by default

warning: `vibe-land-physx-bridge` (lib) generated 1 warning
    Finished `test` profile [unoptimized + debuginfo] target(s) in 5.61s
     Running tests/native_vehicle_fracture.rs (/tmp/vibe-vehicle-abi22-target/debug/deps/native_vehicle_fracture-3faeceb1c5f7b344)

running 1 test
test native_vehicle_accepts_small_authored_com_offsets ... CUMETAL WARNING: CUMETAL_USE_METAL_DEVICE_ADDRESSES marks every live allocation read-write on every dispatch so kernels can follow raw device addresses; this removes cross-stream concurrency.
[destruction] native internalCorrectionLimit=1
PhysX[32] Native GPU destruction stage failed; this simulation step is incomplete. (/Users/glavin/Development/PhysX/physx/source/gpusimulationcontroller/src/PxgSimulationController.cpp:1030)

thread 'native_vehicle_accepts_small_authored_com_offsets' (15202573) panicked at physx-bridge/tests/native_vehicle_fracture.rs:211:13:
tick 0: PhysX operation failed: PhysX fetchResults failed; native Ok(NativeStatus { frame: 1, error: 64, stress_topology_error: 8, iterations: 2048, converged: false, normal_contacts: 0, friction_anchors: 0, bond_commands: 0, broken_bonds: 0, crushed_chunks: 0, correction_passes: 0, stress_passes: 1, post_correction_broken_bonds: 0, committed_chunks: 0, committed_bonds: 0, cluster_count: 0, stress_island_count: 0, observed: false, degraded: false, missed_frames: 0 })
note: run with `RUST_BACKTRACE=1` environment variable to display a backtrace
FAILED

failures:

failures:
    native_vehicle_accepts_small_authored_com_offsets

test result: FAILED. 0 passed; 1 failed; 0 ignored; 0 measured; 1 filtered out; finished in 0.27s

error: test failed, to rerun pass `-p vibe-land-physx-bridge --test native_vehicle_fracture`
