{"native_physical_assembly_ms":30.591158,"active_nodes":5936,"bonds":18627,"independent_operator_comparison":true,"native_load_projection":true}
{"native_hierarchy_setup_ms":193.649593,"basis_reconstruction_error":6.38176246387e-17,"levels":3,"coarse_rows":96}
{"native_level":0,"rows":35616,"nnz":827552,"coarse_rows":5100,"omega":0.483457107955,"eigenvalue_upper_bound":2.75791442797}
{"native_level":1,"rows":5100,"nnz":890280,"coarse_rows":738,"omega":0.430145208696,"eigenvalue_upper_bound":3.09972843212}
{"native_level":2,"rows":738,"nnz":225180,"coarse_rows":96,"omega":0.438084405917,"eigenvalue_upper_bound":3.04355351463}
{"resident_bond_operator":true,"gpu_rigid_projector":true}
{"gpu":"NVIDIA GeForce RTX 4090","operator":"double","preconditioner_storage":"float","preconditioner_arithmetic":"float","outer_vectors_and_reductions":"double","cuda_graph":true,"device_context_upload_graph_ms":139.806688,"rows":35616,"free":false,"levels":3,"scope":"standalone hierarchy validation; no game integration"}
{"fracture_frame":0,"live_bonds":18627}
{"topology_and_rhs_update_ms":0.234237,"hierarchy_rebuilt":false,"coupling_reuploaded":false,"graph_recaptured":false}
{"trial":0,"passed":true,"iterations":31,"submitted":32,"cuda_solve_ms":6.097216,"wall_solve_ms":6.107504,"force_residual":1.09404248566e-11,"moment_residual":1.37956182279e-11,"bond_relative_error":5.56705975548e-12,"bond_max_error_over_peak":2.34101762125e-12,"bond_force_error_n":2.80292101781e-06,"bond_moment_error_nm":1.89403027704e-06,"bond_force_error_over_input":1.1163221193e-11,"bond_moment_error_over_input":8.00195136207e-12,"zero_bond_reference":false,"recurrence_relative_residual":6.7263596876e-11,"failed":0}
{"trial":1,"passed":true,"iterations":31,"submitted":32,"cuda_solve_ms":6.099296,"wall_solve_ms":6.105310,"force_residual":1.09404248566e-11,"moment_residual":1.37956182279e-11,"bond_relative_error":5.56705975548e-12,"bond_max_error_over_peak":2.34101762125e-12,"bond_force_error_n":2.80292101781e-06,"bond_moment_error_nm":1.89403027704e-06,"bond_force_error_over_input":1.1163221193e-11,"bond_moment_error_over_input":8.00195136207e-12,"zero_bond_reference":false,"recurrence_relative_residual":6.7263596876e-11,"failed":0}
{"fracture_frame":1,"live_bonds":18564}
{"topology_and_rhs_update_ms":0.405997,"hierarchy_rebuilt":false,"coupling_reuploaded":false,"graph_recaptured":false}
{"trial":2,"passed":true,"iterations":54,"submitted":56,"cuda_solve_ms":11.789824,"wall_solve_ms":11.796908,"force_residual":1.34666148759e-11,"moment_residual":1.67767098893e-11,"bond_relative_error":1.97452462276e-11,"bond_max_error_over_peak":8.25970227845e-11,"bond_force_error_n":3.13823406634e-06,"bond_moment_error_nm":2.86668141927e-06,"bond_force_error_over_input":1.24986757798e-11,"bond_moment_error_over_input":1.21112347388e-11,"zero_bond_reference":false,"recurrence_relative_residual":8.06011423411e-11,"failed":0}
{"trial":3,"passed":true,"iterations":54,"submitted":56,"cuda_solve_ms":11.797504,"wall_solve_ms":11.803589,"force_residual":1.34662969713e-11,"moment_residual":1.67769328733e-11,"bond_relative_error":1.97451436422e-11,"bond_max_error_over_peak":8.25968495634e-11,"bond_force_error_n":3.13818165593e-06,"bond_moment_error_nm":2.86668040855e-06,"bond_force_error_over_input":1.24984670443e-11,"bond_moment_error_over_input":1.21112304687e-11,"zero_bond_reference":false,"recurrence_relative_residual":8.06010997053e-11,"failed":0}
{"fracture_frame":2,"live_bonds":18036}
{"topology_and_rhs_update_ms":0.317953,"hierarchy_rebuilt":false,"coupling_reuploaded":false,"graph_recaptured":false}
{"trial":4,"passed":true,"iterations":326,"submitted":328,"cuda_solve_ms":69.506912,"wall_solve_ms":69.513768,"force_residual":1.85415056759e-11,"moment_residual":2.24688760894e-11,"bond_relative_error":8.05242961645e-11,"bond_max_error_over_peak":9.16682732236e-11,"bond_force_error_n":2.58213106079e-05,"bond_moment_error_nm":1.10452837629e-05,"bond_force_error_over_input":1.02838788527e-10,"bond_moment_error_over_input":4.66644195306e-11,"zero_bond_reference":false,"recurrence_relative_residual":9.57023632526e-11,"failed":0}
{"trial":5,"passed":true,"iterations":326,"submitted":328,"cuda_solve_ms":69.519806,"wall_solve_ms":69.527323,"force_residual":1.85415056759e-11,"moment_residual":2.24688760894e-11,"bond_relative_error":8.05242961645e-11,"bond_max_error_over_peak":9.16682732236e-11,"bond_force_error_n":2.58213106079e-05,"bond_moment_error_nm":1.10452837629e-05,"bond_force_error_over_input":1.02838788527e-10,"bond_moment_error_over_input":4.66644195306e-11,"zero_bond_reference":false,"recurrence_relative_residual":9.57023632526e-11,"failed":0}
{"fracture_frame":3,"live_bonds":0}
{"topology_and_rhs_update_ms":0.127658,"hierarchy_rebuilt":false,"coupling_reuploaded":false,"graph_recaptured":false}
{"trial":6,"passed":true,"iterations":0,"submitted":0,"cuda_solve_ms":0.009408,"wall_solve_ms":0.014196,"force_residual":0,"moment_residual":0,"bond_relative_error":null,"bond_max_error_over_peak":null,"bond_force_error_n":0,"bond_moment_error_nm":0,"bond_force_error_over_input":0,"bond_moment_error_over_input":0,"zero_bond_reference":true,"recurrence_relative_residual":0,"failed":0}
{"trial":7,"passed":true,"iterations":0,"submitted":0,"cuda_solve_ms":0.009056,"wall_solve_ms":0.013946,"force_residual":0,"moment_residual":0,"bond_relative_error":null,"bond_max_error_over_peak":null,"bond_force_error_n":0,"bond_moment_error_nm":0,"bond_force_error_over_input":0,"bond_moment_error_over_input":0,"zero_bond_reference":true,"recurrence_relative_residual":0,"failed":0}
{"fracture_frame":4,"live_bonds":18627}
{"topology_and_rhs_update_ms":0.259384,"hierarchy_rebuilt":false,"coupling_reuploaded":false,"graph_recaptured":false}
{"trial":8,"passed":true,"iterations":31,"submitted":32,"cuda_solve_ms":6.095328,"wall_solve_ms":6.103577,"force_residual":1.09404248566e-11,"moment_residual":1.37956182279e-11,"bond_relative_error":5.56705975548e-12,"bond_max_error_over_peak":2.34101762125e-12,"bond_force_error_n":2.80292101781e-06,"bond_moment_error_nm":1.89403027704e-06,"bond_force_error_over_input":1.1163221193e-11,"bond_moment_error_over_input":8.00195136207e-12,"zero_bond_reference":false,"recurrence_relative_residual":6.7263596876e-11,"failed":0}
{"trial":9,"passed":true,"iterations":31,"submitted":32,"cuda_solve_ms":6.109088,"wall_solve_ms":6.115719,"force_residual":1.09404248566e-11,"moment_residual":1.37956182279e-11,"bond_relative_error":5.56705975548e-12,"bond_max_error_over_peak":2.34101762125e-12,"bond_force_error_n":2.80292101781e-06,"bond_moment_error_nm":1.89403027704e-06,"bond_force_error_over_input":1.1163221193e-11,"bond_moment_error_over_input":8.00195136207e-12,"zero_bond_reference":false,"recurrence_relative_residual":6.7263596876e-11,"failed":0}
{"fracture_frame":5,"live_bonds":12418}
{"topology_and_rhs_update_ms":0.164347,"hierarchy_rebuilt":false,"coupling_reuploaded":false,"graph_recaptured":false}
{"trial":10,"passed":true,"iterations":157,"submitted":160,"cuda_solve_ms":30.175873,"wall_solve_ms":30.182966,"force_residual":1.74725561833e-11,"moment_residual":1.85658019856e-11,"bond_relative_error":9.45705455675e-12,"bond_max_error_over_peak":9.23852068423e-12,"bond_force_error_n":5.8516643676e-06,"bond_moment_error_nm":4.22342751096e-06,"bond_force_error_over_input":2.33054814129e-11,"bond_moment_error_over_input":1.78432530534e-11,"zero_bond_reference":false,"recurrence_relative_residual":9.6629618297e-11,"failed":0}
{"trial":11,"passed":true,"iterations":157,"submitted":160,"cuda_solve_ms":30.181601,"wall_solve_ms":30.188827,"force_residual":1.74725561833e-11,"moment_residual":1.85658019856e-11,"bond_relative_error":9.45705455675e-12,"bond_max_error_over_peak":9.23852068423e-12,"bond_force_error_n":5.8516643676e-06,"bond_moment_error_nm":4.22342751096e-06,"bond_force_error_over_input":2.33054814129e-11,"bond_moment_error_over_input":1.78432530534e-11,"zero_bond_reference":false,"recurrence_relative_residual":9.6629618297e-11,"failed":0}
{"fracture_frame":6,"live_bonds":18564}
{"topology_and_rhs_update_ms":0.395157,"hierarchy_rebuilt":false,"coupling_reuploaded":false,"graph_recaptured":false}
{"trial":12,"passed":true,"iterations":54,"submitted":56,"cuda_solve_ms":11.792000,"wall_solve_ms":11.798300,"force_residual":1.34659741523e-11,"moment_residual":1.67768682314e-11,"bond_relative_error":1.97451770846e-11,"bond_max_error_over_peak":8.25967456307e-11,"bond_force_error_n":3.13821337135e-06,"bond_moment_error_nm":2.86668671055e-06,"bond_force_error_over_input":1.24985933576e-11,"bond_moment_error_over_input":1.21112570936e-11,"zero_bond_reference":false,"recurrence_relative_residual":8.06011069301e-11,"failed":0}
{"trial":13,"passed":true,"iterations":54,"submitted":56,"cuda_solve_ms":11.802368,"wall_solve_ms":11.808939,"force_residual":1.34660390652e-11,"moment_residual":1.67768638173e-11,"bond_relative_error":1.97452141598e-11,"bond_max_error_over_peak":8.25966070537e-11,"bond_force_error_n":3.13822079237e-06,"bond_moment_error_nm":2.86668469791e-06,"bond_force_error_over_input":1.24986229134e-11,"bond_moment_error_over_input":1.21112485905e-11,"zero_bond_reference":false,"recurrence_relative_residual":8.06010387597e-11,"failed":0}
{"fracture_frame":7,"live_bonds":18627}
{"topology_and_rhs_update_ms":0.230610,"hierarchy_rebuilt":false,"coupling_reuploaded":false,"graph_recaptured":false}
{"trial":14,"passed":true,"iterations":31,"submitted":32,"cuda_solve_ms":6.091488,"wall_solve_ms":6.098406,"force_residual":1.09404248566e-11,"moment_residual":1.37956182279e-11,"bond_relative_error":5.56705975548e-12,"bond_max_error_over_peak":2.34101762125e-12,"bond_force_error_n":2.80292101781e-06,"bond_moment_error_nm":1.89403027704e-06,"bond_force_error_over_input":1.1163221193e-11,"bond_moment_error_over_input":8.00195136207e-12,"zero_bond_reference":false,"recurrence_relative_residual":6.7263596876e-11,"failed":0}
{"trial":15,"passed":true,"iterations":31,"submitted":32,"cuda_solve_ms":6.109120,"wall_solve_ms":6.119516,"force_residual":1.09404248566e-11,"moment_residual":1.37956182279e-11,"bond_relative_error":5.56705975548e-12,"bond_max_error_over_peak":2.34101762125e-12,"bond_force_error_n":2.80292101781e-06,"bond_moment_error_nm":1.89403027704e-06,"bond_force_error_over_input":1.1163221193e-11,"bond_moment_error_over_input":8.00195136207e-12,"zero_bond_reference":false,"recurrence_relative_residual":6.7263596876e-11,"failed":0}
