{"native_physical_assembly_ms":32.077781,"active_nodes":5936,"bonds":18627,"independent_operator_comparison":true,"native_load_projection":true}
{"native_hierarchy_setup_ms":193.011171,"basis_reconstruction_error":6.38176246387e-17,"levels":3,"coarse_rows":96}
{"native_level":0,"rows":35616,"nnz":827552,"coarse_rows":5100,"omega":0.483457107955,"eigenvalue_upper_bound":2.75791442797}
{"native_level":1,"rows":5100,"nnz":890280,"coarse_rows":738,"omega":0.430145208696,"eigenvalue_upper_bound":3.09972843212}
{"native_level":2,"rows":738,"nnz":225180,"coarse_rows":96,"omega":0.438084405917,"eigenvalue_upper_bound":3.04355351463}
{"resident_bond_operator":true,"gpu_rigid_projector":true}
{"gpu":"NVIDIA GeForce RTX 4090","operator":"double","preconditioner_storage":"float","preconditioner_arithmetic":"float","outer_vectors_and_reductions":"double","cuda_graph":true,"device_context_upload_graph_ms":148.198554,"rows":35616,"free":false,"levels":3,"scope":"standalone hierarchy validation; no game integration"}
{"fracture_frame":0,"live_bonds":18627}
{"topology_and_rhs_update_ms":0.226542,"hierarchy_rebuilt":false,"coupling_reuploaded":false,"graph_recaptured":false}
{"trial":0,"passed":false,"iterations":1,"submitted":1,"cuda_solve_ms":0.381376,"wall_solve_ms":0.388164,"force_residual":1.16470152343,"moment_residual":0.677662699035,"bond_relative_error":0.435090034718,"bond_max_error_over_peak":0.435284554901,"bond_force_error_n":233798.346595,"bond_moment_error_nm":106974.876236,"bond_force_error_over_input":0.931150981781,"bond_moment_error_over_input":0.45195040807,"zero_bond_reference":false,"recurrence_relative_residual":3.61837228116,"failed":0}
{"fracture_frame":1,"live_bonds":18564}
{"topology_and_rhs_update_ms":0.387584,"hierarchy_rebuilt":false,"coupling_reuploaded":false,"graph_recaptured":false}
{"trial":1,"passed":false,"iterations":1,"submitted":1,"cuda_solve_ms":0.428032,"wall_solve_ms":0.433359,"force_residual":0.515517506736,"moment_residual":0.324068639029,"bond_relative_error":0.45884430237,"bond_max_error_over_peak":0.47676742318,"bond_force_error_n":92047.5868741,"bond_moment_error_nm":50727.7608492,"bond_force_error_over_input":0.366598832441,"bond_moment_error_over_input":0.214316043383,"zero_bond_reference":false,"recurrence_relative_residual":1.37909197617,"failed":0}
{"fracture_frame":2,"live_bonds":18036}
{"topology_and_rhs_update_ms":0.302855,"hierarchy_rebuilt":false,"coupling_reuploaded":false,"graph_recaptured":false}
{"trial":2,"passed":false,"iterations":1,"submitted":1,"cuda_solve_ms":0.417152,"wall_solve_ms":0.422408,"force_residual":0.554018218862,"moment_residual":0.389632154531,"bond_relative_error":0.861316901782,"bond_max_error_over_peak":0.918138775431,"bond_force_error_n":276014.822135,"bond_moment_error_nm":132195.794287,"bond_force_error_over_input":1.09928695545,"bond_moment_error_over_input":0.558504438381,"zero_bond_reference":false,"recurrence_relative_residual":1.4969923533,"failed":0}
{"fracture_frame":3,"live_bonds":0}
{"topology_and_rhs_update_ms":0.129632,"hierarchy_rebuilt":false,"coupling_reuploaded":false,"graph_recaptured":false}
{"trial":3,"passed":true,"iterations":0,"submitted":0,"cuda_solve_ms":0.009120,"wall_solve_ms":0.013865,"force_residual":0,"moment_residual":0,"bond_relative_error":null,"bond_max_error_over_peak":null,"bond_force_error_n":0,"bond_moment_error_nm":0,"bond_force_error_over_input":0,"bond_moment_error_over_input":0,"zero_bond_reference":true,"recurrence_relative_residual":0,"failed":0}
{"fracture_frame":4,"live_bonds":18627}
{"topology_and_rhs_update_ms":0.221483,"hierarchy_rebuilt":false,"coupling_reuploaded":false,"graph_recaptured":false}
{"trial":4,"passed":false,"iterations":1,"submitted":1,"cuda_solve_ms":0.377280,"wall_solve_ms":0.382604,"force_residual":1.16470152343,"moment_residual":0.677662699035,"bond_relative_error":0.435090034718,"bond_max_error_over_peak":0.435284554901,"bond_force_error_n":233798.346595,"bond_moment_error_nm":106974.876236,"bond_force_error_over_input":0.931150981781,"bond_moment_error_over_input":0.45195040807,"zero_bond_reference":false,"recurrence_relative_residual":3.61837228116,"failed":0}
{"fracture_frame":5,"live_bonds":12418}
{"topology_and_rhs_update_ms":0.165529,"hierarchy_rebuilt":false,"coupling_reuploaded":false,"graph_recaptured":false}
{"trial":5,"passed":false,"iterations":1,"submitted":1,"cuda_solve_ms":0.382656,"wall_solve_ms":0.387803,"force_residual":2.37724720247,"moment_residual":1.77300359404,"bond_relative_error":0.667434885082,"bond_max_error_over_peak":0.559350448847,"bond_force_error_n":506627.948231,"bond_moment_error_nm":311889.751838,"bond_force_error_over_input":2.01775212812,"bond_moment_error_over_input":1.31768042718,"zero_bond_reference":false,"recurrence_relative_residual":7.59001053084,"failed":0}
{"fracture_frame":6,"live_bonds":18564}
{"topology_and_rhs_update_ms":0.398253,"hierarchy_rebuilt":false,"coupling_reuploaded":false,"graph_recaptured":false}
{"trial":6,"passed":false,"iterations":1,"submitted":1,"cuda_solve_ms":0.417216,"wall_solve_ms":0.422588,"force_residual":0.515517506736,"moment_residual":0.324068639029,"bond_relative_error":0.45884430237,"bond_max_error_over_peak":0.47676742318,"bond_force_error_n":92047.5868741,"bond_moment_error_nm":50727.7608492,"bond_force_error_over_input":0.366598832441,"bond_moment_error_over_input":0.214316043383,"zero_bond_reference":false,"recurrence_relative_residual":1.37909197617,"failed":0}
{"fracture_frame":7,"live_bonds":18627}
{"topology_and_rhs_update_ms":0.229688,"hierarchy_rebuilt":false,"coupling_reuploaded":false,"graph_recaptured":false}
{"trial":7,"passed":false,"iterations":1,"submitted":1,"cuda_solve_ms":0.383392,"wall_solve_ms":0.388605,"force_residual":1.16470152343,"moment_residual":0.677662699035,"bond_relative_error":0.435090034718,"bond_max_error_over_peak":0.435284554901,"bond_force_error_n":233798.346595,"bond_moment_error_nm":106974.876236,"bond_force_error_over_input":0.931150981781,"bond_moment_error_over_input":0.45195040807,"zero_bond_reference":false,"recurrence_relative_residual":3.61837228116,"failed":0}
