{"native_physical_assembly_ms":31.750571,"active_nodes":5936,"bonds":18627,"independent_operator_comparison":true,"native_load_projection":true}
{"native_hierarchy_setup_ms":192.972569,"basis_reconstruction_error":6.38176246387e-17,"levels":3,"coarse_rows":96}
{"native_level":0,"rows":35616,"nnz":827552,"coarse_rows":5100,"omega":0.483457107955,"eigenvalue_upper_bound":2.75791442797}
{"native_level":1,"rows":5100,"nnz":890280,"coarse_rows":738,"omega":0.430145208696,"eigenvalue_upper_bound":3.09972843212}
{"native_level":2,"rows":738,"nnz":225180,"coarse_rows":96,"omega":0.438084405917,"eigenvalue_upper_bound":3.04355351463}
{"resident_bond_operator":true,"gpu_rigid_projector":true}
{"gpu":"NVIDIA GeForce RTX 4090","operator":"double","preconditioner_storage":"float","preconditioner_arithmetic":"float","outer_vectors_and_reductions":"double","cuda_graph":true,"device_context_upload_graph_ms":157.066397,"rows":35616,"free":false,"levels":3,"scope":"standalone hierarchy validation; no game integration"}
{"fracture_frame":0,"live_bonds":18627}
{"topology_and_rhs_update_ms":0.247212,"hierarchy_rebuilt":false,"coupling_reuploaded":false,"graph_recaptured":false}
{"trial":0,"passed":true,"iterations":31,"submitted":32,"cuda_solve_ms":6.412288,"wall_solve_ms":6.419265,"force_residual":1.09404248566e-11,"moment_residual":1.37956182279e-11,"bond_relative_error":5.56705975548e-12,"bond_max_error_over_peak":2.34101762125e-12,"bond_force_error_n":2.80292101781e-06,"bond_moment_error_nm":1.89403027704e-06,"bond_force_error_over_input":1.1163221193e-11,"bond_moment_error_over_input":8.00195136207e-12,"zero_bond_reference":false,"recurrence_relative_residual":6.7263596876e-11,"failed":0}
{"trial":1,"passed":true,"iterations":31,"submitted":32,"cuda_solve_ms":6.405216,"wall_solve_ms":6.411821,"force_residual":1.09404248566e-11,"moment_residual":1.37956182279e-11,"bond_relative_error":5.56705975548e-12,"bond_max_error_over_peak":2.34101762125e-12,"bond_force_error_n":2.80292101781e-06,"bond_moment_error_nm":1.89403027704e-06,"bond_force_error_over_input":1.1163221193e-11,"bond_moment_error_over_input":8.00195136207e-12,"zero_bond_reference":false,"recurrence_relative_residual":6.7263596876e-11,"failed":0}
{"fracture_frame":1,"live_bonds":18564}
{"topology_and_rhs_update_ms":0.415546,"hierarchy_rebuilt":false,"coupling_reuploaded":false,"graph_recaptured":false}
{"trial":2,"passed":true,"iterations":54,"submitted":56,"cuda_solve_ms":12.367200,"wall_solve_ms":12.373733,"force_residual":1.34668931151e-11,"moment_residual":1.67770151409e-11,"bond_relative_error":1.9745270544e-11,"bond_max_error_over_peak":8.25968842076e-11,"bond_force_error_n":3.13826180926e-06,"bond_moment_error_nm":2.86668744395e-06,"bond_force_error_over_input":1.24987862718e-11,"bond_moment_error_over_input":1.2111260192e-11,"zero_bond_reference":false,"recurrence_relative_residual":8.06010544024e-11,"failed":0}
{"trial":3,"passed":true,"iterations":54,"submitted":56,"cuda_solve_ms":12.369696,"wall_solve_ms":12.375517,"force_residual":1.34667429733e-11,"moment_residual":1.67770603991e-11,"bond_relative_error":1.97452441582e-11,"bond_max_error_over_peak":8.25970227845e-11,"bond_force_error_n":3.13820452122e-06,"bond_moment_error_nm":2.86668286353e-06,"bond_force_error_over_input":1.24985581101e-11,"bond_moment_error_over_input":1.21112408405e-11,"zero_bond_reference":false,"recurrence_relative_residual":8.06011766747e-11,"failed":0}
{"fracture_frame":2,"live_bonds":18036}
{"topology_and_rhs_update_ms":0.327872,"hierarchy_rebuilt":false,"coupling_reuploaded":false,"graph_recaptured":false}
{"trial":4,"passed":false,"iterations":256,"submitted":256,"cuda_solve_ms":57.324417,"wall_solve_ms":57.332785,"force_residual":2.16399829326e-06,"moment_residual":2.66042625749e-06,"bond_relative_error":2.9971302575e-06,"bond_max_error_over_peak":3.03195172094e-06,"bond_force_error_n":0.856698653265,"bond_moment_error_nm":0.68525694994,"bond_force_error_over_input":3.41198217907e-06,"bond_moment_error_over_input":2.89509246522e-06,"zero_bond_reference":false,"recurrence_relative_residual":1.14835093518e-05,"failed":0}
{"trial":5,"passed":false,"iterations":256,"submitted":256,"cuda_solve_ms":57.387745,"wall_solve_ms":57.395842,"force_residual":2.16399829326e-06,"moment_residual":2.66042625749e-06,"bond_relative_error":2.9971302575e-06,"bond_max_error_over_peak":3.03195172094e-06,"bond_force_error_n":0.856698653265,"bond_moment_error_nm":0.68525694994,"bond_force_error_over_input":3.41198217907e-06,"bond_moment_error_over_input":2.89509246522e-06,"zero_bond_reference":false,"recurrence_relative_residual":1.14835093518e-05,"failed":0}
{"fracture_frame":3,"live_bonds":0}
{"topology_and_rhs_update_ms":0.145822,"hierarchy_rebuilt":false,"coupling_reuploaded":false,"graph_recaptured":false}
{"trial":6,"passed":true,"iterations":0,"submitted":0,"cuda_solve_ms":0.011392,"wall_solve_ms":0.017072,"force_residual":0,"moment_residual":0,"bond_relative_error":null,"bond_max_error_over_peak":null,"bond_force_error_n":0,"bond_moment_error_nm":0,"bond_force_error_over_input":0,"bond_moment_error_over_input":0,"zero_bond_reference":true,"recurrence_relative_residual":0,"failed":0}
{"trial":7,"passed":true,"iterations":0,"submitted":0,"cuda_solve_ms":0.009152,"wall_solve_ms":0.014757,"force_residual":0,"moment_residual":0,"bond_relative_error":null,"bond_max_error_over_peak":null,"bond_force_error_n":0,"bond_moment_error_nm":0,"bond_force_error_over_input":0,"bond_moment_error_over_input":0,"zero_bond_reference":true,"recurrence_relative_residual":0,"failed":0}
{"fracture_frame":4,"live_bonds":18627}
{"topology_and_rhs_update_ms":0.243735,"hierarchy_rebuilt":false,"coupling_reuploaded":false,"graph_recaptured":false}
{"trial":8,"passed":true,"iterations":31,"submitted":32,"cuda_solve_ms":6.399040,"wall_solve_ms":6.405208,"force_residual":1.09404248566e-11,"moment_residual":1.37956182279e-11,"bond_relative_error":5.56705975548e-12,"bond_max_error_over_peak":2.34101762125e-12,"bond_force_error_n":2.80292101781e-06,"bond_moment_error_nm":1.89403027704e-06,"bond_force_error_over_input":1.1163221193e-11,"bond_moment_error_over_input":8.00195136207e-12,"zero_bond_reference":false,"recurrence_relative_residual":6.7263596876e-11,"failed":0}
{"trial":9,"passed":true,"iterations":31,"submitted":32,"cuda_solve_ms":6.409184,"wall_solve_ms":6.415267,"force_residual":1.09404248566e-11,"moment_residual":1.37956182279e-11,"bond_relative_error":5.56705975548e-12,"bond_max_error_over_peak":2.34101762125e-12,"bond_force_error_n":2.80292101781e-06,"bond_moment_error_nm":1.89403027704e-06,"bond_force_error_over_input":1.1163221193e-11,"bond_moment_error_over_input":8.00195136207e-12,"zero_bond_reference":false,"recurrence_relative_residual":6.7263596876e-11,"failed":0}
{"fracture_frame":5,"live_bonds":12418}
{"topology_and_rhs_update_ms":0.190876,"hierarchy_rebuilt":false,"coupling_reuploaded":false,"graph_recaptured":false}
{"trial":10,"passed":true,"iterations":157,"submitted":160,"cuda_solve_ms":31.057535,"wall_solve_ms":31.064812,"force_residual":1.74725561833e-11,"moment_residual":1.85658019856e-11,"bond_relative_error":9.45705455675e-12,"bond_max_error_over_peak":9.23852068423e-12,"bond_force_error_n":5.8516643676e-06,"bond_moment_error_nm":4.22342751096e-06,"bond_force_error_over_input":2.33054814129e-11,"bond_moment_error_over_input":1.78432530534e-11,"zero_bond_reference":false,"recurrence_relative_residual":9.6629618297e-11,"failed":0}
{"trial":11,"passed":true,"iterations":157,"submitted":160,"cuda_solve_ms":30.190624,"wall_solve_ms":30.196592,"force_residual":1.74725561833e-11,"moment_residual":1.85658019856e-11,"bond_relative_error":9.45705455675e-12,"bond_max_error_over_peak":9.23852068423e-12,"bond_force_error_n":5.8516643676e-06,"bond_moment_error_nm":4.22342751096e-06,"bond_force_error_over_input":2.33054814129e-11,"bond_moment_error_over_input":1.78432530534e-11,"zero_bond_reference":false,"recurrence_relative_residual":9.6629618297e-11,"failed":0}
{"fracture_frame":6,"live_bonds":18564}
{"topology_and_rhs_update_ms":0.403382,"hierarchy_rebuilt":false,"coupling_reuploaded":false,"graph_recaptured":false}
{"trial":12,"passed":true,"iterations":54,"submitted":56,"cuda_solve_ms":11.812224,"wall_solve_ms":11.818989,"force_residual":1.3466133865e-11,"moment_residual":1.67769320156e-11,"bond_relative_error":1.97451789098e-11,"bond_max_error_over_peak":8.25970574288e-11,"bond_force_error_n":3.13818590785e-06,"bond_moment_error_nm":2.86668204399e-06,"bond_force_error_over_input":1.24984839785e-11,"bond_moment_error_over_input":1.21112373781e-11,"zero_bond_reference":false,"recurrence_relative_residual":8.06008167756e-11,"failed":0}
{"trial":13,"passed":true,"iterations":54,"submitted":56,"cuda_solve_ms":11.813408,"wall_solve_ms":11.820070,"force_residual":1.34661214873e-11,"moment_residual":1.6777092469e-11,"bond_relative_error":1.97451866346e-11,"bond_max_error_over_peak":8.25968149191e-11,"bond_force_error_n":3.13825210582e-06,"bond_moment_error_nm":2.8666781094e-06,"bond_force_error_over_input":1.24987476258e-11,"bond_moment_error_over_input":1.21112207551e-11,"zero_bond_reference":false,"recurrence_relative_residual":8.0601029327e-11,"failed":0}
{"fracture_frame":7,"live_bonds":18627}
{"topology_and_rhs_update_ms":0.240829,"hierarchy_rebuilt":false,"coupling_reuploaded":false,"graph_recaptured":false}
{"trial":14,"passed":true,"iterations":31,"submitted":32,"cuda_solve_ms":6.111136,"wall_solve_ms":6.117131,"force_residual":1.09404248566e-11,"moment_residual":1.37956182279e-11,"bond_relative_error":5.56705975548e-12,"bond_max_error_over_peak":2.34101762125e-12,"bond_force_error_n":2.80292101781e-06,"bond_moment_error_nm":1.89403027704e-06,"bond_force_error_over_input":1.1163221193e-11,"bond_moment_error_over_input":8.00195136207e-12,"zero_bond_reference":false,"recurrence_relative_residual":6.7263596876e-11,"failed":0}
{"trial":15,"passed":true,"iterations":31,"submitted":32,"cuda_solve_ms":6.108160,"wall_solve_ms":6.113705,"force_residual":1.09404248566e-11,"moment_residual":1.37956182279e-11,"bond_relative_error":5.56705975548e-12,"bond_max_error_over_peak":2.34101762125e-12,"bond_force_error_n":2.80292101781e-06,"bond_moment_error_nm":1.89403027704e-06,"bond_force_error_over_input":1.1163221193e-11,"bond_moment_error_over_input":8.00195136207e-12,"zero_bond_reference":false,"recurrence_relative_residual":6.7263596876e-11,"failed":0}
