{"native_physical_assembly_ms":31.863011,"active_nodes":5936,"bonds":18627,"independent_operator_comparison":true,"native_load_projection":true}
{"native_hierarchy_setup_ms":191.008254,"basis_reconstruction_error":6.38176246387e-17,"levels":3,"coarse_rows":96}
{"native_level":0,"rows":35616,"nnz":827552,"coarse_rows":5100,"omega":0.483457107955,"eigenvalue_upper_bound":2.75791442797}
{"native_level":1,"rows":5100,"nnz":890280,"coarse_rows":738,"omega":0.430145208696,"eigenvalue_upper_bound":3.09972843212}
{"native_level":2,"rows":738,"nnz":225180,"coarse_rows":96,"omega":0.438084405917,"eigenvalue_upper_bound":3.04355351463}
{"resident_bond_operator":true,"gpu_rigid_projector":true}
{"gpu":"NVIDIA GeForce RTX 4090","operator":"double","preconditioner_storage":"double","preconditioner_arithmetic":"double","outer_vectors_and_reductions":"double","cuda_graph":true,"device_context_upload_graph_ms":154.023440,"rows":35616,"free":false,"levels":3,"scope":"standalone hierarchy validation; no game integration"}
{"fracture_frame":0,"live_bonds":18627}
{"topology_and_rhs_update_ms":0.216454,"hierarchy_rebuilt":false,"coupling_reuploaded":false,"graph_recaptured":false}
{"trial":0,"passed":true,"iterations":31,"submitted":32,"cuda_solve_ms":10.287712,"wall_solve_ms":10.294615,"force_residual":1.09257110993e-11,"moment_residual":1.37916395478e-11,"bond_relative_error":5.56632811055e-12,"bond_max_error_over_peak":2.34101762125e-12,"bond_force_error_n":2.80168809501e-06,"bond_moment_error_nm":1.89406397643e-06,"bond_force_error_over_input":1.11583108191e-11,"bond_moment_error_over_input":8.0020937362e-12,"zero_bond_reference":false,"recurrence_relative_residual":6.72634971332e-11,"failed":0}
{"trial":1,"passed":true,"iterations":31,"submitted":32,"cuda_solve_ms":10.271424,"wall_solve_ms":10.277582,"force_residual":1.09257110993e-11,"moment_residual":1.37916395478e-11,"bond_relative_error":5.56632811055e-12,"bond_max_error_over_peak":2.34101762125e-12,"bond_force_error_n":2.80168809501e-06,"bond_moment_error_nm":1.89406397643e-06,"bond_force_error_over_input":1.11583108191e-11,"bond_moment_error_over_input":8.0020937362e-12,"zero_bond_reference":false,"recurrence_relative_residual":6.72634971332e-11,"failed":0}
{"fracture_frame":1,"live_bonds":18564}
{"topology_and_rhs_update_ms":0.403592,"hierarchy_rebuilt":false,"coupling_reuploaded":false,"graph_recaptured":false}
{"trial":2,"passed":true,"iterations":54,"submitted":56,"cuda_solve_ms":19.071169,"wall_solve_ms":19.079012,"force_residual":1.34661907366e-11,"moment_residual":1.67765036153e-11,"bond_relative_error":1.97452399206e-11,"bond_max_error_over_peak":8.25966416979e-11,"bond_force_error_n":3.13823733595e-06,"bond_moment_error_nm":2.86668207621e-06,"bond_force_error_over_input":1.24986888016e-11,"bond_moment_error_over_input":1.21112375143e-11,"zero_bond_reference":false,"recurrence_relative_residual":8.06015014142e-11,"failed":0}
{"trial":3,"passed":true,"iterations":54,"submitted":56,"cuda_solve_ms":19.077984,"wall_solve_ms":19.084001,"force_residual":1.34663614996e-11,"moment_residual":1.67767242056e-11,"bond_relative_error":1.97452621715e-11,"bond_max_error_over_peak":8.25966763422e-11,"bond_force_error_n":3.13819135213e-06,"bond_moment_error_nm":2.86667952765e-06,"bond_force_error_over_input":1.24985056615e-11,"bond_moment_error_over_input":1.2111226747e-11,"zero_bond_reference":false,"recurrence_relative_residual":8.06015014142e-11,"failed":0}
{"fracture_frame":2,"live_bonds":18036}
{"topology_and_rhs_update_ms":0.308125,"hierarchy_rebuilt":false,"coupling_reuploaded":false,"graph_recaptured":false}
{"trial":4,"passed":false,"iterations":256,"submitted":256,"cuda_solve_ms":89.290016,"wall_solve_ms":89.298405,"force_residual":2.16401597352e-06,"moment_residual":2.66042772413e-06,"bond_relative_error":2.9971335478e-06,"bond_max_error_over_peak":3.0319312768e-06,"bond_force_error_n":0.85670065855,"bond_moment_error_nm":0.685257917041,"bond_force_error_over_input":3.41199016554e-06,"bond_moment_error_over_input":2.89509655105e-06,"zero_bond_reference":false,"recurrence_relative_residual":1.14834820188e-05,"failed":0}
{"trial":5,"passed":false,"iterations":256,"submitted":256,"cuda_solve_ms":89.339363,"wall_solve_ms":89.347838,"force_residual":2.16401597352e-06,"moment_residual":2.66042772413e-06,"bond_relative_error":2.9971335478e-06,"bond_max_error_over_peak":3.0319312768e-06,"bond_force_error_n":0.85670065855,"bond_moment_error_nm":0.685257917041,"bond_force_error_over_input":3.41199016554e-06,"bond_moment_error_over_input":2.89509655105e-06,"zero_bond_reference":false,"recurrence_relative_residual":1.14834820188e-05,"failed":0}
{"fracture_frame":3,"live_bonds":0}
{"topology_and_rhs_update_ms":0.151452,"hierarchy_rebuilt":false,"coupling_reuploaded":false,"graph_recaptured":false}
{"trial":6,"passed":true,"iterations":0,"submitted":0,"cuda_solve_ms":0.010784,"wall_solve_ms":0.016250,"force_residual":0,"moment_residual":0,"bond_relative_error":null,"bond_max_error_over_peak":null,"bond_force_error_n":0,"bond_moment_error_nm":0,"bond_force_error_over_input":0,"bond_moment_error_over_input":0,"zero_bond_reference":true,"recurrence_relative_residual":0,"failed":0}
{"trial":7,"passed":true,"iterations":0,"submitted":0,"cuda_solve_ms":0.009344,"wall_solve_ms":0.014587,"force_residual":0,"moment_residual":0,"bond_relative_error":null,"bond_max_error_over_peak":null,"bond_force_error_n":0,"bond_moment_error_nm":0,"bond_force_error_over_input":0,"bond_moment_error_over_input":0,"zero_bond_reference":true,"recurrence_relative_residual":0,"failed":0}
{"fracture_frame":4,"live_bonds":18627}
{"topology_and_rhs_update_ms":0.209390,"hierarchy_rebuilt":false,"coupling_reuploaded":false,"graph_recaptured":false}
{"trial":8,"passed":true,"iterations":31,"submitted":32,"cuda_solve_ms":10.284704,"wall_solve_ms":10.290316,"force_residual":1.09257110993e-11,"moment_residual":1.37916395478e-11,"bond_relative_error":5.56632811055e-12,"bond_max_error_over_peak":2.34101762125e-12,"bond_force_error_n":2.80168809501e-06,"bond_moment_error_nm":1.89406397643e-06,"bond_force_error_over_input":1.11583108191e-11,"bond_moment_error_over_input":8.0020937362e-12,"zero_bond_reference":false,"recurrence_relative_residual":6.72634971332e-11,"failed":0}
{"trial":9,"passed":true,"iterations":31,"submitted":32,"cuda_solve_ms":10.345376,"wall_solve_ms":10.369074,"force_residual":1.09257110993e-11,"moment_residual":1.37916395478e-11,"bond_relative_error":5.56632811055e-12,"bond_max_error_over_peak":2.34101762125e-12,"bond_force_error_n":2.80168809501e-06,"bond_moment_error_nm":1.89406397643e-06,"bond_force_error_over_input":1.11583108191e-11,"bond_moment_error_over_input":8.0020937362e-12,"zero_bond_reference":false,"recurrence_relative_residual":6.72634971332e-11,"failed":0}
{"fracture_frame":5,"live_bonds":12418}
{"topology_and_rhs_update_ms":0.188051,"hierarchy_rebuilt":false,"coupling_reuploaded":false,"graph_recaptured":false}
{"trial":10,"passed":true,"iterations":157,"submitted":160,"cuda_solve_ms":51.352993,"wall_solve_ms":51.361184,"force_residual":1.745616011e-11,"moment_residual":1.85554278809e-11,"bond_relative_error":9.45665564777e-12,"bond_max_error_over_peak":9.23871848762e-12,"bond_force_error_n":5.85095323165e-06,"bond_moment_error_nm":4.22364341759e-06,"bond_force_error_over_input":2.33026491648e-11,"bond_moment_error_over_input":1.78441652217e-11,"zero_bond_reference":false,"recurrence_relative_residual":9.66299099904e-11,"failed":0}
{"trial":11,"passed":true,"iterations":157,"submitted":160,"cuda_solve_ms":51.406433,"wall_solve_ms":51.414233,"force_residual":1.745616011e-11,"moment_residual":1.85554278809e-11,"bond_relative_error":9.45665564777e-12,"bond_max_error_over_peak":9.23871848762e-12,"bond_force_error_n":5.85095323165e-06,"bond_moment_error_nm":4.22364341759e-06,"bond_force_error_over_input":2.33026491648e-11,"bond_moment_error_over_input":1.78441652217e-11,"zero_bond_reference":false,"recurrence_relative_residual":9.66299099904e-11,"failed":0}
{"fracture_frame":6,"live_bonds":18564}
{"topology_and_rhs_update_ms":0.395067,"hierarchy_rebuilt":false,"coupling_reuploaded":false,"graph_recaptured":false}
{"trial":12,"passed":true,"iterations":54,"submitted":56,"cuda_solve_ms":19.149281,"wall_solve_ms":19.155915,"force_residual":1.34656017139e-11,"moment_residual":1.67767603366e-11,"bond_relative_error":1.97452128903e-11,"bond_max_error_over_peak":8.2596503121e-11,"bond_force_error_n":3.13819961695e-06,"bond_moment_error_nm":2.8666808613e-06,"bond_force_error_over_input":1.24985385778e-11,"bond_moment_error_over_input":1.21112323815e-11,"zero_bond_reference":false,"recurrence_relative_residual":8.06015014142e-11,"failed":0}
{"trial":13,"passed":true,"iterations":54,"submitted":56,"cuda_solve_ms":19.155199,"wall_solve_ms":19.161385,"force_residual":1.34656996253e-11,"moment_residual":1.67768260885e-11,"bond_relative_error":1.97452095428e-11,"bond_max_error_over_peak":8.25967456307e-11,"bond_force_error_n":3.13817446972e-06,"bond_moment_error_nm":2.86668146607e-06,"bond_force_error_over_input":1.24984384237e-11,"bond_moment_error_over_input":1.21112349365e-11,"zero_bond_reference":false,"recurrence_relative_residual":8.06015014142e-11,"failed":0}
{"fracture_frame":7,"live_bonds":18627}
{"topology_and_rhs_update_ms":0.225962,"hierarchy_rebuilt":false,"coupling_reuploaded":false,"graph_recaptured":false}
{"trial":14,"passed":true,"iterations":31,"submitted":32,"cuda_solve_ms":10.318016,"wall_solve_ms":10.324280,"force_residual":1.09257110993e-11,"moment_residual":1.37916395478e-11,"bond_relative_error":5.56632811055e-12,"bond_max_error_over_peak":2.34101762125e-12,"bond_force_error_n":2.80168809501e-06,"bond_moment_error_nm":1.89406397643e-06,"bond_force_error_over_input":1.11583108191e-11,"bond_moment_error_over_input":8.0020937362e-12,"zero_bond_reference":false,"recurrence_relative_residual":6.72634971332e-11,"failed":0}
{"trial":15,"passed":true,"iterations":31,"submitted":32,"cuda_solve_ms":10.313760,"wall_solve_ms":10.320362,"force_residual":1.09257110993e-11,"moment_residual":1.37916395478e-11,"bond_relative_error":5.56632811055e-12,"bond_max_error_over_peak":2.34101762125e-12,"bond_force_error_n":2.80168809501e-06,"bond_moment_error_nm":1.89406397643e-06,"bond_force_error_over_input":1.11583108191e-11,"bond_moment_error_over_input":8.0020937362e-12,"zero_bond_reference":false,"recurrence_relative_residual":6.72634971332e-11,"failed":0}
