{"native_physical_assembly_ms":31.157705,"active_nodes":5936,"bonds":18627,"independent_operator_comparison":true,"native_load_projection":true}
{"galerkin_algorithm":2}
{"gpu_galerkin_context_ms":141.008021}
{"setup_repeat":0,"gpu_galerkin":true,"setup_ms":184.058640,"retained_bytes":360910847,"allocations":26}
{"setup_repeat":1,"gpu_galerkin":true,"setup_ms":142.571084,"retained_bytes":360910847,"allocations":26}
{"setup_repeat":2,"gpu_galerkin":true,"setup_ms":128.634231,"retained_bytes":360910847,"allocations":26}
{"setup_repeat":3,"gpu_galerkin":true,"setup_ms":119.051243,"retained_bytes":360910847,"allocations":26}
{"setup_repeat":4,"gpu_galerkin":true,"setup_ms":119.241878,"retained_bytes":360910847,"allocations":26}
{"setup_repeat":5,"gpu_galerkin":true,"setup_ms":117.969697,"retained_bytes":360910847,"allocations":26}
{"setup_repeat":6,"gpu_galerkin":true,"setup_ms":128.201545,"retained_bytes":360910847,"allocations":26}
{"setup_repeat":7,"gpu_galerkin":true,"setup_ms":123.101340,"retained_bytes":360910847,"allocations":26}
{"gpu_hierarchy_reference_check":true,"coarse_inverse_relative_error":1.96551656494e-12}
{"native_hierarchy_setup_ms":123.101340,"basis_reconstruction_error":6.38176246387e-17,"levels":3,"coarse_rows":96}
{"native_level":0,"rows":35616,"nnz":827552,"coarse_rows":5100,"omega":0.483457107955,"eigenvalue_upper_bound":2.75791442797,"diagonal_ms":2.441580,"spectral_bound_ms":12.601063,"aggregate_ms":5.157201,"interpolation_ms":7.218973,"galerkin_ms":25.871594}
{"native_level":1,"rows":5100,"nnz":890280,"coarse_rows":738,"omega":0.430145208696,"eigenvalue_upper_bound":3.09972843212,"diagonal_ms":0.415565,"spectral_bound_ms":6.749368,"aggregate_ms":0.758864,"interpolation_ms":4.969050,"galerkin_ms":13.832678}
{"native_level":2,"rows":738,"nnz":225180,"coarse_rows":96,"omega":0.438084405917,"eigenvalue_upper_bound":3.04355351463,"diagonal_ms":0.058939,"spectral_bound_ms":1.470912,"aggregate_ms":0.087032,"interpolation_ms":0.681219,"galerkin_ms":2.006510}
{"resident_bond_operator":true,"gpu_rigid_projector":true}
{"gpu":"NVIDIA GeForce RTX 4090","operator":"double","preconditioner_storage":"float","preconditioner_arithmetic":"float","outer_vectors_and_reductions":"double","cuda_graph":true,"device_context_upload_graph_ms":11.650762,"rows":35616,"free":false,"levels":3,"scope":"standalone hierarchy validation; no game integration"}
{"trial":0,"passed":true,"iterations":34,"submitted":40,"cuda_solve_ms":7.498944,"wall_solve_ms":7.509074,"force_residual":1.40924878964e-11,"moment_residual":1.69530202894e-11,"bond_relative_error":2.93350928055e-12,"bond_max_error_over_peak":2.86731063723e-12,"bond_force_error_n":0.000145645602047,"bond_moment_error_nm":3.54425851811e-05,"bond_force_error_over_input":1.04948179966e-10,"bond_moment_error_over_input":2.70915122615e-11,"zero_bond_reference":false,"recurrence_relative_residual":8.52713613411e-11,"failed":0}
{"trial":1,"passed":true,"iterations":34,"submitted":40,"cuda_solve_ms":7.503200,"wall_solve_ms":7.510096,"force_residual":1.40924878964e-11,"moment_residual":1.69530202894e-11,"bond_relative_error":2.93350928055e-12,"bond_max_error_over_peak":2.86731063723e-12,"bond_force_error_n":0.000145645602047,"bond_moment_error_nm":3.54425851811e-05,"bond_force_error_over_input":1.04948179966e-10,"bond_moment_error_over_input":2.70915122615e-11,"zero_bond_reference":false,"recurrence_relative_residual":8.52713613411e-11,"failed":0}
{"trial":2,"passed":true,"iterations":34,"submitted":40,"cuda_solve_ms":7.477824,"wall_solve_ms":7.486472,"force_residual":1.40924878964e-11,"moment_residual":1.69530202894e-11,"bond_relative_error":2.93350928055e-12,"bond_max_error_over_peak":2.86731063723e-12,"bond_force_error_n":0.000145645602047,"bond_moment_error_nm":3.54425851811e-05,"bond_force_error_over_input":1.04948179966e-10,"bond_moment_error_over_input":2.70915122615e-11,"zero_bond_reference":false,"recurrence_relative_residual":8.52713613411e-11,"failed":0}
{"trial":3,"passed":true,"iterations":34,"submitted":40,"cuda_solve_ms":7.475968,"wall_solve_ms":7.482164,"force_residual":1.40924878964e-11,"moment_residual":1.69530202894e-11,"bond_relative_error":2.93350928055e-12,"bond_max_error_over_peak":2.86731063723e-12,"bond_force_error_n":0.000145645602047,"bond_moment_error_nm":3.54425851811e-05,"bond_force_error_over_input":1.04948179966e-10,"bond_moment_error_over_input":2.70915122615e-11,"zero_bond_reference":false,"recurrence_relative_residual":8.52713613411e-11,"failed":0}
