{"native_physical_assembly_ms":31.107662,"active_nodes":5936,"bonds":18627,"independent_operator_comparison":true,"native_load_projection":true}
{"galerkin_algorithm":1}
{"gpu_galerkin_context_ms":138.966266}
{"setup_repeat":0,"gpu_galerkin":true,"setup_ms":190.368328,"retained_bytes":1792006010,"allocations":22}
{"setup_repeat":1,"gpu_galerkin":true,"setup_ms":137.737717,"retained_bytes":1792006010,"allocations":22}
{"setup_repeat":2,"gpu_galerkin":true,"setup_ms":119.511791,"retained_bytes":1792006010,"allocations":22}
{"setup_repeat":3,"gpu_galerkin":true,"setup_ms":115.491258,"retained_bytes":1792006010,"allocations":22}
{"setup_repeat":4,"gpu_galerkin":true,"setup_ms":116.475001,"retained_bytes":1792006010,"allocations":22}
{"setup_repeat":5,"gpu_galerkin":true,"setup_ms":113.058435,"retained_bytes":1792006010,"allocations":22}
{"setup_repeat":6,"gpu_galerkin":true,"setup_ms":123.299770,"retained_bytes":1792006010,"allocations":22}
{"setup_repeat":7,"gpu_galerkin":true,"setup_ms":120.687632,"retained_bytes":1792006010,"allocations":22}
{"gpu_hierarchy_reference_check":true,"coarse_inverse_relative_error":1.96551656494e-12}
{"native_hierarchy_setup_ms":120.687632,"basis_reconstruction_error":6.38176246387e-17,"levels":3,"coarse_rows":96}
{"native_level":0,"rows":35616,"nnz":827552,"coarse_rows":5100,"omega":0.483457107955,"eigenvalue_upper_bound":2.75791442797,"diagonal_ms":2.432563,"spectral_bound_ms":11.155680,"aggregate_ms":5.138696,"interpolation_ms":7.116633,"galerkin_ms":25.612772}
{"native_level":1,"rows":5100,"nnz":890280,"coarse_rows":738,"omega":0.430145208696,"eigenvalue_upper_bound":3.09972843212,"diagonal_ms":0.404454,"spectral_bound_ms":6.314918,"aggregate_ms":0.622110,"interpolation_ms":4.804122,"galerkin_ms":14.223537}
{"native_level":2,"rows":738,"nnz":225180,"coarse_rows":96,"omega":0.438084405917,"eigenvalue_upper_bound":3.04355351463,"diagonal_ms":0.060603,"spectral_bound_ms":1.498884,"aggregate_ms":0.088685,"interpolation_ms":0.692100,"galerkin_ms":1.904399}
{"resident_bond_operator":true,"gpu_rigid_projector":true}
{"gpu":"NVIDIA GeForce RTX 4090","operator":"double","preconditioner_storage":"float","preconditioner_arithmetic":"float","outer_vectors_and_reductions":"double","cuda_graph":true,"device_context_upload_graph_ms":25.028944,"rows":35616,"free":false,"levels":3,"scope":"standalone hierarchy validation; no game integration"}
{"trial":0,"passed":true,"iterations":34,"submitted":40,"cuda_solve_ms":7.500800,"wall_solve_ms":7.509865,"force_residual":1.40924878964e-11,"moment_residual":1.69530202894e-11,"bond_relative_error":2.93350928055e-12,"bond_max_error_over_peak":2.86731063723e-12,"bond_force_error_n":0.000145645602047,"bond_moment_error_nm":3.54425851811e-05,"bond_force_error_over_input":1.04948179966e-10,"bond_moment_error_over_input":2.70915122615e-11,"zero_bond_reference":false,"recurrence_relative_residual":8.52713613411e-11,"failed":0}
{"trial":1,"passed":true,"iterations":34,"submitted":40,"cuda_solve_ms":7.482784,"wall_solve_ms":7.489407,"force_residual":1.40924878964e-11,"moment_residual":1.69530202894e-11,"bond_relative_error":2.93350928055e-12,"bond_max_error_over_peak":2.86731063723e-12,"bond_force_error_n":0.000145645602047,"bond_moment_error_nm":3.54425851811e-05,"bond_force_error_over_input":1.04948179966e-10,"bond_moment_error_over_input":2.70915122615e-11,"zero_bond_reference":false,"recurrence_relative_residual":8.52713613411e-11,"failed":0}
{"trial":2,"passed":true,"iterations":34,"submitted":40,"cuda_solve_ms":7.484864,"wall_solve_ms":7.490589,"force_residual":1.40924878964e-11,"moment_residual":1.69530202894e-11,"bond_relative_error":2.93350928055e-12,"bond_max_error_over_peak":2.86731063723e-12,"bond_force_error_n":0.000145645602047,"bond_moment_error_nm":3.54425851811e-05,"bond_force_error_over_input":1.04948179966e-10,"bond_moment_error_over_input":2.70915122615e-11,"zero_bond_reference":false,"recurrence_relative_residual":8.52713613411e-11,"failed":0}
{"trial":3,"passed":true,"iterations":34,"submitted":40,"cuda_solve_ms":7.491072,"wall_solve_ms":7.496931,"force_residual":1.40924878964e-11,"moment_residual":1.69530202894e-11,"bond_relative_error":2.93350928055e-12,"bond_max_error_over_peak":2.86731063723e-12,"bond_force_error_n":0.000145645602047,"bond_moment_error_nm":3.54425851811e-05,"bond_force_error_over_input":1.04948179966e-10,"bond_moment_error_over_input":2.70915122615e-11,"zero_bond_reference":false,"recurrence_relative_residual":8.52713613411e-11,"failed":0}
