{"native_physical_assembly_ms":31.337661,"active_nodes":5936,"bonds":18627,"independent_operator_comparison":true,"native_load_projection":true}
{"galerkin_algorithm":3}
{"gpu_galerkin_context_ms":148.501647}
{"setup_repeat":0,"gpu_galerkin":true,"setup_ms":193.394749,"retained_bytes":514641392,"allocations":25}
{"setup_repeat":1,"gpu_galerkin":true,"setup_ms":151.635246,"retained_bytes":514641392,"allocations":25}
{"setup_repeat":2,"gpu_galerkin":true,"setup_ms":137.197861,"retained_bytes":514641392,"allocations":25}
{"setup_repeat":3,"gpu_galerkin":true,"setup_ms":154.020241,"retained_bytes":514641392,"allocations":25}
{"setup_repeat":4,"gpu_galerkin":true,"setup_ms":131.397531,"retained_bytes":514641392,"allocations":25}
{"setup_repeat":5,"gpu_galerkin":true,"setup_ms":140.462094,"retained_bytes":514641392,"allocations":25}
{"setup_repeat":6,"gpu_galerkin":true,"setup_ms":135.240714,"retained_bytes":514641392,"allocations":25}
{"setup_repeat":7,"gpu_galerkin":true,"setup_ms":136.544484,"retained_bytes":514641392,"allocations":25}
{"gpu_hierarchy_reference_check":true,"coarse_inverse_relative_error":2.10815370855e-12}
{"native_hierarchy_setup_ms":136.544484,"basis_reconstruction_error":6.38176246387e-17,"levels":3,"coarse_rows":96}
{"native_level":0,"rows":35616,"nnz":827552,"coarse_rows":5100,"omega":0.483457107955,"eigenvalue_upper_bound":2.75791442797,"diagonal_ms":2.438595,"spectral_bound_ms":11.120674,"aggregate_ms":5.045864,"interpolation_ms":7.466705,"galerkin_ms":33.457601}
{"native_level":1,"rows":5100,"nnz":890280,"coarse_rows":738,"omega":0.430145208696,"eigenvalue_upper_bound":3.09972843212,"diagonal_ms":0.417578,"spectral_bound_ms":6.310110,"aggregate_ms":0.605058,"interpolation_ms":4.041531,"galerkin_ms":17.049524}
{"native_level":2,"rows":738,"nnz":225180,"coarse_rows":96,"omega":0.438084405917,"eigenvalue_upper_bound":3.04355351463,"diagonal_ms":0.061815,"spectral_bound_ms":1.493544,"aggregate_ms":0.087523,"interpolation_ms":0.684656,"galerkin_ms":4.886717}
{"resident_bond_operator":true,"gpu_rigid_projector":true}
{"gpu":"NVIDIA GeForce RTX 4090","operator":"double","preconditioner_storage":"float","preconditioner_arithmetic":"float","outer_vectors_and_reductions":"double","cuda_graph":true,"device_context_upload_graph_ms":11.322059,"rows":35616,"free":false,"levels":3,"scope":"standalone hierarchy validation; no game integration"}
{"trial":0,"passed":true,"iterations":34,"submitted":40,"cuda_solve_ms":7.495840,"wall_solve_ms":7.505337,"force_residual":1.41790583919e-11,"moment_residual":1.69314780527e-11,"bond_relative_error":2.9334741817e-12,"bond_max_error_over_peak":2.86712496666e-12,"bond_force_error_n":0.000145657878063,"bond_moment_error_nm":3.54423128458e-05,"bond_force_error_over_input":1.04957025722e-10,"bond_moment_error_over_input":2.70913040945e-11,"zero_bond_reference":false,"recurrence_relative_residual":8.52712675557e-11,"failed":0}
{"trial":1,"passed":true,"iterations":34,"submitted":40,"cuda_solve_ms":7.486720,"wall_solve_ms":7.492853,"force_residual":1.41790583919e-11,"moment_residual":1.69314780527e-11,"bond_relative_error":2.9334741817e-12,"bond_max_error_over_peak":2.86712496666e-12,"bond_force_error_n":0.000145657878063,"bond_moment_error_nm":3.54423128458e-05,"bond_force_error_over_input":1.04957025722e-10,"bond_moment_error_over_input":2.70913040945e-11,"zero_bond_reference":false,"recurrence_relative_residual":8.52712675557e-11,"failed":0}
{"trial":2,"passed":true,"iterations":34,"submitted":40,"cuda_solve_ms":7.486400,"wall_solve_ms":7.492673,"force_residual":1.41790583919e-11,"moment_residual":1.69314780527e-11,"bond_relative_error":2.9334741817e-12,"bond_max_error_over_peak":2.86712496666e-12,"bond_force_error_n":0.000145657878063,"bond_moment_error_nm":3.54423128458e-05,"bond_force_error_over_input":1.04957025722e-10,"bond_moment_error_over_input":2.70913040945e-11,"zero_bond_reference":false,"recurrence_relative_residual":8.52712675557e-11,"failed":0}
{"trial":3,"passed":true,"iterations":34,"submitted":40,"cuda_solve_ms":7.488032,"wall_solve_ms":7.493595,"force_residual":1.41790583919e-11,"moment_residual":1.69314780527e-11,"bond_relative_error":2.9334741817e-12,"bond_max_error_over_peak":2.86712496666e-12,"bond_force_error_n":0.000145657878063,"bond_moment_error_nm":3.54423128458e-05,"bond_force_error_over_input":1.04957025722e-10,"bond_moment_error_over_input":2.70913040945e-11,"zero_bond_reference":false,"recurrence_relative_residual":8.52712675557e-11,"failed":0}
