{"native_physical_assembly_ms":34.623554,"active_nodes":5936,"bonds":18564,"independent_operator_comparison":true,"native_load_projection":true}
{"galerkin_algorithm":1}
{"gpu_galerkin_context_ms":141.558618}
{"setup_repeat":0,"gpu_galerkin":true,"setup_ms":189.198570,"retained_bytes":1791998954,"allocations":22}
{"setup_repeat":1,"gpu_galerkin":true,"setup_ms":139.802086,"retained_bytes":1791998954,"allocations":22}
{"setup_repeat":2,"gpu_galerkin":true,"setup_ms":121.164873,"retained_bytes":1791998954,"allocations":22}
{"setup_repeat":3,"gpu_galerkin":true,"setup_ms":118.684010,"retained_bytes":1791998954,"allocations":22}
{"setup_repeat":4,"gpu_galerkin":true,"setup_ms":119.537660,"retained_bytes":1791998954,"allocations":22}
{"setup_repeat":5,"gpu_galerkin":true,"setup_ms":116.181235,"retained_bytes":1791998954,"allocations":22}
{"setup_repeat":6,"gpu_galerkin":true,"setup_ms":124.925261,"retained_bytes":1791998954,"allocations":22}
{"setup_repeat":7,"gpu_galerkin":true,"setup_ms":120.488883,"retained_bytes":1791998954,"allocations":22}
{"gpu_hierarchy_reference_check":true,"coarse_inverse_relative_error":2.5354855388e-14}
{"native_hierarchy_setup_ms":120.488883,"basis_reconstruction_error":6.15321854078e-17,"levels":3,"coarse_rows":96}
{"native_level":0,"rows":35616,"nnz":827552,"coarse_rows":5100,"omega":0.480879752214,"eigenvalue_upper_bound":2.77269593322,"diagonal_ms":2.515869,"spectral_bound_ms":11.210241,"aggregate_ms":5.315015,"interpolation_ms":7.159482,"galerkin_ms":26.976073}
{"native_level":1,"rows":5100,"nnz":890280,"coarse_rows":738,"omega":0.430581738721,"eigenvalue_upper_bound":3.09658588238,"diagonal_ms":0.413981,"spectral_bound_ms":6.371745,"aggregate_ms":0.608444,"interpolation_ms":3.892874,"galerkin_ms":11.908944}
{"native_level":2,"rows":738,"nnz":225180,"coarse_rows":96,"omega":0.43781278245,"eigenvalue_upper_bound":3.04544176594,"diagonal_ms":0.056304,"spectral_bound_ms":1.477805,"aggregate_ms":0.086841,"interpolation_ms":0.697190,"galerkin_ms":1.858553}
{"resident_bond_operator":true,"gpu_rigid_projector":true}
{"gpu":"NVIDIA GeForce RTX 4090","operator":"double","preconditioner_storage":"float","preconditioner_arithmetic":"float","outer_vectors_and_reductions":"double","cuda_graph":true,"device_context_upload_graph_ms":25.369449,"rows":35616,"free":true,"levels":3,"scope":"standalone hierarchy validation; no game integration"}
{"trial":0,"passed":true,"iterations":31,"submitted":32,"cuda_solve_ms":7.151936,"wall_solve_ms":7.160975,"force_residual":9.00571600215e-12,"moment_residual":1.12504811659e-11,"bond_relative_error":1.4348893144e-11,"bond_max_error_over_peak":2.07096977092e-11,"bond_force_error_n":3.86299671605e-06,"bond_moment_error_nm":3.04614165153e-06,"bond_force_error_over_input":1.56597000867e-11,"bond_moment_error_over_input":1.30944214155e-11,"zero_bond_reference":false,"recurrence_relative_residual":5.24218270441e-11,"failed":0}
{"trial":1,"passed":true,"iterations":31,"submitted":32,"cuda_solve_ms":7.138272,"wall_solve_ms":7.144414,"force_residual":9.00579870843e-12,"moment_residual":1.12502377434e-11,"bond_relative_error":1.43488196325e-11,"bond_max_error_over_peak":2.07094044922e-11,"bond_force_error_n":3.86295730393e-06,"bond_moment_error_nm":3.04613224763e-06,"bond_force_error_over_input":1.5659540319e-11,"bond_moment_error_over_input":1.30943809911e-11,"zero_bond_reference":false,"recurrence_relative_residual":5.24218510062e-11,"failed":0}
{"trial":2,"passed":true,"iterations":31,"submitted":32,"cuda_solve_ms":7.135424,"wall_solve_ms":7.141469,"force_residual":9.00400496448e-12,"moment_residual":1.12505474728e-11,"bond_relative_error":1.43488141262e-11,"bond_max_error_over_peak":2.07094777965e-11,"bond_force_error_n":3.86291977729e-06,"bond_moment_error_nm":3.04613884686e-06,"bond_force_error_over_input":1.56593881947e-11,"bond_moment_error_over_input":1.30944093591e-11,"zero_bond_reference":false,"recurrence_relative_residual":5.24218321442e-11,"failed":0}
{"trial":3,"passed":true,"iterations":31,"submitted":32,"cuda_solve_ms":7.133440,"wall_solve_ms":7.139485,"force_residual":9.00578514763e-12,"moment_residual":1.12505204657e-11,"bond_relative_error":1.43487943763e-11,"bond_max_error_over_peak":2.0709624405e-11,"bond_force_error_n":3.86290416694e-06,"bond_moment_error_nm":3.04614019324e-06,"bond_force_error_over_input":1.56593249139e-11,"bond_moment_error_over_input":1.30944151468e-11,"zero_bond_reference":false,"recurrence_relative_residual":5.24218565886e-11,"failed":0}
