scene destruction/assets/scenes/fractured-downtown.json | structures 4 | chunks 86966 | bonds 267992
[destruction] CUDA stress solver active; configured iteration budget 32. Convergence depends on the current load and topology.
tick      0  bodies    108  awake      0  broken       0  solve 383.01 ms  | begin 0.60 solve 158.69 end 200.37 readback 5.26 events 3.18 filters 10.53 ccd 0.00 support 0.00 shape 4.37 => gap 0.01 ms  quiet 4  pairs 0
            topo 200.35 (frac 199.03 + valid 1.32)                   pts/pair 0.00  islands skipped 0/216 (0%)
            fracture: gen 2.96 prep 6.38 apply 3.50 scene 187.00 rebuild 0.00 valid 1.32 | rest -0.81
            physx step 40.86 ms avg over 1 ticks  (last: gpu_wait 12.97 fetch_copy 7.88, contacts hw 0)
tick    300  bodies   2820  awake   2652  broken   10434  solve 6.14 ms  | begin 0.61 solve 3.42 end 1.17 readback 0.09 events 0.00 filters 0.00 ccd 0.00 support 0.85 shape 0.00 => gap 0.00 ms  quiet 1602  pairs 3718
            topo 0.98 (frac 0.98 + valid 0.00)                   pts/pair 0.35  islands skipped 3329/172977 (2%)
            fracture: gen 0.52 prep 0.00 apply 0.00 scene 0.00 rebuild 0.00 valid 0.00 | rest 0.46
            physx step 4.27 ms avg over 300 ticks  (last: gpu_wait 4.48 fetch_copy 1.24, contacts hw 40767)
[bs-phase] calls=599 per-call ms: upload 0.133 kernel 0.073 readback 0.036 | prep 0.134 enqueue 0.107 sync 0.024 | host total 0.283 | skipped 0 of 599 | up 0.36 MB down 0.05 MB | PROBE empty 0.000 nullkernel1 0.000 nullkernel2 0.000 copy4B 0.000
[bond-stress-gpu] ticks=600 attempts=599 ranOnDevice=599 checks=0 MISMATCHES=0 (count=0 removeSize=0 removeOrder=0 mask=0) firstBadTick=0 lastBadTick=0 refuse(noSolver=0 stale=0 pendingTopo=0 csr=0) STRESS_MISMATCH=0/0 big=0 maxRel=0.000e+00 BEND_MISMATCH=0 bendMaxRel=0.000e+00 OVERSET_MISMATCH=0/0 compactHits=64035 misses=0 IMPULSE=0/0 impMaxRel=0.000e+00 PAYLOAD(n=0 node=0 normal=0 disp=0 centroid=0)
[bs-phase] calls=599 per-call ms: upload 0.137 kernel 0.073 readback 0.028 | prep 0.129 enqueue 0.100 sync 0.019 | host total 0.263 | skipped 0 of 599 | up 0.49 MB down 0.06 MB | PROBE empty 0.000 nullkernel1 0.000 nullkernel2 0.000 copy4B 0.000
[bond-stress-gpu] ticks=600 attempts=599 ranOnDevice=599 checks=0 MISMATCHES=0 (count=0 removeSize=0 removeOrder=0 mask=0) firstBadTick=0 lastBadTick=0 refuse(noSolver=0 stale=0 pendingTopo=0 csr=0) STRESS_MISMATCH=0/0 big=0 maxRel=0.000e+00 BEND_MISMATCH=0 bendMaxRel=0.000e+00 OVERSET_MISMATCH=0/0 compactHits=74774 misses=0 IMPULSE=0/0 impMaxRel=0.000e+00 PAYLOAD(n=0 node=0 normal=0 disp=0 centroid=0)
[bs-phase] calls=599 per-call ms: upload 0.134 kernel 0.069 readback 0.021 | prep 0.122 enqueue 0.094 sync 0.017 | host total 0.248 | skipped 0 of 599 | up 0.55 MB down 0.06 MB | PROBE empty 0.000 nullkernel1 0.000 nullkernel2 0.000 copy4B 0.000
[bond-stress-gpu] ticks=600 attempts=599 ranOnDevice=599 checks=0 MISMATCHES=0 (count=0 removeSize=0 removeOrder=0 mask=0) firstBadTick=0 lastBadTick=0 refuse(noSolver=0 stale=0 pendingTopo=0 csr=0) STRESS_MISMATCH=0/0 big=0 maxRel=0.000e+00 BEND_MISMATCH=0 bendMaxRel=0.000e+00 OVERSET_MISMATCH=0/0 compactHits=80300 misses=0 IMPULSE=0/0 impMaxRel=0.000e+00 PAYLOAD(n=0 node=0 normal=0 disp=0 centroid=0)
[bs-phase] calls=599 per-call ms: upload 0.155 kernel 0.286 readback 0.019 | prep 0.139 enqueue 0.312 sync 0.013 | host total 0.475 | skipped 0 of 599 | up 0.80 MB down 0.14 MB | PROBE empty 0.000 nullkernel1 0.000 nullkernel2 0.000 copy4B 0.000
[bond-stress-gpu] ticks=600 attempts=599 ranOnDevice=599 checks=0 MISMATCHES=0 (count=0 removeSize=0 removeOrder=0 mask=0) firstBadTick=0 lastBadTick=0 refuse(noSolver=0 stale=0 pendingTopo=0 csr=0) STRESS_MISMATCH=0/0 big=0 maxRel=0.000e+00 BEND_MISMATCH=0 bendMaxRel=0.000e+00 OVERSET_MISMATCH=0/0 compactHits=151219 misses=0 IMPULSE=0/0 impMaxRel=0.000e+00 PAYLOAD(n=0 node=0 normal=0 disp=0 centroid=0)
tick    600  bodies   3388  awake   3007  broken   12112  solve 6.79 ms  | begin 0.67 solve 3.44 end 1.04 readback 0.13 events 0.00 filters 0.00 ccd 0.00 support 1.50 shape 0.00 => gap 0.00 ms  quiet 3231  pairs 7214
            topo 1.04 (frac 1.04 + valid 0.00)                   pts/pair 0.34  islands skipped 7273/283036 (3%)
            fracture: gen 0.48 prep 0.00 apply 0.00 scene 0.00 rebuild 0.00 valid 0.00 | rest 0.56
            physx step 8.26 ms avg over 300 ticks  (last: gpu_wait 6.17 fetch_copy 1.05, contacts hw 42973)
[bs-phase] calls=1199 per-call ms: upload 0.136 kernel 0.055 readback 0.038 | prep 0.139 enqueue 0.093 sync 0.024 | host total 0.272 | skipped 0 of 1199 | up 0.33 MB down 0.05 MB | PROBE empty 0.000 nullkernel1 0.000 nullkernel2 0.000 copy4B 0.000
[bond-stress-gpu] ticks=1200 attempts=1199 ranOnDevice=1199 checks=0 MISMATCHES=0 (count=0 removeSize=0 removeOrder=0 mask=0) firstBadTick=0 lastBadTick=0 refuse(noSolver=0 stale=0 pendingTopo=0 csr=0) STRESS_MISMATCH=0/0 big=0 maxRel=0.000e+00 BEND_MISMATCH=0 bendMaxRel=0.000e+00 OVERSET_MISMATCH=0/0 compactHits=102809 misses=0 IMPULSE=0/0 impMaxRel=0.000e+00 PAYLOAD(n=0 node=0 normal=0 disp=0 centroid=0)
[bs-phase] calls=1199 per-call ms: upload 0.134 kernel 0.052 readback 0.026 | prep 0.126 enqueue 0.080 sync 0.015 | host total 0.234 | skipped 0 of 1199 | up 0.45 MB down 0.06 MB | PROBE empty 0.000 nullkernel1 0.000 nullkernel2 0.000 copy4B 0.000
[bond-stress-gpu] ticks=1200 attempts=1199 ranOnDevice=1199 checks=0 MISMATCHES=0 (count=0 removeSize=0 removeOrder=0 mask=0) firstBadTick=0 lastBadTick=0 refuse(noSolver=0 stale=0 pendingTopo=0 csr=0) STRESS_MISMATCH=0/0 big=0 maxRel=0.000e+00 BEND_MISMATCH=0 bendMaxRel=0.000e+00 OVERSET_MISMATCH=0/0 compactHits=133039 misses=0 IMPULSE=0/0 impMaxRel=0.000e+00 PAYLOAD(n=0 node=0 normal=0 disp=0 centroid=0)
[bs-phase] calls=1199 per-call ms: upload 0.152 kernel 0.174 readback 0.019 | prep 0.137 enqueue 0.199 sync 0.013 | host total 0.361 | skipped 0 of 1199 | up 0.72 MB down 0.13 MB | PROBE empty 0.000 nullkernel1 0.000 nullkernel2 0.000 copy4B 0.000
[bond-stress-gpu] ticks=1200 attempts=1199 ranOnDevice=1199 checks=0 MISMATCHES=0 (count=0 removeSize=0 removeOrder=0 mask=0) firstBadTick=0 lastBadTick=0 refuse(noSolver=0 stale=0 pendingTopo=0 csr=0) STRESS_MISMATCH=0/0 big=0 maxRel=0.000e+00 BEND_MISMATCH=0 bendMaxRel=0.000e+00 OVERSET_MISMATCH=0/0 compactHits=258186 misses=0 IMPULSE=0/0 impMaxRel=0.000e+00 PAYLOAD(n=0 node=0 normal=0 disp=0 centroid=0)
[bs-phase] calls=1199 per-call ms: upload 0.127 kernel 0.050 readback 0.020 | prep 0.115 enqueue 0.074 sync 0.015 | host total 0.217 | skipped 0 of 1199 | up 0.50 MB down 0.06 MB | PROBE empty 0.000 nullkernel1 0.000 nullkernel2 0.000 copy4B 0.000
[bond-stress-gpu] ticks=1200 attempts=1199 ranOnDevice=1199 checks=0 MISMATCHES=0 (count=0 removeSize=0 removeOrder=0 mask=0) firstBadTick=0 lastBadTick=0 refuse(noSolver=0 stale=0 pendingTopo=0 csr=0) STRESS_MISMATCH=0/0 big=0 maxRel=0.000e+00 BEND_MISMATCH=0 bendMaxRel=0.000e+00 OVERSET_MISMATCH=0/0 compactHits=147633 misses=0 IMPULSE=0/0 impMaxRel=0.000e+00 PAYLOAD(n=0 node=0 normal=0 disp=0 centroid=0)
tick    900  bodies   3791  awake   3079  broken   13478  solve 11.96 ms  | begin 0.72 solve 3.83 end 2.58 readback 0.45 events 1.26 filters 1.03 ccd 0.00 support 1.47 shape 0.62 => gap 0.00 ms  quiet 4676  pairs 7056
            topo 2.52 (frac 1.60 + valid 0.92)                   pts/pair 0.31  islands skipped 11587/223496 (5%)
            fracture: gen 0.33 prep 0.15 apply 0.49 scene 0.50 rebuild 0.00 valid 0.92 | rest 0.12
            physx step 9.11 ms avg over 300 ticks  (last: gpu_wait 6.18 fetch_copy 1.09, contacts hw 42973)
tick   1200  bodies   4392  awake   3459  broken   15803  solve 12.59 ms  | begin 1.03 solve 3.50 end 2.11 readback 0.75 events 1.35 filters 1.08 ccd 0.00 support 1.93 shape 0.84 => gap 0.00 ms  quiet 6163  pairs 9475
            topo 1.75 (frac 1.75 + valid 0.00)                   pts/pair 0.27  islands skipped 14126/266193 (5%)
            fracture: gen 0.52 prep 0.11 apply 0.62 scene 0.35 rebuild 0.00 valid 0.00 | rest 0.15
            physx step 9.57 ms avg over 300 ticks  (last: gpu_wait 7.11 fetch_copy 1.30, contacts hw 56449)
[bs-phase] calls=1799 per-call ms: upload 0.130 kernel 0.048 readback 0.039 | prep 0.134 enqueue 0.087 sync 0.025 | host total 0.261 | skipped 0 of 1799 | up 0.31 MB down 0.04 MB | PROBE empty 0.000 nullkernel1 0.000 nullkernel2 0.000 copy4B 0.000
[bond-stress-gpu] ticks=1800 attempts=1799 ranOnDevice=1799 checks=0 MISMATCHES=0 (count=0 removeSize=0 removeOrder=0 mask=0) firstBadTick=0 lastBadTick=0 refuse(noSolver=0 stale=0 pendingTopo=0 csr=0) STRESS_MISMATCH=0/0 big=0 maxRel=0.000e+00 BEND_MISMATCH=0 bendMaxRel=0.000e+00 OVERSET_MISMATCH=0/0 compactHits=140284 misses=0 IMPULSE=0/0 impMaxRel=0.000e+00 PAYLOAD(n=0 node=0 normal=0 disp=0 centroid=0)
[bs-phase] calls=1799 per-call ms: upload 0.121 kernel 0.042 readback 0.020 | prep 0.110 enqueue 0.066 sync 0.015 | host total 0.202 | skipped 0 of 1799 | up 0.47 MB down 0.06 MB | PROBE empty 0.000 nullkernel1 0.000 nullkernel2 0.000 copy4B 0.000
[bond-stress-gpu] ticks=1800 attempts=1799 ranOnDevice=1799 checks=0 MISMATCHES=0 (count=0 removeSize=0 removeOrder=0 mask=0) firstBadTick=0 lastBadTick=0 refuse(noSolver=0 stale=0 pendingTopo=0 csr=0) STRESS_MISMATCH=0/0 big=0 maxRel=0.000e+00 BEND_MISMATCH=0 bendMaxRel=0.000e+00 OVERSET_MISMATCH=0/0 compactHits=200405 misses=0 IMPULSE=0/0 impMaxRel=0.000e+00 PAYLOAD(n=0 node=0 normal=0 disp=0 centroid=0)
[bs-phase] calls=1799 per-call ms: upload 0.130 kernel 0.043 readback 0.025 | prep 0.122 enqueue 0.071 sync 0.013 | host total 0.218 | skipped 0 of 1799 | up 0.42 MB down 0.06 MB | PROBE empty 0.000 nullkernel1 0.000 nullkernel2 0.000 copy4B 0.000
[bond-stress-gpu] ticks=1800 attempts=1799 ranOnDevice=1799 checks=0 MISMATCHES=0 (count=0 removeSize=0 removeOrder=0 mask=0) firstBadTick=0 lastBadTick=0 refuse(noSolver=0 stale=0 pendingTopo=0 csr=0) STRESS_MISMATCH=0/0 big=0 maxRel=0.000e+00 BEND_MISMATCH=0 bendMaxRel=0.000e+00 OVERSET_MISMATCH=0/0 compactHits=184593 misses=0 IMPULSE=0/0 impMaxRel=0.000e+00 PAYLOAD(n=0 node=0 normal=0 disp=0 centroid=0)
[bs-phase] calls=1799 per-call ms: upload 0.148 kernel 0.142 readback 0.019 | prep 0.132 enqueue 0.167 sync 0.014 | host total 0.324 | skipped 0 of 1799 | up 0.67 MB down 0.13 MB | PROBE empty 0.000 nullkernel1 0.000 nullkernel2 0.000 copy4B 0.000
[bond-stress-gpu] ticks=1800 attempts=1799 ranOnDevice=1799 checks=0 MISMATCHES=0 (count=0 removeSize=0 removeOrder=0 mask=0) firstBadTick=0 lastBadTick=0 refuse(noSolver=0 stale=0 pendingTopo=0 csr=0) STRESS_MISMATCH=0/0 big=0 maxRel=0.000e+00 BEND_MISMATCH=0 bendMaxRel=0.000e+00 OVERSET_MISMATCH=0/0 compactHits=408324 misses=0 IMPULSE=0/0 impMaxRel=0.000e+00 PAYLOAD(n=0 node=0 normal=0 disp=0 centroid=0)
tick   1500  bodies   4764  awake   3765  broken   17222  solve 11.27 ms  | begin 1.07 solve 3.51 end 1.77 readback 0.64 events 1.29 filters 1.01 ccd 0.00 support 1.22 shape 0.77 => gap 0.00 ms  quiet 7674  pairs 10546
            topo 1.42 (frac 1.42 + valid 0.00)                   pts/pair 0.37  islands skipped 13765/324802 (4%)
            fracture: gen 0.36 prep 0.04 apply 0.67 scene 0.25 rebuild 0.00 valid 0.00 | rest 0.10
            physx step 11.31 ms avg over 300 ticks  (last: gpu_wait 8.39 fetch_copy 1.47, contacts hw 57635)
[bs-phase] calls=2399 per-call ms: upload 0.126 kernel 0.044 readback 0.039 | prep 0.132 enqueue 0.084 sync 0.026 | host total 0.254 | skipped 0 of 2399 | up 0.30 MB down 0.04 MB | PROBE empty 0.000 nullkernel1 0.000 nullkernel2 0.000 copy4B 0.000
[bond-stress-gpu] ticks=2400 attempts=2399 ranOnDevice=2399 checks=0 MISMATCHES=0 (count=0 removeSize=0 removeOrder=0 mask=0) firstBadTick=0 lastBadTick=0 refuse(noSolver=0 stale=0 pendingTopo=0 csr=0) STRESS_MISMATCH=0/0 big=0 maxRel=0.000e+00 BEND_MISMATCH=0 bendMaxRel=0.000e+00 OVERSET_MISMATCH=0/0 compactHits=168168 misses=0 IMPULSE=0/0 impMaxRel=0.000e+00 PAYLOAD(n=0 node=0 normal=0 disp=0 centroid=0)
[bs-phase] calls=2399 per-call ms: upload 0.117 kernel 0.038 readback 0.020 | prep 0.106 enqueue 0.062 sync 0.014 | host total 0.194 | skipped 0 of 2399 | up 0.45 MB down 0.06 MB | PROBE empty 0.000 nullkernel1 0.000 nullkernel2 0.000 copy4B 0.000
[bond-stress-gpu] ticks=2400 attempts=2399 ranOnDevice=2399 checks=0 MISMATCHES=0 (count=0 removeSize=0 removeOrder=0 mask=0) firstBadTick=0 lastBadTick=0 refuse(noSolver=0 stale=0 pendingTopo=0 csr=0) STRESS_MISMATCH=0/0 big=0 maxRel=0.000e+00 BEND_MISMATCH=0 bendMaxRel=0.000e+00 OVERSET_MISMATCH=0/0 compactHits=245519 misses=0 IMPULSE=0/0 impMaxRel=0.000e+00 PAYLOAD(n=0 node=0 normal=0 disp=0 centroid=0)
[bs-phase] calls=2399 per-call ms: upload 0.126 kernel 0.039 readback 0.024 | prep 0.117 enqueue 0.066 sync 0.013 | host total 0.208 | skipped 0 of 2399 | up 0.41 MB down 0.06 MB | PROBE empty 0.000 nullkernel1 0.000 nullkernel2 0.000 copy4B 0.000
[bond-stress-gpu] ticks=2400 attempts=2399 ranOnDevice=2399 checks=0 MISMATCHES=0 (count=0 removeSize=0 removeOrder=0 mask=0) firstBadTick=0 lastBadTick=0 refuse(noSolver=0 stale=0 pendingTopo=0 csr=0) STRESS_MISMATCH=0/0 big=0 maxRel=0.000e+00 BEND_MISMATCH=0 bendMaxRel=0.000e+00 OVERSET_MISMATCH=0/0 compactHits=231337 misses=0 IMPULSE=0/0 impMaxRel=0.000e+00 PAYLOAD(n=0 node=0 normal=0 disp=0 centroid=0)
[bs-phase] calls=2399 per-call ms: upload 0.148 kernel 0.124 readback 0.019 | prep 0.133 enqueue 0.150 sync 0.013 | host total 0.307 | skipped 0 of 2399 | up 0.67 MB down 0.12 MB | PROBE empty 0.000 nullkernel1 0.000 nullkernel2 0.000 copy4B 0.000
[bond-stress-gpu] ticks=2400 attempts=2399 ranOnDevice=2399 checks=0 MISMATCHES=0 (count=0 removeSize=0 removeOrder=0 mask=0) firstBadTick=0 lastBadTick=0 refuse(noSolver=0 stale=0 pendingTopo=0 csr=0) STRESS_MISMATCH=0/0 big=0 maxRel=0.000e+00 BEND_MISMATCH=0 bendMaxRel=0.000e+00 OVERSET_MISMATCH=0/0 compactHits=544553 misses=0 IMPULSE=0/0 impMaxRel=0.000e+00 PAYLOAD(n=0 node=0 normal=0 disp=0 centroid=0)
tick   1800  bodies   5333  awake   4281  broken   19257  solve 12.20 ms  | begin 1.07 solve 3.44 end 1.73 readback 0.87 events 1.77 filters 1.09 ccd 0.00 support 1.39 shape 0.84 => gap 0.00 ms  quiet 9258  pairs 10744
            topo 1.31 (frac 1.31 + valid 0.00)                   pts/pair 0.44  islands skipped 15332/411823 (4%)
            fracture: gen 0.40 prep 0.01 apply 0.75 scene 0.06 rebuild 0.00 valid 0.00 | rest 0.10
            physx step 12.12 ms avg over 300 ticks  (last: gpu_wait 9.32 fetch_copy 1.65, contacts hw 62734)
tick   2100  bodies   5530  awake   4373  broken   19969  solve 7.62 ms  | begin 1.20 solve 3.13 end 1.27 readback 0.46 events 0.00 filters 0.00 ccd 0.00 support 1.55 shape 0.00 => gap 0.00 ms  quiet 10652  pairs 10999
            topo 1.27 (frac 1.27 + valid 0.00)                   pts/pair 0.36  islands skipped 18364/357859 (5%)
            fracture: gen 0.46 prep 0.00 apply 0.00 scene 0.00 rebuild 0.00 valid 0.00 | rest 0.82
            physx step 12.32 ms avg over 300 ticks  (last: gpu_wait 8.32 fetch_copy 1.56, contacts hw 63664)
[bs-phase] calls=2999 per-call ms: upload 0.114 kernel 0.035 readback 0.020 | prep 0.102 enqueue 0.059 sync 0.014 | host total 0.187 | skipped 0 of 2999 | up 0.44 MB down 0.06 MB | PROBE empty 0.000 nullkernel1 0.000 nullkernel2 0.000 copy4B 0.000
[bond-stress-gpu] ticks=3000 attempts=2999 ranOnDevice=2999 checks=0 MISMATCHES=0 (count=0 removeSize=0 removeOrder=0 mask=0) firstBadTick=0 lastBadTick=0 refuse(noSolver=0 stale=0 pendingTopo=0 csr=0) STRESS_MISMATCH=0/0 big=0 maxRel=0.000e+00 BEND_MISMATCH=0 bendMaxRel=0.000e+00 OVERSET_MISMATCH=0/0 compactHits=285265 misses=0 IMPULSE=0/0 impMaxRel=0.000e+00 PAYLOAD(n=0 node=0 normal=0 disp=0 centroid=0)
[bs-phase] calls=2999 per-call ms: upload 0.123 kernel 0.042 readback 0.040 | prep 0.129 enqueue 0.082 sync 0.028 | host total 0.252 | skipped 0 of 2999 | up 0.29 MB down 0.03 MB | PROBE empty 0.000 nullkernel1 0.000 nullkernel2 0.000 copy4B 0.000
[bond-stress-gpu] ticks=3000 attempts=2999 ranOnDevice=2999 checks=0 MISMATCHES=0 (count=0 removeSize=0 removeOrder=0 mask=0) firstBadTick=0 lastBadTick=0 refuse(noSolver=0 stale=0 pendingTopo=0 csr=0) STRESS_MISMATCH=0/0 big=0 maxRel=0.000e+00 BEND_MISMATCH=0 bendMaxRel=0.000e+00 OVERSET_MISMATCH=0/0 compactHits=192793 misses=0 IMPULSE=0/0 impMaxRel=0.000e+00 PAYLOAD(n=0 node=0 normal=0 disp=0 centroid=0)
[bs-phase] calls=2999 per-call ms: upload 0.123 kernel 0.036 readback 0.024 | prep 0.114 enqueue 0.063 sync 0.012 | host total 0.201 | skipped 0 of 2999 | up 0.40 MB down 0.06 MB | PROBE empty 0.000 nullkernel1 0.000 nullkernel2 0.000 copy4B 0.000
[bond-stress-gpu] ticks=3000 attempts=2999 ranOnDevice=2999 checks=0 MISMATCHES=0 (count=0 removeSize=0 removeOrder=0 mask=0) firstBadTick=0 lastBadTick=0 refuse(noSolver=0 stale=0 pendingTopo=0 csr=0) STRESS_MISMATCH=0/0 big=0 maxRel=0.000e+00 BEND_MISMATCH=0 bendMaxRel=0.000e+00 OVERSET_MISMATCH=0/0 compactHits=270300 misses=0 IMPULSE=0/0 impMaxRel=0.000e+00 PAYLOAD(n=0 node=0 normal=0 disp=0 centroid=0)
[bs-phase] calls=2999 per-call ms: upload 0.146 kernel 0.107 readback 0.018 | prep 0.131 enqueue 0.133 sync 0.013 | host total 0.288 | skipped 0 of 2999 | up 0.65 MB down 0.11 MB | PROBE empty 0.000 nullkernel1 0.000 nullkernel2 0.000 copy4B 0.000
[bond-stress-gpu] ticks=3000 attempts=2999 ranOnDevice=2999 checks=0 MISMATCHES=0 (count=0 removeSize=0 removeOrder=0 mask=0) firstBadTick=0 lastBadTick=0 refuse(noSolver=0 stale=0 pendingTopo=0 csr=0) STRESS_MISMATCH=0/0 big=0 maxRel=0.000e+00 BEND_MISMATCH=0 bendMaxRel=0.000e+00 OVERSET_MISMATCH=0/0 compactHits=681381 misses=0 IMPULSE=0/0 impMaxRel=0.000e+00 PAYLOAD(n=0 node=0 normal=0 disp=0 centroid=0)
tick   2400  bodies   5759  awake   4513  broken   20777  solve 7.81 ms  | begin 1.16 solve 3.56 end 1.13 readback 0.44 events 0.00 filters 0.00 ccd 0.00 support 1.51 shape 0.00 => gap 0.00 ms  quiet 12025  pairs 10345
            topo 1.13 (frac 1.13 + valid 0.00)                   pts/pair 0.41  islands skipped 18025/378878 (5%)
            fracture: gen 0.28 prep 0.00 apply 0.00 scene 0.00 rebuild 0.00 valid 0.00 | rest 0.86
            physx step 13.11 ms avg over 300 ticks  (last: gpu_wait 8.93 fetch_copy 1.61, contacts hw 72428)
[bs-phase] calls=3599 per-call ms: upload 0.119 kernel 0.040 readback 0.041 | prep 0.126 enqueue 0.080 sync 0.030 | host total 0.248 | skipped 0 of 3599 | up 0.28 MB down 0.03 MB | PROBE empty 0.000 nullkernel1 0.000 nullkernel2 0.000 copy4B 0.000
[bond-stress-gpu] ticks=3600 attempts=3599 ranOnDevice=3599 checks=0 MISMATCHES=0 (count=0 removeSize=0 removeOrder=0 mask=0) firstBadTick=0 lastBadTick=0 refuse(noSolver=0 stale=0 pendingTopo=0 csr=0) STRESS_MISMATCH=0/0 big=0 maxRel=0.000e+00 BEND_MISMATCH=0 bendMaxRel=0.000e+00 OVERSET_MISMATCH=0/0 compactHits=215692 misses=0 IMPULSE=0/0 impMaxRel=0.000e+00 PAYLOAD(n=0 node=0 normal=0 disp=0 centroid=0)
[bs-phase] calls=3599 per-call ms: upload 0.112 kernel 0.033 readback 0.019 | prep 0.100 enqueue 0.057 sync 0.014 | host total 0.182 | skipped 0 of 3599 | up 0.43 MB down 0.06 MB | PROBE empty 0.000 nullkernel1 0.000 nullkernel2 0.000 copy4B 0.000
[bond-stress-gpu] ticks=3600 attempts=3599 ranOnDevice=3599 checks=0 MISMATCHES=0 (count=0 removeSize=0 removeOrder=0 mask=0) firstBadTick=0 lastBadTick=0 refuse(noSolver=0 stale=0 pendingTopo=0 csr=0) STRESS_MISMATCH=0/0 big=0 maxRel=0.000e+00 BEND_MISMATCH=0 bendMaxRel=0.000e+00 OVERSET_MISMATCH=0/0 compactHits=320191 misses=0 IMPULSE=0/0 impMaxRel=0.000e+00 PAYLOAD(n=0 node=0 normal=0 disp=0 centroid=0)
[bs-phase] calls=3599 per-call ms: upload 0.121 kernel 0.034 readback 0.023 | prep 0.112 enqueue 0.061 sync 0.012 | host total 0.196 | skipped 0 of 3599 | up 0.39 MB down 0.06 MB | PROBE empty 0.000 nullkernel1 0.000 nullkernel2 0.000 copy4B 0.000
[bond-stress-gpu] ticks=3600 attempts=3599 ranOnDevice=3599 checks=0 MISMATCHES=0 (count=0 removeSize=0 removeOrder=0 mask=0) firstBadTick=0 lastBadTick=0 refuse(noSolver=0 stale=0 pendingTopo=0 csr=0) STRESS_MISMATCH=0/0 big=0 maxRel=0.000e+00 BEND_MISMATCH=0 bendMaxRel=0.000e+00 OVERSET_MISMATCH=0/0 compactHits=305733 misses=0 IMPULSE=0/0 impMaxRel=0.000e+00 PAYLOAD(n=0 node=0 normal=0 disp=0 centroid=0)
[bs-phase] calls=3599 per-call ms: upload 0.144 kernel 0.095 readback 0.018 | prep 0.129 enqueue 0.120 sync 0.013 | host total 0.273 | skipped 0 of 3599 | up 0.63 MB down 0.10 MB | PROBE empty 0.000 nullkernel1 0.000 nullkernel2 0.000 copy4B 0.000
[bond-stress-gpu] ticks=3600 attempts=3599 ranOnDevice=3599 checks=0 MISMATCHES=0 (count=0 removeSize=0 removeOrder=0 mask=0) firstBadTick=0 lastBadTick=0 refuse(noSolver=0 stale=0 pendingTopo=0 csr=0) STRESS_MISMATCH=0/0 big=0 maxRel=0.000e+00 BEND_MISMATCH=0 bendMaxRel=0.000e+00 OVERSET_MISMATCH=0/0 compactHits=787887 misses=0 IMPULSE=0/0 impMaxRel=0.000e+00 PAYLOAD(n=0 node=0 normal=0 disp=0 centroid=0)
  ccd tracked 0 / identity stamped 5796 against 5796 live bodies
  resim: 2700 captures, 923 re-passes
  resim diag: captures=2700 zero=0 not_needed=0 errors=0 first_error=None

wrote /dev/null
  ticks 2700  chunks 86966  bonds 267992
  broken bonds 20957 (adapter 20957)
  migrations 79349  peak bodies 4703  membership mismatches 0
wrote /dev/null.sidecar.json
Original city deployment restored and healthy
