scene destruction/assets/scenes/fractured-downtown.json | structures 4 | chunks 86966 | bonds 267992
[destruction] CUDA stress solver active; configured iteration budget 32. Convergence depends on the current load and topology.
tick      0  bodies    108  awake      0  broken       0  solve 370.87 ms  | begin 0.53 solve 156.14 end 191.26 readback 5.29 events 3.16 filters 10.12 ccd 0.00 support 0.00 shape 4.37 => gap 0.00 ms  quiet 4  pairs 0
            topo 191.25 (frac 189.95 + valid 1.30)                   pts/pair 0.00  islands skipped 0/216 (0%)
            fracture: gen 3.30 prep 6.68 apply 3.53 scene 177.24 rebuild 0.00 valid 1.30 | rest -0.81
            physx step 40.77 ms avg over 1 ticks  (last: gpu_wait 13.30 fetch_copy 7.46, contacts hw 0)
tick    300  bodies   2411  awake   2253  broken    8886  solve 4.65 ms  | begin 0.55 solve 2.45 end 0.93 readback 0.08 events 0.00 filters 0.00 ccd 0.00 support 0.64 shape 0.00 => gap 0.00 ms  quiet 1631  pairs 3240
            topo 0.93 (frac 0.93 + valid 0.00)                   pts/pair 0.40  islands skipped 3423/172921 (2%)
            fracture: gen 0.51 prep 0.00 apply 0.00 scene 0.00 rebuild 0.00 valid 0.00 | rest 0.42
            physx step 4.17 ms avg over 300 ticks  (last: gpu_wait 4.47 fetch_copy 0.64, contacts hw 30668)
[bs-phase] calls=599 per-call ms: upload 0.101 kernel 0.072 readback 0.023 | prep 0.084 enqueue 0.098 sync 0.020 | host total 0.215 | skipped 0 of 599 | up 0.36 MB down 0.05 MB | PROBE empty 0.000 nullkernel1 0.000 nullkernel2 0.000 copy4B 0.000
[bond-stress-gpu] ticks=600 attempts=599 ranOnDevice=599 checks=0 MISMATCHES=0 (count=0 removeSize=0 removeOrder=0 mask=0) firstBadTick=0 lastBadTick=0 refuse(noSolver=0 stale=0 pendingTopo=0 csr=0) STRESS_MISMATCH=0/0 big=0 maxRel=0.000e+00 BEND_MISMATCH=0 bendMaxRel=0.000e+00 OVERSET_MISMATCH=0/0 compactHits=64574 misses=0 IMPULSE=0/0 impMaxRel=0.000e+00 PAYLOAD(n=0 node=0 normal=0 disp=0 centroid=0)
[bs-phase] calls=599 per-call ms: upload 0.131 kernel 0.071 readback 0.021 | prep 0.112 enqueue 0.097 sync 0.019 | host total 0.241 | skipped 0 of 599 | up 0.49 MB down 0.06 MB | PROBE empty 0.000 nullkernel1 0.000 nullkernel2 0.000 copy4B 0.000
[bond-stress-gpu] ticks=600 attempts=599 ranOnDevice=599 checks=0 MISMATCHES=0 (count=0 removeSize=0 removeOrder=0 mask=0) firstBadTick=0 lastBadTick=0 refuse(noSolver=0 stale=0 pendingTopo=0 csr=0) STRESS_MISMATCH=0/0 big=0 maxRel=0.000e+00 BEND_MISMATCH=0 bendMaxRel=0.000e+00 OVERSET_MISMATCH=0/0 compactHits=73223 misses=0 IMPULSE=0/0 impMaxRel=0.000e+00 PAYLOAD(n=0 node=0 normal=0 disp=0 centroid=0)
[bs-phase] calls=599 per-call ms: upload 0.137 kernel 0.073 readback 0.020 | prep 0.116 enqueue 0.099 sync 0.021 | host total 0.249 | skipped 0 of 599 | up 0.54 MB down 0.06 MB | PROBE empty 0.000 nullkernel1 0.000 nullkernel2 0.000 copy4B 0.000
[bond-stress-gpu] ticks=600 attempts=599 ranOnDevice=599 checks=0 MISMATCHES=0 (count=0 removeSize=0 removeOrder=0 mask=0) firstBadTick=0 lastBadTick=0 refuse(noSolver=0 stale=0 pendingTopo=0 csr=0) STRESS_MISMATCH=0/0 big=0 maxRel=0.000e+00 BEND_MISMATCH=0 bendMaxRel=0.000e+00 OVERSET_MISMATCH=0/0 compactHits=82963 misses=0 IMPULSE=0/0 impMaxRel=0.000e+00 PAYLOAD(n=0 node=0 normal=0 disp=0 centroid=0)
[bs-phase] calls=599 per-call ms: upload 0.137 kernel 0.290 readback 0.017 | prep 0.121 enqueue 0.314 sync 0.014 | host total 0.460 | skipped 0 of 599 | up 0.80 MB down 0.14 MB | PROBE empty 0.000 nullkernel1 0.000 nullkernel2 0.000 copy4B 0.000
[bond-stress-gpu] ticks=600 attempts=599 ranOnDevice=599 checks=0 MISMATCHES=0 (count=0 removeSize=0 removeOrder=0 mask=0) firstBadTick=0 lastBadTick=0 refuse(noSolver=0 stale=0 pendingTopo=0 csr=0) STRESS_MISMATCH=0/0 big=0 maxRel=0.000e+00 BEND_MISMATCH=0 bendMaxRel=0.000e+00 OVERSET_MISMATCH=0/0 compactHits=157059 misses=0 IMPULSE=0/0 impMaxRel=0.000e+00 PAYLOAD(n=0 node=0 normal=0 disp=0 centroid=0)
tick    600  bodies   4134  awake   3826  broken   14944  solve 9.69 ms  | begin 0.74 solve 2.52 end 1.62 readback 0.44 events 1.11 filters 1.03 ccd 0.00 support 1.53 shape 0.71 => gap 0.00 ms  quiet 3282  pairs 8296
            topo 1.42 (frac 1.42 + valid 0.00)                   pts/pair 0.32  islands skipped 7242/282154 (3%)
            fracture: gen 0.31 prep 0.01 apply 0.47 scene 0.54 rebuild 0.00 valid 0.00 | rest 0.10
            physx step 8.21 ms avg over 300 ticks  (last: gpu_wait 6.87 fetch_copy 1.19, contacts hw 48148)
[bs-phase] calls=1199 per-call ms: upload 0.094 kernel 0.052 readback 0.023 | prep 0.080 enqueue 0.078 sync 0.017 | host total 0.187 | skipped 0 of 1199 | up 0.33 MB down 0.05 MB | PROBE empty 0.000 nullkernel1 0.000 nullkernel2 0.000 copy4B 0.000
[bond-stress-gpu] ticks=1200 attempts=1199 ranOnDevice=1199 checks=0 MISMATCHES=0 (count=0 removeSize=0 removeOrder=0 mask=0) firstBadTick=0 lastBadTick=0 refuse(noSolver=0 stale=0 pendingTopo=0 csr=0) STRESS_MISMATCH=0/0 big=0 maxRel=0.000e+00 BEND_MISMATCH=0 bendMaxRel=0.000e+00 OVERSET_MISMATCH=0/0 compactHits=104677 misses=0 IMPULSE=0/0 impMaxRel=0.000e+00 PAYLOAD(n=0 node=0 normal=0 disp=0 centroid=0)
[bs-phase] calls=1199 per-call ms: upload 0.128 kernel 0.051 readback 0.021 | prep 0.110 enqueue 0.077 sync 0.018 | host total 0.217 | skipped 0 of 1199 | up 0.50 MB down 0.06 MB | PROBE empty 0.000 nullkernel1 0.000 nullkernel2 0.000 copy4B 0.000
[bond-stress-gpu] ticks=1200 attempts=1199 ranOnDevice=1199 checks=0 MISMATCHES=0 (count=0 removeSize=0 removeOrder=0 mask=0) firstBadTick=0 lastBadTick=0 refuse(noSolver=0 stale=0 pendingTopo=0 csr=0) STRESS_MISMATCH=0/0 big=0 maxRel=0.000e+00 BEND_MISMATCH=0 bendMaxRel=0.000e+00 OVERSET_MISMATCH=0/0 compactHits=143688 misses=0 IMPULSE=0/0 impMaxRel=0.000e+00 PAYLOAD(n=0 node=0 normal=0 disp=0 centroid=0)
[bs-phase] calls=1199 per-call ms: upload 0.122 kernel 0.051 readback 0.021 | prep 0.105 enqueue 0.077 sync 0.017 | host total 0.212 | skipped 0 of 1199 | up 0.45 MB down 0.06 MB | PROBE empty 0.000 nullkernel1 0.000 nullkernel2 0.000 copy4B 0.000
[bond-stress-gpu] ticks=1200 attempts=1199 ranOnDevice=1199 checks=0 MISMATCHES=0 (count=0 removeSize=0 removeOrder=0 mask=0) firstBadTick=0 lastBadTick=0 refuse(noSolver=0 stale=0 pendingTopo=0 csr=0) STRESS_MISMATCH=0/0 big=0 maxRel=0.000e+00 BEND_MISMATCH=0 bendMaxRel=0.000e+00 OVERSET_MISMATCH=0/0 compactHits=130514 misses=0 IMPULSE=0/0 impMaxRel=0.000e+00 PAYLOAD(n=0 node=0 normal=0 disp=0 centroid=0)
[bs-phase] calls=1199 per-call ms: upload 0.136 kernel 0.201 readback 0.018 | prep 0.121 enqueue 0.224 sync 0.014 | host total 0.371 | skipped 0 of 1199 | up 0.74 MB down 0.15 MB | PROBE empty 0.000 nullkernel1 0.000 nullkernel2 0.000 copy4B 0.000
[bond-stress-gpu] ticks=1200 attempts=1199 ranOnDevice=1199 checks=0 MISMATCHES=0 (count=0 removeSize=0 removeOrder=0 mask=0) firstBadTick=0 lastBadTick=0 refuse(noSolver=0 stale=0 pendingTopo=0 csr=0) STRESS_MISMATCH=0/0 big=0 maxRel=0.000e+00 BEND_MISMATCH=0 bendMaxRel=0.000e+00 OVERSET_MISMATCH=0/0 compactHits=314381 misses=0 IMPULSE=0/0 impMaxRel=0.000e+00 PAYLOAD(n=0 node=0 normal=0 disp=0 centroid=0)
tick    900  bodies   4571  awake   3863  broken   16410  solve 11.70 ms  | begin 1.30 solve 3.15 end 1.61 readback 0.59 events 1.29 filters 1.05 ccd 0.00 support 1.92 shape 0.79 => gap 0.00 ms  quiet 4806  pairs 8918
            topo 1.27 (frac 1.27 + valid 0.00)                   pts/pair 0.33  islands skipped 9145/280448 (3%)
            fracture: gen 0.22 prep 0.01 apply 0.43 scene 0.52 rebuild 0.00 valid 0.00 | rest 0.09
            physx step 10.40 ms avg over 300 ticks  (last: gpu_wait 7.23 fetch_copy 1.33, contacts hw 51079)
tick   1200  bodies   4767  awake   3726  broken   17076  solve 6.63 ms  | begin 0.82 solve 2.27 end 1.24 readback 0.23 events 0.00 filters 0.00 ccd 0.00 support 2.07 shape 0.00 => gap 0.00 ms  quiet 6258  pairs 8856
            topo 1.24 (frac 1.24 + valid 0.00)                   pts/pair 0.32  islands skipped 12327/282853 (4%)
            fracture: gen 0.53 prep 0.00 apply 0.00 scene 0.00 rebuild 0.00 valid 0.00 | rest 0.71
            physx step 10.56 ms avg over 300 ticks  (last: gpu_wait 7.36 fetch_copy 1.36, contacts hw 51989)
[bs-phase] calls=1799 per-call ms: upload 0.087 kernel 0.044 readback 0.023 | prep 0.075 enqueue 0.070 sync 0.015 | host total 0.170 | skipped 0 of 1799 | up 0.31 MB down 0.04 MB | PROBE empty 0.000 nullkernel1 0.000 nullkernel2 0.000 copy4B 0.000
[bond-stress-gpu] ticks=1800 attempts=1799 ranOnDevice=1799 checks=0 MISMATCHES=0 (count=0 removeSize=0 removeOrder=0 mask=0) firstBadTick=0 lastBadTick=0 refuse(noSolver=0 stale=0 pendingTopo=0 csr=0) STRESS_MISMATCH=0/0 big=0 maxRel=0.000e+00 BEND_MISMATCH=0 bendMaxRel=0.000e+00 OVERSET_MISMATCH=0/0 compactHits=140114 misses=0 IMPULSE=0/0 impMaxRel=0.000e+00 PAYLOAD(n=0 node=0 normal=0 disp=0 centroid=0)
[bs-phase] calls=1799 per-call ms: upload 0.114 kernel 0.044 readback 0.021 | prep 0.100 enqueue 0.069 sync 0.016 | host total 0.196 | skipped 0 of 1799 | up 0.42 MB down 0.06 MB | PROBE empty 0.000 nullkernel1 0.000 nullkernel2 0.000 copy4B 0.000
[bond-stress-gpu] ticks=1800 attempts=1799 ranOnDevice=1799 checks=0 MISMATCHES=0 (count=0 removeSize=0 removeOrder=0 mask=0) firstBadTick=0 lastBadTick=0 refuse(noSolver=0 stale=0 pendingTopo=0 csr=0) STRESS_MISMATCH=0/0 big=0 maxRel=0.000e+00 BEND_MISMATCH=0 bendMaxRel=0.000e+00 OVERSET_MISMATCH=0/0 compactHits=181996 misses=0 IMPULSE=0/0 impMaxRel=0.000e+00 PAYLOAD(n=0 node=0 normal=0 disp=0 centroid=0)
[bs-phase] calls=1799 per-call ms: upload 0.119 kernel 0.043 readback 0.021 | prep 0.104 enqueue 0.069 sync 0.016 | host total 0.200 | skipped 0 of 1799 | up 0.47 MB down 0.06 MB | PROBE empty 0.000 nullkernel1 0.000 nullkernel2 0.000 copy4B 0.000
[bond-stress-gpu] ticks=1800 attempts=1799 ranOnDevice=1799 checks=0 MISMATCHES=0 (count=0 removeSize=0 removeOrder=0 mask=0) firstBadTick=0 lastBadTick=0 refuse(noSolver=0 stale=0 pendingTopo=0 csr=0) STRESS_MISMATCH=0/0 big=0 maxRel=0.000e+00 BEND_MISMATCH=0 bendMaxRel=0.000e+00 OVERSET_MISMATCH=0/0 compactHits=194097 misses=0 IMPULSE=0/0 impMaxRel=0.000e+00 PAYLOAD(n=0 node=0 normal=0 disp=0 centroid=0)
[bs-phase] calls=1799 per-call ms: upload 0.131 kernel 0.148 readback 0.018 | prep 0.117 enqueue 0.170 sync 0.014 | host total 0.313 | skipped 0 of 1799 | up 0.70 MB down 0.15 MB | PROBE empty 0.000 nullkernel1 0.000 nullkernel2 0.000 copy4B 0.000
[bond-stress-gpu] ticks=1800 attempts=1799 ranOnDevice=1799 checks=0 MISMATCHES=0 (count=0 removeSize=0 removeOrder=0 mask=0) firstBadTick=0 lastBadTick=0 refuse(noSolver=0 stale=0 pendingTopo=0 csr=0) STRESS_MISMATCH=0/0 big=0 maxRel=0.000e+00 BEND_MISMATCH=0 bendMaxRel=0.000e+00 OVERSET_MISMATCH=0/0 compactHits=482817 misses=0 IMPULSE=0/0 impMaxRel=0.000e+00 PAYLOAD(n=0 node=0 normal=0 disp=0 centroid=0)
tick   1500  bodies   5182  awake   3942  broken   18563  solve 10.29 ms  | begin 0.95 solve 2.25 end 1.50 readback 0.60 events 1.41 filters 1.00 ccd 0.00 support 1.85 shape 0.74 => gap 0.00 ms  quiet 7732  pairs 9538
            topo 1.22 (frac 1.22 + valid 0.00)                   pts/pair 0.34  islands skipped 14960/316117 (5%)
            fracture: gen 0.38 prep 0.01 apply 0.62 scene 0.12 rebuild 0.00 valid 0.00 | rest 0.09
            physx step 10.92 ms avg over 300 ticks  (last: gpu_wait 8.42 fetch_copy 1.60, contacts hw 57304)
[bs-phase] calls=2399 per-call ms: upload 0.084 kernel 0.041 readback 0.022 | prep 0.073 enqueue 0.065 sync 0.014 | host total 0.162 | skipped 0 of 2399 | up 0.30 MB down 0.04 MB | PROBE empty 0.000 nullkernel1 0.000 nullkernel2 0.000 copy4B 0.000
[bond-stress-gpu] ticks=2400 attempts=2399 ranOnDevice=2399 checks=0 MISMATCHES=0 (count=0 removeSize=0 removeOrder=0 mask=0) firstBadTick=0 lastBadTick=0 refuse(noSolver=0 stale=0 pendingTopo=0 csr=0) STRESS_MISMATCH=0/0 big=0 maxRel=0.000e+00 BEND_MISMATCH=0 bendMaxRel=0.000e+00 OVERSET_MISMATCH=0/0 compactHits=167850 misses=0 IMPULSE=0/0 impMaxRel=0.000e+00 PAYLOAD(n=0 node=0 normal=0 disp=0 centroid=0)
[bs-phase] calls=2399 per-call ms: upload 0.110 kernel 0.040 readback 0.021 | prep 0.096 enqueue 0.065 sync 0.015 | host total 0.186 | skipped 0 of 2399 | up 0.41 MB down 0.06 MB | PROBE empty 0.000 nullkernel1 0.000 nullkernel2 0.000 copy4B 0.000
[bond-stress-gpu] ticks=2400 attempts=2399 ranOnDevice=2399 checks=0 MISMATCHES=0 (count=0 removeSize=0 removeOrder=0 mask=0) firstBadTick=0 lastBadTick=0 refuse(noSolver=0 stale=0 pendingTopo=0 csr=0) STRESS_MISMATCH=0/0 big=0 maxRel=0.000e+00 BEND_MISMATCH=0 bendMaxRel=0.000e+00 OVERSET_MISMATCH=0/0 compactHits=228322 misses=0 IMPULSE=0/0 impMaxRel=0.000e+00 PAYLOAD(n=0 node=0 normal=0 disp=0 centroid=0)
[bs-phase] calls=2399 per-call ms: upload 0.115 kernel 0.039 readback 0.021 | prep 0.100 enqueue 0.064 sync 0.016 | host total 0.191 | skipped 0 of 2399 | up 0.45 MB down 0.06 MB | PROBE empty 0.000 nullkernel1 0.000 nullkernel2 0.000 copy4B 0.000
[bond-stress-gpu] ticks=2400 attempts=2399 ranOnDevice=2399 checks=0 MISMATCHES=0 (count=0 removeSize=0 removeOrder=0 mask=0) firstBadTick=0 lastBadTick=0 refuse(noSolver=0 stale=0 pendingTopo=0 csr=0) STRESS_MISMATCH=0/0 big=0 maxRel=0.000e+00 BEND_MISMATCH=0 bendMaxRel=0.000e+00 OVERSET_MISMATCH=0/0 compactHits=234879 misses=0 IMPULSE=0/0 impMaxRel=0.000e+00 PAYLOAD(n=0 node=0 normal=0 disp=0 centroid=0)
[bs-phase] calls=2399 per-call ms: upload 0.128 kernel 0.127 readback 0.017 | prep 0.114 enqueue 0.148 sync 0.014 | host total 0.288 | skipped 0 of 2399 | up 0.68 MB down 0.14 MB | PROBE empty 0.000 nullkernel1 0.000 nullkernel2 0.000 copy4B 0.000
[bond-stress-gpu] ticks=2400 attempts=2399 ranOnDevice=2399 checks=0 MISMATCHES=0 (count=0 removeSize=0 removeOrder=0 mask=0) firstBadTick=0 lastBadTick=0 refuse(noSolver=0 stale=0 pendingTopo=0 csr=0) STRESS_MISMATCH=0/0 big=0 maxRel=0.000e+00 BEND_MISMATCH=0 bendMaxRel=0.000e+00 OVERSET_MISMATCH=0/0 compactHits=625469 misses=0 IMPULSE=0/0 impMaxRel=0.000e+00 PAYLOAD(n=0 node=0 normal=0 disp=0 centroid=0)
tick   1800  bodies   5811  awake   4740  broken   20833  solve 10.56 ms  | begin 1.04 solve 2.29 end 1.76 readback 0.84 events 1.39 filters 1.02 ccd 0.00 support 1.46 shape 0.76 => gap 0.00 ms  quiet 9247  pairs 12773
            topo 1.43 (frac 1.43 + valid 0.00)                   pts/pair 0.37  islands skipped 15703/377946 (4%)
            fracture: gen 0.41 prep 0.03 apply 0.70 scene 0.20 rebuild 0.00 valid 0.00 | rest 0.10
            physx step 13.27 ms avg over 300 ticks  (last: gpu_wait 9.92 fetch_copy 1.80, contacts hw 72655)
tick   2100  bodies   6364  awake   5287  broken   22880  solve 6.75 ms  | begin 1.18 solve 2.43 end 1.02 readback 0.44 events 0.00 filters 0.00 ccd 0.00 support 1.68 shape 0.00 => gap 0.00 ms  quiet 10668  pairs 12522
            topo 1.02 (frac 1.02 + valid 0.00)                   pts/pair 0.38  islands skipped 16955/386010 (4%)
            fracture: gen 0.24 prep 0.00 apply 0.00 scene 0.00 rebuild 0.00 valid 0.00 | rest 0.78
            physx step 14.49 ms avg over 300 ticks  (last: gpu_wait 10.23 fetch_copy 1.91, contacts hw 79132)
[bs-phase] calls=2999 per-call ms: upload 0.081 kernel 0.039 readback 0.022 | prep 0.070 enqueue 0.063 sync 0.013 | host total 0.156 | skipped 0 of 2999 | up 0.29 MB down 0.04 MB | PROBE empty 0.000 nullkernel1 0.000 nullkernel2 0.000 copy4B 0.000
[bond-stress-gpu] ticks=3000 attempts=2999 ranOnDevice=2999 checks=0 MISMATCHES=0 (count=0 removeSize=0 removeOrder=0 mask=0) firstBadTick=0 lastBadTick=0 refuse(noSolver=0 stale=0 pendingTopo=0 csr=0) STRESS_MISMATCH=0/0 big=0 maxRel=0.000e+00 BEND_MISMATCH=0 bendMaxRel=0.000e+00 OVERSET_MISMATCH=0/0 compactHits=193416 misses=0 IMPULSE=0/0 impMaxRel=0.000e+00 PAYLOAD(n=0 node=0 normal=0 disp=0 centroid=0)
[bs-phase] calls=2999 per-call ms: upload 0.107 kernel 0.038 readback 0.021 | prep 0.093 enqueue 0.062 sync 0.015 | host total 0.181 | skipped 0 of 2999 | up 0.40 MB down 0.06 MB | PROBE empty 0.000 nullkernel1 0.000 nullkernel2 0.000 copy4B 0.000
[bond-stress-gpu] ticks=3000 attempts=2999 ranOnDevice=2999 checks=0 MISMATCHES=0 (count=0 removeSize=0 removeOrder=0 mask=0) firstBadTick=0 lastBadTick=0 refuse(noSolver=0 stale=0 pendingTopo=0 csr=0) STRESS_MISMATCH=0/0 big=0 maxRel=0.000e+00 BEND_MISMATCH=0 bendMaxRel=0.000e+00 OVERSET_MISMATCH=0/0 compactHits=266877 misses=0 IMPULSE=0/0 impMaxRel=0.000e+00 PAYLOAD(n=0 node=0 normal=0 disp=0 centroid=0)
[bs-phase] calls=2999 per-call ms: upload 0.112 kernel 0.037 readback 0.021 | prep 0.097 enqueue 0.061 sync 0.016 | host total 0.185 | skipped 0 of 2999 | up 0.44 MB down 0.06 MB | PROBE empty 0.000 nullkernel1 0.000 nullkernel2 0.000 copy4B 0.000
[bond-stress-gpu] ticks=3000 attempts=2999 ranOnDevice=2999 checks=0 MISMATCHES=0 (count=0 removeSize=0 removeOrder=0 mask=0) firstBadTick=0 lastBadTick=0 refuse(noSolver=0 stale=0 pendingTopo=0 csr=0) STRESS_MISMATCH=0/0 big=0 maxRel=0.000e+00 BEND_MISMATCH=0 bendMaxRel=0.000e+00 OVERSET_MISMATCH=0/0 compactHits=271626 misses=0 IMPULSE=0/0 impMaxRel=0.000e+00 PAYLOAD(n=0 node=0 normal=0 disp=0 centroid=0)
[bs-phase] calls=2999 per-call ms: upload 0.125 kernel 0.114 readback 0.017 | prep 0.111 enqueue 0.136 sync 0.014 | host total 0.272 | skipped 0 of 2999 | up 0.65 MB down 0.13 MB | PROBE empty 0.000 nullkernel1 0.000 nullkernel2 0.000 copy4B 0.000
[bond-stress-gpu] ticks=3000 attempts=2999 ranOnDevice=2999 checks=0 MISMATCHES=0 (count=0 removeSize=0 removeOrder=0 mask=0) firstBadTick=0 lastBadTick=0 refuse(noSolver=0 stale=0 pendingTopo=0 csr=0) STRESS_MISMATCH=0/0 big=0 maxRel=0.000e+00 BEND_MISMATCH=0 bendMaxRel=0.000e+00 OVERSET_MISMATCH=0/0 compactHits=752557 misses=0 IMPULSE=0/0 impMaxRel=0.000e+00 PAYLOAD(n=0 node=0 normal=0 disp=0 centroid=0)
tick   2400  bodies   6403  awake   5091  broken   23044  solve 7.16 ms  | begin 1.31 solve 2.25 end 1.32 readback 0.48 events 0.00 filters 0.00 ccd 0.00 support 1.80 shape 0.00 => gap 0.00 ms  quiet 11947  pairs 11406
            topo 1.31 (frac 1.31 + valid 0.00)                   pts/pair 0.33  islands skipped 18402/348497 (5%)
            fracture: gen 0.39 prep 0.00 apply 0.00 scene 0.00 rebuild 0.00 valid 0.00 | rest 0.92
            physx step 13.27 ms avg over 300 ticks  (last: gpu_wait 8.52 fetch_copy 1.64, contacts hw 79132)
  ccd tracked 0 / identity stamped 6435 against 6435 live bodies
  resim: 2700 captures, 882 re-passes
  resim diag: captures=2700 zero=0 not_needed=0 errors=0 first_error=None

wrote /dev/null
  ticks 2700  chunks 86966  bonds 267992
  broken bonds 23180 (adapter 23180)
  migrations 79860  peak bodies 5376  membership mismatches 0
wrote /dev/null.sidecar.json
Original city deployment restored and healthy
