Internal ctest changing into directory: /Users/glavin/Development/PhysX/out/build/garage-multihull/package
Test project /Users/glavin/Development/PhysX/out/build/garage-multihull/package
    Start 137: blast_stress_gpu_operator_epochs
1/3 Test #137: blast_stress_gpu_operator_epochs ..............   Passed    0.20 sec
    Start 138: blast_stress_gpu_operator_epoch_integration
2/3 Test #138: blast_stress_gpu_operator_epoch_integration ...   Passed  276.67 sec
    Start 139: blast_stress_gpu_resident_geometry
3/3 Test #139: blast_stress_gpu_resident_geometry ............***Failed    1.09 sec
CUMETAL WARNING: CUMETAL_USE_METAL_DEVICE_ADDRESSES marks every live allocation read-write on every dispatch so kernels can follow raw device addresses; this removes cross-stream concurrency.
native history id=0 nodes=4 iteration=1 residual2=12.4357 tolerance2=1.45262e-09 gamma=2.94169 direction_energy=25.3013 failed=0
native history id=0 nodes=4 iteration=2 residual2=4.06541 tolerance2=1.45262e-09 gamma=1.12374 direction_energy=13.1053 failed=0
native history id=0 nodes=4 iteration=4 residual2=0.000237481 tolerance2=1.45262e-09 gamma=0.0121557 direction_energy=23.106 failed=0
native history id=0 nodes=4 iteration=1 residual2=9.97631 tolerance2=8.29829e-10 gamma=2.37755 direction_energy=33.7007 failed=0
native history id=0 nodes=4 iteration=2 residual2=7.92618 tolerance2=8.29829e-10 gamma=0.97935 direction_energy=12.9589 failed=0
native history id=0 nodes=4 iteration=4 residual2=0.00111945 tolerance2=8.29829e-10 gamma=0.0150387 direction_energy=37.7346 failed=0
native history id=0 nodes=4 iteration=1 residual2=17.3881 tolerance2=1.48426e-09 gamma=3.17973 direction_energy=32.8398 failed=0
native history id=0 nodes=4 iteration=2 residual2=15.8751 tolerance2=1.48426e-09 gamma=1.39909 direction_energy=13.7583 failed=0
native history id=0 nodes=4 iteration=4 residual2=0.00620724 tolerance2=1.48426e-09 gamma=0.038882 direction_energy=36.7413 failed=0
geometry fresh-solver mismatch: 0.0527458
resident geometry: updated geometry differs from fresh physical solver


67% tests passed, 1 tests failed out of 3

Label Time Summary:
gpu    = 277.96 sec*proc (3 tests)

Total Test time (real) = 277.96 sec

The following tests FAILED:
	139 - blast_stress_gpu_resident_geometry (Failed)
Errors while running CTest
