anchored exit 0
{"native_hierarchy_setup_ms":186.242574,"basis_reconstruction_error":6.30524868645e-17,"levels":3,"coarse_rows":96}
{"native_level":0,"rows":35616,"nnz":827552,"coarse_rows":5100,"omega":0.483457107955,"eigenvalue_upper_bound":2.75791442797}
{"native_level":1,"rows":5100,"nnz":890280,"coarse_rows":738,"omega":0.430145208696,"eigenvalue_upper_bound":3.09972843212}
{"native_level":2,"rows":738,"nnz":225180,"coarse_rows":96,"omega":0.438084405917,"eigenvalue_upper_bound":3.04355351463}
{"gpu":"NVIDIA GeForce RTX 4090","operator":"double","preconditioner_storage":"float","preconditioner_arithmetic":"float","outer_vectors_and_reductions":"double","cuda_graph":true,"device_context_upload_graph_ms":172.463094,"rows":35616,"free":false,"levels":3,"scope":"offline CPU-built hierarchy; no game integration"}
{"trial":0,"passed":true,"iterations":34,"submitted":40,"cuda_solve_ms":5.904224,"wall_solve_ms":5.913676,"force_residual":1.41395294155e-11,"moment_residual":1.69471274237e-11,"bond_relative_error":5.33371835162e-13,"bond_max_error_over_peak":4.73831298726e-13,"recurrence_relative_residual":8.52714343877e-11,"failed":0}
{"trial":1,"passed":true,"iterations":34,"submitted":40,"cuda_solve_ms":5.882176,"wall_solve_ms":5.889631,"force_residual":1.41395294155e-11,"moment_residual":1.69471274237e-11,"bond_relative_error":5.33371835162e-13,"bond_max_error_over_peak":4.73831298726e-13,"recurrence_relative_residual":8.52714343877e-11,"failed":0}
{"trial":2,"passed":true,"iterations":34,"submitted":40,"cuda_solve_ms":5.885664,"wall_solve_ms":5.891965,"force_residual":1.41395294155e-11,"moment_residual":1.69471274237e-11,"bond_relative_error":5.33371835162e-13,"bond_max_error_over_peak":4.73831298726e-13,"recurrence_relative_residual":8.52714343877e-11,"failed":0}
{"trial":3,"passed":true,"iterations":34,"submitted":40,"cuda_solve_ms":5.876768,"wall_solve_ms":5.882708,"force_residual":1.41395294155e-11,"moment_residual":1.69471274237e-11,"bond_relative_error":5.33371835162e-13,"bond_max_error_over_peak":4.73831298726e-13,"recurrence_relative_residual":8.52714343877e-11,"failed":0}

free exit 0
{"native_hierarchy_setup_ms":184.831012,"basis_reconstruction_error":6.42271737357e-17,"levels":3,"coarse_rows":96}
{"native_level":0,"rows":35616,"nnz":827552,"coarse_rows":5100,"omega":0.480879752214,"eigenvalue_upper_bound":2.77269593322}
{"native_level":1,"rows":5100,"nnz":890280,"coarse_rows":738,"omega":0.430581738721,"eigenvalue_upper_bound":3.09658588238}
{"native_level":2,"rows":738,"nnz":225180,"coarse_rows":96,"omega":0.43781278245,"eigenvalue_upper_bound":3.04544176594}
{"gpu":"NVIDIA GeForce RTX 4090","operator":"double","preconditioner_storage":"float","preconditioner_arithmetic":"float","outer_vectors_and_reductions":"double","cuda_graph":true,"device_context_upload_graph_ms":143.272342,"rows":35616,"free":true,"levels":3,"scope":"offline CPU-built hierarchy; no game integration"}
{"trial":0,"passed":true,"iterations":31,"submitted":32,"cuda_solve_ms":6.320256,"wall_solve_ms":6.329401,"force_residual":9.00492397045e-12,"moment_residual":1.12505210929e-11,"bond_relative_error":1.40503124811e-11,"bond_max_error_over_peak":2.01761893542e-11,"recurrence_relative_residual":5.24219102377e-11,"failed":0}
{"trial":1,"passed":true,"iterations":31,"submitted":32,"cuda_solve_ms":6.315904,"wall_solve_ms":6.323489,"force_residual":9.00492397045e-12,"moment_residual":1.12505210929e-11,"bond_relative_error":1.40503124811e-11,"bond_max_error_over_peak":2.01761893542e-11,"recurrence_relative_residual":5.24219102377e-11,"failed":0}
{"trial":2,"passed":true,"iterations":31,"submitted":32,"cuda_solve_ms":6.314752,"wall_solve_ms":6.321716,"force_residual":9.00492397045e-12,"moment_residual":1.12505210929e-11,"bond_relative_error":1.40503124811e-11,"bond_max_error_over_peak":2.01761893542e-11,"recurrence_relative_residual":5.24219102377e-11,"failed":0}
{"trial":3,"passed":true,"iterations":31,"submitted":32,"cuda_solve_ms":6.311968,"wall_solve_ms":6.318550,"force_residual":9.00492397045e-12,"moment_residual":1.12505210929e-11,"bond_relative_error":1.40503124811e-11,"bond_max_error_over_peak":2.01761893542e-11,"recurrence_relative_residual":5.24219102377e-11,"failed":0}

free-gravity exit 1
{"native_hierarchy_setup_ms":179.923393,"basis_reconstruction_error":6.42271737357e-17,"levels":3,"coarse_rows":96}
{"native_level":0,"rows":35616,"nnz":827552,"coarse_rows":5100,"omega":0.480879752214,"eigenvalue_upper_bound":2.77269593322}
{"native_level":1,"rows":5100,"nnz":890280,"coarse_rows":738,"omega":0.430581738721,"eigenvalue_upper_bound":3.09658588238}
{"native_level":2,"rows":738,"nnz":225180,"coarse_rows":96,"omega":0.43781278245,"eigenvalue_upper_bound":3.04544176594}
{"gpu":"NVIDIA GeForce RTX 4090","operator":"double","preconditioner_storage":"float","preconditioner_arithmetic":"float","outer_vectors_and_reductions":"double","cuda_graph":true,"device_context_upload_graph_ms":156.196929,"rows":35616,"free":true,"levels":3,"scope":"offline CPU-built hierarchy; no game integration"}
{"trial":0,"passed":false,"iterations":23,"submitted":24,"cuda_solve_ms":4.740192,"wall_solve_ms":4.749575,"force_residual":8.25907688496e-14,"moment_residual":4.57528141511e-19,"bond_relative_error":3.04266531156e+137,"bond_max_error_over_peak":2.01447657461e+286,"recurrence_relative_residual":9.71311845766e-11,"failed":0}
{"trial":1,"passed":false,"iterations":23,"submitted":24,"cuda_solve_ms":4.732928,"wall_solve_ms":4.740458,"force_residual":8.25907688496e-14,"moment_residual":4.57528141511e-19,"bond_relative_error":3.04266531156e+137,"bond_max_error_over_peak":2.01447657461e+286,"recurrence_relative_residual":9.71311845766e-11,"failed":0}
{"trial":2,"passed":false,"iterations":23,"submitted":24,"cuda_solve_ms":4.721152,"wall_solve_ms":4.726893,"force_residual":8.25907688496e-14,"moment_residual":4.57528141511e-19,"bond_relative_error":3.04266531156e+137,"bond_max_error_over_peak":2.01447657461e+286,"recurrence_relative_residual":9.71311845766e-11,"failed":0}
{"trial":3,"passed":false,"iterations":23,"submitted":24,"cuda_solve_ms":4.720672,"wall_solve_ms":4.726241,"force_residual":8.25907688496e-14,"moment_residual":4.57528141511e-19,"bond_relative_error":3.04266531156e+137,"bond_max_error_over_peak":2.01447657461e+286,"recurrence_relative_residual":9.71311845766e-11,"failed":0}

Original city deployment restored and healthy
