CUMETAL WARNING: CUMETAL_USE_METAL_DEVICE_ADDRESSES marks every live allocation read-write on every dispatch so kernels can follow raw device addresses; this removes cross-stream concurrency.
native history id=1 nodes=3 iteration=1 residual2=4 tolerance2=1.2e-09 gamma=6 direction_energy=1 failed=0
native history id=9 nodes=3 iteration=1 residual2=36 tolerance2=1.08e-08 gamma=18 direction_energy=1 failed=0
native history id=1 nodes=3 iteration=2 residual2=52 tolerance2=1.2e-09 gamma=4.82609 direction_energy=1.48715 failed=0
native history id=9 nodes=3 iteration=2 residual2=468 tolerance2=1.08e-08 gamma=14.4783 direction_energy=1.48715 failed=0
native history id=4 nodes=4 iteration=1 residual2=32 tolerance2=3.2e-09 gamma=8 direction_energy=2 failed=0
native history id=9 nodes=3 iteration=4 residual2=6.47622 tolerance2=1.08e-08 gamma=1.14293 direction_energy=1.695 failed=0
native history id=1 nodes=3 iteration=4 residual2=0.71958 tolerance2=1.2e-09 gamma=0.380974 direction_energy=1.69499 failed=0
native history id=4 nodes=4 iteration=2 residual2=96 tolerance2=3.2e-09 gamma=4.88 direction_energy=1.7926 failed=0
native history id=1 nodes=3 iteration=1 residual2=36 tolerance2=1.08e-08 gamma=18 direction_energy=1 failed=0
native history id=9 nodes=3 iteration=1 residual2=324 tolerance2=9.72e-08 gamma=54 direction_energy=1 failed=0
native history id=1 nodes=3 iteration=2 residual2=468 tolerance2=1.08e-08 gamma=14.4783 direction_energy=1.48715 failed=0
native history id=9 nodes=3 iteration=2 residual2=4212 tolerance2=9.72e-08 gamma=43.4348 direction_energy=1.48715 failed=0
native history id=4 nodes=4 iteration=1 residual2=288 tolerance2=2.88e-08 gamma=24 direction_energy=2 failed=0
native history id=1 nodes=3 iteration=4 residual2=6.47622 tolerance2=1.08e-08 gamma=1.14293 direction_energy=1.695 failed=0
native history id=9 nodes=3 iteration=4 residual2=58.286 tolerance2=9.72e-08 gamma=3.42878 direction_energy=1.695 failed=0
native history id=4 nodes=4 iteration=2 residual2=864 tolerance2=2.88e-08 gamma=14.64 direction_energy=1.7926 failed=0
native history id=9 nodes=3 iteration=1 residual2=36.0002 tolerance2=4.32e-08 gamma=18 direction_energy=1 failed=0
native history id=1 nodes=3 iteration=1 residual2=4.00002 tolerance2=4.8e-09 gamma=5.99999 direction_energy=1 failed=0
native history id=1 nodes=3 iteration=2 residual2=52.0001 tolerance2=4.8e-09 gamma=4.82609 direction_energy=1.48715 failed=0
native history id=9 nodes=3 iteration=2 residual2=468 tolerance2=4.32e-08 gamma=14.4783 direction_energy=1.48715 failed=0
native history id=4 nodes=4 iteration=1 residual2=32 tolerance2=1.28e-08 gamma=8 direction_energy=2 failed=0
native history id=9 nodes=3 iteration=4 residual2=6.47619 tolerance2=4.32e-08 gamma=1.14292 direction_energy=1.69499 failed=0
native history id=1 nodes=3 iteration=4 residual2=0.719583 tolerance2=4.8e-09 gamma=0.380976 direction_energy=1.695 failed=0
native history id=4 nodes=4 iteration=2 residual2=96 tolerance2=1.28e-08 gamma=4.88 direction_energy=1.7926 failed=0
native history id=9 nodes=3 iteration=1 residual2=36 tolerance2=9.72e-08 gamma=18 direction_energy=0.999999 failed=0
native history id=9 nodes=3 iteration=2 residual2=468 tolerance2=9.72e-08 gamma=14.4783 direction_energy=1.48715 failed=0
native history id=9 nodes=3 iteration=4 residual2=6.47621 tolerance2=9.72e-08 gamma=1.14292 direction_energy=1.69499 failed=0
native history id=9 nodes=1 iteration=1 residual2=324 tolerance2=3.24e-08 gamma=18 direction_energy=1 failed=0
resident columns: topology=GPU nodes=12 bonds=9 worst relative error=5.29819e-07
native history id=1 nodes=31 iteration=1 residual2=4 tolerance2=1.24e-08 gamma=62 direction_energy=1 failed=0
native history id=33 nodes=31 iteration=1 residual2=4 tolerance2=1.24e-08 gamma=62 direction_energy=1 failed=0
native history id=33 nodes=31 iteration=2 residual2=7444 tolerance2=1.24e-08 gamma=63.0128 direction_energy=1.57408 failed=0
native history id=1 nodes=31 iteration=2 residual2=7444 tolerance2=1.24e-08 gamma=63.0128 direction_energy=1.57408 failed=0
native history id=33 nodes=31 iteration=4 residual2=619.418 tolerance2=1.24e-08 gamma=36.197 direction_energy=1.01168 failed=0
native history id=1 nodes=31 iteration=4 residual2=619.418 tolerance2=1.24e-08 gamma=36.197 direction_energy=1.01168 failed=0
native history id=33 nodes=31 iteration=8 residual2=6320.82 tolerance2=1.24e-08 gamma=87.6728 direction_energy=1.04202 failed=0
native history id=1 nodes=31 iteration=8 residual2=6320.82 tolerance2=1.24e-08 gamma=87.6728 direction_energy=1.04202 failed=0
native history id=33 nodes=31 iteration=16 residual2=49.7828 tolerance2=1.24e-08 gamma=8.249 direction_energy=1.91603 failed=0
native history id=1 nodes=31 iteration=16 residual2=49.7828 tolerance2=1.24e-08 gamma=8.249 direction_energy=1.91603 failed=0
native history id=33 nodes=31 iteration=1 residual2=4.00003 tolerance2=4.96e-08 gamma=61.9996 direction_energy=0.999994 failed=0
native history id=33 nodes=31 iteration=2 residual2=7444.27 tolerance2=4.96e-08 gamma=63.0127 direction_energy=1.57408 failed=0
native history id=33 nodes=31 iteration=4 residual2=619.451 tolerance2=4.96e-08 gamma=36.1971 direction_energy=1.01167 failed=0
native history id=33 nodes=31 iteration=8 residual2=6320.99 tolerance2=4.96e-08 gamma=87.673 direction_energy=1.04203 failed=0
native history id=33 nodes=31 iteration=16 residual2=49.7878 tolerance2=4.96e-08 gamma=8.24941 direction_energy=1.91615 failed=0
native history id=33 nodes=31 iteration=1 residual2=16.0001 tolerance2=0 gamma=123.999 direction_energy=0.99999 failed=0
native history id=33 nodes=31 iteration=2 residual2=29776.5 tolerance2=0 gamma=126.026 direction_energy=1.57408 failed=0
native history id=33 nodes=31 iteration=4 residual2=2477.67 tolerance2=0 gamma=72.3943 direction_energy=1.01168 failed=0
native history id=33 nodes=31 iteration=8 residual2=25284.4 tolerance2=0 gamma=175.346 direction_energy=1.04203 failed=0
native history id=33 nodes=31 iteration=16 residual2=199.137 tolerance2=0 gamma=16.4985 direction_energy=1.91611 failed=0
native history id=33 nodes=31 iteration=32 residual2=2.90167e-09 tolerance2=0 gamma=5.10979e-05 direction_energy=1.9145 failed=0
native history id=33 nodes=31 iteration=64 residual2=1.17386e-24 tolerance2=0 gamma=1.27989e-12 direction_energy=12.7415 failed=0
resident unaffected warm column: 64 nodes, 62 bonds, two supported columns; cold=30 preserved=0; fracture/doubled/zero loads passed
native history id=1 nodes=31 iteration=1 residual2=4 tolerance2=1.24e-08 gamma=62 direction_energy=1 failed=0
native history id=33 nodes=31 iteration=1 residual2=4 tolerance2=1.24e-08 gamma=62 direction_energy=1 failed=0
native history id=1 nodes=31 iteration=2 residual2=7444 tolerance2=1.24e-08 gamma=63.0128 direction_energy=1.57408 failed=0
native history id=33 nodes=31 iteration=2 residual2=7444 tolerance2=1.24e-08 gamma=63.0128 direction_energy=1.57408 failed=0
native history id=1 nodes=31 iteration=4 residual2=619.418 tolerance2=1.24e-08 gamma=36.197 direction_energy=1.01168 failed=0
native history id=33 nodes=31 iteration=4 residual2=619.418 tolerance2=1.24e-08 gamma=36.197 direction_energy=1.01168 failed=0
native history id=1 nodes=31 iteration=8 residual2=6320.82 tolerance2=1.24e-08 gamma=87.6728 direction_energy=1.04202 failed=0
native history id=33 nodes=31 iteration=8 residual2=6320.82 tolerance2=1.24e-08 gamma=87.6728 direction_energy=1.04202 failed=0
native history id=1 nodes=31 iteration=16 residual2=49.7828 tolerance2=1.24e-08 gamma=8.249 direction_energy=1.91603 failed=0
native history id=33 nodes=31 iteration=16 residual2=49.7828 tolerance2=1.24e-08 gamma=8.249 direction_energy=1.91603 failed=0
native history id=33 nodes=31 iteration=1 residual2=7.94883e-09 tolerance2=3.1e-09 gamma=0.000142017 direction_energy=34.14 failed=0
native history id=1 nodes=31 iteration=1 residual2=7.96349e-09 tolerance2=3.1e-09 gamma=0.00014226 direction_energy=34.2029 failed=0
native history id=33 nodes=31 iteration=1 residual2=4 tolerance2=3.1e-09 gamma=62 direction_energy=1 failed=0
native history id=1 nodes=31 iteration=1 residual2=4 tolerance2=3.1e-09 gamma=62 direction_energy=1 failed=0
native history id=33 nodes=31 iteration=2 residual2=7444 tolerance2=3.1e-09 gamma=63.0128 direction_energy=1.57408 failed=0
native history id=1 nodes=31 iteration=2 residual2=7444 tolerance2=3.1e-09 gamma=63.0128 direction_energy=1.57408 failed=0
native history id=33 nodes=31 iteration=4 residual2=619.418 tolerance2=3.1e-09 gamma=36.197 direction_energy=1.01168 failed=0
native history id=1 nodes=31 iteration=4 residual2=619.418 tolerance2=3.1e-09 gamma=36.197 direction_energy=1.01168 failed=0
native history id=33 nodes=31 iteration=8 residual2=6320.82 tolerance2=3.1e-09 gamma=87.6728 direction_energy=1.04202 failed=0
native history id=1 nodes=31 iteration=8 residual2=6320.81 tolerance2=3.1e-09 gamma=87.6727 direction_energy=1.04202 failed=0
native history id=33 nodes=31 iteration=16 residual2=49.7828 tolerance2=3.1e-09 gamma=8.249 direction_energy=1.91603 failed=0
native history id=1 nodes=31 iteration=16 residual2=49.7829 tolerance2=3.1e-09 gamma=8.24901 direction_energy=1.91604 failed=0
native history id=1 nodes=15 iteration=1 residual2=4 tolerance2=1.5e-09 gamma=30 direction_energy=1 failed=0
native history id=1 nodes=15 iteration=2 residual2=1684 tolerance2=1.5e-09 gamma=31.1449 direction_energy=1.6631 failed=0
native history id=1 nodes=15 iteration=4 residual2=317.473 tolerance2=1.5e-09 gamma=25.1301 direction_energy=0.907033 failed=0
native history id=1 nodes=15 iteration=8 residual2=151.753 tolerance2=1.5e-09 gamma=13.5239 direction_energy=2.04743 failed=0
native history id=1 nodes=15 iteration=16 residual2=0.000457399 tolerance2=1.5e-09 gamma=0.0167115 direction_energy=9.11283 failed=0
native history id=33 nodes=31 iteration=1 residual2=16 tolerance2=2.79e-08 gamma=124 direction_energy=1 failed=0
native component id=33 nodes=31 iterations=1 active=1 failed=0 residual2=16 tolerance2=2.79e-08 gamma=124 direction_energy=1 anchored=1 rotations=3
native history id=33 nodes=31 iteration=1 residual2=29776.2 tolerance2=2.79e-08 gamma=124 direction_energy=2.06779 failed=0
native component id=33 nodes=31 iterations=1 active=1 failed=0 residual2=29776.2 tolerance2=2.79e-08 gamma=124 direction_energy=2.06779 anchored=1 rotations=3
resident exact settled reuse: 64 nodes / 62 bonds, zero-update certification, repeated byte-exact reuse, ULP/settings/cold/topology invalidation passed
