
running 1 test
test physx_runtime::vehicle_fracture_tests::authored_vehicle_cannonball_localized_fracture ... CUMETAL WARNING: CUMETAL_USE_METAL_DEVICE_ADDRESSES marks every live allocation read-write on every dispatch so kernels can follow raw device addresses; this removes cross-stream concurrency.
[destruction] native internalCorrectionLimit=1
Authored cannon buggy: 0 broken / 626 bonds; error=Some("tick 0: NativeStatus { frame: 31, error: 0, stress_topology_error: 0, iterations: 712, converged: false, normal_contacts: 1, friction_anchors: 1, bond_commands: 0, broken_bonds: 0, crushed_chunks: 0, correction_passes: 0, stress_passes: 1, post_correction_broken_bonds: 0, committed_chunks: 0, committed_bonds: 0, cluster_count: 1, stress_island_count: 1, observed: true, degraded: false, missed_frames: 0 }")
[destruction] native internalCorrectionLimit=1
Authored cannon trophy: 0 broken / 1072 bonds; error=Some("tick 0: NativeStatus { frame: 31, error: 0, stress_topology_error: 0, iterations: 1474, converged: false, normal_contacts: 1, friction_anchors: 1, bond_commands: 0, broken_bonds: 0, crushed_chunks: 0, correction_passes: 0, stress_passes: 1, post_correction_broken_bonds: 0, committed_chunks: 0, committed_bonds: 0, cluster_count: 1, stress_island_count: 1, observed: true, degraded: false, missed_frames: 0 }")
[destruction] native internalCorrectionLimit=1
Authored cannon rally: 0 broken / 1102 bonds; error=Some("tick 0: NativeStatus { frame: 31, error: 0, stress_topology_error: 0, iterations: 676, converged: false, normal_contacts: 1, friction_anchors: 1, bond_commands: 0, broken_bonds: 0, crushed_chunks: 0, correction_passes: 0, stress_passes: 1, post_correction_broken_bonds: 0, committed_chunks: 0, committed_bonds: 0, cluster_count: 1, stress_island_count: 1, observed: true, degraded: false, missed_frames: 0 }")
[destruction] native internalCorrectionLimit=1
Authored cannon monster: 1 broken / 1039 bonds; error=Some("tick 0: NativeStatus { frame: 31, error: 0, stress_topology_error: 0, iterations: 728, converged: false, normal_contacts: 1, friction_anchors: 1, bond_commands: 1, broken_bonds: 1, crushed_chunks: 0, correction_passes: 0, stress_passes: 1, post_correction_broken_bonds: 0, committed_chunks: 0, committed_bonds: 1, cluster_count: 1, stress_island_count: 1, observed: true, degraded: false, missed_frames: 0 }")
[destruction] native internalCorrectionLimit=1
Authored cannon derby: 2 broken / 1016 bonds; error=Some("tick 0: NativeStatus { frame: 31, error: 0, stress_topology_error: 0, iterations: 899, converged: false, normal_contacts: 1, friction_anchors: 1, bond_commands: 2, broken_bonds: 2, crushed_chunks: 0, correction_passes: 0, stress_passes: 1, post_correction_broken_bonds: 0, committed_chunks: 0, committed_bonds: 2, cluster_count: 1, stress_island_count: 1, observed: true, degraded: false, missed_frames: 0 }")
[destruction] native internalCorrectionLimit=1
Authored cannon sprint: 0 broken / 754 bonds; error=Some("tick 0: NativeStatus { frame: 31, error: 0, stress_topology_error: 0, iterations: 950, converged: false, normal_contacts: 1, friction_anchors: 1, bond_commands: 0, broken_bonds: 0, crushed_chunks: 0, correction_passes: 0, stress_passes: 1, post_correction_broken_bonds: 0, committed_chunks: 0, committed_bonds: 0, cluster_count: 1, stress_island_count: 1, observed: true, degraded: false, missed_frames: 0 }")

thread 'physx_runtime::vehicle_fracture_tests::authored_vehicle_cannonball_localized_fracture' (15352803) panicked at server/src/physx_runtime/vehicle_fracture_tests.rs:173:5:
authored vehicle impact failures: [
    "buggy: tick 0: NativeStatus { frame: 31, error: 0, stress_topology_error: 0, iterations: 712, converged: false, normal_contacts: 1, friction_anchors: 1, bond_commands: 0, broken_bonds: 0, crushed_chunks: 0, correction_passes: 0, stress_passes: 1, post_correction_broken_bonds: 0, committed_chunks: 0, committed_bonds: 0, cluster_count: 1, stress_island_count: 1, observed: true, degraded: false, missed_frames: 0 }",
    "trophy: tick 0: NativeStatus { frame: 31, error: 0, stress_topology_error: 0, iterations: 1474, converged: false, normal_contacts: 1, friction_anchors: 1, bond_commands: 0, broken_bonds: 0, crushed_chunks: 0, correction_passes: 0, stress_passes: 1, post_correction_broken_bonds: 0, committed_chunks: 0, committed_bonds: 0, cluster_count: 1, stress_island_count: 1, observed: true, degraded: false, missed_frames: 0 }",
    "rally: tick 0: NativeStatus { frame: 31, error: 0, stress_topology_error: 0, iterations: 676, converged: false, normal_contacts: 1, friction_anchors: 1, bond_commands: 0, broken_bonds: 0, crushed_chunks: 0, correction_passes: 0, stress_passes: 1, post_correction_broken_bonds: 0, committed_chunks: 0, committed_bonds: 0, cluster_count: 1, stress_island_count: 1, observed: true, degraded: false, missed_frames: 0 }",
    "monster: tick 0: NativeStatus { frame: 31, error: 0, stress_topology_error: 0, iterations: 728, converged: false, normal_contacts: 1, friction_anchors: 1, bond_commands: 1, broken_bonds: 1, crushed_chunks: 0, correction_passes: 0, stress_passes: 1, post_correction_broken_bonds: 0, committed_chunks: 0, committed_bonds: 1, cluster_count: 1, stress_island_count: 1, observed: true, degraded: false, missed_frames: 0 }",
    "derby: tick 0: NativeStatus { frame: 31, error: 0, stress_topology_error: 0, iterations: 899, converged: false, normal_contacts: 1, friction_anchors: 1, bond_commands: 2, broken_bonds: 2, crushed_chunks: 0, correction_passes: 0, stress_passes: 1, post_correction_broken_bonds: 0, committed_chunks: 0, committed_bonds: 2, cluster_count: 1, stress_island_count: 1, observed: true, degraded: false, missed_frames: 0 }",
    "sprint: tick 0: NativeStatus { frame: 31, error: 0, stress_topology_error: 0, iterations: 950, converged: false, normal_contacts: 1, friction_anchors: 1, bond_commands: 0, broken_bonds: 0, crushed_chunks: 0, correction_passes: 0, stress_passes: 1, post_correction_broken_bonds: 0, committed_chunks: 0, committed_bonds: 0, cluster_count: 1, stress_island_count: 1, observed: true, degraded: false, missed_frames: 0 }",
]
note: run with `RUST_BACKTRACE=1` environment variable to display a backtrace
FAILED

failures:

failures:
    physx_runtime::vehicle_fracture_tests::authored_vehicle_cannonball_localized_fracture

test result: FAILED. 0 passed; 1 failed; 0 ignored; 0 measured; 207 filtered out; finished in 2.10s

