{
  "file": "/tmp/multilevel-reproduced.bin",
  "sha256": "918d68481a6563f31092d468712ed8ebd6de52174687c804fa264ebed2a42aa0",
  "graph": "/root/workspace/vibe-land-4/bench-results/simulation-frontier/contact-wrench/conditioning/single-building.json.gz",
  "graph_sha256": "aab7d53eaac2f6767a783f5045fb2b84f5ab45c19c045e17077932d44272397f",
  "active_nodes": 5936,
  "bonds": 18627,
  "free": false,
  "loads": "gravity",
  "load_scale": 1.0,
  "reused_anchored_hierarchy": false,
  "offline_cpu_setup_seconds": 0.5560672599822283,
  "levels": [
    {
      "blocks": 5936,
      "nnz": 827552,
      "coarse_blocks": 913
    },
    {
      "blocks": 913,
      "nnz": 982836,
      "coarse_blocks": 120
    },
    {
      "blocks": 120,
      "nnz": 233928,
      "coarse_blocks": 17
    }
  ],
  "reference_residual": {
    "force": 1.5789955300946428e-11,
    "moment": 1.878121546152095e-11
  },
  "reference_iterations": [
    33
  ],
  "scope": "Offline hierarchy fixture only; no runtime topology-update implementation."
}
