{
  "file": "/tmp/multilevel-reproduced.bin",
  "sha256": "305b0c777174045a10a04bb7abed18ba5472f463d6cb190f53655348114ecec1",
  "graph": "/root/workspace/vibe-land-4/bench-results/simulation-frontier/contact-wrench/conditioning/single-building.json.gz",
  "graph_sha256": "aab7d53eaac2f6767a783f5045fb2b84f5ab45c19c045e17077932d44272397f",
  "active_nodes": 5936,
  "bonds": 18564,
  "free": true,
  "loads": "random",
  "load_scale": 1.0,
  "reused_anchored_hierarchy": false,
  "offline_cpu_setup_seconds": 0.5836375472135842,
  "levels": [
    {
      "blocks": 5936,
      "nnz": 827552,
      "coarse_blocks": 913
    },
    {
      "blocks": 913,
      "nnz": 982836,
      "coarse_blocks": 120
    },
    {
      "blocks": 120,
      "nnz": 233928,
      "coarse_blocks": 17
    }
  ],
  "reference_residual": {
    "force": 1.6417774407535804e-11,
    "moment": 2.0274356616937757e-11
  },
  "reference_iterations": [
    30
  ],
  "scope": "Offline hierarchy fixture only; no runtime topology-update implementation."
}
