{"native_physical_assembly_ms":32.646768,"active_nodes":5936,"bonds":18627,"independent_operator_comparison":true,"native_load_projection":true}
{"galerkin_algorithm":2}
{"gpu_galerkin_context_ms":146.763130}
{"setup_repeat":0,"gpu_galerkin":true,"setup_ms":164.141050,"retained_bytes":359861155,"allocations":24}
{"setup_repeat":1,"gpu_galerkin":true,"setup_ms":131.126417,"retained_bytes":359861155,"allocations":24}
{"setup_repeat":2,"gpu_galerkin":true,"setup_ms":110.843032,"retained_bytes":359861155,"allocations":24}
{"setup_repeat":3,"gpu_galerkin":true,"setup_ms":115.687671,"retained_bytes":359861155,"allocations":24}
{"setup_repeat":4,"gpu_galerkin":true,"setup_ms":109.947282,"retained_bytes":359861155,"allocations":24}
{"setup_repeat":5,"gpu_galerkin":true,"setup_ms":115.187419,"retained_bytes":359861155,"allocations":24}
{"setup_repeat":6,"gpu_galerkin":true,"setup_ms":105.732056,"retained_bytes":359861155,"allocations":24}
{"setup_repeat":7,"gpu_galerkin":true,"setup_ms":106.343476,"retained_bytes":359861155,"allocations":24}
{"gpu_hierarchy_reference_check":true,"coarse_inverse_relative_error":1.96551656494e-12}
{"native_hierarchy_setup_ms":106.343476,"input_validation_ms":25.522309,"coarse_setup_ms":0.420855,"basis_reconstruction_error":6.38176246387e-17,"levels":3,"coarse_rows":96}
{"native_level":0,"rows":35616,"nnz":827552,"coarse_rows":5100,"omega":0.483457107955,"eigenvalue_upper_bound":2.75791442797,"diagonal_ms":2.465305,"spectral_bound_ms":10.938117,"aggregate_ms":5.081641,"interpolation_ms":7.893452,"galerkin_ms":16.171361,"representation_ms":8.806804}
{"native_level":1,"rows":5100,"nnz":890280,"coarse_rows":738,"omega":0.430145208696,"eigenvalue_upper_bound":3.09972843212,"diagonal_ms":0.380118,"spectral_bound_ms":6.176002,"aggregate_ms":0.621388,"interpolation_ms":4.028969,"galerkin_ms":9.233380,"representation_ms":4.257495}
{"native_level":2,"rows":738,"nnz":225180,"coarse_rows":96,"omega":0.438084405917,"eigenvalue_upper_bound":3.04355351463,"diagonal_ms":0.047349,"spectral_bound_ms":1.425547,"aggregate_ms":0.089296,"interpolation_ms":0.683524,"galerkin_ms":1.303269,"representation_ms":0.688483}
{"resident_bond_operator":true,"gpu_rigid_projector":true}
{"gpu":"NVIDIA GeForce RTX 4090","operator":"double","preconditioner_storage":"float","preconditioner_arithmetic":"float","outer_vectors_and_reductions":"double","cuda_graph":true,"device_context_upload_graph_ms":11.773554,"rows":35616,"free":false,"levels":3,"scope":"standalone hierarchy validation; no game integration"}
{"trial":0,"passed":true,"iterations":34,"submitted":40,"cuda_solve_ms":7.495840,"wall_solve_ms":7.504767,"force_residual":1.40924878964e-11,"moment_residual":1.69530202894e-11,"bond_relative_error":2.93350928055e-12,"bond_max_error_over_peak":2.86731063723e-12,"bond_force_error_n":0.000145645602047,"bond_moment_error_nm":3.54425851811e-05,"bond_force_error_over_input":1.04948179966e-10,"bond_moment_error_over_input":2.70915122615e-11,"zero_bond_reference":false,"recurrence_relative_residual":8.52713613411e-11,"failed":0}
{"trial":1,"passed":true,"iterations":34,"submitted":40,"cuda_solve_ms":7.486144,"wall_solve_ms":7.492825,"force_residual":1.40924878964e-11,"moment_residual":1.69530202894e-11,"bond_relative_error":2.93350928055e-12,"bond_max_error_over_peak":2.86731063723e-12,"bond_force_error_n":0.000145645602047,"bond_moment_error_nm":3.54425851811e-05,"bond_force_error_over_input":1.04948179966e-10,"bond_moment_error_over_input":2.70915122615e-11,"zero_bond_reference":false,"recurrence_relative_residual":8.52713613411e-11,"failed":0}
{"trial":2,"passed":true,"iterations":34,"submitted":40,"cuda_solve_ms":7.484032,"wall_solve_ms":7.490881,"force_residual":1.40924878964e-11,"moment_residual":1.69530202894e-11,"bond_relative_error":2.93350928055e-12,"bond_max_error_over_peak":2.86731063723e-12,"bond_force_error_n":0.000145645602047,"bond_moment_error_nm":3.54425851811e-05,"bond_force_error_over_input":1.04948179966e-10,"bond_moment_error_over_input":2.70915122615e-11,"zero_bond_reference":false,"recurrence_relative_residual":8.52713613411e-11,"failed":0}
{"trial":3,"passed":true,"iterations":34,"submitted":40,"cuda_solve_ms":7.481088,"wall_solve_ms":7.487646,"force_residual":1.40924878964e-11,"moment_residual":1.69530202894e-11,"bond_relative_error":2.93350928055e-12,"bond_max_error_over_peak":2.86731063723e-12,"bond_force_error_n":0.000145645602047,"bond_moment_error_nm":3.54425851811e-05,"bond_force_error_over_input":1.04948179966e-10,"bond_moment_error_over_input":2.70915122615e-11,"zero_bond_reference":false,"recurrence_relative_residual":8.52713613411e-11,"failed":0}
