{"native_physical_assembly_ms":31.084185,"active_nodes":5936,"bonds":18627,"independent_operator_comparison":true,"native_load_projection":true}
{"galerkin_algorithm":1}
{"gpu_galerkin_context_ms":146.521440}
{"setup_repeat":0,"gpu_galerkin":true,"setup_ms":170.924033,"retained_bytes":1792006010,"allocations":22}
{"setup_repeat":1,"gpu_galerkin":true,"setup_ms":126.695608,"retained_bytes":1792006010,"allocations":22}
{"setup_repeat":2,"gpu_galerkin":true,"setup_ms":109.457790,"retained_bytes":1792006010,"allocations":22}
{"setup_repeat":3,"gpu_galerkin":true,"setup_ms":106.976155,"retained_bytes":1792006010,"allocations":22}
{"setup_repeat":4,"gpu_galerkin":true,"setup_ms":113.807928,"retained_bytes":1792006010,"allocations":22}
{"setup_repeat":5,"gpu_galerkin":true,"setup_ms":103.279024,"retained_bytes":1792006010,"allocations":22}
{"setup_repeat":6,"gpu_galerkin":true,"setup_ms":101.026726,"retained_bytes":1792006010,"allocations":22}
{"setup_repeat":7,"gpu_galerkin":true,"setup_ms":100.816093,"retained_bytes":1792006010,"allocations":22}
{"gpu_hierarchy_reference_check":true,"coarse_inverse_relative_error":1.96551656494e-12}
{"native_hierarchy_setup_ms":100.816093,"input_validation_ms":24.102362,"coarse_setup_ms":0.420183,"basis_reconstruction_error":6.38176246387e-17,"levels":3,"coarse_rows":96}
{"native_level":0,"rows":35616,"nnz":827552,"coarse_rows":5100,"omega":0.483457107955,"eigenvalue_upper_bound":2.75791442797,"diagonal_ms":2.289207,"spectral_bound_ms":11.061196,"aggregate_ms":5.062957,"interpolation_ms":7.178008,"galerkin_ms":15.121624,"representation_ms":8.587686}
{"native_level":1,"rows":5100,"nnz":890280,"coarse_rows":738,"omega":0.430145208696,"eigenvalue_upper_bound":3.09972843212,"diagonal_ms":0.345063,"spectral_bound_ms":5.807875,"aggregate_ms":0.592895,"interpolation_ms":4.048936,"galerkin_ms":7.756036,"representation_ms":4.317297}
{"native_level":2,"rows":738,"nnz":225180,"coarse_rows":96,"omega":0.438084405917,"eigenvalue_upper_bound":3.04355351463,"diagonal_ms":0.046536,"spectral_bound_ms":1.435847,"aggregate_ms":0.087362,"interpolation_ms":0.673315,"galerkin_ms":1.144212,"representation_ms":0.643981}
{"resident_bond_operator":true,"gpu_rigid_projector":true}
{"gpu":"NVIDIA GeForce RTX 4090","operator":"double","preconditioner_storage":"float","preconditioner_arithmetic":"float","outer_vectors_and_reductions":"double","cuda_graph":true,"device_context_upload_graph_ms":25.866310,"rows":35616,"free":false,"levels":3,"scope":"standalone hierarchy validation; no game integration"}
{"trial":0,"passed":true,"iterations":34,"submitted":40,"cuda_solve_ms":7.509312,"wall_solve_ms":7.518453,"force_residual":1.40924878964e-11,"moment_residual":1.69530202894e-11,"bond_relative_error":2.93350928055e-12,"bond_max_error_over_peak":2.86731063723e-12,"bond_force_error_n":0.000145645602047,"bond_moment_error_nm":3.54425851811e-05,"bond_force_error_over_input":1.04948179966e-10,"bond_moment_error_over_input":2.70915122615e-11,"zero_bond_reference":false,"recurrence_relative_residual":8.52713613411e-11,"failed":0}
{"trial":1,"passed":true,"iterations":34,"submitted":40,"cuda_solve_ms":7.486848,"wall_solve_ms":7.492956,"force_residual":1.40924878964e-11,"moment_residual":1.69530202894e-11,"bond_relative_error":2.93350928055e-12,"bond_max_error_over_peak":2.86731063723e-12,"bond_force_error_n":0.000145645602047,"bond_moment_error_nm":3.54425851811e-05,"bond_force_error_over_input":1.04948179966e-10,"bond_moment_error_over_input":2.70915122615e-11,"zero_bond_reference":false,"recurrence_relative_residual":8.52713613411e-11,"failed":0}
{"trial":2,"passed":true,"iterations":34,"submitted":40,"cuda_solve_ms":7.526272,"wall_solve_ms":7.533190,"force_residual":1.40924878964e-11,"moment_residual":1.69530202894e-11,"bond_relative_error":2.93350928055e-12,"bond_max_error_over_peak":2.86731063723e-12,"bond_force_error_n":0.000145645602047,"bond_moment_error_nm":3.54425851811e-05,"bond_force_error_over_input":1.04948179966e-10,"bond_moment_error_over_input":2.70915122615e-11,"zero_bond_reference":false,"recurrence_relative_residual":8.52713613411e-11,"failed":0}
{"trial":3,"passed":true,"iterations":34,"submitted":40,"cuda_solve_ms":7.529824,"wall_solve_ms":7.537609,"force_residual":1.40924878964e-11,"moment_residual":1.69530202894e-11,"bond_relative_error":2.93350928055e-12,"bond_max_error_over_peak":2.86731063723e-12,"bond_force_error_n":0.000145645602047,"bond_moment_error_nm":3.54425851811e-05,"bond_force_error_over_input":1.04948179966e-10,"bond_moment_error_over_input":2.70915122615e-11,"zero_bond_reference":false,"recurrence_relative_residual":8.52713613411e-11,"failed":0}
