{"native_physical_assembly_ms":30.602317,"active_nodes":5936,"bonds":18627,"independent_operator_comparison":true,"native_load_projection":true}
{"galerkin_algorithm":3}
{"gpu_galerkin_context_ms":140.696304}
{"setup_repeat":0,"gpu_galerkin":true,"setup_ms":178.017083,"retained_bytes":299505625,"allocations":25}
{"setup_repeat":1,"gpu_galerkin":true,"setup_ms":141.222905,"retained_bytes":299505625,"allocations":25}
{"setup_repeat":2,"gpu_galerkin":true,"setup_ms":123.822053,"retained_bytes":299505625,"allocations":25}
{"setup_repeat":3,"gpu_galerkin":true,"setup_ms":118.873619,"retained_bytes":299505625,"allocations":25}
{"setup_repeat":4,"gpu_galerkin":true,"setup_ms":114.537839,"retained_bytes":299505625,"allocations":25}
{"setup_repeat":5,"gpu_galerkin":true,"setup_ms":113.861909,"retained_bytes":299505625,"allocations":25}
{"setup_repeat":6,"gpu_galerkin":true,"setup_ms":118.580293,"retained_bytes":299505625,"allocations":25}
{"setup_repeat":7,"gpu_galerkin":true,"setup_ms":121.380863,"retained_bytes":299505625,"allocations":25}
{"gpu_hierarchy_reference_check":true,"coarse_inverse_relative_error":2.10815370855e-12}
{"native_hierarchy_setup_ms":121.380863,"input_validation_ms":25.832677,"coarse_setup_ms":0.410906,"basis_reconstruction_error":6.38176246387e-17,"levels":3,"coarse_rows":96}
{"native_level":0,"rows":35616,"nnz":827552,"coarse_rows":5100,"omega":0.483457107955,"eigenvalue_upper_bound":2.75791442797,"diagonal_ms":2.850382,"spectral_bound_ms":12.103389,"aggregate_ms":5.370419,"interpolation_ms":8.920527,"galerkin_ms":20.186454,"representation_ms":9.464961}
{"native_level":1,"rows":5100,"nnz":890280,"coarse_rows":738,"omega":0.430145208696,"eigenvalue_upper_bound":3.09972843212,"diagonal_ms":0.358408,"spectral_bound_ms":6.133192,"aggregate_ms":0.613273,"interpolation_ms":3.998412,"galerkin_ms":13.587906,"representation_ms":4.331002}
{"native_level":2,"rows":738,"nnz":225180,"coarse_rows":96,"omega":0.438084405917,"eigenvalue_upper_bound":3.04355351463,"diagonal_ms":0.046116,"spectral_bound_ms":1.364653,"aggregate_ms":0.085500,"interpolation_ms":0.683884,"galerkin_ms":4.125069,"representation_ms":0.739759}
{"resident_bond_operator":true,"gpu_rigid_projector":true}
{"gpu":"NVIDIA GeForce RTX 4090","operator":"double","preconditioner_storage":"float","preconditioner_arithmetic":"float","outer_vectors_and_reductions":"double","cuda_graph":true,"device_context_upload_graph_ms":12.427102,"rows":35616,"free":false,"levels":3,"scope":"standalone hierarchy validation; no game integration"}
{"trial":0,"passed":true,"iterations":34,"submitted":40,"cuda_solve_ms":7.504384,"wall_solve_ms":7.514466,"force_residual":1.41790583919e-11,"moment_residual":1.69314780527e-11,"bond_relative_error":2.9334741817e-12,"bond_max_error_over_peak":2.86712496666e-12,"bond_force_error_n":0.000145657878063,"bond_moment_error_nm":3.54423128458e-05,"bond_force_error_over_input":1.04957025722e-10,"bond_moment_error_over_input":2.70913040945e-11,"zero_bond_reference":false,"recurrence_relative_residual":8.52712675557e-11,"failed":0}
{"trial":1,"passed":true,"iterations":34,"submitted":40,"cuda_solve_ms":7.489216,"wall_solve_ms":7.495540,"force_residual":1.41790583919e-11,"moment_residual":1.69314780527e-11,"bond_relative_error":2.9334741817e-12,"bond_max_error_over_peak":2.86712496666e-12,"bond_force_error_n":0.000145657878063,"bond_moment_error_nm":3.54423128458e-05,"bond_force_error_over_input":1.04957025722e-10,"bond_moment_error_over_input":2.70913040945e-11,"zero_bond_reference":false,"recurrence_relative_residual":8.52712675557e-11,"failed":0}
{"trial":2,"passed":true,"iterations":34,"submitted":40,"cuda_solve_ms":7.486112,"wall_solve_ms":7.491903,"force_residual":1.41790583919e-11,"moment_residual":1.69314780527e-11,"bond_relative_error":2.9334741817e-12,"bond_max_error_over_peak":2.86712496666e-12,"bond_force_error_n":0.000145657878063,"bond_moment_error_nm":3.54423128458e-05,"bond_force_error_over_input":1.04957025722e-10,"bond_moment_error_over_input":2.70913040945e-11,"zero_bond_reference":false,"recurrence_relative_residual":8.52712675557e-11,"failed":0}
{"trial":3,"passed":true,"iterations":34,"submitted":40,"cuda_solve_ms":7.520960,"wall_solve_ms":7.538600,"force_residual":1.41790583919e-11,"moment_residual":1.69314780527e-11,"bond_relative_error":2.9334741817e-12,"bond_max_error_over_peak":2.86712496666e-12,"bond_force_error_n":0.000145657878063,"bond_moment_error_nm":3.54423128458e-05,"bond_force_error_over_input":1.04957025722e-10,"bond_moment_error_over_input":2.70913040945e-11,"zero_bond_reference":false,"recurrence_relative_residual":8.52712675557e-11,"failed":0}
