{"native_physical_assembly_ms":37.163757,"active_nodes":5936,"bonds":18564,"independent_operator_comparison":true,"native_load_projection":true}
{"galerkin_algorithm":1}
{"gpu_galerkin_context_ms":145.822589}
{"setup_repeat":0,"gpu_galerkin":true,"setup_ms":171.745945,"retained_bytes":1791998954,"allocations":22}
{"setup_repeat":1,"gpu_galerkin":true,"setup_ms":130.674174,"retained_bytes":1791998954,"allocations":22}
{"setup_repeat":2,"gpu_galerkin":true,"setup_ms":112.348398,"retained_bytes":1791998954,"allocations":22}
{"setup_repeat":3,"gpu_galerkin":true,"setup_ms":107.610608,"retained_bytes":1791998954,"allocations":22}
{"setup_repeat":4,"gpu_galerkin":true,"setup_ms":107.185286,"retained_bytes":1791998954,"allocations":22}
{"setup_repeat":5,"gpu_galerkin":true,"setup_ms":106.352984,"retained_bytes":1791998954,"allocations":22}
{"setup_repeat":6,"gpu_galerkin":true,"setup_ms":116.304862,"retained_bytes":1791998954,"allocations":22}
{"setup_repeat":7,"gpu_galerkin":true,"setup_ms":104.331737,"retained_bytes":1791998954,"allocations":22}
{"gpu_hierarchy_reference_check":true,"coarse_inverse_relative_error":2.5354855388e-14}
{"native_hierarchy_setup_ms":104.331737,"input_validation_ms":26.400677,"coarse_setup_ms":0.553351,"basis_reconstruction_error":6.15321854078e-17,"levels":3,"coarse_rows":96}
{"native_level":0,"rows":35616,"nnz":827552,"coarse_rows":5100,"omega":0.480879752214,"eigenvalue_upper_bound":2.77269593322,"diagonal_ms":2.443584,"spectral_bound_ms":10.975797,"aggregate_ms":5.212736,"interpolation_ms":7.424207,"galerkin_ms":15.087420,"representation_ms":8.674959}
{"native_level":1,"rows":5100,"nnz":890280,"coarse_rows":738,"omega":0.430581738721,"eigenvalue_upper_bound":3.09658588238,"diagonal_ms":0.351234,"spectral_bound_ms":6.113695,"aggregate_ms":0.608124,"interpolation_ms":4.216619,"galerkin_ms":7.754262,"representation_ms":4.427542}
{"native_level":2,"rows":738,"nnz":225180,"coarse_rows":96,"omega":0.43781278245,"eigenvalue_upper_bound":3.04544176594,"diagonal_ms":0.046337,"spectral_bound_ms":1.401983,"aggregate_ms":0.087192,"interpolation_ms":0.672123,"galerkin_ms":1.113005,"representation_ms":0.668686}
{"resident_bond_operator":true,"gpu_rigid_projector":true}
{"gpu":"NVIDIA GeForce RTX 4090","operator":"double","preconditioner_storage":"float","preconditioner_arithmetic":"float","outer_vectors_and_reductions":"double","cuda_graph":true,"device_context_upload_graph_ms":25.979351,"rows":35616,"free":true,"levels":3,"scope":"standalone hierarchy validation; no game integration"}
{"trial":0,"passed":true,"iterations":31,"submitted":32,"cuda_solve_ms":7.155968,"wall_solve_ms":7.165135,"force_residual":9.00397866086e-12,"moment_residual":1.12507050623e-11,"bond_relative_error":1.4348690895e-11,"bond_max_error_over_peak":2.07096977092e-11,"bond_force_error_n":3.86283256866e-06,"bond_moment_error_nm":3.04614649944e-06,"bond_force_error_over_input":1.56590346709e-11,"bond_moment_error_over_input":1.30944422552e-11,"zero_bond_reference":false,"recurrence_relative_residual":5.24218629155e-11,"failed":0}
{"trial":1,"passed":true,"iterations":31,"submitted":32,"cuda_solve_ms":7.138240,"wall_solve_ms":7.144376,"force_residual":9.00599631763e-12,"moment_residual":1.1250977441e-11,"bond_relative_error":1.43487704619e-11,"bond_max_error_over_peak":2.07096977092e-11,"bond_force_error_n":3.86288816447e-06,"bond_moment_error_nm":3.04614613909e-06,"bond_force_error_over_input":1.56592600436e-11,"bond_moment_error_over_input":1.30944407062e-11,"zero_bond_reference":false,"recurrence_relative_residual":5.24218292453e-11,"failed":0}
{"trial":2,"passed":true,"iterations":31,"submitted":32,"cuda_solve_ms":7.136512,"wall_solve_ms":7.142442,"force_residual":9.00680973201e-12,"moment_residual":1.12504311882e-11,"bond_relative_error":1.43487868807e-11,"bond_max_error_over_peak":2.0709624405e-11,"bond_force_error_n":3.86295648886e-06,"bond_moment_error_nm":3.04614406579e-06,"bond_force_error_over_input":1.56595370149e-11,"bond_moment_error_over_input":1.30944317937e-11,"zero_bond_reference":false,"recurrence_relative_residual":5.24218036494e-11,"failed":0}
{"trial":3,"passed":true,"iterations":31,"submitted":32,"cuda_solve_ms":7.144416,"wall_solve_ms":7.151679,"force_residual":9.00464514081e-12,"moment_residual":1.12506562602e-11,"bond_relative_error":1.43488261055e-11,"bond_max_error_over_peak":2.07094044922e-11,"bond_force_error_n":3.86289302657e-06,"bond_moment_error_nm":3.04613762942e-06,"bond_force_error_over_input":1.56592797534e-11,"bond_moment_error_over_input":1.30944041257e-11,"zero_bond_reference":false,"recurrence_relative_residual":5.24218384324e-11,"failed":0}
