{"native_physical_assembly_ms":36.632827,"active_nodes":5936,"bonds":18564,"independent_operator_comparison":true,"native_load_projection":true}
{"galerkin_algorithm":2}
{"gpu_galerkin_context_ms":141.507887}
{"setup_repeat":0,"gpu_galerkin":true,"setup_ms":178.020280,"retained_bytes":359913427,"allocations":24}
{"setup_repeat":1,"gpu_galerkin":true,"setup_ms":141.551828,"retained_bytes":359913427,"allocations":24}
{"setup_repeat":2,"gpu_galerkin":true,"setup_ms":120.325827,"retained_bytes":359913427,"allocations":24}
{"setup_repeat":3,"gpu_galerkin":true,"setup_ms":120.205022,"retained_bytes":359913427,"allocations":24}
{"setup_repeat":4,"gpu_galerkin":true,"setup_ms":114.677339,"retained_bytes":359913427,"allocations":24}
{"setup_repeat":5,"gpu_galerkin":true,"setup_ms":116.490920,"retained_bytes":359913427,"allocations":24}
{"setup_repeat":6,"gpu_galerkin":true,"setup_ms":109.046074,"retained_bytes":359913427,"allocations":24}
{"setup_repeat":7,"gpu_galerkin":true,"setup_ms":107.779443,"retained_bytes":359913427,"allocations":24}
{"gpu_hierarchy_reference_check":true,"coarse_inverse_relative_error":2.5354855388e-14}
{"native_hierarchy_setup_ms":107.779443,"input_validation_ms":26.731453,"coarse_setup_ms":0.548502,"basis_reconstruction_error":6.15321854078e-17,"levels":3,"coarse_rows":96}
{"native_level":0,"rows":35616,"nnz":827552,"coarse_rows":5100,"omega":0.480879752214,"eigenvalue_upper_bound":2.77269593322,"diagonal_ms":2.705283,"spectral_bound_ms":11.000132,"aggregate_ms":5.029003,"interpolation_ms":7.384634,"galerkin_ms":16.204984,"representation_ms":9.256322}
{"native_level":1,"rows":5100,"nnz":890280,"coarse_rows":738,"omega":0.430581738721,"eigenvalue_upper_bound":3.09658588238,"diagonal_ms":0.342177,"spectral_bound_ms":6.125908,"aggregate_ms":0.597414,"interpolation_ms":3.924304,"galerkin_ms":9.186512,"representation_ms":4.482795}
{"native_level":2,"rows":738,"nnz":225180,"coarse_rows":96,"omega":0.43781278245,"eigenvalue_upper_bound":3.04544176594,"diagonal_ms":0.048680,"spectral_bound_ms":1.374082,"aggregate_ms":0.086581,"interpolation_ms":0.672083,"galerkin_ms":1.285526,"representation_ms":0.655722}
{"resident_bond_operator":true,"gpu_rigid_projector":true}
{"gpu":"NVIDIA GeForce RTX 4090","operator":"double","preconditioner_storage":"float","preconditioner_arithmetic":"float","outer_vectors_and_reductions":"double","cuda_graph":true,"device_context_upload_graph_ms":12.425048,"rows":35616,"free":true,"levels":3,"scope":"standalone hierarchy validation; no game integration"}
{"trial":0,"passed":true,"iterations":31,"submitted":32,"cuda_solve_ms":7.147552,"wall_solve_ms":7.157581,"force_residual":9.00428321977e-12,"moment_residual":1.1250664626e-11,"bond_relative_error":1.43486902568e-11,"bond_max_error_over_peak":2.07097710135e-11,"bond_force_error_n":3.86280534365e-06,"bond_moment_error_nm":3.04613958135e-06,"bond_force_error_over_input":1.5658924307e-11,"bond_moment_error_over_input":1.30944125165e-11,"zero_bond_reference":false,"recurrence_relative_residual":5.24218430809e-11,"failed":0}
{"trial":1,"passed":true,"iterations":31,"submitted":32,"cuda_solve_ms":7.142528,"wall_solve_ms":7.150167,"force_residual":9.0064154288e-12,"moment_residual":1.12506619137e-11,"bond_relative_error":1.43489310171e-11,"bond_max_error_over_peak":2.07094044922e-11,"bond_force_error_n":3.86299714893e-06,"bond_moment_error_nm":3.04614184272e-06,"bond_force_error_over_input":1.56597018415e-11,"bond_moment_error_over_input":1.30944222374e-11,"zero_bond_reference":false,"recurrence_relative_residual":5.24218528946e-11,"failed":0}
{"trial":2,"passed":true,"iterations":31,"submitted":32,"cuda_solve_ms":7.144480,"wall_solve_ms":7.151249,"force_residual":9.0056901361e-12,"moment_residual":1.12508134594e-11,"bond_relative_error":1.43487424109e-11,"bond_max_error_over_peak":2.0709917622e-11,"bond_force_error_n":3.86289139746e-06,"bond_moment_error_nm":3.04613930904e-06,"bond_force_error_over_input":1.56592731494e-11,"bond_moment_error_over_input":1.30944113459e-11,"zero_bond_reference":false,"recurrence_relative_residual":5.24218436263e-11,"failed":0}
{"trial":3,"passed":true,"iterations":31,"submitted":32,"cuda_solve_ms":7.143968,"wall_solve_ms":7.156769,"force_residual":9.00556887493e-12,"moment_residual":1.1250270002e-11,"bond_relative_error":1.43488790627e-11,"bond_max_error_over_peak":2.07096977092e-11,"bond_force_error_n":3.86298592882e-06,"bond_moment_error_nm":3.04614351015e-06,"bond_force_error_over_input":1.56596563577e-11,"bond_moment_error_over_input":1.30944294052e-11,"zero_bond_reference":false,"recurrence_relative_residual":5.24218372831e-11,"failed":0}
