{"native_physical_assembly_ms":35.409598,"active_nodes":5936,"bonds":18564,"independent_operator_comparison":true,"native_load_projection":true}
{"galerkin_algorithm":3}
{"gpu_galerkin_context_ms":142.357621}
{"setup_repeat":0,"gpu_galerkin":true,"setup_ms":182.897661,"retained_bytes":299506441,"allocations":25}
{"setup_repeat":1,"gpu_galerkin":true,"setup_ms":143.706806,"retained_bytes":299506441,"allocations":25}
{"setup_repeat":2,"gpu_galerkin":true,"setup_ms":126.755501,"retained_bytes":299506441,"allocations":25}
{"setup_repeat":3,"gpu_galerkin":true,"setup_ms":127.503445,"retained_bytes":299506441,"allocations":25}
{"setup_repeat":4,"gpu_galerkin":true,"setup_ms":123.904829,"retained_bytes":299506441,"allocations":25}
{"setup_repeat":5,"gpu_galerkin":true,"setup_ms":120.432817,"retained_bytes":299506441,"allocations":25}
{"setup_repeat":6,"gpu_galerkin":true,"setup_ms":126.567841,"retained_bytes":299506441,"allocations":25}
{"setup_repeat":7,"gpu_galerkin":true,"setup_ms":126.425676,"retained_bytes":299506441,"allocations":25}
{"gpu_hierarchy_reference_check":true,"coarse_inverse_relative_error":2.84466675878e-14}
{"native_hierarchy_setup_ms":126.425676,"input_validation_ms":28.494579,"coarse_setup_ms":0.559182,"basis_reconstruction_error":6.15321854078e-17,"levels":3,"coarse_rows":96}
{"native_level":0,"rows":35616,"nnz":827552,"coarse_rows":5100,"omega":0.480879752214,"eigenvalue_upper_bound":2.77269593322,"diagonal_ms":3.391932,"spectral_bound_ms":11.263603,"aggregate_ms":5.213157,"interpolation_ms":8.531761,"galerkin_ms":20.949968,"representation_ms":9.950456}
{"native_level":1,"rows":5100,"nnz":890280,"coarse_rows":738,"omega":0.430581738721,"eigenvalue_upper_bound":3.09658588238,"diagonal_ms":0.371232,"spectral_bound_ms":6.195898,"aggregate_ms":0.615117,"interpolation_ms":4.218863,"galerkin_ms":13.440320,"representation_ms":5.910887}
{"native_level":2,"rows":738,"nnz":225180,"coarse_rows":96,"omega":0.43781278245,"eigenvalue_upper_bound":3.04544176594,"diagonal_ms":0.047909,"spectral_bound_ms":1.506628,"aggregate_ms":0.094136,"interpolation_ms":0.678534,"galerkin_ms":4.133144,"representation_ms":0.685748}
{"resident_bond_operator":true,"gpu_rigid_projector":true}
{"gpu":"NVIDIA GeForce RTX 4090","operator":"double","preconditioner_storage":"float","preconditioner_arithmetic":"float","outer_vectors_and_reductions":"double","cuda_graph":true,"device_context_upload_graph_ms":12.634378,"rows":35616,"free":true,"levels":3,"scope":"standalone hierarchy validation; no game integration"}
{"trial":0,"passed":true,"iterations":31,"submitted":32,"cuda_solve_ms":7.152384,"wall_solve_ms":7.161598,"force_residual":9.0055565379e-12,"moment_residual":1.12506179384e-11,"bond_relative_error":1.43488292386e-11,"bond_max_error_over_peak":2.07101375348e-11,"bond_force_error_n":3.86291333411e-06,"bond_moment_error_nm":3.04613943894e-06,"bond_force_error_over_input":1.56593620755e-11,"bond_moment_error_over_input":1.30944119043e-11,"zero_bond_reference":false,"recurrence_relative_residual":5.24218866884e-11,"failed":0}
{"trial":1,"passed":true,"iterations":31,"submitted":32,"cuda_solve_ms":7.139552,"wall_solve_ms":7.145878,"force_residual":9.00423259228e-12,"moment_residual":1.12504664058e-11,"bond_relative_error":1.4348665832e-11,"bond_max_error_over_peak":2.07091112752e-11,"bond_force_error_n":3.86277556647e-06,"bond_moment_error_nm":3.04613484379e-06,"bond_force_error_over_input":1.56588035972e-11,"bond_moment_error_over_input":1.30943921512e-11,"zero_bond_reference":false,"recurrence_relative_residual":5.24219055061e-11,"failed":0}
{"trial":2,"passed":true,"iterations":31,"submitted":32,"cuda_solve_ms":7.140832,"wall_solve_ms":7.147792,"force_residual":9.00419732721e-12,"moment_residual":1.12502058991e-11,"bond_relative_error":1.43488260209e-11,"bond_max_error_over_peak":2.07101375348e-11,"bond_force_error_n":3.86285763034e-06,"bond_moment_error_nm":3.04613689667e-06,"bond_force_error_over_input":1.56591362652e-11,"bond_moment_error_over_input":1.30944009758e-11,"zero_bond_reference":false,"recurrence_relative_residual":5.2421860912e-11,"failed":0}
{"trial":3,"passed":true,"iterations":31,"submitted":32,"cuda_solve_ms":7.135744,"wall_solve_ms":7.141711,"force_residual":9.00455768177e-12,"moment_residual":1.12509778673e-11,"bond_relative_error":1.43486747962e-11,"bond_max_error_over_peak":2.0709917622e-11,"bond_force_error_n":3.86285831249e-06,"bond_moment_error_nm":3.04613614442e-06,"bond_force_error_over_input":1.56591390305e-11,"bond_moment_error_over_input":1.30943977422e-11,"zero_bond_reference":false,"recurrence_relative_residual":5.24218724965e-11,"failed":0}
