{"native_physical_assembly_ms":33.620953,"active_nodes":5936,"bonds":18627,"independent_operator_comparison":true,"native_load_projection":true}
{"setup_repeat":0,"gpu_galerkin":false,"setup_ms":205.663430,"retained_bytes":0,"allocations":0}
{"native_hierarchy_setup_ms":205.663430,"input_validation_ms":36.767295,"coarse_setup_ms":0.423962,"basis_reconstruction_error":6.38176246387e-17,"levels":3,"coarse_rows":96}
{"native_level":0,"rows":35616,"nnz":827552,"coarse_rows":5100,"omega":0.483457107955,"eigenvalue_upper_bound":2.75791442797,"diagonal_ms":2.446293,"spectral_bound_ms":16.341765,"aggregate_ms":5.779523,"interpolation_ms":15.858242,"galerkin_ms":42.907171,"representation_ms":20.369514}
{"native_level":1,"rows":5100,"nnz":890280,"coarse_rows":738,"omega":0.430145208696,"eigenvalue_upper_bound":3.09972843212,"diagonal_ms":0.362027,"spectral_bound_ms":6.156287,"aggregate_ms":0.617925,"interpolation_ms":4.115773,"galerkin_ms":39.147002,"representation_ms":5.710594}
{"native_level":2,"rows":738,"nnz":225180,"coarse_rows":96,"omega":0.438084405917,"eigenvalue_upper_bound":3.04355351463,"diagonal_ms":0.047869,"spectral_bound_ms":1.403483,"aggregate_ms":0.088526,"interpolation_ms":0.695620,"galerkin_ms":4.867478,"representation_ms":0.686894}
{"resident_bond_operator":true,"gpu_rigid_projector":true}
{"gpu":"NVIDIA GeForce RTX 4090","operator":"double","preconditioner_storage":"double","preconditioner_arithmetic":"double","outer_vectors_and_reductions":"double","cuda_graph":true,"device_context_upload_graph_ms":150.914374,"rows":35616,"free":false,"levels":3,"scope":"standalone hierarchy validation; no game integration"}
{"fracture_frame":0,"live_bonds":18627}
{"component_hierarchy_rebuild_ms":236.668784,"physical_assembly_ms":20.832700,"hierarchy_setup_ms":196.072312,"bonded_components":1,"isolated_nodes":0,"levels":3,"coarse_rows":96,"coarse_nnz":9216,"gpu_galerkin":false,"independent_current_matrix_check":true}
{"hierarchy_device_replace_ms":11.039906,"coupling_reuploaded":false,"graph_recaptured":true}
{"topology_and_rhs_update_ms":0.227485,"hierarchy_rebuilt":true,"coupling_reuploaded":false,"graph_recaptured":true}
{"trial":0,"passed":true,"iterations":31,"submitted":32,"cuda_solve_ms":10.791104,"wall_solve_ms":10.799065,"force_residual":1.09245043746e-11,"moment_residual":1.37905490702e-11,"bond_relative_error":5.56641231093e-12,"bond_max_error_over_peak":2.34101762125e-12,"bond_force_error_n":2.80199082149e-06,"bond_moment_error_nm":1.89403761195e-06,"bond_force_error_over_input":1.11595164909e-11,"bond_moment_error_over_input":8.00198235081e-12,"zero_bond_reference":false,"recurrence_relative_residual":6.72634971332e-11,"failed":0}
{"trial":1,"passed":true,"iterations":31,"submitted":32,"cuda_solve_ms":10.795328,"wall_solve_ms":10.801841,"force_residual":1.09245043746e-11,"moment_residual":1.37905490702e-11,"bond_relative_error":5.56641231093e-12,"bond_max_error_over_peak":2.34101762125e-12,"bond_force_error_n":2.80199082149e-06,"bond_moment_error_nm":1.89403761195e-06,"bond_force_error_over_input":1.11595164909e-11,"bond_moment_error_over_input":8.00198235081e-12,"zero_bond_reference":false,"recurrence_relative_residual":6.72634971332e-11,"failed":0}
{"fracture_frame":1,"live_bonds":18564}
{"component_hierarchy_rebuild_ms":199.820068,"physical_assembly_ms":17.238993,"hierarchy_setup_ms":164.627878,"bonded_components":1,"isolated_nodes":0,"levels":3,"coarse_rows":96,"coarse_nnz":9216,"gpu_galerkin":false,"independent_current_matrix_check":true}
{"hierarchy_device_replace_ms":10.855170,"coupling_reuploaded":false,"graph_recaptured":true}
{"topology_and_rhs_update_ms":0.391802,"hierarchy_rebuilt":true,"coupling_reuploaded":false,"graph_recaptured":true}
{"trial":2,"passed":true,"iterations":30,"submitted":32,"cuda_solve_ms":11.261536,"wall_solve_ms":11.269665,"force_residual":1.61699763644e-11,"moment_residual":2.00025691728e-11,"bond_relative_error":1.9548893977e-11,"bond_max_error_over_peak":3.42362663761e-11,"bond_force_error_n":3.58544662213e-06,"bond_moment_error_nm":2.63586503905e-06,"bond_force_error_over_input":1.42797936381e-11,"bond_moment_error_over_input":1.11360753285e-11,"zero_bond_reference":false,"recurrence_relative_residual":9.48285255734e-11,"failed":0}
{"trial":3,"passed":true,"iterations":30,"submitted":32,"cuda_solve_ms":11.261888,"wall_solve_ms":11.268342,"force_residual":1.61697438369e-11,"moment_residual":2.00026340498e-11,"bond_relative_error":1.9548905923e-11,"bond_max_error_over_peak":3.42351577605e-11,"bond_force_error_n":3.58546710464e-06,"bond_moment_error_nm":2.63586857726e-06,"bond_force_error_over_input":1.42798752141e-11,"bond_moment_error_over_input":1.11360902768e-11,"zero_bond_reference":false,"recurrence_relative_residual":9.48285255734e-11,"failed":0}
{"fracture_frame":2,"live_bonds":18036}
{"component_hierarchy_rebuild_ms":175.280368,"physical_assembly_ms":16.991921,"hierarchy_setup_ms":141.311434,"bonded_components":2,"isolated_nodes":0,"levels":3,"coarse_rows":114,"coarse_nnz":6516,"gpu_galerkin":false,"independent_current_matrix_check":true}
{"hierarchy_device_replace_ms":10.195066,"coupling_reuploaded":false,"graph_recaptured":true}
{"topology_and_rhs_update_ms":0.337461,"hierarchy_rebuilt":true,"coupling_reuploaded":false,"graph_recaptured":true}
{"trial":4,"passed":true,"iterations":36,"submitted":40,"cuda_solve_ms":13.402656,"wall_solve_ms":13.410937,"force_residual":1.44296746448e-11,"moment_residual":1.82173216134e-11,"bond_relative_error":1.08172726151e-11,"bond_max_error_over_peak":2.20147908564e-11,"bond_force_error_n":3.1403293062e-06,"bond_moment_error_nm":2.76400856329e-06,"bond_force_error_over_input":1.25070205122e-11,"bond_moment_error_over_input":1.16774596246e-11,"zero_bond_reference":false,"recurrence_relative_residual":8.44670002975e-11,"failed":0}
{"trial":5,"passed":true,"iterations":36,"submitted":40,"cuda_solve_ms":13.402784,"wall_solve_ms":13.409104,"force_residual":1.44296746448e-11,"moment_residual":1.82173216134e-11,"bond_relative_error":1.08172726151e-11,"bond_max_error_over_peak":2.20147908564e-11,"bond_force_error_n":3.1403293062e-06,"bond_moment_error_nm":2.76400856329e-06,"bond_force_error_over_input":1.25070205122e-11,"bond_moment_error_over_input":1.16774596246e-11,"zero_bond_reference":false,"recurrence_relative_residual":8.44670002975e-11,"failed":0}
{"fracture_frame":3,"live_bonds":0}
{"component_hierarchy_rebuild_ms":4.990017,"physical_assembly_ms":0.878181,"hierarchy_setup_ms":0.024306,"bonded_components":0,"isolated_nodes":5936,"levels":0,"coarse_rows":35616,"coarse_nnz":0,"gpu_galerkin":false,"independent_current_matrix_check":true}
{"hierarchy_device_replace_ms":1.586465,"coupling_reuploaded":false,"graph_recaptured":true}
{"topology_and_rhs_update_ms":0.139431,"hierarchy_rebuilt":true,"coupling_reuploaded":false,"graph_recaptured":true}
{"trial":6,"passed":true,"iterations":0,"submitted":0,"cuda_solve_ms":0.008704,"wall_solve_ms":0.014918,"force_residual":0,"moment_residual":0,"bond_relative_error":null,"bond_max_error_over_peak":null,"bond_force_error_n":0,"bond_moment_error_nm":0,"bond_force_error_over_input":0,"bond_moment_error_over_input":0,"zero_bond_reference":true,"recurrence_relative_residual":0,"failed":0}
{"trial":7,"passed":true,"iterations":0,"submitted":0,"cuda_solve_ms":0.008864,"wall_solve_ms":0.014407,"force_residual":0,"moment_residual":0,"bond_relative_error":null,"bond_max_error_over_peak":null,"bond_force_error_n":0,"bond_moment_error_nm":0,"bond_force_error_over_input":0,"bond_moment_error_over_input":0,"zero_bond_reference":true,"recurrence_relative_residual":0,"failed":0}
{"fracture_frame":4,"live_bonds":18627}
{"component_hierarchy_rebuild_ms":228.002604,"physical_assembly_ms":14.235318,"hierarchy_setup_ms":186.245674,"bonded_components":1,"isolated_nodes":0,"levels":3,"coarse_rows":96,"coarse_nnz":9216,"gpu_galerkin":false,"independent_current_matrix_check":true}
{"hierarchy_device_replace_ms":8.873726,"coupling_reuploaded":false,"graph_recaptured":true}
{"topology_and_rhs_update_ms":0.219190,"hierarchy_rebuilt":true,"coupling_reuploaded":false,"graph_recaptured":true}
{"trial":8,"passed":true,"iterations":31,"submitted":32,"cuda_solve_ms":10.795616,"wall_solve_ms":10.803924,"force_residual":1.09245043746e-11,"moment_residual":1.37905490702e-11,"bond_relative_error":5.56641231093e-12,"bond_max_error_over_peak":2.34101762125e-12,"bond_force_error_n":2.80199082149e-06,"bond_moment_error_nm":1.89403761195e-06,"bond_force_error_over_input":1.11595164909e-11,"bond_moment_error_over_input":8.00198235081e-12,"zero_bond_reference":false,"recurrence_relative_residual":6.72634971332e-11,"failed":0}
{"trial":9,"passed":true,"iterations":31,"submitted":32,"cuda_solve_ms":10.803616,"wall_solve_ms":10.810717,"force_residual":1.09245043746e-11,"moment_residual":1.37905490702e-11,"bond_relative_error":5.56641231093e-12,"bond_max_error_over_peak":2.34101762125e-12,"bond_force_error_n":2.80199082149e-06,"bond_moment_error_nm":1.89403761195e-06,"bond_force_error_over_input":1.11595164909e-11,"bond_moment_error_over_input":8.00198235081e-12,"zero_bond_reference":false,"recurrence_relative_residual":6.72634971332e-11,"failed":0}
{"fracture_frame":5,"live_bonds":12418}
{"component_hierarchy_rebuild_ms":191.320880,"physical_assembly_ms":10.265969,"hierarchy_setup_ms":165.158448,"bonded_components":7,"isolated_nodes":1,"levels":3,"coarse_rows":180,"coarse_nnz":20796,"gpu_galerkin":false,"independent_current_matrix_check":true}
{"hierarchy_device_replace_ms":10.571630,"coupling_reuploaded":false,"graph_recaptured":true}
{"topology_and_rhs_update_ms":0.189805,"hierarchy_rebuilt":true,"coupling_reuploaded":false,"graph_recaptured":true}
{"trial":10,"passed":true,"iterations":44,"submitted":48,"cuda_solve_ms":15.788096,"wall_solve_ms":15.796175,"force_residual":9.9092939462e-12,"moment_residual":1.19435072806e-11,"bond_relative_error":6.98657637534e-12,"bond_max_error_over_peak":4.91773153927e-12,"bond_force_error_n":5.17223806434e-06,"bond_moment_error_nm":2.81253776439e-06,"bond_force_error_over_input":2.05995235713e-11,"bond_moment_error_over_input":1.18824871321e-11,"zero_bond_reference":false,"recurrence_relative_residual":5.51451079614e-11,"failed":0}
{"trial":11,"passed":true,"iterations":44,"submitted":48,"cuda_solve_ms":15.787936,"wall_solve_ms":15.794542,"force_residual":9.9092939462e-12,"moment_residual":1.19435072806e-11,"bond_relative_error":6.98657637534e-12,"bond_max_error_over_peak":4.91773153927e-12,"bond_force_error_n":5.17223806434e-06,"bond_moment_error_nm":2.81253776439e-06,"bond_force_error_over_input":2.05995235713e-11,"bond_moment_error_over_input":1.18824871321e-11,"zero_bond_reference":false,"recurrence_relative_residual":5.51451079614e-11,"failed":0}
{"fracture_frame":6,"live_bonds":18564}
{"component_hierarchy_rebuild_ms":206.816574,"physical_assembly_ms":17.707278,"hierarchy_setup_ms":170.838826,"bonded_components":1,"isolated_nodes":0,"levels":3,"coarse_rows":96,"coarse_nnz":9216,"gpu_galerkin":false,"independent_current_matrix_check":true}
{"hierarchy_device_replace_ms":11.199103,"coupling_reuploaded":false,"graph_recaptured":true}
{"topology_and_rhs_update_ms":0.401380,"hierarchy_rebuilt":true,"coupling_reuploaded":false,"graph_recaptured":true}
{"trial":12,"passed":true,"iterations":30,"submitted":32,"cuda_solve_ms":11.259264,"wall_solve_ms":11.267160,"force_residual":1.61695385165e-11,"moment_residual":2.00028127076e-11,"bond_relative_error":1.95488910442e-11,"bond_max_error_over_peak":3.42351577605e-11,"bond_force_error_n":3.58545617252e-06,"bond_moment_error_nm":2.63586680393e-06,"bond_force_error_over_input":1.42798316746e-11,"bond_moment_error_over_input":1.11360827848e-11,"zero_bond_reference":false,"recurrence_relative_residual":9.48285255734e-11,"failed":0}
{"trial":13,"passed":true,"iterations":30,"submitted":32,"cuda_solve_ms":11.256160,"wall_solve_ms":11.262491,"force_residual":1.61696832835e-11,"moment_residual":2.00025561433e-11,"bond_relative_error":1.9548904555e-11,"bond_max_error_over_peak":3.42373749916e-11,"bond_force_error_n":3.58545855737e-06,"bond_moment_error_nm":2.635867628e-06,"bond_force_error_over_input":1.42798411728e-11,"bond_moment_error_over_input":1.11360862663e-11,"zero_bond_reference":false,"recurrence_relative_residual":9.48285255734e-11,"failed":0}
{"fracture_frame":7,"live_bonds":18627}
{"component_hierarchy_rebuild_ms":213.549327,"physical_assembly_ms":14.122437,"hierarchy_setup_ms":178.158276,"bonded_components":1,"isolated_nodes":0,"levels":3,"coarse_rows":96,"coarse_nnz":9216,"gpu_galerkin":false,"independent_current_matrix_check":true}
{"hierarchy_device_replace_ms":11.080281,"coupling_reuploaded":false,"graph_recaptured":true}
{"topology_and_rhs_update_ms":0.227165,"hierarchy_rebuilt":true,"coupling_reuploaded":false,"graph_recaptured":true}
{"trial":14,"passed":true,"iterations":31,"submitted":32,"cuda_solve_ms":10.793120,"wall_solve_ms":10.801419,"force_residual":1.09245043746e-11,"moment_residual":1.37905490702e-11,"bond_relative_error":5.56641231093e-12,"bond_max_error_over_peak":2.34101762125e-12,"bond_force_error_n":2.80199082149e-06,"bond_moment_error_nm":1.89403761195e-06,"bond_force_error_over_input":1.11595164909e-11,"bond_moment_error_over_input":8.00198235081e-12,"zero_bond_reference":false,"recurrence_relative_residual":6.72634971332e-11,"failed":0}
{"trial":15,"passed":true,"iterations":31,"submitted":32,"cuda_solve_ms":10.798432,"wall_solve_ms":10.805026,"force_residual":1.09245043746e-11,"moment_residual":1.37905490702e-11,"bond_relative_error":5.56641231093e-12,"bond_max_error_over_peak":2.34101762125e-12,"bond_force_error_n":2.80199082149e-06,"bond_moment_error_nm":1.89403761195e-06,"bond_force_error_over_input":1.11595164909e-11,"bond_moment_error_over_input":8.00198235081e-12,"zero_bond_reference":false,"recurrence_relative_residual":6.72634971332e-11,"failed":0}
