{"native_physical_assembly_ms":32.011595,"active_nodes":5936,"bonds":18627,"independent_operator_comparison":true,"native_load_projection":true}
{"setup_repeat":0,"gpu_galerkin":false,"setup_ms":198.749791,"retained_bytes":0,"allocations":0}
{"native_hierarchy_setup_ms":198.749791,"input_validation_ms":36.147677,"coarse_setup_ms":0.419995,"basis_reconstruction_error":6.38176246387e-17,"levels":3,"coarse_rows":96}
{"native_level":0,"rows":35616,"nnz":827552,"coarse_rows":5100,"omega":0.483457107955,"eigenvalue_upper_bound":2.75791442797,"diagonal_ms":2.259483,"spectral_bound_ms":15.650474,"aggregate_ms":5.487417,"interpolation_ms":15.517966,"galerkin_ms":40.619455,"representation_ms":18.979126}
{"native_level":1,"rows":5100,"nnz":890280,"coarse_rows":738,"omega":0.430145208696,"eigenvalue_upper_bound":3.09972843212,"diagonal_ms":0.358631,"spectral_bound_ms":5.947567,"aggregate_ms":0.602807,"interpolation_ms":4.023470,"galerkin_ms":38.610280,"representation_ms":5.629333}
{"native_level":2,"rows":738,"nnz":225180,"coarse_rows":96,"omega":0.438084405917,"eigenvalue_upper_bound":3.04355351463,"diagonal_ms":0.047068,"spectral_bound_ms":1.380270,"aggregate_ms":0.086792,"interpolation_ms":0.677256,"galerkin_ms":4.791366,"representation_ms":0.662628}
{"resident_bond_operator":true,"gpu_rigid_projector":true}
{"gpu":"NVIDIA GeForce RTX 4090","operator":"double","preconditioner_storage":"float","preconditioner_arithmetic":"float","outer_vectors_and_reductions":"double","cuda_graph":true,"device_context_upload_graph_ms":173.190326,"rows":35616,"free":false,"levels":3,"scope":"standalone hierarchy validation; no game integration"}
{"fracture_frame":0,"live_bonds":18627}
{"component_hierarchy_rebuild_ms":233.435925,"physical_assembly_ms":18.422325,"hierarchy_setup_ms":195.215314,"bonded_components":1,"isolated_nodes":0,"levels":3,"coarse_rows":96,"coarse_nnz":9216,"gpu_galerkin":false,"independent_current_matrix_check":true}
{"hierarchy_device_replace_ms":8.348866,"coupling_reuploaded":false,"graph_recaptured":true}
{"topology_and_rhs_update_ms":0.242564,"hierarchy_rebuilt":true,"coupling_reuploaded":false,"graph_recaptured":true}
{"trial":0,"passed":true,"iterations":31,"submitted":32,"cuda_solve_ms":6.397440,"wall_solve_ms":6.405473,"force_residual":1.09379124006e-11,"moment_residual":1.37910841251e-11,"bond_relative_error":5.56683831293e-12,"bond_max_error_over_peak":2.34101762125e-12,"bond_force_error_n":2.80254528007e-06,"bond_moment_error_nm":1.89401118568e-06,"bond_force_error_over_input":1.11617247386e-11,"bond_moment_error_over_input":8.00187070436e-12,"zero_bond_reference":false,"recurrence_relative_residual":6.72631974684e-11,"failed":0}
{"trial":1,"passed":true,"iterations":31,"submitted":32,"cuda_solve_ms":6.404864,"wall_solve_ms":6.411134,"force_residual":1.09379124006e-11,"moment_residual":1.37910841251e-11,"bond_relative_error":5.56683831293e-12,"bond_max_error_over_peak":2.34101762125e-12,"bond_force_error_n":2.80254528007e-06,"bond_moment_error_nm":1.89401118568e-06,"bond_force_error_over_input":1.11617247386e-11,"bond_moment_error_over_input":8.00187070436e-12,"zero_bond_reference":false,"recurrence_relative_residual":6.72631974684e-11,"failed":0}
{"fracture_frame":1,"live_bonds":18564}
{"component_hierarchy_rebuild_ms":216.365436,"physical_assembly_ms":18.659038,"hierarchy_setup_ms":176.483160,"bonded_components":1,"isolated_nodes":0,"levels":3,"coarse_rows":96,"coarse_nnz":9216,"gpu_galerkin":false,"independent_current_matrix_check":true}
{"hierarchy_device_replace_ms":9.757769,"coupling_reuploaded":false,"graph_recaptured":true}
{"topology_and_rhs_update_ms":0.407111,"hierarchy_rebuilt":true,"coupling_reuploaded":false,"graph_recaptured":true}
{"trial":2,"passed":true,"iterations":30,"submitted":32,"cuda_solve_ms":7.017920,"wall_solve_ms":7.026393,"force_residual":1.61700741202e-11,"moment_residual":2.0002993129e-11,"bond_relative_error":1.95490051152e-11,"bond_max_error_over_peak":3.42362663761e-11,"bond_force_error_n":3.58551757374e-06,"bond_moment_error_nm":2.63586850634e-06,"bond_force_error_over_input":1.42800762179e-11,"bond_moment_error_over_input":1.11360899772e-11,"zero_bond_reference":false,"recurrence_relative_residual":9.48284540335e-11,"failed":0}
{"trial":3,"passed":true,"iterations":30,"submitted":32,"cuda_solve_ms":7.020704,"wall_solve_ms":7.027456,"force_residual":1.61701392795e-11,"moment_residual":2.00026749019e-11,"bond_relative_error":1.95490210232e-11,"bond_max_error_over_peak":3.42329405293e-11,"bond_force_error_n":3.58552433347e-06,"bond_moment_error_nm":2.63586249934e-06,"bond_force_error_over_input":1.42801031399e-11,"bond_moment_error_over_input":1.11360645986e-11,"zero_bond_reference":false,"recurrence_relative_residual":9.48284554302e-11,"failed":0}
{"fracture_frame":2,"live_bonds":18036}
{"component_hierarchy_rebuild_ms":175.067103,"physical_assembly_ms":17.261906,"hierarchy_setup_ms":138.917172,"bonded_components":2,"isolated_nodes":0,"levels":3,"coarse_rows":114,"coarse_nnz":6516,"gpu_galerkin":false,"independent_current_matrix_check":true}
{"hierarchy_device_replace_ms":8.345549,"coupling_reuploaded":false,"graph_recaptured":true}
{"topology_and_rhs_update_ms":0.331600,"hierarchy_rebuilt":true,"coupling_reuploaded":false,"graph_recaptured":true}
{"trial":4,"passed":true,"iterations":36,"submitted":40,"cuda_solve_ms":8.372928,"wall_solve_ms":8.380615,"force_residual":1.44296291334e-11,"moment_residual":1.82169076646e-11,"bond_relative_error":1.08172778695e-11,"bond_max_error_over_peak":2.20184563227e-11,"bond_force_error_n":3.14053486384e-06,"bond_moment_error_nm":2.76399581897e-06,"bond_force_error_over_input":1.25078391887e-11,"bond_moment_error_over_input":1.1677405782e-11,"zero_bond_reference":false,"recurrence_relative_residual":8.44669712028e-11,"failed":0}
{"trial":5,"passed":true,"iterations":36,"submitted":40,"cuda_solve_ms":8.364864,"wall_solve_ms":8.372009,"force_residual":1.44296291334e-11,"moment_residual":1.82169076646e-11,"bond_relative_error":1.08172778695e-11,"bond_max_error_over_peak":2.20184563227e-11,"bond_force_error_n":3.14053486384e-06,"bond_moment_error_nm":2.76399581897e-06,"bond_force_error_over_input":1.25078391887e-11,"bond_moment_error_over_input":1.1677405782e-11,"zero_bond_reference":false,"recurrence_relative_residual":8.44669712028e-11,"failed":0}
{"fracture_frame":3,"live_bonds":0}
{"component_hierarchy_rebuild_ms":4.629153,"physical_assembly_ms":0.990030,"hierarchy_setup_ms":0.038973,"bonded_components":0,"isolated_nodes":5936,"levels":0,"coarse_rows":35616,"coarse_nnz":0,"gpu_galerkin":false,"independent_current_matrix_check":true}
{"hierarchy_device_replace_ms":1.355484,"coupling_reuploaded":false,"graph_recaptured":true}
{"topology_and_rhs_update_ms":0.145272,"hierarchy_rebuilt":true,"coupling_reuploaded":false,"graph_recaptured":true}
{"trial":6,"passed":true,"iterations":0,"submitted":0,"cuda_solve_ms":0.010784,"wall_solve_ms":0.017693,"force_residual":0,"moment_residual":0,"bond_relative_error":null,"bond_max_error_over_peak":null,"bond_force_error_n":0,"bond_moment_error_nm":0,"bond_force_error_over_input":0,"bond_moment_error_over_input":0,"zero_bond_reference":true,"recurrence_relative_residual":0,"failed":0}
{"trial":7,"passed":true,"iterations":0,"submitted":0,"cuda_solve_ms":0.012704,"wall_solve_ms":0.019847,"force_residual":0,"moment_residual":0,"bond_relative_error":null,"bond_max_error_over_peak":null,"bond_force_error_n":0,"bond_moment_error_nm":0,"bond_force_error_over_input":0,"bond_moment_error_over_input":0,"zero_bond_reference":true,"recurrence_relative_residual":0,"failed":0}
{"fracture_frame":4,"live_bonds":18627}
{"component_hierarchy_rebuild_ms":234.155520,"physical_assembly_ms":15.190384,"hierarchy_setup_ms":199.721376,"bonded_components":1,"isolated_nodes":0,"levels":3,"coarse_rows":96,"coarse_nnz":9216,"gpu_galerkin":false,"independent_current_matrix_check":true}
{"hierarchy_device_replace_ms":7.815559,"coupling_reuploaded":false,"graph_recaptured":true}
{"topology_and_rhs_update_ms":0.228727,"hierarchy_rebuilt":true,"coupling_reuploaded":false,"graph_recaptured":true}
{"trial":8,"passed":true,"iterations":31,"submitted":32,"cuda_solve_ms":6.402336,"wall_solve_ms":6.410362,"force_residual":1.09379124006e-11,"moment_residual":1.37910841251e-11,"bond_relative_error":5.56683831293e-12,"bond_max_error_over_peak":2.34101762125e-12,"bond_force_error_n":2.80254528007e-06,"bond_moment_error_nm":1.89401118568e-06,"bond_force_error_over_input":1.11617247386e-11,"bond_moment_error_over_input":8.00187070436e-12,"zero_bond_reference":false,"recurrence_relative_residual":6.72631974684e-11,"failed":0}
{"trial":9,"passed":true,"iterations":31,"submitted":32,"cuda_solve_ms":6.417504,"wall_solve_ms":6.425450,"force_residual":1.09379124006e-11,"moment_residual":1.37910841251e-11,"bond_relative_error":5.56683831293e-12,"bond_max_error_over_peak":2.34101762125e-12,"bond_force_error_n":2.80254528007e-06,"bond_moment_error_nm":1.89401118568e-06,"bond_force_error_over_input":1.11617247386e-11,"bond_moment_error_over_input":8.00187070436e-12,"zero_bond_reference":false,"recurrence_relative_residual":6.72631974684e-11,"failed":0}
{"fracture_frame":5,"live_bonds":12418}
{"component_hierarchy_rebuild_ms":197.653900,"physical_assembly_ms":10.893492,"hierarchy_setup_ms":172.144188,"bonded_components":7,"isolated_nodes":1,"levels":3,"coarse_rows":180,"coarse_nnz":20796,"gpu_galerkin":false,"independent_current_matrix_check":true}
{"hierarchy_device_replace_ms":8.352973,"coupling_reuploaded":false,"graph_recaptured":true}
{"topology_and_rhs_update_ms":0.180307,"hierarchy_rebuilt":true,"coupling_reuploaded":false,"graph_recaptured":true}
{"trial":10,"passed":true,"iterations":44,"submitted":48,"cuda_solve_ms":9.297408,"wall_solve_ms":9.305223,"force_residual":9.93001253977e-12,"moment_residual":1.19336131938e-11,"bond_relative_error":6.98650752242e-12,"bond_max_error_over_peak":4.91739244773e-12,"bond_force_error_n":5.17285782891e-06,"bond_moment_error_nm":2.81243414152e-06,"bond_force_error_over_input":2.06019919138e-11,"bond_moment_error_over_input":1.18820493433e-11,"zero_bond_reference":false,"recurrence_relative_residual":5.51443361961e-11,"failed":0}
{"trial":11,"passed":true,"iterations":44,"submitted":48,"cuda_solve_ms":9.306304,"wall_solve_ms":9.313128,"force_residual":9.93001253977e-12,"moment_residual":1.19336131938e-11,"bond_relative_error":6.98650752242e-12,"bond_max_error_over_peak":4.91739244773e-12,"bond_force_error_n":5.17285782891e-06,"bond_moment_error_nm":2.81243414152e-06,"bond_force_error_over_input":2.06019919138e-11,"bond_moment_error_over_input":1.18820493433e-11,"zero_bond_reference":false,"recurrence_relative_residual":5.51443361961e-11,"failed":0}
{"fracture_frame":6,"live_bonds":18564}
{"component_hierarchy_rebuild_ms":234.703873,"physical_assembly_ms":18.141449,"hierarchy_setup_ms":197.056213,"bonded_components":1,"isolated_nodes":0,"levels":3,"coarse_rows":96,"coarse_nnz":9216,"gpu_galerkin":false,"independent_current_matrix_check":true}
{"hierarchy_device_replace_ms":9.002016,"coupling_reuploaded":false,"graph_recaptured":true}
{"topology_and_rhs_update_ms":0.410998,"hierarchy_rebuilt":true,"coupling_reuploaded":false,"graph_recaptured":true}
{"trial":12,"passed":true,"iterations":30,"submitted":32,"cuda_solve_ms":7.010656,"wall_solve_ms":7.018448,"force_residual":1.61709218249e-11,"moment_residual":2.00027142634e-11,"bond_relative_error":1.9549117488e-11,"bond_max_error_over_peak":3.42340491449e-11,"bond_force_error_n":3.5855387749e-06,"bond_moment_error_nm":2.63586690274e-06,"bond_force_error_over_input":1.42801606559e-11,"bond_moment_error_over_input":1.11360832022e-11,"zero_bond_reference":false,"recurrence_relative_residual":9.48284501438e-11,"failed":0}
{"trial":13,"passed":true,"iterations":30,"submitted":32,"cuda_solve_ms":7.004256,"wall_solve_ms":7.010975,"force_residual":1.61698133433e-11,"moment_residual":2.00028585199e-11,"bond_relative_error":1.95490165947e-11,"bond_max_error_over_peak":3.42307232982e-11,"bond_force_error_n":3.58546655828e-06,"bond_moment_error_nm":2.63586307772e-06,"bond_force_error_over_input":1.42798730381e-11,"bond_moment_error_over_input":1.11360670422e-11,"zero_bond_reference":false,"recurrence_relative_residual":9.48284585492e-11,"failed":0}
{"fracture_frame":7,"live_bonds":18627}
{"component_hierarchy_rebuild_ms":217.718755,"physical_assembly_ms":14.715155,"hierarchy_setup_ms":181.640759,"bonded_components":1,"isolated_nodes":0,"levels":3,"coarse_rows":96,"coarse_nnz":9216,"gpu_galerkin":false,"independent_current_matrix_check":true}
{"hierarchy_device_replace_ms":9.089440,"coupling_reuploaded":false,"graph_recaptured":true}
{"topology_and_rhs_update_ms":0.244998,"hierarchy_rebuilt":true,"coupling_reuploaded":false,"graph_recaptured":true}
{"trial":14,"passed":true,"iterations":31,"submitted":32,"cuda_solve_ms":6.412992,"wall_solve_ms":6.421082,"force_residual":1.09379124006e-11,"moment_residual":1.37910841251e-11,"bond_relative_error":5.56683831293e-12,"bond_max_error_over_peak":2.34101762125e-12,"bond_force_error_n":2.80254528007e-06,"bond_moment_error_nm":1.89401118568e-06,"bond_force_error_over_input":1.11617247386e-11,"bond_moment_error_over_input":8.00187070436e-12,"zero_bond_reference":false,"recurrence_relative_residual":6.72631974684e-11,"failed":0}
{"trial":15,"passed":true,"iterations":31,"submitted":32,"cuda_solve_ms":6.408000,"wall_solve_ms":6.417325,"force_residual":1.09379124006e-11,"moment_residual":1.37910841251e-11,"bond_relative_error":5.56683831293e-12,"bond_max_error_over_peak":2.34101762125e-12,"bond_force_error_n":2.80254528007e-06,"bond_moment_error_nm":1.89401118568e-06,"bond_force_error_over_input":1.11617247386e-11,"bond_moment_error_over_input":8.00187070436e-12,"zero_bond_reference":false,"recurrence_relative_residual":6.72631974684e-11,"failed":0}
