{"native_physical_assembly_ms":32.007908,"active_nodes":5936,"bonds":18627,"independent_operator_comparison":true,"native_load_projection":true}
{"galerkin_algorithm":2}
{"gpu_galerkin_context_ms":144.214196}
{"setup_repeat":0,"gpu_galerkin":true,"setup_ms":169.260342,"retained_bytes":359861155,"allocations":24}
{"native_hierarchy_setup_ms":169.260342,"input_validation_ms":35.378177,"coarse_setup_ms":0.419545,"basis_reconstruction_error":6.38176246387e-17,"levels":3,"coarse_rows":96}
{"native_level":0,"rows":35616,"nnz":827552,"coarse_rows":5100,"omega":0.483457107955,"eigenvalue_upper_bound":2.75791442797,"diagonal_ms":2.159576,"spectral_bound_ms":15.488050,"aggregate_ms":5.187145,"interpolation_ms":15.837373,"galerkin_ms":42.492575,"representation_ms":20.373991}
{"native_level":1,"rows":5100,"nnz":890280,"coarse_rows":738,"omega":0.430145208696,"eigenvalue_upper_bound":3.09972843212,"diagonal_ms":0.350395,"spectral_bound_ms":6.535265,"aggregate_ms":0.599391,"interpolation_ms":4.215549,"galerkin_ms":10.515325,"representation_ms":4.509208}
{"native_level":2,"rows":738,"nnz":225180,"coarse_rows":96,"omega":0.438084405917,"eigenvalue_upper_bound":3.04355351463,"diagonal_ms":0.045686,"spectral_bound_ms":1.399445,"aggregate_ms":0.086512,"interpolation_ms":0.705268,"galerkin_ms":1.403483,"representation_ms":0.708735}
{"resident_bond_operator":true,"gpu_rigid_projector":true}
{"gpu":"NVIDIA GeForce RTX 4090","operator":"double","preconditioner_storage":"double","preconditioner_arithmetic":"double","outer_vectors_and_reductions":"double","cuda_graph":true,"device_context_upload_graph_ms":13.399485,"rows":35616,"free":false,"levels":3,"scope":"standalone hierarchy validation; no game integration"}
{"fracture_frame":0,"live_bonds":18627}
{"component_hierarchy_rebuild_ms":188.451612,"physical_assembly_ms":15.008122,"hierarchy_setup_ms":154.489592,"bonded_components":1,"isolated_nodes":0,"levels":3,"coarse_rows":96,"coarse_nnz":9216,"gpu_galerkin":true,"independent_current_matrix_check":true}
{"hierarchy_device_replace_ms":10.650016,"coupling_reuploaded":false,"graph_recaptured":true}
{"topology_and_rhs_update_ms":0.231903,"hierarchy_rebuilt":true,"coupling_reuploaded":false,"graph_recaptured":true}
{"trial":0,"passed":true,"iterations":31,"submitted":32,"cuda_solve_ms":10.775296,"wall_solve_ms":10.783505,"force_residual":1.09329342226e-11,"moment_residual":1.3791185048e-11,"bond_relative_error":5.56658652997e-12,"bond_max_error_over_peak":2.34052329245e-12,"bond_force_error_n":2.8023323679e-06,"bond_moment_error_nm":1.89403881389e-06,"bond_force_error_over_input":1.11608767711e-11,"bond_moment_error_over_input":8.0019874288e-12,"zero_bond_reference":false,"recurrence_relative_residual":6.72634971332e-11,"failed":0}
{"trial":1,"passed":true,"iterations":31,"submitted":32,"cuda_solve_ms":10.751616,"wall_solve_ms":10.758529,"force_residual":1.09329342226e-11,"moment_residual":1.3791185048e-11,"bond_relative_error":5.56658652997e-12,"bond_max_error_over_peak":2.34052329245e-12,"bond_force_error_n":2.8023323679e-06,"bond_moment_error_nm":1.89403881389e-06,"bond_force_error_over_input":1.11608767711e-11,"bond_moment_error_over_input":8.0019874288e-12,"zero_bond_reference":false,"recurrence_relative_residual":6.72634971332e-11,"failed":0}
{"fracture_frame":1,"live_bonds":18564}
{"component_hierarchy_rebuild_ms":172.074130,"physical_assembly_ms":18.081768,"hierarchy_setup_ms":135.860801,"bonded_components":1,"isolated_nodes":0,"levels":3,"coarse_rows":96,"coarse_nnz":9216,"gpu_galerkin":true,"independent_current_matrix_check":true}
{"hierarchy_device_replace_ms":11.121136,"coupling_reuploaded":false,"graph_recaptured":true}
{"topology_and_rhs_update_ms":0.403615,"hierarchy_rebuilt":true,"coupling_reuploaded":false,"graph_recaptured":true}
{"trial":2,"passed":true,"iterations":30,"submitted":32,"cuda_solve_ms":11.233824,"wall_solve_ms":11.242053,"force_residual":1.61700477267e-11,"moment_residual":2.00026050484e-11,"bond_relative_error":1.95489318367e-11,"bond_max_error_over_peak":3.42340491449e-11,"bond_force_error_n":3.58547069622e-06,"bond_moment_error_nm":2.63586147349e-06,"bond_force_error_over_input":1.42798895183e-11,"bond_moment_error_over_input":1.11360602646e-11,"zero_bond_reference":false,"recurrence_relative_residual":9.48285255734e-11,"failed":0}
{"trial":3,"passed":true,"iterations":30,"submitted":32,"cuda_solve_ms":11.207456,"wall_solve_ms":11.215093,"force_residual":1.61695976106e-11,"moment_residual":2.00026439707e-11,"bond_relative_error":1.95489077676e-11,"bond_max_error_over_peak":3.42362663761e-11,"bond_force_error_n":3.58544688899e-06,"bond_moment_error_nm":2.63586477915e-06,"bond_force_error_over_input":1.4279794701e-11,"bond_moment_error_over_input":1.11360742304e-11,"zero_bond_reference":false,"recurrence_relative_residual":9.48285255734e-11,"failed":0}
{"fracture_frame":2,"live_bonds":18036}
{"component_hierarchy_rebuild_ms":147.086865,"physical_assembly_ms":17.409391,"hierarchy_setup_ms":112.196340,"bonded_components":2,"isolated_nodes":0,"levels":3,"coarse_rows":114,"coarse_nnz":6516,"gpu_galerkin":true,"independent_current_matrix_check":true}
{"hierarchy_device_replace_ms":9.491531,"coupling_reuploaded":false,"graph_recaptured":true}
{"topology_and_rhs_update_ms":0.325548,"hierarchy_rebuilt":true,"coupling_reuploaded":false,"graph_recaptured":true}
{"trial":4,"passed":true,"iterations":36,"submitted":40,"cuda_solve_ms":13.420512,"wall_solve_ms":13.428610,"force_residual":1.44316173593e-11,"moment_residual":1.82171327875e-11,"bond_relative_error":1.08173932675e-11,"bond_max_error_over_peak":2.20147908564e-11,"bond_force_error_n":3.14026019877e-06,"bond_moment_error_nm":2.7640171546e-06,"bond_force_error_over_input":1.25067452774e-11,"bond_moment_error_over_input":1.16774959214e-11,"zero_bond_reference":false,"recurrence_relative_residual":8.44670002975e-11,"failed":0}
{"trial":5,"passed":true,"iterations":36,"submitted":40,"cuda_solve_ms":13.373696,"wall_solve_ms":13.380079,"force_residual":1.44316173593e-11,"moment_residual":1.82171327875e-11,"bond_relative_error":1.08173932675e-11,"bond_max_error_over_peak":2.20147908564e-11,"bond_force_error_n":3.14026019877e-06,"bond_moment_error_nm":2.7640171546e-06,"bond_force_error_over_input":1.25067452774e-11,"bond_moment_error_over_input":1.16774959214e-11,"zero_bond_reference":false,"recurrence_relative_residual":8.44670002975e-11,"failed":0}
{"fracture_frame":3,"live_bonds":0}
{"component_hierarchy_rebuild_ms":6.325142,"physical_assembly_ms":0.880285,"hierarchy_setup_ms":0.024856,"bonded_components":0,"isolated_nodes":5936,"levels":0,"coarse_rows":35616,"coarse_nnz":0,"gpu_galerkin":true,"independent_current_matrix_check":true}
{"hierarchy_device_replace_ms":1.473223,"coupling_reuploaded":false,"graph_recaptured":true}
{"topology_and_rhs_update_ms":0.137788,"hierarchy_rebuilt":true,"coupling_reuploaded":false,"graph_recaptured":true}
{"trial":6,"passed":true,"iterations":0,"submitted":0,"cuda_solve_ms":0.010624,"wall_solve_ms":0.017152,"force_residual":0,"moment_residual":0,"bond_relative_error":null,"bond_max_error_over_peak":null,"bond_force_error_n":0,"bond_moment_error_nm":0,"bond_force_error_over_input":0,"bond_moment_error_over_input":0,"zero_bond_reference":true,"recurrence_relative_residual":0,"failed":0}
{"trial":7,"passed":true,"iterations":0,"submitted":0,"cuda_solve_ms":0.010688,"wall_solve_ms":0.017213,"force_residual":0,"moment_residual":0,"bond_relative_error":null,"bond_max_error_over_peak":null,"bond_force_error_n":0,"bond_moment_error_nm":0,"bond_force_error_over_input":0,"bond_moment_error_over_input":0,"zero_bond_reference":true,"recurrence_relative_residual":0,"failed":0}
{"fracture_frame":4,"live_bonds":18627}
{"component_hierarchy_rebuild_ms":180.474411,"physical_assembly_ms":14.171499,"hierarchy_setup_ms":148.256581,"bonded_components":1,"isolated_nodes":0,"levels":3,"coarse_rows":96,"coarse_nnz":9216,"gpu_galerkin":true,"independent_current_matrix_check":true}
{"hierarchy_device_replace_ms":9.544299,"coupling_reuploaded":false,"graph_recaptured":true}
{"topology_and_rhs_update_ms":0.225301,"hierarchy_rebuilt":true,"coupling_reuploaded":false,"graph_recaptured":true}
{"trial":8,"passed":true,"iterations":31,"submitted":32,"cuda_solve_ms":10.774432,"wall_solve_ms":10.782524,"force_residual":1.09329342226e-11,"moment_residual":1.3791185048e-11,"bond_relative_error":5.56658652997e-12,"bond_max_error_over_peak":2.34052329245e-12,"bond_force_error_n":2.8023323679e-06,"bond_moment_error_nm":1.89403881389e-06,"bond_force_error_over_input":1.11608767711e-11,"bond_moment_error_over_input":8.0019874288e-12,"zero_bond_reference":false,"recurrence_relative_residual":6.72634971332e-11,"failed":0}
{"trial":9,"passed":true,"iterations":31,"submitted":32,"cuda_solve_ms":10.751584,"wall_solve_ms":10.759962,"force_residual":1.09329342226e-11,"moment_residual":1.3791185048e-11,"bond_relative_error":5.56658652997e-12,"bond_max_error_over_peak":2.34052329245e-12,"bond_force_error_n":2.8023323679e-06,"bond_moment_error_nm":1.89403881389e-06,"bond_force_error_over_input":1.11608767711e-11,"bond_moment_error_over_input":8.0019874288e-12,"zero_bond_reference":false,"recurrence_relative_residual":6.72634971332e-11,"failed":0}
{"fracture_frame":5,"live_bonds":12418}
{"component_hierarchy_rebuild_ms":150.804243,"physical_assembly_ms":10.505186,"hierarchy_setup_ms":126.030258,"bonded_components":7,"isolated_nodes":1,"levels":3,"coarse_rows":180,"coarse_nnz":20796,"gpu_galerkin":true,"independent_current_matrix_check":true}
{"hierarchy_device_replace_ms":10.135835,"coupling_reuploaded":false,"graph_recaptured":true}
{"topology_and_rhs_update_ms":0.215072,"hierarchy_rebuilt":true,"coupling_reuploaded":false,"graph_recaptured":true}
{"trial":10,"passed":true,"iterations":44,"submitted":48,"cuda_solve_ms":15.817440,"wall_solve_ms":15.825620,"force_residual":9.905602465e-12,"moment_residual":1.19383824702e-11,"bond_relative_error":6.98621449865e-12,"bond_max_error_over_peak":4.91795760029e-12,"bond_force_error_n":5.17200376683e-06,"bond_moment_error_nm":2.81247258976e-06,"bond_force_error_over_input":2.05985904323e-11,"bond_moment_error_over_input":1.18822117805e-11,"zero_bond_reference":false,"recurrence_relative_residual":5.51451079614e-11,"failed":0}
{"trial":11,"passed":true,"iterations":44,"submitted":48,"cuda_solve_ms":15.777728,"wall_solve_ms":15.784844,"force_residual":9.905602465e-12,"moment_residual":1.19383824702e-11,"bond_relative_error":6.98621449865e-12,"bond_max_error_over_peak":4.91795760029e-12,"bond_force_error_n":5.17200376683e-06,"bond_moment_error_nm":2.81247258976e-06,"bond_force_error_over_input":2.05985904323e-11,"bond_moment_error_over_input":1.18822117805e-11,"zero_bond_reference":false,"recurrence_relative_residual":5.51451079614e-11,"failed":0}
{"fracture_frame":6,"live_bonds":18564}
{"component_hierarchy_rebuild_ms":187.108911,"physical_assembly_ms":17.416263,"hierarchy_setup_ms":148.796540,"bonded_components":1,"isolated_nodes":0,"levels":3,"coarse_rows":96,"coarse_nnz":9216,"gpu_galerkin":true,"independent_current_matrix_check":true}
{"hierarchy_device_replace_ms":12.375792,"coupling_reuploaded":false,"graph_recaptured":true}
{"topology_and_rhs_update_ms":0.401931,"hierarchy_rebuilt":true,"coupling_reuploaded":false,"graph_recaptured":true}
{"trial":12,"passed":true,"iterations":30,"submitted":32,"cuda_solve_ms":11.230304,"wall_solve_ms":11.238246,"force_residual":1.6169620825e-11,"moment_residual":2.00025373553e-11,"bond_relative_error":1.95488926182e-11,"bond_max_error_over_peak":3.42340491449e-11,"bond_force_error_n":3.58545516572e-06,"bond_moment_error_nm":2.6358626719e-06,"bond_force_error_over_input":1.42798276648e-11,"bond_moment_error_over_input":1.11360653277e-11,"zero_bond_reference":false,"recurrence_relative_residual":9.48285255734e-11,"failed":0}
{"trial":13,"passed":true,"iterations":30,"submitted":32,"cuda_solve_ms":11.208064,"wall_solve_ms":11.215032,"force_residual":1.61695268183e-11,"moment_residual":2.0002807931e-11,"bond_relative_error":1.95488891457e-11,"bond_max_error_over_peak":3.42362663761e-11,"bond_force_error_n":3.58544445469e-06,"bond_moment_error_nm":2.63586430678e-06,"bond_force_error_over_input":1.42797850059e-11,"bond_moment_error_over_input":1.11360722347e-11,"zero_bond_reference":false,"recurrence_relative_residual":9.48285255734e-11,"failed":0}
{"fracture_frame":7,"live_bonds":18627}
{"component_hierarchy_rebuild_ms":167.374774,"physical_assembly_ms":13.970453,"hierarchy_setup_ms":132.856896,"bonded_components":1,"isolated_nodes":0,"levels":3,"coarse_rows":96,"coarse_nnz":9216,"gpu_galerkin":true,"independent_current_matrix_check":true}
{"hierarchy_device_replace_ms":10.933877,"coupling_reuploaded":false,"graph_recaptured":true}
{"topology_and_rhs_update_ms":0.224139,"hierarchy_rebuilt":true,"coupling_reuploaded":false,"graph_recaptured":true}
{"trial":14,"passed":true,"iterations":31,"submitted":32,"cuda_solve_ms":10.767328,"wall_solve_ms":10.775711,"force_residual":1.09329342226e-11,"moment_residual":1.3791185048e-11,"bond_relative_error":5.56658652997e-12,"bond_max_error_over_peak":2.34052329245e-12,"bond_force_error_n":2.8023323679e-06,"bond_moment_error_nm":1.89403881389e-06,"bond_force_error_over_input":1.11608767711e-11,"bond_moment_error_over_input":8.0019874288e-12,"zero_bond_reference":false,"recurrence_relative_residual":6.72634971332e-11,"failed":0}
{"trial":15,"passed":true,"iterations":31,"submitted":32,"cuda_solve_ms":10.745280,"wall_solve_ms":10.751607,"force_residual":1.09329342226e-11,"moment_residual":1.3791185048e-11,"bond_relative_error":5.56658652997e-12,"bond_max_error_over_peak":2.34052329245e-12,"bond_force_error_n":2.8023323679e-06,"bond_moment_error_nm":1.89403881389e-06,"bond_force_error_over_input":1.11608767711e-11,"bond_moment_error_over_input":8.0019874288e-12,"zero_bond_reference":false,"recurrence_relative_residual":6.72634971332e-11,"failed":0}
