{"native_physical_assembly_ms":34.113724,"active_nodes":5936,"bonds":18627,"independent_operator_comparison":true,"native_load_projection":true}
{"galerkin_algorithm":2}
{"gpu_galerkin_context_ms":140.722623}
{"setup_repeat":0,"gpu_galerkin":true,"setup_ms":167.700959,"retained_bytes":359861155,"allocations":24}
{"native_hierarchy_setup_ms":167.700959,"input_validation_ms":35.592408,"coarse_setup_ms":0.425385,"basis_reconstruction_error":6.38176246387e-17,"levels":3,"coarse_rows":96}
{"native_level":0,"rows":35616,"nnz":827552,"coarse_rows":5100,"omega":0.483457107955,"eigenvalue_upper_bound":2.75791442797,"diagonal_ms":2.160548,"spectral_bound_ms":15.369158,"aggregate_ms":5.177938,"interpolation_ms":15.556187,"galerkin_ms":41.072200,"representation_ms":20.428694}
{"native_level":1,"rows":5100,"nnz":890280,"coarse_rows":738,"omega":0.430145208696,"eigenvalue_upper_bound":3.09972843212,"diagonal_ms":0.369761,"spectral_bound_ms":6.518334,"aggregate_ms":0.597737,"interpolation_ms":4.291932,"galerkin_ms":10.589223,"representation_ms":4.376891}
{"native_level":2,"rows":738,"nnz":225180,"coarse_rows":96,"omega":0.438084405917,"eigenvalue_upper_bound":3.04355351463,"diagonal_ms":0.047068,"spectral_bound_ms":1.366864,"aggregate_ms":0.094758,"interpolation_ms":0.695249,"galerkin_ms":1.423140,"representation_ms":0.707643}
{"resident_bond_operator":true,"gpu_rigid_projector":true}
{"gpu":"NVIDIA GeForce RTX 4090","operator":"double","preconditioner_storage":"float","preconditioner_arithmetic":"float","outer_vectors_and_reductions":"double","cuda_graph":true,"device_context_upload_graph_ms":11.923627,"rows":35616,"free":false,"levels":3,"scope":"standalone hierarchy validation; no game integration"}
{"fracture_frame":0,"live_bonds":18627}
{"component_hierarchy_rebuild_ms":187.116630,"physical_assembly_ms":15.313683,"hierarchy_setup_ms":152.812350,"bonded_components":1,"isolated_nodes":0,"levels":3,"coarse_rows":96,"coarse_nnz":9216,"gpu_galerkin":true,"independent_current_matrix_check":true}
{"hierarchy_device_replace_ms":8.320713,"coupling_reuploaded":false,"graph_recaptured":true}
{"topology_and_rhs_update_ms":0.237233,"hierarchy_rebuilt":true,"coupling_reuploaded":false,"graph_recaptured":true}
{"trial":0,"passed":true,"iterations":31,"submitted":32,"cuda_solve_ms":6.442880,"wall_solve_ms":6.450547,"force_residual":1.09383826794e-11,"moment_residual":1.37958309475e-11,"bond_relative_error":5.56671365561e-12,"bond_max_error_over_peak":2.34052329245e-12,"bond_force_error_n":2.80244229017e-06,"bond_moment_error_nm":1.89405627551e-06,"bond_force_error_over_input":1.11613145597e-11,"bond_moment_error_over_input":8.00206120116e-12,"zero_bond_reference":false,"recurrence_relative_residual":6.72629874882e-11,"failed":0}
{"trial":1,"passed":true,"iterations":31,"submitted":32,"cuda_solve_ms":6.412032,"wall_solve_ms":6.418096,"force_residual":1.09383826794e-11,"moment_residual":1.37958309475e-11,"bond_relative_error":5.56671365561e-12,"bond_max_error_over_peak":2.34052329245e-12,"bond_force_error_n":2.80244229017e-06,"bond_moment_error_nm":1.89405627551e-06,"bond_force_error_over_input":1.11613145597e-11,"bond_moment_error_over_input":8.00206120116e-12,"zero_bond_reference":false,"recurrence_relative_residual":6.72629874882e-11,"failed":0}
{"fracture_frame":1,"live_bonds":18564}
{"component_hierarchy_rebuild_ms":159.943148,"physical_assembly_ms":17.239464,"hierarchy_setup_ms":123.801062,"bonded_components":1,"isolated_nodes":0,"levels":3,"coarse_rows":96,"coarse_nnz":9216,"gpu_galerkin":true,"independent_current_matrix_check":true}
{"hierarchy_device_replace_ms":9.996234,"coupling_reuploaded":false,"graph_recaptured":true}
{"topology_and_rhs_update_ms":0.403684,"hierarchy_rebuilt":true,"coupling_reuploaded":false,"graph_recaptured":true}
{"trial":2,"passed":true,"iterations":30,"submitted":32,"cuda_solve_ms":7.043360,"wall_solve_ms":7.051109,"force_residual":1.6170039521e-11,"moment_residual":2.00028335665e-11,"bond_relative_error":1.95489784867e-11,"bond_max_error_over_peak":3.42340491449e-11,"bond_force_error_n":3.58547274913e-06,"bond_moment_error_nm":2.63586719878e-06,"bond_force_error_over_input":1.42798976944e-11,"bond_moment_error_over_input":1.1136084453e-11,"zero_bond_reference":false,"recurrence_relative_residual":9.48285359272e-11,"failed":0}
{"trial":3,"passed":true,"iterations":30,"submitted":32,"cuda_solve_ms":7.014464,"wall_solve_ms":7.020662,"force_residual":1.61703638427e-11,"moment_residual":2.00025897395e-11,"bond_relative_error":1.95489845923e-11,"bond_max_error_over_peak":3.42395922228e-11,"bond_force_error_n":3.58546545766e-06,"bond_moment_error_nm":2.63586228132e-06,"bond_force_error_over_input":1.42798686546e-11,"bond_moment_error_over_input":1.11360636775e-11,"zero_bond_reference":false,"recurrence_relative_residual":9.48284892138e-11,"failed":0}
{"fracture_frame":2,"live_bonds":18036}
{"component_hierarchy_rebuild_ms":150.095791,"physical_assembly_ms":17.542619,"hierarchy_setup_ms":114.612177,"bonded_components":2,"isolated_nodes":0,"levels":3,"coarse_rows":114,"coarse_nnz":6516,"gpu_galerkin":true,"independent_current_matrix_check":true}
{"hierarchy_device_replace_ms":7.900688,"coupling_reuploaded":false,"graph_recaptured":true}
{"topology_and_rhs_update_ms":0.328514,"hierarchy_rebuilt":true,"coupling_reuploaded":false,"graph_recaptured":true}
{"trial":4,"passed":true,"iterations":36,"submitted":40,"cuda_solve_ms":8.391840,"wall_solve_ms":8.399390,"force_residual":1.44311294128e-11,"moment_residual":1.82192514269e-11,"bond_relative_error":1.08172029504e-11,"bond_max_error_over_peak":2.20037944574e-11,"bond_force_error_n":3.14030544299e-06,"bond_moment_error_nm":2.76401012985e-06,"bond_force_error_over_input":1.2506925472e-11,"bond_moment_error_over_input":1.1677466243e-11,"zero_bond_reference":false,"recurrence_relative_residual":8.44669369617e-11,"failed":0}
{"trial":5,"passed":true,"iterations":36,"submitted":40,"cuda_solve_ms":8.359168,"wall_solve_ms":8.365396,"force_residual":1.44311294128e-11,"moment_residual":1.82192514269e-11,"bond_relative_error":1.08172029504e-11,"bond_max_error_over_peak":2.20037944574e-11,"bond_force_error_n":3.14030544299e-06,"bond_moment_error_nm":2.76401012985e-06,"bond_force_error_over_input":1.2506925472e-11,"bond_moment_error_over_input":1.1677466243e-11,"zero_bond_reference":false,"recurrence_relative_residual":8.44669369617e-11,"failed":0}
{"fracture_frame":3,"live_bonds":0}
{"component_hierarchy_rebuild_ms":1.210252,"physical_assembly_ms":0.973700,"hierarchy_setup_ms":0.026079,"bonded_components":0,"isolated_nodes":5936,"levels":0,"coarse_rows":35616,"coarse_nnz":0,"gpu_galerkin":true,"independent_current_matrix_check":true}
{"hierarchy_device_replace_ms":1.076041,"coupling_reuploaded":false,"graph_recaptured":true}
{"topology_and_rhs_update_ms":0.141474,"hierarchy_rebuilt":true,"coupling_reuploaded":false,"graph_recaptured":true}
{"trial":6,"passed":true,"iterations":0,"submitted":0,"cuda_solve_ms":0.010560,"wall_solve_ms":0.016731,"force_residual":0,"moment_residual":0,"bond_relative_error":null,"bond_max_error_over_peak":null,"bond_force_error_n":0,"bond_moment_error_nm":0,"bond_force_error_over_input":0,"bond_moment_error_over_input":0,"zero_bond_reference":true,"recurrence_relative_residual":0,"failed":0}
{"trial":7,"passed":true,"iterations":0,"submitted":0,"cuda_solve_ms":0.009248,"wall_solve_ms":0.014928,"force_residual":0,"moment_residual":0,"bond_relative_error":null,"bond_max_error_over_peak":null,"bond_force_error_n":0,"bond_moment_error_nm":0,"bond_force_error_over_input":0,"bond_moment_error_over_input":0,"zero_bond_reference":true,"recurrence_relative_residual":0,"failed":0}
{"fracture_frame":4,"live_bonds":18627}
{"component_hierarchy_rebuild_ms":151.378809,"physical_assembly_ms":13.752054,"hierarchy_setup_ms":119.996842,"bonded_components":1,"isolated_nodes":0,"levels":3,"coarse_rows":96,"coarse_nnz":9216,"gpu_galerkin":true,"independent_current_matrix_check":true}
{"hierarchy_device_replace_ms":11.535572,"coupling_reuploaded":false,"graph_recaptured":true}
{"topology_and_rhs_update_ms":0.230391,"hierarchy_rebuilt":true,"coupling_reuploaded":false,"graph_recaptured":true}
{"trial":8,"passed":true,"iterations":31,"submitted":32,"cuda_solve_ms":6.437824,"wall_solve_ms":6.445357,"force_residual":1.09383826794e-11,"moment_residual":1.37958309475e-11,"bond_relative_error":5.56671365561e-12,"bond_max_error_over_peak":2.34052329245e-12,"bond_force_error_n":2.80244229017e-06,"bond_moment_error_nm":1.89405627551e-06,"bond_force_error_over_input":1.11613145597e-11,"bond_moment_error_over_input":8.00206120116e-12,"zero_bond_reference":false,"recurrence_relative_residual":6.72629874882e-11,"failed":0}
{"trial":9,"passed":true,"iterations":31,"submitted":32,"cuda_solve_ms":6.420864,"wall_solve_ms":6.428687,"force_residual":1.09383826794e-11,"moment_residual":1.37958309475e-11,"bond_relative_error":5.56671365561e-12,"bond_max_error_over_peak":2.34052329245e-12,"bond_force_error_n":2.80244229017e-06,"bond_moment_error_nm":1.89405627551e-06,"bond_force_error_over_input":1.11613145597e-11,"bond_moment_error_over_input":8.00206120116e-12,"zero_bond_reference":false,"recurrence_relative_residual":6.72629874882e-11,"failed":0}
{"fracture_frame":5,"live_bonds":12418}
{"component_hierarchy_rebuild_ms":146.082520,"physical_assembly_ms":9.844170,"hierarchy_setup_ms":122.228633,"bonded_components":7,"isolated_nodes":1,"levels":3,"coarse_rows":180,"coarse_nnz":20796,"gpu_galerkin":true,"independent_current_matrix_check":true}
{"hierarchy_device_replace_ms":8.669204,"coupling_reuploaded":false,"graph_recaptured":true}
{"topology_and_rhs_update_ms":0.157995,"hierarchy_rebuilt":true,"coupling_reuploaded":false,"graph_recaptured":true}
{"trial":10,"passed":true,"iterations":44,"submitted":48,"cuda_solve_ms":9.324448,"wall_solve_ms":9.332363,"force_residual":9.92352694395e-12,"moment_residual":1.19418613052e-11,"bond_relative_error":6.98585176722e-12,"bond_max_error_over_peak":4.91750547824e-12,"bond_force_error_n":5.17061798462e-06,"bond_moment_error_nm":2.81240908548e-06,"bond_force_error_over_input":2.05930712638e-11,"bond_moment_error_over_input":1.18819434858e-11,"zero_bond_reference":false,"recurrence_relative_residual":5.51441796894e-11,"failed":0}
{"trial":11,"passed":true,"iterations":44,"submitted":48,"cuda_solve_ms":9.343264,"wall_solve_ms":9.357821,"force_residual":9.92352694395e-12,"moment_residual":1.19418613052e-11,"bond_relative_error":6.98585176722e-12,"bond_max_error_over_peak":4.91750547824e-12,"bond_force_error_n":5.17061798462e-06,"bond_moment_error_nm":2.81240908548e-06,"bond_force_error_over_input":2.05930712638e-11,"bond_moment_error_over_input":1.18819434858e-11,"zero_bond_reference":false,"recurrence_relative_residual":5.51441796894e-11,"failed":0}
{"fracture_frame":6,"live_bonds":18564}
{"component_hierarchy_rebuild_ms":196.328517,"physical_assembly_ms":23.569355,"hierarchy_setup_ms":154.206806,"bonded_components":1,"isolated_nodes":0,"levels":3,"coarse_rows":96,"coarse_nnz":9216,"gpu_galerkin":true,"independent_current_matrix_check":true}
{"hierarchy_device_replace_ms":9.146886,"coupling_reuploaded":false,"graph_recaptured":true}
{"topology_and_rhs_update_ms":0.419905,"hierarchy_rebuilt":true,"coupling_reuploaded":false,"graph_recaptured":true}
{"trial":12,"passed":true,"iterations":30,"submitted":32,"cuda_solve_ms":7.038144,"wall_solve_ms":7.046391,"force_residual":1.61696351207e-11,"moment_residual":2.00027789483e-11,"bond_relative_error":1.95488735262e-11,"bond_max_error_over_peak":3.42340491449e-11,"bond_force_error_n":3.58546762495e-06,"bond_moment_error_nm":2.63586443653e-06,"bond_force_error_over_input":1.42798772863e-11,"bond_moment_error_over_input":1.11360727829e-11,"zero_bond_reference":false,"recurrence_relative_residual":9.48284868479e-11,"failed":0}
{"trial":13,"passed":true,"iterations":30,"submitted":32,"cuda_solve_ms":7.004384,"wall_solve_ms":7.011656,"force_residual":1.61697483727e-11,"moment_residual":2.00028657874e-11,"bond_relative_error":1.95489292633e-11,"bond_max_error_over_peak":3.42351577605e-11,"bond_force_error_n":3.58547340541e-06,"bond_moment_error_nm":2.63586739976e-06,"bond_force_error_over_input":1.42799003082e-11,"bond_moment_error_over_input":1.11360853021e-11,"zero_bond_reference":false,"recurrence_relative_residual":9.48284825114e-11,"failed":0}
{"fracture_frame":7,"live_bonds":18627}
{"component_hierarchy_rebuild_ms":185.011433,"physical_assembly_ms":16.351934,"hierarchy_setup_ms":150.503673,"bonded_components":1,"isolated_nodes":0,"levels":3,"coarse_rows":96,"coarse_nnz":9216,"gpu_galerkin":true,"independent_current_matrix_check":true}
{"hierarchy_device_replace_ms":8.865702,"coupling_reuploaded":false,"graph_recaptured":true}
{"topology_and_rhs_update_ms":0.229409,"hierarchy_rebuilt":true,"coupling_reuploaded":false,"graph_recaptured":true}
{"trial":14,"passed":true,"iterations":31,"submitted":32,"cuda_solve_ms":6.435328,"wall_solve_ms":6.443665,"force_residual":1.09383826794e-11,"moment_residual":1.37958309475e-11,"bond_relative_error":5.56671365561e-12,"bond_max_error_over_peak":2.34052329245e-12,"bond_force_error_n":2.80244229017e-06,"bond_moment_error_nm":1.89405627551e-06,"bond_force_error_over_input":1.11613145597e-11,"bond_moment_error_over_input":8.00206120116e-12,"zero_bond_reference":false,"recurrence_relative_residual":6.72629874882e-11,"failed":0}
{"trial":15,"passed":true,"iterations":31,"submitted":32,"cuda_solve_ms":6.407616,"wall_solve_ms":6.414529,"force_residual":1.09383826794e-11,"moment_residual":1.37958309475e-11,"bond_relative_error":5.56671365561e-12,"bond_max_error_over_peak":2.34052329245e-12,"bond_force_error_n":2.80244229017e-06,"bond_moment_error_nm":1.89405627551e-06,"bond_force_error_over_input":1.11613145597e-11,"bond_moment_error_over_input":8.00206120116e-12,"zero_bond_reference":false,"recurrence_relative_residual":6.72629874882e-11,"failed":0}
