matrix (35616, 111762) nodes 5936 nnz 827552 mass range 33.08741 4312.60498 length 0.9426916923997034
cg 1 force_residual 9.370854822747704 seconds 0.0012340191751718521
cg 8 force_residual 10.346467771121977 seconds 0.0046595497988164425
cg 32 force_residual 9.859326722654464 seconds 0.015573248732835054
cg 64 force_residual 7.433312959872849 seconds 0.030214643105864525
cg 128 force_residual 8.53154044984236 seconds 0.05946083087474108
cg 256 force_residual 7.849580927688668 seconds 0.11738441791385412
cg 512 force_residual 7.418563824650991 seconds 0.23540555173531175
cg 1024 force_residual 5.914518091704408 seconds 0.4594784351065755
cg 2048 force_residual 2.905483900455255 seconds 0.9089496489614248
cg end 2048 2048 2.905483900455255
block_pcg 1 force_residual 2.68412344811204 seconds 0.0011860392987728119
block_pcg 8 force_residual 6.163942110607589 seconds 0.005970952101051807
block_pcg 32 force_residual 6.074641659104926 seconds 0.021193589083850384
block_pcg 64 force_residual 5.273440462281527 seconds 0.041496959049254656
block_pcg 128 force_residual 1.1041474646960505 seconds 0.08228749129921198
block_pcg 256 force_residual 0.028357767677536602 seconds 0.16270568128675222
block_pcg 512 force_residual 0.07757087344697967 seconds 0.3225747481919825
block_pcg 1024 force_residual 0.00010274974066593973 seconds 0.6421889113262296
block_pcg end 1154 0 2.045647809236994e-09
lsqr 32 force_residual 0.9952238254708244 seconds 0.031026594806462526
lsqr 128 force_residual 0.9754945223915639 seconds 0.09202034212648869
lsqr 512 force_residual 0.905873099438607 seconds 0.37689130706712604
