{"rows":35616,"original_bonds":18627,"resident_bytes":10903907,"coupling_uploads":1,"graph_captures":1}
{"projection_step":0,"projection_relative_error":0,"exact_components":1,"passed":true}
{"step":0,"live_bonds":18627,"exact_components":1,"update_bytes":18627,"host_update_ms":0.206084,"cuda_operator_and_projection_ms":0.074656,"operator_relative_error":1.7663297049e-16,"bond_relative_error":6.11762642917e-17,"passed":true}
{"projection_step":1,"projection_relative_error":7.54008422136e-15,"exact_components":1,"passed":true}
{"step":1,"live_bonds":18564,"exact_components":1,"update_bytes":18627,"host_update_ms":0.335456,"cuda_operator_and_projection_ms":0.074336,"operator_relative_error":1.87178107139e-16,"bond_relative_error":6.14577351557e-17,"passed":true}
{"projection_step":2,"projection_relative_error":8.57862918306e-15,"exact_components":2,"passed":true}
{"step":2,"live_bonds":18036,"exact_components":2,"update_bytes":18627,"host_update_ms":0.296223,"cuda_operator_and_projection_ms":0.082304,"operator_relative_error":1.87029711819e-16,"bond_relative_error":6.07718480418e-17,"passed":true}
{"projection_step":3,"projection_relative_error":0,"exact_components":5936,"passed":true}
{"step":3,"live_bonds":0,"exact_components":5936,"update_bytes":18627,"host_update_ms":0.085940,"cuda_operator_and_projection_ms":0.049408,"operator_relative_error":0,"bond_relative_error":0,"passed":true}
{"projection_step":4,"projection_relative_error":0,"exact_components":1,"passed":true}
{"step":4,"live_bonds":18627,"exact_components":1,"update_bytes":18627,"host_update_ms":0.200063,"cuda_operator_and_projection_ms":0.064192,"operator_relative_error":1.79604821182e-16,"bond_relative_error":6.18911682403e-17,"passed":true}
{"projection_step":5,"projection_relative_error":0,"exact_components":8,"passed":true}
{"step":5,"live_bonds":12418,"exact_components":8,"update_bytes":18627,"host_update_ms":0.129481,"cuda_operator_and_projection_ms":0.058624,"operator_relative_error":1.63254796204e-16,"bond_relative_error":6.11603906542e-17,"passed":true}
{"projection_step":6,"projection_relative_error":2.05627863293e-14,"exact_components":1,"passed":true}
{"step":6,"live_bonds":18564,"exact_components":1,"update_bytes":18627,"host_update_ms":0.373056,"cuda_operator_and_projection_ms":0.079264,"operator_relative_error":1.81663218012e-16,"bond_relative_error":6.03910384309e-17,"passed":true}
{"projection_step":7,"projection_relative_error":0,"exact_components":5936,"passed":true}
{"step":7,"live_bonds":0,"exact_components":5936,"update_bytes":18627,"host_update_ms":0.083156,"cuda_operator_and_projection_ms":0.048672,"operator_relative_error":0,"bond_relative_error":0,"passed":true}
{"projection_step":8,"projection_relative_error":0,"exact_components":1,"passed":true}
{"step":8,"live_bonds":18627,"exact_components":1,"update_bytes":18627,"host_update_ms":0.206696,"cuda_operator_and_projection_ms":0.064576,"operator_relative_error":1.707834887e-16,"bond_relative_error":6.15073273407e-17,"passed":true}
{"projection_step":9,"projection_relative_error":0,"exact_components":1,"passed":true}
{"step":9,"live_bonds":18627,"exact_components":1,"update_bytes":18627,"host_update_ms":0.172822,"cuda_operator_and_projection_ms":0.060064,"operator_relative_error":1.82537265222e-16,"bond_relative_error":6.08609423023e-17,"passed":true}
{"projection_step":10,"projection_relative_error":0,"exact_components":1,"passed":true}
{"step":10,"live_bonds":18627,"exact_components":1,"update_bytes":18627,"host_update_ms":0.204892,"cuda_operator_and_projection_ms":0.065472,"operator_relative_error":1.84766287602e-16,"bond_relative_error":6.17373224837e-17,"passed":true}
{"projection_step":11,"projection_relative_error":0,"exact_components":1,"passed":true}
{"step":11,"live_bonds":18627,"exact_components":1,"update_bytes":18627,"host_update_ms":0.180437,"cuda_operator_and_projection_ms":0.060800,"operator_relative_error":0,"bond_relative_error":0,"passed":true}
{"stale_projector_rejected":true}
{"stale_membership_rejected":true,"half_response_rejected":true,"completed_graph_preserves_output":true,"empty_cases_passed":true}
