{"rows":102,"original_bonds":16,"resident_bytes":10512,"coupling_uploads":1,"graph_captures":1}
{"projection_step":0,"projection_relative_error":0,"exact_components":2,"passed":true}
{"step":0,"live_bonds":16,"exact_components":2,"update_bytes":16,"host_update_ms":0.047799,"cuda_operator_and_projection_ms":0.030816,"operator_relative_error":2.35707513356e-16,"bond_relative_error":7.47715701556e-17,"passed":true}
{"projection_step":1,"projection_relative_error":4.76199277984e-16,"exact_components":2,"passed":true}
{"step":1,"live_bonds":15,"exact_components":2,"update_bytes":16,"host_update_ms":0.062536,"cuda_operator_and_projection_ms":0.033952,"operator_relative_error":2.33166775401e-16,"bond_relative_error":7.68385823729e-17,"passed":true}
{"projection_step":2,"projection_relative_error":2.3525079234e-16,"exact_components":11,"passed":true}
{"step":2,"live_bonds":6,"exact_components":11,"update_bytes":16,"host_update_ms":0.068558,"cuda_operator_and_projection_ms":0.033952,"operator_relative_error":3.40628136148e-16,"bond_relative_error":4.50918319123e-17,"passed":true}
{"projection_step":3,"projection_relative_error":0,"exact_components":17,"passed":true}
{"step":3,"live_bonds":0,"exact_components":17,"update_bytes":16,"host_update_ms":0.035446,"cuda_operator_and_projection_ms":0.021920,"operator_relative_error":0,"bond_relative_error":0,"passed":true}
{"projection_step":4,"projection_relative_error":0,"exact_components":2,"passed":true}
{"step":4,"live_bonds":16,"exact_components":2,"update_bytes":16,"host_update_ms":0.043982,"cuda_operator_and_projection_ms":0.022752,"operator_relative_error":2.74913229213e-16,"bond_relative_error":5.83424482677e-17,"passed":true}
{"projection_step":5,"projection_relative_error":2.80217730728e-16,"exact_components":7,"passed":true}
{"step":5,"live_bonds":10,"exact_components":7,"update_bytes":16,"host_update_ms":0.060943,"cuda_operator_and_projection_ms":0.034080,"operator_relative_error":1.60016133805e-16,"bond_relative_error":5.96724847815e-17,"passed":true}
{"projection_step":6,"projection_relative_error":1.64774575898e-16,"exact_components":2,"passed":true}
{"step":6,"live_bonds":15,"exact_components":2,"update_bytes":16,"host_update_ms":0.069189,"cuda_operator_and_projection_ms":0.032992,"operator_relative_error":2.56715324629e-16,"bond_relative_error":5.57935366605e-17,"passed":true}
{"projection_step":7,"projection_relative_error":0,"exact_components":17,"passed":true}
{"step":7,"live_bonds":0,"exact_components":17,"update_bytes":16,"host_update_ms":0.028493,"cuda_operator_and_projection_ms":0.021696,"operator_relative_error":0,"bond_relative_error":0,"passed":true}
{"projection_step":8,"projection_relative_error":0,"exact_components":2,"passed":true}
{"step":8,"live_bonds":16,"exact_components":2,"update_bytes":16,"host_update_ms":0.044693,"cuda_operator_and_projection_ms":0.022880,"operator_relative_error":1.42579189681e-16,"bond_relative_error":6.16236292374e-17,"passed":true}
{"projection_step":9,"projection_relative_error":0,"exact_components":2,"passed":true}
{"step":9,"live_bonds":16,"exact_components":2,"update_bytes":16,"host_update_ms":0.035426,"cuda_operator_and_projection_ms":0.022816,"operator_relative_error":1.99436969031e-16,"bond_relative_error":8.25476366695e-17,"passed":true}
{"projection_step":10,"projection_relative_error":0,"exact_components":2,"passed":true}
{"step":10,"live_bonds":16,"exact_components":2,"update_bytes":16,"host_update_ms":0.051526,"cuda_operator_and_projection_ms":0.023360,"operator_relative_error":2.60356336908e-16,"bond_relative_error":6.02767537618e-17,"passed":true}
{"projection_step":11,"projection_relative_error":0,"exact_components":2,"passed":true}
{"step":11,"live_bonds":16,"exact_components":2,"update_bytes":16,"host_update_ms":0.036078,"cuda_operator_and_projection_ms":0.022880,"operator_relative_error":0,"bond_relative_error":0,"passed":true}
{"stale_projector_rejected":true}
{"stale_membership_rejected":true,"half_response_rejected":true,"completed_graph_preserves_output":true,"empty_cases_passed":true}
