========= COMPUTE-SANITIZER
{"rows":36,"original_bonds":6,"resident_bytes":2654,"coupling_uploads":1,"graph_captures":1}
{"projection_step":0,"projection_relative_error":0,"exact_components":2,"passed":true}
{"step":0,"live_bonds":6,"exact_components":2,"update_bytes":6,"host_update_ms":1.243620,"cuda_operator_and_projection_ms":0.373792,"operator_relative_error":1.22956614401e-16,"bond_relative_error":2.85143788808e-17,"passed":true}
{"projection_step":1,"projection_relative_error":8.75731031775e-17,"exact_components":2,"passed":true}
{"step":1,"live_bonds":4,"exact_components":2,"update_bytes":6,"host_update_ms":1.714879,"cuda_operator_and_projection_ms":0.457984,"operator_relative_error":1.93345402795e-16,"bond_relative_error":2.28672974496e-17,"passed":true}
{"projection_step":2,"projection_relative_error":1.26699309083e-16,"exact_components":3,"passed":true}
{"step":2,"live_bonds":3,"exact_components":3,"update_bytes":6,"host_update_ms":1.779360,"cuda_operator_and_projection_ms":0.459840,"operator_relative_error":7.06671852889e-17,"bond_relative_error":1.04803986582e-16,"passed":true}
{"projection_step":3,"projection_relative_error":0,"exact_components":6,"passed":true}
{"step":3,"live_bonds":0,"exact_components":6,"update_bytes":6,"host_update_ms":1.187536,"cuda_operator_and_projection_ms":0.368096,"operator_relative_error":0,"bond_relative_error":0,"passed":true}
{"projection_step":4,"projection_relative_error":0,"exact_components":2,"passed":true}
{"step":4,"live_bonds":6,"exact_components":2,"update_bytes":6,"host_update_ms":1.214676,"cuda_operator_and_projection_ms":0.362624,"operator_relative_error":1.61245436623e-16,"bond_relative_error":3.54739900222e-17,"passed":true}
{"projection_step":5,"projection_relative_error":1.13452094509e-16,"exact_components":3,"passed":true}
{"step":5,"live_bonds":4,"exact_components":3,"update_bytes":6,"host_update_ms":1.704901,"cuda_operator_and_projection_ms":0.459392,"operator_relative_error":1.36203304244e-16,"bond_relative_error":2.49884918898e-17,"passed":true}
{"projection_step":6,"projection_relative_error":1.88508100213e-16,"exact_components":2,"passed":true}
{"step":6,"live_bonds":4,"exact_components":2,"update_bytes":6,"host_update_ms":1.763129,"cuda_operator_and_projection_ms":0.453344,"operator_relative_error":1.55206354373e-16,"bond_relative_error":6.42560074844e-17,"passed":true}
{"projection_step":7,"projection_relative_error":0,"exact_components":6,"passed":true}
{"step":7,"live_bonds":0,"exact_components":6,"update_bytes":6,"host_update_ms":1.176755,"cuda_operator_and_projection_ms":0.355136,"operator_relative_error":0,"bond_relative_error":0,"passed":true}
{"projection_step":8,"projection_relative_error":0,"exact_components":2,"passed":true}
{"step":8,"live_bonds":6,"exact_components":2,"update_bytes":6,"host_update_ms":1.199057,"cuda_operator_and_projection_ms":0.357632,"operator_relative_error":1.35082246119e-16,"bond_relative_error":4.97690863327e-17,"passed":true}
{"projection_step":9,"projection_relative_error":0,"exact_components":2,"passed":true}
{"step":9,"live_bonds":6,"exact_components":2,"update_bytes":6,"host_update_ms":1.171014,"cuda_operator_and_projection_ms":0.361344,"operator_relative_error":1.23055323031e-16,"bond_relative_error":1.64699654138e-17,"passed":true}
{"projection_step":10,"projection_relative_error":0,"exact_components":2,"passed":true}
{"step":10,"live_bonds":6,"exact_components":2,"update_bytes":6,"host_update_ms":1.268847,"cuda_operator_and_projection_ms":0.361792,"operator_relative_error":1.24034660188e-16,"bond_relative_error":2.47776642615e-17,"passed":true}
{"projection_step":11,"projection_relative_error":0,"exact_components":2,"passed":true}
{"step":11,"live_bonds":6,"exact_components":2,"update_bytes":6,"host_update_ms":1.167348,"cuda_operator_and_projection_ms":0.356576,"operator_relative_error":0,"bond_relative_error":0,"passed":true}
{"stale_projector_rejected":true}
{"stale_membership_rejected":true,"half_response_rejected":true,"completed_graph_preserves_output":true,"empty_cases_passed":true}
========= LEAK SUMMARY: 0 bytes leaked in 0 allocations
========= ERROR SUMMARY: 0 errors
