scene destruction/assets/scenes/fractured-downtown.json | structures 4 | chunks 86966 | bonds 267992
[destruction] CUDA stress solver active; configured iteration budget 32. Convergence depends on the current load and topology.
tick      0  bodies    108  awake      0  broken       0  solve 368.37 ms  | begin 0.60 solve 157.77 end 188.43 readback 4.03 events 3.17 filters 10.16 ccd 0.00 support 0.00 shape 4.20 => gap 0.01 ms  quiet 4  pairs 0
            topo 188.40 (frac 187.06 + valid 1.34)                   pts/pair 0.00  islands skipped 0/216 (0%)
            fracture: gen 3.08 prep 6.58 apply 3.78 scene 174.46 rebuild 0.00 valid 1.34 | rest -0.83
            physx step 41.72 ms avg over 1 ticks  (last: gpu_wait 13.01 fetch_copy 8.70, contacts hw 0)
tick    300  bodies   2401  awake   2224  broken    8819  solve 8.02 ms  | begin 0.68 solve 3.23 end 0.84 readback 0.26 events 0.86 filters 0.91 ccd 0.00 support 0.60 shape 0.64 => gap 0.00 ms  quiet 1635  pairs 3225
            topo 0.76 (frac 0.76 + valid 0.00)                   pts/pair 0.39  islands skipped 3439/169447 (2%)
            fracture: gen 0.43 prep 0.00 apply 0.18 scene 0.05 rebuild 0.00 valid 0.00 | rest 0.10
            physx step 4.33 ms avg over 300 ticks  (last: gpu_wait 4.95 fetch_copy 0.70, contacts hw 31742)
[bs-phase] calls=599 per-call ms: upload 0.140 kernel 0.076 readback 0.038 | prep 0.141 enqueue 0.111 sync 0.019 | host total 0.288 | skipped 0 of 599 | up 0.37 MB down 0.05 MB | PROBE empty 0.000 nullkernel1 0.000 nullkernel2 0.000 copy4B 0.000
[bond-stress-gpu] ticks=600 attempts=599 ranOnDevice=599 checks=0 MISMATCHES=0 (count=0 removeSize=0 removeOrder=0 mask=0) firstBadTick=0 lastBadTick=0 refuse(noSolver=0 stale=0 pendingTopo=0 csr=0) STRESS_MISMATCH=0/0 big=0 maxRel=0.000e+00 BEND_MISMATCH=0 bendMaxRel=0.000e+00 OVERSET_MISMATCH=0/0 compactHits=64176 misses=0 IMPULSE=0/0 impMaxRel=0.000e+00 PAYLOAD(n=0 node=0 normal=0 disp=0 centroid=0)
[bs-phase] calls=599 per-call ms: upload 0.155 kernel 0.079 readback 0.031 | prep 0.149 enqueue 0.113 sync 0.014 | host total 0.293 | skipped 0 of 599 | up 0.49 MB down 0.06 MB | PROBE empty 0.000 nullkernel1 0.000 nullkernel2 0.000 copy4B 0.000
[bond-stress-gpu] ticks=600 attempts=599 ranOnDevice=599 checks=0 MISMATCHES=0 (count=0 removeSize=0 removeOrder=0 mask=0) firstBadTick=0 lastBadTick=0 refuse(noSolver=0 stale=0 pendingTopo=0 csr=0) STRESS_MISMATCH=0/0 big=0 maxRel=0.000e+00 BEND_MISMATCH=0 bendMaxRel=0.000e+00 OVERSET_MISMATCH=0/0 compactHits=74307 misses=0 IMPULSE=0/0 impMaxRel=0.000e+00 PAYLOAD(n=0 node=0 normal=0 disp=0 centroid=0)
[bs-phase] calls=599 per-call ms: upload 0.139 kernel 0.073 readback 0.021 | prep 0.132 enqueue 0.097 sync 0.013 | host total 0.258 | skipped 0 of 599 | up 0.54 MB down 0.06 MB | PROBE empty 0.000 nullkernel1 0.000 nullkernel2 0.000 copy4B 0.000
[bond-stress-gpu] ticks=600 attempts=599 ranOnDevice=599 checks=0 MISMATCHES=0 (count=0 removeSize=0 removeOrder=0 mask=0) firstBadTick=0 lastBadTick=0 refuse(noSolver=0 stale=0 pendingTopo=0 csr=0) STRESS_MISMATCH=0/0 big=0 maxRel=0.000e+00 BEND_MISMATCH=0 bendMaxRel=0.000e+00 OVERSET_MISMATCH=0/0 compactHits=81063 misses=0 IMPULSE=0/0 impMaxRel=0.000e+00 PAYLOAD(n=0 node=0 normal=0 disp=0 centroid=0)
[bs-phase] calls=599 per-call ms: upload 0.152 kernel 0.263 readback 0.017 | prep 0.140 enqueue 0.283 sync 0.013 | host total 0.447 | skipped 0 of 599 | up 0.77 MB down 0.14 MB | PROBE empty 0.000 nullkernel1 0.000 nullkernel2 0.000 copy4B 0.000
[bond-stress-gpu] ticks=600 attempts=599 ranOnDevice=599 checks=0 MISMATCHES=0 (count=0 removeSize=0 removeOrder=0 mask=0) firstBadTick=0 lastBadTick=0 refuse(noSolver=0 stale=0 pendingTopo=0 csr=0) STRESS_MISMATCH=0/0 big=0 maxRel=0.000e+00 BEND_MISMATCH=0 bendMaxRel=0.000e+00 OVERSET_MISMATCH=0/0 compactHits=161167 misses=0 IMPULSE=0/0 impMaxRel=0.000e+00 PAYLOAD(n=0 node=0 normal=0 disp=0 centroid=0)
tick    600  bodies   4148  awake   3872  broken   14816  solve 11.82 ms  | begin 1.25 solve 3.82 end 1.76 readback 0.51 events 1.12 filters 1.04 ccd 0.00 support 1.56 shape 0.75 => gap 0.00 ms  quiet 3386  pairs 9032
            topo 1.27 (frac 1.27 + valid 0.00)                   pts/pair 0.33  islands skipped 7320/320222 (2%)
            fracture: gen 0.53 prep 0.01 apply 0.52 scene 0.09 rebuild 0.00 valid 0.00 | rest 0.11
            physx step 9.14 ms avg over 300 ticks  (last: gpu_wait 8.62 fetch_copy 1.47, contacts hw 62296)
[bs-phase] calls=1199 per-call ms: upload 0.142 kernel 0.055 readback 0.029 | prep 0.136 enqueue 0.087 sync 0.013 | host total 0.251 | skipped 0 of 1199 | up 0.44 MB down 0.06 MB | PROBE empty 0.000 nullkernel1 0.000 nullkernel2 0.000 copy4B 0.000
[bond-stress-gpu] ticks=1200 attempts=1199 ranOnDevice=1199 checks=0 MISMATCHES=0 (count=0 removeSize=0 removeOrder=0 mask=0) firstBadTick=0 lastBadTick=0 refuse(noSolver=0 stale=0 pendingTopo=0 csr=0) STRESS_MISMATCH=0/0 big=0 maxRel=0.000e+00 BEND_MISMATCH=0 bendMaxRel=0.000e+00 OVERSET_MISMATCH=0/0 compactHits=130425 misses=0 IMPULSE=0/0 impMaxRel=0.000e+00 PAYLOAD(n=0 node=0 normal=0 disp=0 centroid=0)
[bs-phase] calls=1199 per-call ms: upload 0.131 kernel 0.056 readback 0.037 | prep 0.133 enqueue 0.092 sync 0.016 | host total 0.256 | skipped 0 of 1199 | up 0.33 MB down 0.04 MB | PROBE empty 0.000 nullkernel1 0.000 nullkernel2 0.000 copy4B 0.000
[bond-stress-gpu] ticks=1200 attempts=1199 ranOnDevice=1199 checks=0 MISMATCHES=0 (count=0 removeSize=0 removeOrder=0 mask=0) firstBadTick=0 lastBadTick=0 refuse(noSolver=0 stale=0 pendingTopo=0 csr=0) STRESS_MISMATCH=0/0 big=0 maxRel=0.000e+00 BEND_MISMATCH=0 bendMaxRel=0.000e+00 OVERSET_MISMATCH=0/0 compactHits=104770 misses=0 IMPULSE=0/0 impMaxRel=0.000e+00 PAYLOAD(n=0 node=0 normal=0 disp=0 centroid=0)
[bs-phase] calls=1199 per-call ms: upload 0.125 kernel 0.050 readback 0.021 | prep 0.119 enqueue 0.074 sync 0.013 | host total 0.220 | skipped 0 of 1199 | up 0.49 MB down 0.06 MB | PROBE empty 0.000 nullkernel1 0.000 nullkernel2 0.000 copy4B 0.000
[bond-stress-gpu] ticks=1200 attempts=1199 ranOnDevice=1199 checks=0 MISMATCHES=0 (count=0 removeSize=0 removeOrder=0 mask=0) firstBadTick=0 lastBadTick=0 refuse(noSolver=0 stale=0 pendingTopo=0 csr=0) STRESS_MISMATCH=0/0 big=0 maxRel=0.000e+00 BEND_MISMATCH=0 bendMaxRel=0.000e+00 OVERSET_MISMATCH=0/0 compactHits=141046 misses=0 IMPULSE=0/0 impMaxRel=0.000e+00 PAYLOAD(n=0 node=0 normal=0 disp=0 centroid=0)
[bs-phase] calls=1199 per-call ms: upload 0.150 kernel 0.195 readback 0.018 | prep 0.139 enqueue 0.216 sync 0.013 | host total 0.378 | skipped 0 of 1199 | up 0.74 MB down 0.15 MB | PROBE empty 0.000 nullkernel1 0.000 nullkernel2 0.000 copy4B 0.000
[bond-stress-gpu] ticks=1200 attempts=1199 ranOnDevice=1199 checks=0 MISMATCHES=0 (count=0 removeSize=0 removeOrder=0 mask=0) firstBadTick=0 lastBadTick=0 refuse(noSolver=0 stale=0 pendingTopo=0 csr=0) STRESS_MISMATCH=0/0 big=0 maxRel=0.000e+00 BEND_MISMATCH=0 bendMaxRel=0.000e+00 OVERSET_MISMATCH=0/0 compactHits=298936 misses=0 IMPULSE=0/0 impMaxRel=0.000e+00 PAYLOAD(n=0 node=0 normal=0 disp=0 centroid=0)
tick    900  bodies   5029  awake   4421  broken   17983  solve 13.87 ms  | begin 0.91 solve 3.72 end 4.08 readback 0.77 events 1.26 filters 1.04 ccd 0.00 support 1.36 shape 0.74 => gap 0.00 ms  quiet 5006  pairs 12275
            topo 3.73 (frac 3.73 + valid 0.00)                   pts/pair 0.32  islands skipped 9517/336126 (3%)
            fracture: gen 0.50 prep 0.10 apply 0.79 scene 2.17 rebuild 0.00 valid 0.00 | rest 0.16
            physx step 12.21 ms avg over 300 ticks  (last: gpu_wait 9.49 fetch_copy 1.79, contacts hw 65135)
[bs-phase] calls=1799 per-call ms: upload 0.125 kernel 0.048 readback 0.037 | prep 0.127 enqueue 0.084 sync 0.017 | host total 0.242 | skipped 0 of 1799 | up 0.31 MB down 0.04 MB | PROBE empty 0.000 nullkernel1 0.000 nullkernel2 0.000 copy4B 0.000
[bond-stress-gpu] ticks=1800 attempts=1799 ranOnDevice=1799 checks=0 MISMATCHES=0 (count=0 removeSize=0 removeOrder=0 mask=0) firstBadTick=0 lastBadTick=0 refuse(noSolver=0 stale=0 pendingTopo=0 csr=0) STRESS_MISMATCH=0/0 big=0 maxRel=0.000e+00 BEND_MISMATCH=0 bendMaxRel=0.000e+00 OVERSET_MISMATCH=0/0 compactHits=139561 misses=0 IMPULSE=0/0 impMaxRel=0.000e+00 PAYLOAD(n=0 node=0 normal=0 disp=0 centroid=0)
[bs-phase] calls=1799 per-call ms: upload 0.136 kernel 0.046 readback 0.029 | prep 0.130 enqueue 0.077 sync 0.012 | host total 0.233 | skipped 0 of 1799 | up 0.42 MB down 0.06 MB | PROBE empty 0.000 nullkernel1 0.000 nullkernel2 0.000 copy4B 0.000
[bond-stress-gpu] ticks=1800 attempts=1799 ranOnDevice=1799 checks=0 MISMATCHES=0 (count=0 removeSize=0 removeOrder=0 mask=0) firstBadTick=0 lastBadTick=0 refuse(noSolver=0 stale=0 pendingTopo=0 csr=0) STRESS_MISMATCH=0/0 big=0 maxRel=0.000e+00 BEND_MISMATCH=0 bendMaxRel=0.000e+00 OVERSET_MISMATCH=0/0 compactHits=178741 misses=0 IMPULSE=0/0 impMaxRel=0.000e+00 PAYLOAD(n=0 node=0 normal=0 disp=0 centroid=0)
[bs-phase] calls=1799 per-call ms: upload 0.148 kernel 0.159 readback 0.018 | prep 0.136 enqueue 0.180 sync 0.013 | host total 0.340 | skipped 0 of 1799 | up 0.71 MB down 0.15 MB | PROBE empty 0.000 nullkernel1 0.000 nullkernel2 0.000 copy4B 0.000
[bond-stress-gpu] ticks=1800 attempts=1799 ranOnDevice=1799 checks=0 MISMATCHES=0 (count=0 removeSize=0 removeOrder=0 mask=0) firstBadTick=0 lastBadTick=0 refuse(noSolver=0 stale=0 pendingTopo=0 csr=0) STRESS_MISMATCH=0/0 big=0 maxRel=0.000e+00 BEND_MISMATCH=0 bendMaxRel=0.000e+00 OVERSET_MISMATCH=0/0 compactHits=431556 misses=0 IMPULSE=0/0 impMaxRel=0.000e+00 PAYLOAD(n=0 node=0 normal=0 disp=0 centroid=0)
[bs-phase] calls=1799 per-call ms: upload 0.119 kernel 0.042 readback 0.020 | prep 0.113 enqueue 0.065 sync 0.013 | host total 0.204 | skipped 0 of 1799 | up 0.47 MB down 0.06 MB | PROBE empty 0.000 nullkernel1 0.000 nullkernel2 0.000 copy4B 0.000
[bond-stress-gpu] ticks=1800 attempts=1799 ranOnDevice=1799 checks=0 MISMATCHES=0 (count=0 removeSize=0 removeOrder=0 mask=0) firstBadTick=0 lastBadTick=0 refuse(noSolver=0 stale=0 pendingTopo=0 csr=0) STRESS_MISMATCH=0/0 big=0 maxRel=0.000e+00 BEND_MISMATCH=0 bendMaxRel=0.000e+00 OVERSET_MISMATCH=0/0 compactHits=192010 misses=0 IMPULSE=0/0 impMaxRel=0.000e+00 PAYLOAD(n=0 node=0 normal=0 disp=0 centroid=0)
tick   1200  bodies   5482  awake   4700  broken   19362  solve 14.59 ms  | begin 1.16 solve 4.91 end 2.54 readback 0.96 events 1.56 filters 1.03 ccd 0.00 support 1.68 shape 0.75 => gap 0.00 ms  quiet 6572  pairs 12610
            topo 1.98 (frac 1.98 + valid 0.00)                   pts/pair 0.34  islands skipped 10536/367317 (3%)
            fracture: gen 0.44 prep 0.01 apply 1.24 scene 0.18 rebuild 0.00 valid 0.00 | rest 0.10
            physx step 13.23 ms avg over 300 ticks  (last: gpu_wait 9.18 fetch_copy 1.75, contacts hw 70999)
tick   1500  bodies   6105  awake   5034  broken   21522  solve 7.88 ms  | begin 1.08 solve 3.28 end 1.11 readback 0.44 events 0.00 filters 0.00 ccd 0.00 support 1.98 shape 0.00 => gap 0.00 ms  quiet 8064  pairs 13613
            topo 1.11 (frac 1.11 + valid 0.00)                   pts/pair 0.33  islands skipped 13707/378790 (4%)
            fracture: gen 0.32 prep 0.00 apply 0.00 scene 0.00 rebuild 0.00 valid 0.00 | rest 0.79
            physx step 13.91 ms avg over 300 ticks  (last: gpu_wait 9.62 fetch_copy 1.84, contacts hw 75182)
[bs-phase] calls=2399 per-call ms: upload 0.116 kernel 0.038 readback 0.020 | prep 0.110 enqueue 0.061 sync 0.012 | host total 0.195 | skipped 0 of 2399 | up 0.45 MB down 0.06 MB | PROBE empty 0.000 nullkernel1 0.000 nullkernel2 0.000 copy4B 0.000
[bond-stress-gpu] ticks=2400 attempts=2399 ranOnDevice=2399 checks=0 MISMATCHES=0 (count=0 removeSize=0 removeOrder=0 mask=0) firstBadTick=0 lastBadTick=0 refuse(noSolver=0 stale=0 pendingTopo=0 csr=0) STRESS_MISMATCH=0/0 big=0 maxRel=0.000e+00 BEND_MISMATCH=0 bendMaxRel=0.000e+00 OVERSET_MISMATCH=0/0 compactHits=237725 misses=0 IMPULSE=0/0 impMaxRel=0.000e+00 PAYLOAD(n=0 node=0 normal=0 disp=0 centroid=0)
[bs-phase] calls=2399 per-call ms: upload 0.121 kernel 0.044 readback 0.037 | prep 0.124 enqueue 0.081 sync 0.017 | host total 0.235 | skipped 0 of 2399 | up 0.30 MB down 0.04 MB | PROBE empty 0.000 nullkernel1 0.000 nullkernel2 0.000 copy4B 0.000
[bond-stress-gpu] ticks=2400 attempts=2399 ranOnDevice=2399 checks=0 MISMATCHES=0 (count=0 removeSize=0 removeOrder=0 mask=0) firstBadTick=0 lastBadTick=0 refuse(noSolver=0 stale=0 pendingTopo=0 csr=0) STRESS_MISMATCH=0/0 big=0 maxRel=0.000e+00 BEND_MISMATCH=0 bendMaxRel=0.000e+00 OVERSET_MISMATCH=0/0 compactHits=167563 misses=0 IMPULSE=0/0 impMaxRel=0.000e+00 PAYLOAD(n=0 node=0 normal=0 disp=0 centroid=0)
[bs-phase] calls=2399 per-call ms: upload 0.133 kernel 0.041 readback 0.028 | prep 0.127 enqueue 0.073 sync 0.012 | host total 0.224 | skipped 0 of 2399 | up 0.41 MB down 0.06 MB | PROBE empty 0.000 nullkernel1 0.000 nullkernel2 0.000 copy4B 0.000
[bond-stress-gpu] ticks=2400 attempts=2399 ranOnDevice=2399 checks=0 MISMATCHES=0 (count=0 removeSize=0 removeOrder=0 mask=0) firstBadTick=0 lastBadTick=0 refuse(noSolver=0 stale=0 pendingTopo=0 csr=0) STRESS_MISMATCH=0/0 big=0 maxRel=0.000e+00 BEND_MISMATCH=0 bendMaxRel=0.000e+00 OVERSET_MISMATCH=0/0 compactHits=225045 misses=0 IMPULSE=0/0 impMaxRel=0.000e+00 PAYLOAD(n=0 node=0 normal=0 disp=0 centroid=0)
[bs-phase] calls=2399 per-call ms: upload 0.144 kernel 0.140 readback 0.018 | prep 0.133 enqueue 0.161 sync 0.013 | host total 0.318 | skipped 0 of 2399 | up 0.67 MB down 0.15 MB | PROBE empty 0.000 nullkernel1 0.000 nullkernel2 0.000 copy4B 0.000
[bond-stress-gpu] ticks=2400 attempts=2399 ranOnDevice=2399 checks=0 MISMATCHES=0 (count=0 removeSize=0 removeOrder=0 mask=0) firstBadTick=0 lastBadTick=0 refuse(noSolver=0 stale=0 pendingTopo=0 csr=0) STRESS_MISMATCH=0/0 big=0 maxRel=0.000e+00 BEND_MISMATCH=0 bendMaxRel=0.000e+00 OVERSET_MISMATCH=0/0 compactHits=562157 misses=0 IMPULSE=0/0 impMaxRel=0.000e+00 PAYLOAD(n=0 node=0 normal=0 disp=0 centroid=0)
tick   1800  bodies   7993  awake   6869  broken   28335  solve 12.29 ms  | begin 2.00 solve 3.60 end 1.76 readback 0.78 events 0.55 filters 0.63 ccd 0.00 support 2.51 shape 0.44 => gap 0.00 ms  quiet 9631  pairs 17844
            topo 1.68 (frac 1.68 + valid 0.00)                   pts/pair 0.32  islands skipped 16266/460488 (4%)
            fracture: gen 0.27 prep 0.08 apply 0.18 scene 0.26 rebuild 0.00 valid 0.00 | rest 0.89
            physx step 15.95 ms avg over 300 ticks  (last: gpu_wait 11.81 fetch_copy 2.32, contacts hw 99818)
[bs-phase] calls=2999 per-call ms: upload 0.125 kernel 0.060 readback 0.036 | prep 0.126 enqueue 0.096 sync 0.016 | host total 0.252 | skipped 0 of 2999 | up 0.32 MB down 0.06 MB | PROBE empty 0.000 nullkernel1 0.000 nullkernel2 0.000 copy4B 0.000
[bond-stress-gpu] ticks=3000 attempts=2999 ranOnDevice=2999 checks=0 MISMATCHES=0 (count=0 removeSize=0 removeOrder=0 mask=0) firstBadTick=0 lastBadTick=0 refuse(noSolver=0 stale=0 pendingTopo=0 csr=0) STRESS_MISMATCH=0/0 big=0 maxRel=0.000e+00 BEND_MISMATCH=0 bendMaxRel=0.000e+00 OVERSET_MISMATCH=0/0 compactHits=217501 misses=0 IMPULSE=0/0 impMaxRel=0.000e+00 PAYLOAD(n=0 node=0 normal=0 disp=0 centroid=0)
[bs-phase] calls=2999 per-call ms: upload 0.133 kernel 0.039 readback 0.029 | prep 0.127 enqueue 0.071 sync 0.011 | host total 0.222 | skipped 0 of 2999 | up 0.40 MB down 0.06 MB | PROBE empty 0.000 nullkernel1 0.000 nullkernel2 0.000 copy4B 0.000
[bond-stress-gpu] ticks=3000 attempts=2999 ranOnDevice=2999 checks=0 MISMATCHES=0 (count=0 removeSize=0 removeOrder=0 mask=0) firstBadTick=0 lastBadTick=0 refuse(noSolver=0 stale=0 pendingTopo=0 csr=0) STRESS_MISMATCH=0/0 big=0 maxRel=0.000e+00 BEND_MISMATCH=0 bendMaxRel=0.000e+00 OVERSET_MISMATCH=0/0 compactHits=264730 misses=0 IMPULSE=0/0 impMaxRel=0.000e+00 PAYLOAD(n=0 node=0 normal=0 disp=0 centroid=0)
[bs-phase] calls=2999 per-call ms: upload 0.146 kernel 0.123 readback 0.019 | prep 0.135 enqueue 0.144 sync 0.013 | host total 0.304 | skipped 0 of 2999 | up 0.65 MB down 0.15 MB | PROBE empty 0.000 nullkernel1 0.000 nullkernel2 0.000 copy4B 0.000
[bond-stress-gpu] ticks=3000 attempts=2999 ranOnDevice=2999 checks=0 MISMATCHES=0 (count=0 removeSize=0 removeOrder=0 mask=0) firstBadTick=0 lastBadTick=0 refuse(noSolver=0 stale=0 pendingTopo=0 csr=0) STRESS_MISMATCH=0/0 big=0 maxRel=0.000e+00 BEND_MISMATCH=0 bendMaxRel=0.000e+00 OVERSET_MISMATCH=0/0 compactHits=663330 misses=0 IMPULSE=0/0 impMaxRel=0.000e+00 PAYLOAD(n=0 node=0 normal=0 disp=0 centroid=0)
[bs-phase] calls=2999 per-call ms: upload 0.116 kernel 0.036 readback 0.021 | prep 0.109 enqueue 0.060 sync 0.012 | host total 0.193 | skipped 0 of 2999 | up 0.44 MB down 0.06 MB | PROBE empty 0.000 nullkernel1 0.000 nullkernel2 0.000 copy4B 0.000
[bond-stress-gpu] ticks=3000 attempts=2999 ranOnDevice=2999 checks=0 MISMATCHES=0 (count=0 removeSize=0 removeOrder=0 mask=0) firstBadTick=0 lastBadTick=0 refuse(noSolver=0 stale=0 pendingTopo=0 csr=0) STRESS_MISMATCH=0/0 big=0 maxRel=0.000e+00 BEND_MISMATCH=0 bendMaxRel=0.000e+00 OVERSET_MISMATCH=0/0 compactHits=276385 misses=0 IMPULSE=0/0 impMaxRel=0.000e+00 PAYLOAD(n=0 node=0 normal=0 disp=0 centroid=0)
tick   2100  bodies   8295  awake   6685  broken   29448  solve 10.58 ms  | begin 1.42 solve 3.78 end 1.95 readback 0.84 events 0.00 filters 0.00 ccd 0.00 support 2.58 shape 0.00 => gap 0.00 ms  quiet 11115  pairs 17024
            topo 1.95 (frac 1.95 + valid 0.00)                   pts/pair 0.36  islands skipped 20008/520903 (4%)
            fracture: gen 0.38 prep 0.00 apply 0.00 scene 0.00 rebuild 0.00 valid 0.00 | rest 1.57
            physx step 17.67 ms avg over 300 ticks  (last: gpu_wait 13.01 fetch_copy 2.48, contacts hw 99931)
tick   2400  bodies   8347  awake   6399  broken   29637  solve 14.59 ms  | begin 1.43 solve 3.56 end 2.41 readback 1.45 events 1.81 filters 1.08 ccd 0.00 support 1.94 shape 0.90 => gap 0.00 ms  quiet 12434  pairs 14034
            topo 1.77 (frac 1.77 + valid 0.00)                   pts/pair 0.33  islands skipped 34689/450488 (8%)
            fracture: gen 0.33 prep 0.01 apply 1.09 scene 0.08 rebuild 0.00 valid 0.00 | rest 0.25
            physx step 16.71 ms avg over 300 ticks  (last: gpu_wait 10.90 fetch_copy 2.26, contacts hw 99931)
[bs-phase] calls=3599 per-call ms: upload 0.132 kernel 0.037 readback 0.029 | prep 0.126 enqueue 0.070 sync 0.011 | host total 0.219 | skipped 0 of 3599 | up 0.39 MB down 0.06 MB | PROBE empty 0.000 nullkernel1 0.000 nullkernel2 0.000 copy4B 0.000
[bond-stress-gpu] ticks=3600 attempts=3599 ranOnDevice=3599 checks=0 MISMATCHES=0 (count=0 removeSize=0 removeOrder=0 mask=0) firstBadTick=0 lastBadTick=0 refuse(noSolver=0 stale=0 pendingTopo=0 csr=0) STRESS_MISMATCH=0/0 big=0 maxRel=0.000e+00 BEND_MISMATCH=0 bendMaxRel=0.000e+00 OVERSET_MISMATCH=0/0 compactHits=299920 misses=0 IMPULSE=0/0 impMaxRel=0.000e+00 PAYLOAD(n=0 node=0 normal=0 disp=0 centroid=0)
[bs-phase] calls=3599 per-call ms: upload 0.127 kernel 0.055 readback 0.037 | prep 0.127 enqueue 0.091 sync 0.016 | host total 0.247 | skipped 0 of 3599 | up 0.31 MB down 0.07 MB | PROBE empty 0.000 nullkernel1 0.000 nullkernel2 0.000 copy4B 0.000
[bond-stress-gpu] ticks=3600 attempts=3599 ranOnDevice=3599 checks=0 MISMATCHES=0 (count=0 removeSize=0 removeOrder=0 mask=0) firstBadTick=0 lastBadTick=0 refuse(noSolver=0 stale=0 pendingTopo=0 csr=0) STRESS_MISMATCH=0/0 big=0 maxRel=0.000e+00 BEND_MISMATCH=0 bendMaxRel=0.000e+00 OVERSET_MISMATCH=0/0 compactHits=252315 misses=0 IMPULSE=0/0 impMaxRel=0.000e+00 PAYLOAD(n=0 node=0 normal=0 disp=0 centroid=0)
[bs-phase] calls=3599 per-call ms: upload 0.144 kernel 0.107 readback 0.019 | prep 0.133 enqueue 0.129 sync 0.013 | host total 0.285 | skipped 0 of 3599 | up 0.61 MB down 0.13 MB | PROBE empty 0.000 nullkernel1 0.000 nullkernel2 0.000 copy4B 0.000
[bond-stress-gpu] ticks=3600 attempts=3599 ranOnDevice=3599 checks=0 MISMATCHES=0 (count=0 removeSize=0 removeOrder=0 mask=0) firstBadTick=0 lastBadTick=0 refuse(noSolver=0 stale=0 pendingTopo=0 csr=0) STRESS_MISMATCH=0/0 big=0 maxRel=0.000e+00 BEND_MISMATCH=0 bendMaxRel=0.000e+00 OVERSET_MISMATCH=0/0 compactHits=731641 misses=0 IMPULSE=0/0 impMaxRel=0.000e+00 PAYLOAD(n=0 node=0 normal=0 disp=0 centroid=0)
[bs-phase] calls=3599 per-call ms: upload 0.114 kernel 0.034 readback 0.021 | prep 0.107 enqueue 0.058 sync 0.011 | host total 0.188 | skipped 0 of 3599 | up 0.43 MB down 0.06 MB | PROBE empty 0.000 nullkernel1 0.000 nullkernel2 0.000 copy4B 0.000
[bond-stress-gpu] ticks=3600 attempts=3599 ranOnDevice=3599 checks=0 MISMATCHES=0 (count=0 removeSize=0 removeOrder=0 mask=0) firstBadTick=0 lastBadTick=0 refuse(noSolver=0 stale=0 pendingTopo=0 csr=0) STRESS_MISMATCH=0/0 big=0 maxRel=0.000e+00 BEND_MISMATCH=0 bendMaxRel=0.000e+00 OVERSET_MISMATCH=0/0 compactHits=312465 misses=0 IMPULSE=0/0 impMaxRel=0.000e+00 PAYLOAD(n=0 node=0 normal=0 disp=0 centroid=0)
  ccd tracked 0 / identity stamped 8376 against 8376 live bodies
  resim: 2700 captures, 1077 re-passes
  resim diag: captures=2700 zero=0 not_needed=0 errors=0 first_error=None

wrote /dev/null
  ticks 2700  chunks 86966  bonds 267992
  broken bonds 29720 (adapter 29720)
  migrations 82392  peak bodies 7006  membership mismatches 0
wrote /dev/null.sidecar.json
Original city deployment restored and healthy
