{"rows":35616,"original_bonds":18627,"resident_bytes":10903907,"coupling_uploads":1,"graph_captures":1}
{"projection_step":0,"projection_relative_error":0,"exact_components":1,"passed":true}
{"step":0,"live_bonds":18627,"exact_components":1,"update_bytes":18627,"host_update_ms":0.206044,"cuda_operator_and_projection_ms":0.062112,"operator_relative_error":1.7663297049e-16,"bond_relative_error":6.11762642917e-17,"passed":true}
{"projection_step":1,"projection_relative_error":7.99073627306e-15,"exact_components":1,"passed":true}
{"step":1,"live_bonds":18564,"exact_components":1,"update_bytes":18627,"host_update_ms":0.341678,"cuda_operator_and_projection_ms":0.242272,"operator_relative_error":1.87178107139e-16,"bond_relative_error":6.14577351557e-17,"passed":true}
{"projection_step":2,"projection_relative_error":8.83853148376e-15,"exact_components":2,"passed":true}
{"step":2,"live_bonds":18036,"exact_components":2,"update_bytes":18627,"host_update_ms":0.297085,"cuda_operator_and_projection_ms":0.157920,"operator_relative_error":1.87029711819e-16,"bond_relative_error":6.07718480418e-17,"passed":true}
{"projection_step":3,"projection_relative_error":0,"exact_components":5936,"passed":true}
{"step":3,"live_bonds":0,"exact_components":5936,"update_bytes":18627,"host_update_ms":0.088535,"cuda_operator_and_projection_ms":0.048000,"operator_relative_error":0,"bond_relative_error":0,"passed":true}
{"projection_step":4,"projection_relative_error":0,"exact_components":1,"passed":true}
{"step":4,"live_bonds":18627,"exact_components":1,"update_bytes":18627,"host_update_ms":0.201887,"cuda_operator_and_projection_ms":0.057440,"operator_relative_error":1.79604821182e-16,"bond_relative_error":6.18911682403e-17,"passed":true}
{"projection_step":5,"projection_relative_error":0,"exact_components":8,"passed":true}
{"step":5,"live_bonds":12418,"exact_components":8,"update_bytes":18627,"host_update_ms":0.130594,"cuda_operator_and_projection_ms":0.053312,"operator_relative_error":1.63254796204e-16,"bond_relative_error":6.11603906542e-17,"passed":true}
{"projection_step":6,"projection_relative_error":1.94498540394e-14,"exact_components":1,"passed":true}
{"step":6,"live_bonds":18564,"exact_components":1,"update_bytes":18627,"host_update_ms":0.372915,"cuda_operator_and_projection_ms":0.248192,"operator_relative_error":1.81663218012e-16,"bond_relative_error":6.03910384309e-17,"passed":true}
{"projection_step":7,"projection_relative_error":0,"exact_components":5936,"passed":true}
{"step":7,"live_bonds":0,"exact_components":5936,"update_bytes":18627,"host_update_ms":0.084207,"cuda_operator_and_projection_ms":0.047296,"operator_relative_error":0,"bond_relative_error":0,"passed":true}
{"projection_step":8,"projection_relative_error":0,"exact_components":1,"passed":true}
{"step":8,"live_bonds":18627,"exact_components":1,"update_bytes":18627,"host_update_ms":0.203670,"cuda_operator_and_projection_ms":0.057024,"operator_relative_error":1.707834887e-16,"bond_relative_error":6.15073273407e-17,"passed":true}
{"projection_step":9,"projection_relative_error":0,"exact_components":1,"passed":true}
{"step":9,"live_bonds":18627,"exact_components":1,"update_bytes":18627,"host_update_ms":0.185396,"cuda_operator_and_projection_ms":0.054048,"operator_relative_error":1.82537265222e-16,"bond_relative_error":6.08609423023e-17,"passed":true}
{"projection_step":10,"projection_relative_error":0,"exact_components":1,"passed":true}
{"step":10,"live_bonds":18627,"exact_components":1,"update_bytes":18627,"host_update_ms":0.207347,"cuda_operator_and_projection_ms":0.058016,"operator_relative_error":1.84766287602e-16,"bond_relative_error":6.17373224837e-17,"passed":true}
{"projection_step":11,"projection_relative_error":0,"exact_components":1,"passed":true}
{"step":11,"live_bonds":18627,"exact_components":1,"update_bytes":18627,"host_update_ms":0.172371,"cuda_operator_and_projection_ms":0.052672,"operator_relative_error":0,"bond_relative_error":0,"passed":true}
{"stale_projector_rejected":true}
{"stale_membership_rejected":true,"half_response_rejected":true,"completed_graph_preserves_output":true,"empty_cases_passed":true}
