scene destruction/assets/scenes/fractured-downtown.json | structures 1 | chunks 24105 | bonds 74543
[destruction] CUDA stress solver active; configured iteration budget 32. Convergence depends on the current load and topology.
tick      0  bodies     27  awake      0  broken       0  solve 111.51 ms  | begin 0.30 solve 35.37 end 71.31 readback 0.15 events 0.64 filters 2.57 ccd 0.00 support 0.00 shape 1.16 => gap 0.00 ms  quiet 1  pairs 0
            topo 71.31 (frac 70.82 + valid 0.49)                   pts/pair 0.00  islands skipped 0/54 (0%)
            fracture: gen 0.55 prep 2.05 apply 1.17 scene 67.33 rebuild 0.00 valid 0.49 | rest -0.29
            physx step 29.51 ms avg over 1 ticks  (last: gpu_wait 4.14 fetch_copy 1.79, contacts hw 0)
tick    300  bodies    180  awake    133  broken     580  solve 1.95 ms  | begin 0.17 solve 1.69 end 0.05 readback 0.01 events 0.00 filters 0.00 ccd 0.00 support 0.04 shape 0.00 => gap 0.00 ms  quiet 301  pairs 279
            topo 0.05 (frac 0.05 + valid 0.00)                   pts/pair 1.66  islands skipped 829/12246 (7%)
            fracture: gen 0.02 prep 0.00 apply 0.00 scene 0.00 rebuild 0.00 valid 0.00 | rest 0.03
            physx step 1.80 ms avg over 300 ticks  (last: gpu_wait 1.17 fetch_copy 0.12, contacts hw 2180)
[bs-phase] calls=599 per-call ms: upload 0.056 kernel 0.035 readback 0.012 | prep 0.039 enqueue 0.053 sync 0.015 | host total 0.114 | skipped 0 of 599 | up 0.44 MB down 0.04 MB | PROBE empty 0.000 nullkernel1 0.000 nullkernel2 0.000 copy4B 0.000
[bond-stress-gpu] ticks=600 attempts=599 ranOnDevice=599 checks=0 MISMATCHES=0 (count=0 removeSize=0 removeOrder=0 mask=0) firstBadTick=0 lastBadTick=0 refuse(noSolver=0 stale=0 pendingTopo=0 csr=0) STRESS_MISMATCH=0/0 big=0 maxRel=0.000e+00 BEND_MISMATCH=0 bendMaxRel=0.000e+00 OVERSET_MISMATCH=0/0 compactHits=12521 misses=0 IMPULSE=0/0 impMaxRel=0.000e+00 PAYLOAD(n=0 node=0 normal=0 disp=0 centroid=0)
tick    600  bodies    182  awake     76  broken     583  solve 1.94 ms  | begin 0.14 solve 1.72 end 0.05 readback 0.01 events 0.00 filters 0.00 ccd 0.00 support 0.02 shape 0.00 => gap 0.00 ms  quiet 601  pairs 147
            topo 0.05 (frac 0.05 + valid 0.00)                   pts/pair 2.12  islands skipped 1395/12517 (11%)
            fracture: gen 0.02 prep 0.00 apply 0.00 scene 0.00 rebuild 0.00 valid 0.00 | rest 0.03
            physx step 1.99 ms avg over 300 ticks  (last: gpu_wait 1.18 fetch_copy 0.13, contacts hw 2180)
tick    900  bodies    182  awake      0  broken     583  solve 1.28 ms  | begin 0.00 solve 1.23 end 0.04 readback 0.00 events 0.00 filters 0.00 ccd 0.00 support 0.00 shape 0.00 => gap 0.00 ms  quiet 901  pairs 50
            topo 0.04 (frac 0.04 + valid 0.00)                   pts/pair 2.21  islands skipped 2131/12300 (17%)
            fracture: gen 0.02 prep 0.00 apply 0.00 scene 0.00 rebuild 0.00 valid 0.00 | rest 0.02
            physx step 1.31 ms avg over 300 ticks  (last: gpu_wait 0.66 fetch_copy 0.06, contacts hw 0)
[bs-phase] calls=1199 per-call ms: upload 0.050 kernel 0.025 readback 0.012 | prep 0.033 enqueue 0.041 sync 0.016 | host total 0.096 | skipped 0 of 1199 | up 0.40 MB down 0.04 MB | PROBE empty 0.000 nullkernel1 0.000 nullkernel2 0.000 copy4B 0.000
[bond-stress-gpu] ticks=1200 attempts=1199 ranOnDevice=1199 checks=0 MISMATCHES=0 (count=0 removeSize=0 removeOrder=0 mask=0) firstBadTick=0 lastBadTick=0 refuse(noSolver=0 stale=0 pendingTopo=0 csr=0) STRESS_MISMATCH=0/0 big=0 maxRel=0.000e+00 BEND_MISMATCH=0 bendMaxRel=0.000e+00 OVERSET_MISMATCH=0/0 compactHits=23723 misses=0 IMPULSE=0/0 impMaxRel=0.000e+00 PAYLOAD(n=0 node=0 normal=0 disp=0 centroid=0)
tick   1200  bodies    182  awake      0  broken     583  solve 1.26 ms  | begin 0.00 solve 1.20 end 0.04 readback 0.00 events 0.00 filters 0.00 ccd 0.00 support 0.00 shape 0.00 => gap 0.00 ms  quiet 1201  pairs 50
            topo 0.04 (frac 0.04 + valid 0.00)                   pts/pair 0.00  islands skipped 3612/12300 (29%)
            fracture: gen 0.02 prep 0.00 apply 0.00 scene 0.00 rebuild 0.00 valid 0.00 | rest 0.02
            physx step 0.22 ms avg over 300 ticks  (last: gpu_wait 0.10 fetch_copy 0.03, contacts hw 0)
tick   1500  bodies    182  awake      0  broken     583  solve 1.26 ms  | begin 0.00 solve 1.22 end 0.04 readback 0.00 events 0.00 filters 0.00 ccd 0.00 support 0.00 shape 0.00 => gap 0.00 ms  quiet 1501  pairs 50
            topo 0.04 (frac 0.04 + valid 0.00)                   pts/pair 0.00  islands skipped 3626/12300 (29%)
            fracture: gen 0.02 prep 0.00 apply 0.00 scene 0.00 rebuild 0.00 valid 0.00 | rest 0.02
            physx step 0.21 ms avg over 300 ticks  (last: gpu_wait 0.10 fetch_copy 0.02, contacts hw 0)
[bs-phase] calls=1799 per-call ms: upload 0.046 kernel 0.021 readback 0.012 | prep 0.030 enqueue 0.037 sync 0.016 | host total 0.089 | skipped 0 of 1799 | up 0.38 MB down 0.04 MB | PROBE empty 0.000 nullkernel1 0.000 nullkernel2 0.000 copy4B 0.000
[bond-stress-gpu] ticks=1800 attempts=1799 ranOnDevice=1799 checks=0 MISMATCHES=0 (count=0 removeSize=0 removeOrder=0 mask=0) firstBadTick=0 lastBadTick=0 refuse(noSolver=0 stale=0 pendingTopo=0 csr=0) STRESS_MISMATCH=0/0 big=0 maxRel=0.000e+00 BEND_MISMATCH=0 bendMaxRel=0.000e+00 OVERSET_MISMATCH=0/0 compactHits=33981 misses=0 IMPULSE=0/0 impMaxRel=0.000e+00 PAYLOAD(n=0 node=0 normal=0 disp=0 centroid=0)
tick   1800  bodies    182  awake      0  broken     583  solve 1.27 ms  | begin 0.00 solve 1.22 end 0.04 readback 0.00 events 0.00 filters 0.00 ccd 0.00 support 0.00 shape 0.00 => gap 0.00 ms  quiet 1801  pairs 50
            topo 0.04 (frac 0.04 + valid 0.00)                   pts/pair 0.00  islands skipped 3682/12300 (30%)
            fracture: gen 0.02 prep 0.00 apply 0.00 scene 0.00 rebuild 0.00 valid 0.00 | rest 0.02
            physx step 0.21 ms avg over 300 ticks  (last: gpu_wait 0.09 fetch_copy 0.03, contacts hw 0)
tick   2100  bodies    182  awake      0  broken     583  solve 1.26 ms  | begin 0.00 solve 1.21 end 0.04 readback 0.00 events 0.00 filters 0.00 ccd 0.00 support 0.00 shape 0.00 => gap 0.00 ms  quiet 2101  pairs 50
            topo 0.04 (frac 0.04 + valid 0.00)                   pts/pair 0.00  islands skipped 3682/12300 (30%)
            fracture: gen 0.02 prep 0.00 apply 0.00 scene 0.00 rebuild 0.00 valid 0.00 | rest 0.02
            physx step 0.21 ms avg over 300 ticks  (last: gpu_wait 0.08 fetch_copy 0.04, contacts hw 0)
[bs-phase] calls=2399 per-call ms: upload 0.044 kernel 0.019 readback 0.012 | prep 0.028 enqueue 0.035 sync 0.017 | host total 0.084 | skipped 0 of 2399 | up 0.37 MB down 0.04 MB | PROBE empty 0.000 nullkernel1 0.000 nullkernel2 0.000 copy4B 0.000
[bond-stress-gpu] ticks=2400 attempts=2399 ranOnDevice=2399 checks=0 MISMATCHES=0 (count=0 removeSize=0 removeOrder=0 mask=0) firstBadTick=0 lastBadTick=0 refuse(noSolver=0 stale=0 pendingTopo=0 csr=0) STRESS_MISMATCH=0/0 big=0 maxRel=0.000e+00 BEND_MISMATCH=0 bendMaxRel=0.000e+00 OVERSET_MISMATCH=0/0 compactHits=44235 misses=0 IMPULSE=0/0 impMaxRel=0.000e+00 PAYLOAD(n=0 node=0 normal=0 disp=0 centroid=0)
tick   2400  bodies    182  awake      0  broken     583  solve 1.26 ms  | begin 0.00 solve 1.20 end 0.05 readback 0.00 events 0.00 filters 0.00 ccd 0.00 support 0.00 shape 0.00 => gap 0.00 ms  quiet 2401  pairs 50
            topo 0.05 (frac 0.05 + valid 0.00)                   pts/pair 0.00  islands skipped 3752/12300 (31%)
            fracture: gen 0.03 prep 0.00 apply 0.00 scene 0.00 rebuild 0.00 valid 0.00 | rest 0.02
            physx step 0.22 ms avg over 300 ticks  (last: gpu_wait 0.10 fetch_copy 0.03, contacts hw 0)
tick   2700  bodies    182  awake      0  broken     583  solve 1.26 ms  | begin 0.00 solve 1.20 end 0.05 readback 0.00 events 0.00 filters 0.00 ccd 0.00 support 0.00 shape 0.00 => gap 0.00 ms  quiet 2701  pairs 50
            topo 0.05 (frac 0.05 + valid 0.00)                   pts/pair 0.00  islands skipped 3724/12300 (30%)
            fracture: gen 0.03 prep 0.00 apply 0.00 scene 0.00 rebuild 0.00 valid 0.00 | rest 0.02
            physx step 0.21 ms avg over 300 ticks  (last: gpu_wait 0.10 fetch_copy 0.03, contacts hw 0)
[bs-phase] calls=2999 per-call ms: upload 0.042 kernel 0.018 readback 0.012 | prep 0.026 enqueue 0.033 sync 0.017 | host total 0.081 | skipped 0 of 2999 | up 0.37 MB down 0.04 MB | PROBE empty 0.000 nullkernel1 0.000 nullkernel2 0.000 copy4B 0.000
[bond-stress-gpu] ticks=3000 attempts=2999 ranOnDevice=2999 checks=0 MISMATCHES=0 (count=0 removeSize=0 removeOrder=0 mask=0) firstBadTick=0 lastBadTick=0 refuse(noSolver=0 stale=0 pendingTopo=0 csr=0) STRESS_MISMATCH=0/0 big=0 maxRel=0.000e+00 BEND_MISMATCH=0 bendMaxRel=0.000e+00 OVERSET_MISMATCH=0/0 compactHits=53750 misses=0 IMPULSE=0/0 impMaxRel=0.000e+00 PAYLOAD(n=0 node=0 normal=0 disp=0 centroid=0)
tick   3000  bodies    182  awake      0  broken     583  solve 1.26 ms  | begin 0.00 solve 1.21 end 0.04 readback 0.00 events 0.00 filters 0.00 ccd 0.00 support 0.00 shape 0.00 => gap 0.00 ms  quiet 3001  pairs 50
            topo 0.04 (frac 0.04 + valid 0.00)                   pts/pair 0.00  islands skipped 3752/12300 (31%)
            fracture: gen 0.02 prep 0.00 apply 0.00 scene 0.00 rebuild 0.00 valid 0.00 | rest 0.02
            physx step 0.21 ms avg over 300 ticks  (last: gpu_wait 0.10 fetch_copy 0.02, contacts hw 0)
tick   3300  bodies    182  awake      0  broken     583  solve 1.26 ms  | begin 0.00 solve 1.21 end 0.04 readback 0.00 events 0.00 filters 0.00 ccd 0.00 support 0.00 shape 0.00 => gap 0.00 ms  quiet 3301  pairs 50
            topo 0.04 (frac 0.04 + valid 0.00)                   pts/pair 0.00  islands skipped 3780/12300 (31%)
            fracture: gen 0.02 prep 0.00 apply 0.00 scene 0.00 rebuild 0.00 valid 0.00 | rest 0.02
            physx step 0.22 ms avg over 300 ticks  (last: gpu_wait 0.09 fetch_copy 0.03, contacts hw 0)
[bs-phase] calls=3599 per-call ms: upload 0.041 kernel 0.018 readback 0.012 | prep 0.026 enqueue 0.032 sync 0.017 | host total 0.080 | skipped 0 of 3599 | up 0.36 MB down 0.04 MB | PROBE empty 0.000 nullkernel1 0.000 nullkernel2 0.000 copy4B 0.000
[bond-stress-gpu] ticks=3600 attempts=3599 ranOnDevice=3599 checks=0 MISMATCHES=0 (count=0 removeSize=0 removeOrder=0 mask=0) firstBadTick=0 lastBadTick=0 refuse(noSolver=0 stale=0 pendingTopo=0 csr=0) STRESS_MISMATCH=0/0 big=0 maxRel=0.000e+00 BEND_MISMATCH=0 bendMaxRel=0.000e+00 OVERSET_MISMATCH=0/0 compactHits=63545 misses=0 IMPULSE=0/0 impMaxRel=0.000e+00 PAYLOAD(n=0 node=0 normal=0 disp=0 centroid=0)
  ccd tracked 0 / identity stamped 182 against 182 live bodies
  resim: 3600 captures, 19 re-passes
  resim diag: captures=3600 zero=0 not_needed=0 errors=0 first_error=None
  summary: height 84.5 -> 18.5 m (retained 22%)  pile center 7 ring 14              (spread 67%)  -> /root/workspace/vibe-land-4/bench-results/simulation-frontier/contact-wrench/qualification/direct-collapse-release-cpu-2-summary.json

wrote /dev/null
  ticks 3600  chunks 24105  bonds 74543
  broken bonds 583 (adapter 583)
  migrations 18316  peak bodies 143  membership mismatches 0
wrote /dev/null.sidecar.json
