scene destruction/assets/scenes/fractured-downtown.json | structures 1 | chunks 24105 | bonds 74543
[destruction] CUDA stress solver active; configured iteration budget 32. Convergence depends on the current load and topology.
tick      0  bodies     27  awake      0  broken       0  solve 113.46 ms  | begin 0.30 solve 36.15 end 72.56 readback 0.14 events 0.63 filters 2.72 ccd 0.00 support 0.00 shape 0.96 => gap 0.00 ms  quiet 1  pairs 0
            topo 72.56 (frac 72.04 + valid 0.52)                   pts/pair 0.00  islands skipped 0/54 (0%)
            fracture: gen 0.59 prep 1.97 apply 1.21 scene 68.59 rebuild 0.00 valid 0.52 | rest -0.32
            physx step 29.23 ms avg over 1 ticks  (last: gpu_wait 3.84 fetch_copy 1.73, contacts hw 0)
tick    300  bodies    175  awake    124  broken     563  solve 1.98 ms  | begin 0.20 solve 1.65 end 0.08 readback 0.01 events 0.00 filters 0.00 ccd 0.00 support 0.04 shape 0.00 => gap 0.00 ms  quiet 301  pairs 319
            topo 0.08 (frac 0.08 + valid 0.00)                   pts/pair 1.49  islands skipped 660/11911 (6%)
            fracture: gen 0.05 prep 0.00 apply 0.00 scene 0.00 rebuild 0.00 valid 0.00 | rest 0.03
            physx step 1.75 ms avg over 300 ticks  (last: gpu_wait 1.14 fetch_copy 0.11, contacts hw 2228)
[bs-phase] calls=599 per-call ms: upload 0.057 kernel 0.036 readback 0.012 | prep 0.041 enqueue 0.054 sync 0.013 | host total 0.115 | skipped 0 of 599 | up 0.44 MB down 0.04 MB | PROBE empty 0.000 nullkernel1 0.000 nullkernel2 0.000 copy4B 0.000
[bond-stress-gpu] ticks=600 attempts=599 ranOnDevice=599 checks=0 MISMATCHES=0 (count=0 removeSize=0 removeOrder=0 mask=0) firstBadTick=0 lastBadTick=0 refuse(noSolver=0 stale=0 pendingTopo=0 csr=0) STRESS_MISMATCH=0/0 big=0 maxRel=0.000e+00 BEND_MISMATCH=0 bendMaxRel=0.000e+00 OVERSET_MISMATCH=0/0 compactHits=13859 misses=0 IMPULSE=0/0 impMaxRel=0.000e+00 PAYLOAD(n=0 node=0 normal=0 disp=0 centroid=0)
tick    600  bodies    176  awake     75  broken     564  solve 1.88 ms  | begin 0.18 solve 1.59 end 0.07 readback 0.01 events 0.00 filters 0.00 ccd 0.00 support 0.03 shape 0.00 => gap 0.00 ms  quiet 601  pairs 230
            topo 0.07 (frac 0.07 + valid 0.00)                   pts/pair 2.30  islands skipped 981/12236 (8%)
            fracture: gen 0.04 prep 0.00 apply 0.00 scene 0.00 rebuild 0.00 valid 0.00 | rest 0.04
            physx step 2.09 ms avg over 300 ticks  (last: gpu_wait 1.09 fetch_copy 0.09, contacts hw 2228)
tick    900  bodies    176  awake      0  broken     564  solve 1.26 ms  | begin 0.00 solve 1.21 end 0.04 readback 0.00 events 0.00 filters 0.00 ccd 0.00 support 0.00 shape 0.00 => gap 0.00 ms  quiet 901  pairs 225
            topo 0.04 (frac 0.04 + valid 0.00)                   pts/pair 0.90  islands skipped 2284/12000 (19%)
            fracture: gen 0.02 prep 0.00 apply 0.00 scene 0.00 rebuild 0.00 valid 0.00 | rest 0.02
            physx step 0.92 ms avg over 300 ticks  (last: gpu_wait 0.36 fetch_copy 0.06, contacts hw 0)
[bs-phase] calls=1199 per-call ms: upload 0.049 kernel 0.025 readback 0.012 | prep 0.033 enqueue 0.042 sync 0.015 | host total 0.095 | skipped 0 of 1199 | up 0.40 MB down 0.04 MB | PROBE empty 0.000 nullkernel1 0.000 nullkernel2 0.000 copy4B 0.000
[bond-stress-gpu] ticks=1200 attempts=1199 ranOnDevice=1199 checks=0 MISMATCHES=0 (count=0 removeSize=0 removeOrder=0 mask=0) firstBadTick=0 lastBadTick=0 refuse(noSolver=0 stale=0 pendingTopo=0 csr=0) STRESS_MISMATCH=0/0 big=0 maxRel=0.000e+00 BEND_MISMATCH=0 bendMaxRel=0.000e+00 OVERSET_MISMATCH=0/0 compactHits=24574 misses=0 IMPULSE=0/0 impMaxRel=0.000e+00 PAYLOAD(n=0 node=0 normal=0 disp=0 centroid=0)
tick   1200  bodies    176  awake      0  broken     564  solve 1.27 ms  | begin 0.00 solve 1.22 end 0.04 readback 0.01 events 0.00 filters 0.00 ccd 0.00 support 0.00 shape 0.00 => gap 0.00 ms  quiet 1201  pairs 225
            topo 0.04 (frac 0.04 + valid 0.00)                   pts/pair 0.00  islands skipped 3367/12000 (28%)
            fracture: gen 0.02 prep 0.00 apply 0.00 scene 0.00 rebuild 0.00 valid 0.00 | rest 0.02
            physx step 0.22 ms avg over 300 ticks  (last: gpu_wait 0.10 fetch_copy 0.03, contacts hw 0)
tick   1500  bodies    176  awake      0  broken     564  solve 1.35 ms  | begin 0.00 solve 1.30 end 0.04 readback 0.00 events 0.00 filters 0.00 ccd 0.00 support 0.00 shape 0.00 => gap 0.00 ms  quiet 1501  pairs 225
            topo 0.04 (frac 0.04 + valid 0.00)                   pts/pair 0.00  islands skipped 3393/12000 (28%)
            fracture: gen 0.02 prep 0.00 apply 0.00 scene 0.00 rebuild 0.00 valid 0.00 | rest 0.03
            physx step 0.21 ms avg over 300 ticks  (last: gpu_wait 0.08 fetch_copy 0.03, contacts hw 0)
[bs-phase] calls=1799 per-call ms: upload 0.045 kernel 0.021 readback 0.012 | prep 0.029 enqueue 0.037 sync 0.016 | host total 0.087 | skipped 0 of 1799 | up 0.38 MB down 0.04 MB | PROBE empty 0.000 nullkernel1 0.000 nullkernel2 0.000 copy4B 0.000
[bond-stress-gpu] ticks=1800 attempts=1799 ranOnDevice=1799 checks=0 MISMATCHES=0 (count=0 removeSize=0 removeOrder=0 mask=0) firstBadTick=0 lastBadTick=0 refuse(noSolver=0 stale=0 pendingTopo=0 csr=0) STRESS_MISMATCH=0/0 big=0 maxRel=0.000e+00 BEND_MISMATCH=0 bendMaxRel=0.000e+00 OVERSET_MISMATCH=0/0 compactHits=34643 misses=0 IMPULSE=0/0 impMaxRel=0.000e+00 PAYLOAD(n=0 node=0 normal=0 disp=0 centroid=0)
tick   1800  bodies    176  awake      0  broken     564  solve 1.25 ms  | begin 0.00 solve 1.19 end 0.05 readback 0.00 events 0.00 filters 0.00 ccd 0.00 support 0.00 shape 0.00 => gap 0.00 ms  quiet 1801  pairs 225
            topo 0.05 (frac 0.05 + valid 0.00)                   pts/pair 0.00  islands skipped 3471/12000 (29%)
            fracture: gen 0.03 prep 0.00 apply 0.00 scene 0.00 rebuild 0.00 valid 0.00 | rest 0.02
            physx step 0.21 ms avg over 300 ticks  (last: gpu_wait 0.09 fetch_copy 0.03, contacts hw 0)
tick   2100  bodies    176  awake      0  broken     564  solve 1.29 ms  | begin 0.00 solve 1.24 end 0.04 readback 0.01 events 0.00 filters 0.00 ccd 0.00 support 0.00 shape 0.00 => gap 0.00 ms  quiet 2101  pairs 225
            topo 0.04 (frac 0.04 + valid 0.00)                   pts/pair 0.00  islands skipped 3445/12000 (29%)
            fracture: gen 0.02 prep 0.00 apply 0.00 scene 0.00 rebuild 0.00 valid 0.00 | rest 0.02
            physx step 0.21 ms avg over 300 ticks  (last: gpu_wait 0.10 fetch_copy 0.02, contacts hw 0)
[bs-phase] calls=2399 per-call ms: upload 0.043 kernel 0.020 readback 0.012 | prep 0.027 enqueue 0.035 sync 0.016 | host total 0.083 | skipped 0 of 2399 | up 0.37 MB down 0.04 MB | PROBE empty 0.000 nullkernel1 0.000 nullkernel2 0.000 copy4B 0.000
[bond-stress-gpu] ticks=2400 attempts=2399 ranOnDevice=2399 checks=0 MISMATCHES=0 (count=0 removeSize=0 removeOrder=0 mask=0) firstBadTick=0 lastBadTick=0 refuse(noSolver=0 stale=0 pendingTopo=0 csr=0) STRESS_MISMATCH=0/0 big=0 maxRel=0.000e+00 BEND_MISMATCH=0 bendMaxRel=0.000e+00 OVERSET_MISMATCH=0/0 compactHits=44701 misses=0 IMPULSE=0/0 impMaxRel=0.000e+00 PAYLOAD(n=0 node=0 normal=0 disp=0 centroid=0)
tick   2400  bodies    176  awake      0  broken     564  solve 1.32 ms  | begin 0.01 solve 1.26 end 0.05 readback 0.01 events 0.00 filters 0.00 ccd 0.00 support 0.00 shape 0.00 => gap 0.00 ms  quiet 2401  pairs 225
            topo 0.05 (frac 0.05 + valid 0.00)                   pts/pair 0.00  islands skipped 3484/12000 (29%)
            fracture: gen 0.02 prep 0.00 apply 0.00 scene 0.00 rebuild 0.00 valid 0.00 | rest 0.03
            physx step 0.22 ms avg over 300 ticks  (last: gpu_wait 0.09 fetch_copy 0.03, contacts hw 0)
tick   2700  bodies    176  awake      0  broken     564  solve 1.57 ms  | begin 0.00 solve 1.49 end 0.07 readback 0.01 events 0.00 filters 0.00 ccd 0.00 support 0.00 shape 0.00 => gap 0.00 ms  quiet 2701  pairs 225
            topo 0.07 (frac 0.07 + valid 0.00)                   pts/pair 0.00  islands skipped 3497/12000 (29%)
            fracture: gen 0.04 prep 0.00 apply 0.00 scene 0.00 rebuild 0.00 valid 0.00 | rest 0.03
            physx step 0.21 ms avg over 300 ticks  (last: gpu_wait 0.10 fetch_copy 0.03, contacts hw 0)
[bs-phase] calls=2999 per-call ms: upload 0.042 kernel 0.018 readback 0.012 | prep 0.027 enqueue 0.033 sync 0.016 | host total 0.081 | skipped 0 of 2999 | up 0.36 MB down 0.04 MB | PROBE empty 0.000 nullkernel1 0.000 nullkernel2 0.000 copy4B 0.000
[bond-stress-gpu] ticks=3000 attempts=2999 ranOnDevice=2999 checks=0 MISMATCHES=0 (count=0 removeSize=0 removeOrder=0 mask=0) firstBadTick=0 lastBadTick=0 refuse(noSolver=0 stale=0 pendingTopo=0 csr=0) STRESS_MISMATCH=0/0 big=0 maxRel=0.000e+00 BEND_MISMATCH=0 bendMaxRel=0.000e+00 OVERSET_MISMATCH=0/0 compactHits=54716 misses=0 IMPULSE=0/0 impMaxRel=0.000e+00 PAYLOAD(n=0 node=0 normal=0 disp=0 centroid=0)
tick   3000  bodies    176  awake      0  broken     564  solve 1.27 ms  | begin 0.00 solve 1.21 end 0.05 readback 0.01 events 0.00 filters 0.00 ccd 0.00 support 0.00 shape 0.00 => gap 0.00 ms  quiet 3001  pairs 225
            topo 0.05 (frac 0.05 + valid 0.00)                   pts/pair 0.00  islands skipped 3510/12000 (29%)
            fracture: gen 0.02 prep 0.00 apply 0.00 scene 0.00 rebuild 0.00 valid 0.00 | rest 0.02
            physx step 0.21 ms avg over 300 ticks  (last: gpu_wait 0.09 fetch_copy 0.03, contacts hw 0)
tick   3300  bodies    176  awake      0  broken     564  solve 1.25 ms  | begin 0.00 solve 1.20 end 0.05 readback 0.00 events 0.00 filters 0.00 ccd 0.00 support 0.00 shape 0.00 => gap 0.00 ms  quiet 3301  pairs 225
            topo 0.05 (frac 0.05 + valid 0.00)                   pts/pair 0.00  islands skipped 3549/12000 (30%)
            fracture: gen 0.03 prep 0.00 apply 0.00 scene 0.00 rebuild 0.00 valid 0.00 | rest 0.02
            physx step 0.21 ms avg over 300 ticks  (last: gpu_wait 0.09 fetch_copy 0.03, contacts hw 0)
[bs-phase] calls=3599 per-call ms: upload 0.041 kernel 0.018 readback 0.012 | prep 0.026 enqueue 0.032 sync 0.016 | host total 0.079 | skipped 0 of 3599 | up 0.35 MB down 0.04 MB | PROBE empty 0.000 nullkernel1 0.000 nullkernel2 0.000 copy4B 0.000
[bond-stress-gpu] ticks=3600 attempts=3599 ranOnDevice=3599 checks=0 MISMATCHES=0 (count=0 removeSize=0 removeOrder=0 mask=0) firstBadTick=0 lastBadTick=0 refuse(noSolver=0 stale=0 pendingTopo=0 csr=0) STRESS_MISMATCH=0/0 big=0 maxRel=0.000e+00 BEND_MISMATCH=0 bendMaxRel=0.000e+00 OVERSET_MISMATCH=0/0 compactHits=64111 misses=0 IMPULSE=0/0 impMaxRel=0.000e+00 PAYLOAD(n=0 node=0 normal=0 disp=0 centroid=0)
  ccd tracked 0 / identity stamped 176 against 176 live bodies
  resim: 3600 captures, 15 re-passes
  resim diag: captures=3600 zero=0 not_needed=0 errors=0 first_error=None
  summary: height 84.5 -> 26.0 m (retained 31%)  pile center 12 ring 14              (spread 54%)  -> /root/workspace/vibe-land-4/bench-results/simulation-frontier/contact-wrench/qualification/direct-collapse-release-cpu-3-summary.json

wrote /dev/null
  ticks 3600  chunks 24105  bonds 74543
  broken bonds 564 (adapter 564)
  migrations 18313  peak bodies 138  membership mismatches 0
wrote /dev/null.sidecar.json
