scene destruction/assets/scenes/fractured-downtown.json | structures 1 | chunks 24105 | bonds 74543
[destruction] CUDA stress solver active; configured iteration budget 32. Convergence depends on the current load and topology.
tick      0  bodies     27  awake      0  broken       0  solve 116.21 ms  | begin 0.32 solve 36.92 end 74.47 readback 0.14 events 0.64 filters 2.71 ccd 0.00 support 0.00 shape 1.01 => gap 0.00 ms  quiet 1  pairs 0
            topo 74.46 (frac 73.91 + valid 0.55)                   pts/pair 0.00  islands skipped 0/54 (0%)
            fracture: gen 0.58 prep 1.94 apply 1.24 scene 70.48 rebuild 0.00 valid 0.55 | rest -0.33
            physx step 29.39 ms avg over 1 ticks  (last: gpu_wait 3.95 fetch_copy 1.76, contacts hw 0)
tick    300  bodies    168  awake    112  broken     532  solve 1.98 ms  | begin 0.21 solve 1.67 end 0.05 readback 0.01 events 0.00 filters 0.00 ccd 0.00 support 0.04 shape 0.00 => gap 0.00 ms  quiet 299  pairs 277
            topo 0.05 (frac 0.05 + valid 0.00)                   pts/pair 1.64  islands skipped 638/12116 (5%)
            fracture: gen 0.02 prep 0.00 apply 0.00 scene 0.00 rebuild 0.00 valid 0.00 | rest 0.03
            physx step 1.80 ms avg over 300 ticks  (last: gpu_wait 1.18 fetch_copy 0.11, contacts hw 2001)
[bs-phase] calls=599 per-call ms: upload 0.058 kernel 0.034 readback 0.013 | prep 0.040 enqueue 0.053 sync 0.015 | host total 0.114 | skipped 0 of 599 | up 0.45 MB down 0.04 MB | PROBE empty 0.000 nullkernel1 0.000 nullkernel2 0.000 copy4B 0.000
[bond-stress-gpu] ticks=600 attempts=599 ranOnDevice=599 checks=0 MISMATCHES=0 (count=0 removeSize=0 removeOrder=0 mask=0) firstBadTick=0 lastBadTick=0 refuse(noSolver=0 stale=0 pendingTopo=0 csr=0) STRESS_MISMATCH=0/0 big=0 maxRel=0.000e+00 BEND_MISMATCH=0 bendMaxRel=0.000e+00 OVERSET_MISMATCH=0/0 compactHits=12574 misses=0 IMPULSE=0/0 impMaxRel=0.000e+00 PAYLOAD(n=0 node=0 normal=0 disp=0 centroid=0)
tick    600  bodies    169  awake      6  broken     536  solve 1.82 ms  | begin 0.14 solve 1.61 end 0.05 readback 0.01 events 0.00 filters 0.00 ccd 0.00 support 0.00 shape 0.00 => gap 0.00 ms  quiet 599  pairs 11
            topo 0.05 (frac 0.05 + valid 0.00)                   pts/pair 16.56  islands skipped 2762/12943 (21%)
            fracture: gen 0.02 prep 0.00 apply 0.00 scene 0.00 rebuild 0.00 valid 0.00 | rest 0.03
            physx step 1.68 ms avg over 300 ticks  (last: gpu_wait 0.92 fetch_copy 0.09, contacts hw 2001)
tick    900  bodies    169  awake      0  broken     536  solve 1.26 ms  | begin 0.00 solve 1.21 end 0.04 readback 0.00 events 0.00 filters 0.00 ccd 0.00 support 0.00 shape 0.00 => gap 0.00 ms  quiet 899  pairs 5
            topo 0.04 (frac 0.04 + valid 0.00)                   pts/pair 0.17  islands skipped 4003/12900 (31%)
            fracture: gen 0.02 prep 0.00 apply 0.00 scene 0.00 rebuild 0.00 valid 0.00 | rest 0.02
            physx step 0.41 ms avg over 300 ticks  (last: gpu_wait 0.10 fetch_copy 0.03, contacts hw 0)
[bs-phase] calls=1199 per-call ms: upload 0.049 kernel 0.024 readback 0.012 | prep 0.033 enqueue 0.041 sync 0.016 | host total 0.095 | skipped 0 of 1199 | up 0.40 MB down 0.04 MB | PROBE empty 0.000 nullkernel1 0.000 nullkernel2 0.000 copy4B 0.000
[bond-stress-gpu] ticks=1200 attempts=1199 ranOnDevice=1199 checks=0 MISMATCHES=0 (count=0 removeSize=0 removeOrder=0 mask=0) firstBadTick=0 lastBadTick=0 refuse(noSolver=0 stale=0 pendingTopo=0 csr=0) STRESS_MISMATCH=0/0 big=0 maxRel=0.000e+00 BEND_MISMATCH=0 bendMaxRel=0.000e+00 OVERSET_MISMATCH=0/0 compactHits=23858 misses=0 IMPULSE=0/0 impMaxRel=0.000e+00 PAYLOAD(n=0 node=0 normal=0 disp=0 centroid=0)
tick   1200  bodies    169  awake      0  broken     536  solve 1.27 ms  | begin 0.00 solve 1.21 end 0.05 readback 0.00 events 0.00 filters 0.00 ccd 0.00 support 0.00 shape 0.00 => gap 0.00 ms  quiet 1199  pairs 5
            topo 0.05 (frac 0.05 + valid 0.00)                   pts/pair 0.00  islands skipped 4112/12900 (32%)
            fracture: gen 0.03 prep 0.00 apply 0.00 scene 0.00 rebuild 0.00 valid 0.00 | rest 0.02
            physx step 0.22 ms avg over 300 ticks  (last: gpu_wait 0.11 fetch_copy 0.03, contacts hw 0)
tick   1500  bodies    169  awake      0  broken     536  solve 1.28 ms  | begin 0.00 solve 1.27 end 0.00 readback 0.00 events 0.00 filters 0.00 ccd 0.00 support 0.00 shape 0.00 => gap 0.00 ms  quiet 1499  pairs 5
            topo 0.00 (frac 0.00 + valid 0.00)                   pts/pair 0.00  islands skipped 4176/12900 (32%)
            physx step 0.22 ms avg over 300 ticks  (last: gpu_wait 0.09 fetch_copy 0.03, contacts hw 0)
[bs-phase] calls=1799 per-call ms: upload 0.045 kernel 0.021 readback 0.012 | prep 0.029 enqueue 0.037 sync 0.017 | host total 0.088 | skipped 0 of 1799 | up 0.38 MB down 0.04 MB | PROBE empty 0.000 nullkernel1 0.000 nullkernel2 0.000 copy4B 0.000
[bond-stress-gpu] ticks=1800 attempts=1799 ranOnDevice=1799 checks=0 MISMATCHES=0 (count=0 removeSize=0 removeOrder=0 mask=0) firstBadTick=0 lastBadTick=0 refuse(noSolver=0 stale=0 pendingTopo=0 csr=0) STRESS_MISMATCH=0/0 big=0 maxRel=0.000e+00 BEND_MISMATCH=0 bendMaxRel=0.000e+00 OVERSET_MISMATCH=0/0 compactHits=34651 misses=0 IMPULSE=0/0 impMaxRel=0.000e+00 PAYLOAD(n=0 node=0 normal=0 disp=0 centroid=0)
tick   1800  bodies    169  awake      0  broken     536  solve 1.26 ms  | begin 0.00 solve 1.20 end 0.04 readback 0.00 events 0.00 filters 0.00 ccd 0.00 support 0.00 shape 0.00 => gap 0.00 ms  quiet 1799  pairs 5
            topo 0.04 (frac 0.04 + valid 0.00)                   pts/pair 0.00  islands skipped 4240/12900 (33%)
            fracture: gen 0.02 prep 0.00 apply 0.00 scene 0.00 rebuild 0.00 valid 0.00 | rest 0.02
            physx step 0.22 ms avg over 300 ticks  (last: gpu_wait 0.10 fetch_copy 0.03, contacts hw 0)
tick   2100  bodies    169  awake      0  broken     536  solve 1.23 ms  | begin 0.00 solve 1.18 end 0.04 readback 0.00 events 0.00 filters 0.00 ccd 0.00 support 0.00 shape 0.00 => gap 0.00 ms  quiet 2099  pairs 5
            topo 0.04 (frac 0.04 + valid 0.00)                   pts/pair 0.00  islands skipped 4272/12900 (33%)
            fracture: gen 0.02 prep 0.00 apply 0.00 scene 0.00 rebuild 0.00 valid 0.00 | rest 0.02
            physx step 0.22 ms avg over 300 ticks  (last: gpu_wait 0.09 fetch_copy 0.03, contacts hw 0)
[bs-phase] calls=2399 per-call ms: upload 0.043 kernel 0.019 readback 0.012 | prep 0.027 enqueue 0.034 sync 0.017 | host total 0.083 | skipped 0 of 2399 | up 0.37 MB down 0.04 MB | PROBE empty 0.000 nullkernel1 0.000 nullkernel2 0.000 copy4B 0.000
[bond-stress-gpu] ticks=2400 attempts=2399 ranOnDevice=2399 checks=0 MISMATCHES=0 (count=0 removeSize=0 removeOrder=0 mask=0) firstBadTick=0 lastBadTick=0 refuse(noSolver=0 stale=0 pendingTopo=0 csr=0) STRESS_MISMATCH=0/0 big=0 maxRel=0.000e+00 BEND_MISMATCH=0 bendMaxRel=0.000e+00 OVERSET_MISMATCH=0/0 compactHits=45167 misses=0 IMPULSE=0/0 impMaxRel=0.000e+00 PAYLOAD(n=0 node=0 normal=0 disp=0 centroid=0)
tick   2400  bodies    169  awake      0  broken     536  solve 1.24 ms  | begin 0.00 solve 1.19 end 0.04 readback 0.00 events 0.00 filters 0.00 ccd 0.00 support 0.00 shape 0.00 => gap 0.00 ms  quiet 2399  pairs 5
            topo 0.04 (frac 0.04 + valid 0.00)                   pts/pair 0.00  islands skipped 4272/12900 (33%)
            fracture: gen 0.02 prep 0.00 apply 0.00 scene 0.00 rebuild 0.00 valid 0.00 | rest 0.02
            physx step 0.21 ms avg over 300 ticks  (last: gpu_wait 0.08 fetch_copy 0.04, contacts hw 0)
tick   2700  bodies    169  awake      0  broken     536  solve 1.23 ms  | begin 0.00 solve 1.18 end 0.04 readback 0.01 events 0.00 filters 0.00 ccd 0.00 support 0.00 shape 0.00 => gap 0.00 ms  quiet 2699  pairs 5
            topo 0.04 (frac 0.04 + valid 0.00)                   pts/pair 0.00  islands skipped 4288/12900 (33%)
            fracture: gen 0.02 prep 0.00 apply 0.00 scene 0.00 rebuild 0.00 valid 0.00 | rest 0.02
            physx step 0.22 ms avg over 300 ticks  (last: gpu_wait 0.10 fetch_copy 0.04, contacts hw 0)
[bs-phase] calls=2999 per-call ms: upload 0.042 kernel 0.018 readback 0.012 | prep 0.026 enqueue 0.033 sync 0.017 | host total 0.081 | skipped 0 of 2999 | up 0.36 MB down 0.04 MB | PROBE empty 0.000 nullkernel1 0.000 nullkernel2 0.000 copy4B 0.000
[bond-stress-gpu] ticks=3000 attempts=2999 ranOnDevice=2999 checks=0 MISMATCHES=0 (count=0 removeSize=0 removeOrder=0 mask=0) firstBadTick=0 lastBadTick=0 refuse(noSolver=0 stale=0 pendingTopo=0 csr=0) STRESS_MISMATCH=0/0 big=0 maxRel=0.000e+00 BEND_MISMATCH=0 bendMaxRel=0.000e+00 OVERSET_MISMATCH=0/0 compactHits=54848 misses=0 IMPULSE=0/0 impMaxRel=0.000e+00 PAYLOAD(n=0 node=0 normal=0 disp=0 centroid=0)
tick   3000  bodies    169  awake      0  broken     536  solve 1.28 ms  | begin 0.00 solve 1.22 end 0.05 readback 0.00 events 0.00 filters 0.00 ccd 0.00 support 0.00 shape 0.00 => gap 0.00 ms  quiet 2999  pairs 5
            topo 0.05 (frac 0.05 + valid 0.00)                   pts/pair 0.00  islands skipped 4352/12900 (34%)
            fracture: gen 0.02 prep 0.00 apply 0.00 scene 0.00 rebuild 0.00 valid 0.00 | rest 0.03
            physx step 0.22 ms avg over 300 ticks  (last: gpu_wait 0.11 fetch_copy 0.04, contacts hw 0)
tick   3300  bodies    169  awake      0  broken     536  solve 1.26 ms  | begin 0.00 solve 1.21 end 0.04 readback 0.00 events 0.00 filters 0.00 ccd 0.00 support 0.00 shape 0.00 => gap 0.00 ms  quiet 3299  pairs 5
            topo 0.04 (frac 0.04 + valid 0.00)                   pts/pair 0.00  islands skipped 4320/12900 (33%)
            fracture: gen 0.02 prep 0.00 apply 0.00 scene 0.00 rebuild 0.00 valid 0.00 | rest 0.02
            physx step 0.23 ms avg over 300 ticks  (last: gpu_wait 0.10 fetch_copy 0.03, contacts hw 0)
[bs-phase] calls=3599 per-call ms: upload 0.041 kernel 0.017 readback 0.012 | prep 0.026 enqueue 0.032 sync 0.017 | host total 0.079 | skipped 0 of 3599 | up 0.35 MB down 0.04 MB | PROBE empty 0.000 nullkernel1 0.000 nullkernel2 0.000 copy4B 0.000
[bond-stress-gpu] ticks=3600 attempts=3599 ranOnDevice=3599 checks=0 MISMATCHES=0 (count=0 removeSize=0 removeOrder=0 mask=0) firstBadTick=0 lastBadTick=0 refuse(noSolver=0 stale=0 pendingTopo=0 csr=0) STRESS_MISMATCH=0/0 big=0 maxRel=0.000e+00 BEND_MISMATCH=0 bendMaxRel=0.000e+00 OVERSET_MISMATCH=0/0 compactHits=64589 misses=0 IMPULSE=0/0 impMaxRel=0.000e+00 PAYLOAD(n=0 node=0 normal=0 disp=0 centroid=0)
  ccd tracked 0 / identity stamped 169 against 169 live bodies
  resim: 3600 captures, 17 re-passes
  resim diag: captures=3600 zero=0 not_needed=0 errors=0 first_error=None
  summary: height 84.5 -> 21.9 m (retained 26%)  pile center 2 ring 11              (spread 85%)  -> /root/workspace/vibe-land-4/bench-results/simulation-frontier/contact-wrench/qualification/direct-collapse-release-gpu-3-summary.json

wrote /dev/null
  ticks 3600  chunks 24105  bonds 74543
  broken bonds 536 (adapter 536)
  migrations 18309  peak bodies 132  membership mismatches 0
wrote /dev/null.sidecar.json
