scene destruction/assets/scenes/fractured-downtown.json | structures 4 | chunks 86966 | bonds 267992
[destruction] CUDA stress solver active; configured iteration budget 32. Convergence depends on the current load and topology.
tick      0  bodies    108  awake      0  broken       0  solve 363.36 ms  | begin 0.55 solve 151.46 end 189.77 readback 4.02 events 3.14 filters 10.07 ccd 0.00 support 0.00 shape 4.34 => gap 0.01 ms  quiet 4  pairs 0
            topo 189.76 (frac 188.44 + valid 1.31)                   pts/pair 0.00  islands skipped 0/216 (0%)
            fracture: gen 3.10 prep 6.37 apply 3.48 scene 176.30 rebuild 0.00 valid 1.31 | rest -0.81
            physx step 40.34 ms avg over 1 ticks  (last: gpu_wait 12.73 fetch_copy 7.59, contacts hw 0)
tick    300  bodies   2845  awake   2704  broken   10374  solve 9.92 ms  | begin 0.88 solve 3.65 end 1.75 readback 0.34 events 0.92 filters 0.97 ccd 0.00 support 0.75 shape 0.66 => gap 0.00 ms  quiet 1627  pairs 4139
            topo 1.59 (frac 1.59 + valid 0.00)                   pts/pair 0.33  islands skipped 3261/185803 (2%)
            fracture: gen 0.41 prep 0.17 apply 0.37 scene 0.53 rebuild 0.00 valid 0.00 | rest 0.10
            physx step 4.52 ms avg over 300 ticks  (last: gpu_wait 7.69 fetch_copy 1.59, contacts hw 45843)
[bs-phase] calls=599 per-call ms: upload 0.141 kernel 0.071 readback 0.021 | prep 0.131 enqueue 0.097 sync 0.014 | host total 0.256 | skipped 0 of 599 | up 0.55 MB down 0.06 MB | PROBE empty 0.000 nullkernel1 0.000 nullkernel2 0.000 copy4B 0.000
[bond-stress-gpu] ticks=600 attempts=599 ranOnDevice=599 checks=0 MISMATCHES=0 (count=0 removeSize=0 removeOrder=0 mask=0) firstBadTick=0 lastBadTick=0 refuse(noSolver=0 stale=0 pendingTopo=0 csr=0) STRESS_MISMATCH=0/0 big=0 maxRel=0.000e+00 BEND_MISMATCH=0 bendMaxRel=0.000e+00 OVERSET_MISMATCH=0/0 compactHits=80389 misses=0 IMPULSE=0/0 impMaxRel=0.000e+00 PAYLOAD(n=0 node=0 normal=0 disp=0 centroid=0)
[bs-phase] calls=599 per-call ms: upload 0.138 kernel 0.074 readback 0.035 | prep 0.140 enqueue 0.111 sync 0.017 | host total 0.284 | skipped 0 of 599 | up 0.36 MB down 0.05 MB | PROBE empty 0.000 nullkernel1 0.000 nullkernel2 0.000 copy4B 0.000
[bond-stress-gpu] ticks=600 attempts=599 ranOnDevice=599 checks=0 MISMATCHES=0 (count=0 removeSize=0 removeOrder=0 mask=0) firstBadTick=0 lastBadTick=0 refuse(noSolver=0 stale=0 pendingTopo=0 csr=0) STRESS_MISMATCH=0/0 big=0 maxRel=0.000e+00 BEND_MISMATCH=0 bendMaxRel=0.000e+00 OVERSET_MISMATCH=0/0 compactHits=63875 misses=0 IMPULSE=0/0 impMaxRel=0.000e+00 PAYLOAD(n=0 node=0 normal=0 disp=0 centroid=0)
[bs-phase] calls=599 per-call ms: upload 0.151 kernel 0.074 readback 0.026 | prep 0.144 enqueue 0.102 sync 0.014 | host total 0.274 | skipped 0 of 599 | up 0.49 MB down 0.06 MB | PROBE empty 0.000 nullkernel1 0.000 nullkernel2 0.000 copy4B 0.000
[bond-stress-gpu] ticks=600 attempts=599 ranOnDevice=599 checks=0 MISMATCHES=0 (count=0 removeSize=0 removeOrder=0 mask=0) firstBadTick=0 lastBadTick=0 refuse(noSolver=0 stale=0 pendingTopo=0 csr=0) STRESS_MISMATCH=0/0 big=0 maxRel=0.000e+00 BEND_MISMATCH=0 bendMaxRel=0.000e+00 OVERSET_MISMATCH=0/0 compactHits=75016 misses=0 IMPULSE=0/0 impMaxRel=0.000e+00 PAYLOAD(n=0 node=0 normal=0 disp=0 centroid=0)
[bs-phase] calls=599 per-call ms: upload 0.154 kernel 0.357 readback 0.019 | prep 0.141 enqueue 0.379 sync 0.013 | host total 0.545 | skipped 0 of 599 | up 0.77 MB down 0.14 MB | PROBE empty 0.000 nullkernel1 0.000 nullkernel2 0.000 copy4B 0.000
[bond-stress-gpu] ticks=600 attempts=599 ranOnDevice=599 checks=0 MISMATCHES=0 (count=0 removeSize=0 removeOrder=0 mask=0) firstBadTick=0 lastBadTick=0 refuse(noSolver=0 stale=0 pendingTopo=0 csr=0) STRESS_MISMATCH=0/0 big=0 maxRel=0.000e+00 BEND_MISMATCH=0 bendMaxRel=0.000e+00 OVERSET_MISMATCH=0/0 compactHits=197571 misses=0 IMPULSE=0/0 impMaxRel=0.000e+00 PAYLOAD(n=0 node=0 normal=0 disp=0 centroid=0)
tick    600  bodies   4642  awake   4377  broken   16527  solve 11.32 ms  | begin 0.95 solve 3.83 end 1.57 readback 0.61 events 1.14 filters 1.01 ccd 0.00 support 1.44 shape 0.76 => gap 0.00 ms  quiet 3359  pairs 14859
            topo 1.26 (frac 1.26 + valid 0.00)                   pts/pair 0.29  islands skipped 7165/366488 (2%)
            fracture: gen 0.45 prep 0.01 apply 0.58 scene 0.08 rebuild 0.00 valid 0.00 | rest 0.14
            physx step 11.73 ms avg over 300 ticks  (last: gpu_wait 10.11 fetch_copy 1.93, contacts hw 76410)
[bs-phase] calls=1199 per-call ms: upload 0.134 kernel 0.051 readback 0.022 | prep 0.125 enqueue 0.078 sync 0.013 | host total 0.230 | skipped 0 of 1199 | up 0.50 MB down 0.06 MB | PROBE empty 0.000 nullkernel1 0.000 nullkernel2 0.000 copy4B 0.000
[bond-stress-gpu] ticks=1200 attempts=1199 ranOnDevice=1199 checks=0 MISMATCHES=0 (count=0 removeSize=0 removeOrder=0 mask=0) firstBadTick=0 lastBadTick=0 refuse(noSolver=0 stale=0 pendingTopo=0 csr=0) STRESS_MISMATCH=0/0 big=0 maxRel=0.000e+00 BEND_MISMATCH=0 bendMaxRel=0.000e+00 OVERSET_MISMATCH=0/0 compactHits=145041 misses=0 IMPULSE=0/0 impMaxRel=0.000e+00 PAYLOAD(n=0 node=0 normal=0 disp=0 centroid=0)
[bs-phase] calls=1199 per-call ms: upload 0.145 kernel 0.052 readback 0.028 | prep 0.140 enqueue 0.082 sync 0.013 | host total 0.248 | skipped 0 of 1199 | up 0.45 MB down 0.06 MB | PROBE empty 0.000 nullkernel1 0.000 nullkernel2 0.000 copy4B 0.000
[bond-stress-gpu] ticks=1200 attempts=1199 ranOnDevice=1199 checks=0 MISMATCHES=0 (count=0 removeSize=0 removeOrder=0 mask=0) firstBadTick=0 lastBadTick=0 refuse(noSolver=0 stale=0 pendingTopo=0 csr=0) STRESS_MISMATCH=0/0 big=0 maxRel=0.000e+00 BEND_MISMATCH=0 bendMaxRel=0.000e+00 OVERSET_MISMATCH=0/0 compactHits=132689 misses=0 IMPULSE=0/0 impMaxRel=0.000e+00 PAYLOAD(n=0 node=0 normal=0 disp=0 centroid=0)
[bs-phase] calls=1199 per-call ms: upload 0.144 kernel 0.086 readback 0.035 | prep 0.144 enqueue 0.121 sync 0.017 | host total 0.298 | skipped 0 of 1199 | up 0.36 MB down 0.08 MB | PROBE empty 0.000 nullkernel1 0.000 nullkernel2 0.000 copy4B 0.000
[bond-stress-gpu] ticks=1200 attempts=1199 ranOnDevice=1199 checks=0 MISMATCHES=0 (count=0 removeSize=0 removeOrder=0 mask=0) firstBadTick=0 lastBadTick=0 refuse(noSolver=0 stale=0 pendingTopo=0 csr=0) STRESS_MISMATCH=0/0 big=0 maxRel=0.000e+00 BEND_MISMATCH=0 bendMaxRel=0.000e+00 OVERSET_MISMATCH=0/0 compactHits=115077 misses=0 IMPULSE=0/0 impMaxRel=0.000e+00 PAYLOAD(n=0 node=0 normal=0 disp=0 centroid=0)
[bs-phase] calls=1199 per-call ms: upload 0.162 kernel 0.211 readback 0.020 | prep 0.150 enqueue 0.233 sync 0.014 | host total 0.409 | skipped 0 of 1199 | up 0.72 MB down 0.15 MB | PROBE empty 0.000 nullkernel1 0.000 nullkernel2 0.000 copy4B 0.000
[bond-stress-gpu] ticks=1200 attempts=1199 ranOnDevice=1199 checks=0 MISMATCHES=0 (count=0 removeSize=0 removeOrder=0 mask=0) firstBadTick=0 lastBadTick=0 refuse(noSolver=0 stale=0 pendingTopo=0 csr=0) STRESS_MISMATCH=0/0 big=0 maxRel=0.000e+00 BEND_MISMATCH=0 bendMaxRel=0.000e+00 OVERSET_MISMATCH=0/0 compactHits=335261 misses=0 IMPULSE=0/0 impMaxRel=0.000e+00 PAYLOAD(n=0 node=0 normal=0 disp=0 centroid=0)
tick    900  bodies   5549  awake   4748  broken   19607  solve 8.36 ms  | begin 1.02 solve 4.18 end 1.13 readback 0.30 events 0.00 filters 0.00 ccd 0.00 support 1.72 shape 0.00 => gap 0.00 ms  quiet 4899  pairs 16421
            topo 1.13 (frac 1.13 + valid 0.00)                   pts/pair 0.34  islands skipped 8736/366341 (2%)
            fracture: gen 0.30 prep 0.00 apply 0.00 scene 0.00 rebuild 0.00 valid 0.00 | rest 0.82
            physx step 15.46 ms avg over 300 ticks  (last: gpu_wait 10.67 fetch_copy 2.13, contacts hw 86031)
tick   1200  bodies   5875  awake   4773  broken   20641  solve 11.94 ms  | begin 0.99 solve 3.68 end 1.66 readback 0.80 events 1.36 filters 1.03 ccd 0.00 support 1.65 shape 0.78 => gap 0.00 ms  quiet 6323  pairs 14266
            topo 1.29 (frac 1.29 + valid 0.00)                   pts/pair 0.35  islands skipped 13543/342784 (4%)
            fracture: gen 0.31 prep 0.01 apply 0.64 scene 0.11 rebuild 0.00 valid 0.00 | rest 0.23
            physx step 14.91 ms avg over 300 ticks  (last: gpu_wait 10.40 fetch_copy 2.02, contacts hw 86031)
[bs-phase] calls=1799 per-call ms: upload 0.147 kernel 0.046 readback 0.029 | prep 0.141 enqueue 0.076 sync 0.012 | host total 0.243 | skipped 0 of 1799 | up 0.42 MB down 0.06 MB | PROBE empty 0.000 nullkernel1 0.000 nullkernel2 0.000 copy4B 0.000
[bond-stress-gpu] ticks=1800 attempts=1799 ranOnDevice=1799 checks=0 MISMATCHES=0 (count=0 removeSize=0 removeOrder=0 mask=0) firstBadTick=0 lastBadTick=0 refuse(noSolver=0 stale=0 pendingTopo=0 csr=0) STRESS_MISMATCH=0/0 big=0 maxRel=0.000e+00 BEND_MISMATCH=0 bendMaxRel=0.000e+00 OVERSET_MISMATCH=0/0 compactHits=182364 misses=0 IMPULSE=0/0 impMaxRel=0.000e+00 PAYLOAD(n=0 node=0 normal=0 disp=0 centroid=0)
[bs-phase] calls=1799 per-call ms: upload 0.148 kernel 0.072 readback 0.034 | prep 0.146 enqueue 0.106 sync 0.016 | host total 0.283 | skipped 0 of 1799 | up 0.36 MB down 0.09 MB | PROBE empty 0.000 nullkernel1 0.000 nullkernel2 0.000 copy4B 0.000
[bond-stress-gpu] ticks=1800 attempts=1799 ranOnDevice=1799 checks=0 MISMATCHES=0 (count=0 removeSize=0 removeOrder=0 mask=0) firstBadTick=0 lastBadTick=0 refuse(noSolver=0 stale=0 pendingTopo=0 csr=0) STRESS_MISMATCH=0/0 big=0 maxRel=0.000e+00 BEND_MISMATCH=0 bendMaxRel=0.000e+00 OVERSET_MISMATCH=0/0 compactHits=198014 misses=0 IMPULSE=0/0 impMaxRel=0.000e+00 PAYLOAD(n=0 node=0 normal=0 disp=0 centroid=0)
[bs-phase] calls=1799 per-call ms: upload 0.133 kernel 0.044 readback 0.023 | prep 0.124 enqueue 0.071 sync 0.012 | host total 0.221 | skipped 0 of 1799 | up 0.47 MB down 0.06 MB | PROBE empty 0.000 nullkernel1 0.000 nullkernel2 0.000 copy4B 0.000
[bond-stress-gpu] ticks=1800 attempts=1799 ranOnDevice=1799 checks=0 MISMATCHES=0 (count=0 removeSize=0 removeOrder=0 mask=0) firstBadTick=0 lastBadTick=0 refuse(noSolver=0 stale=0 pendingTopo=0 csr=0) STRESS_MISMATCH=0/0 big=0 maxRel=0.000e+00 BEND_MISMATCH=0 bendMaxRel=0.000e+00 OVERSET_MISMATCH=0/0 compactHits=195596 misses=0 IMPULSE=0/0 impMaxRel=0.000e+00 PAYLOAD(n=0 node=0 normal=0 disp=0 centroid=0)
[bs-phase] calls=1799 per-call ms: upload 0.166 kernel 0.155 readback 0.020 | prep 0.154 enqueue 0.178 sync 0.013 | host total 0.358 | skipped 0 of 1799 | up 0.67 MB down 0.12 MB | PROBE empty 0.000 nullkernel1 0.000 nullkernel2 0.000 copy4B 0.000
[bond-stress-gpu] ticks=1800 attempts=1799 ranOnDevice=1799 checks=0 MISMATCHES=0 (count=0 removeSize=0 removeOrder=0 mask=0) firstBadTick=0 lastBadTick=0 refuse(noSolver=0 stale=0 pendingTopo=0 csr=0) STRESS_MISMATCH=0/0 big=0 maxRel=0.000e+00 BEND_MISMATCH=0 bendMaxRel=0.000e+00 OVERSET_MISMATCH=0/0 compactHits=455495 misses=0 IMPULSE=0/0 impMaxRel=0.000e+00 PAYLOAD(n=0 node=0 normal=0 disp=0 centroid=0)
tick   1500  bodies   6207  awake   4840  broken   21771  solve 7.99 ms  | begin 1.02 solve 3.68 end 1.18 readback 0.39 events 0.00 filters 0.00 ccd 0.00 support 1.71 shape 0.00 => gap 0.00 ms  quiet 7679  pairs 13404
            topo 1.18 (frac 1.18 + valid 0.00)                   pts/pair 0.34  islands skipped 19003/325728 (6%)
            fracture: gen 0.26 prep 0.00 apply 0.00 scene 0.00 rebuild 0.00 valid 0.00 | rest 0.91
            physx step 14.81 ms avg over 300 ticks  (last: gpu_wait 9.90 fetch_copy 1.98, contacts hw 86031)
[bs-phase] calls=2399 per-call ms: upload 0.144 kernel 0.042 readback 0.028 | prep 0.138 enqueue 0.073 sync 0.011 | host total 0.235 | skipped 0 of 2399 | up 0.41 MB down 0.06 MB | PROBE empty 0.000 nullkernel1 0.000 nullkernel2 0.000 copy4B 0.000
[bond-stress-gpu] ticks=2400 attempts=2399 ranOnDevice=2399 checks=0 MISMATCHES=0 (count=0 removeSize=0 removeOrder=0 mask=0) firstBadTick=0 lastBadTick=0 refuse(noSolver=0 stale=0 pendingTopo=0 csr=0) STRESS_MISMATCH=0/0 big=0 maxRel=0.000e+00 BEND_MISMATCH=0 bendMaxRel=0.000e+00 OVERSET_MISMATCH=0/0 compactHits=226464 misses=0 IMPULSE=0/0 impMaxRel=0.000e+00 PAYLOAD(n=0 node=0 normal=0 disp=0 centroid=0)
[bs-phase] calls=2399 per-call ms: upload 0.147 kernel 0.064 readback 0.033 | prep 0.144 enqueue 0.098 sync 0.014 | host total 0.270 | skipped 0 of 2399 | up 0.35 MB down 0.09 MB | PROBE empty 0.000 nullkernel1 0.000 nullkernel2 0.000 copy4B 0.000
[bond-stress-gpu] ticks=2400 attempts=2399 ranOnDevice=2399 checks=0 MISMATCHES=0 (count=0 removeSize=0 removeOrder=0 mask=0) firstBadTick=0 lastBadTick=0 refuse(noSolver=0 stale=0 pendingTopo=0 csr=0) STRESS_MISMATCH=0/0 big=0 maxRel=0.000e+00 BEND_MISMATCH=0 bendMaxRel=0.000e+00 OVERSET_MISMATCH=0/0 compactHits=265180 misses=0 IMPULSE=0/0 impMaxRel=0.000e+00 PAYLOAD(n=0 node=0 normal=0 disp=0 centroid=0)
[bs-phase] calls=2399 per-call ms: upload 0.165 kernel 0.131 readback 0.020 | prep 0.154 enqueue 0.154 sync 0.012 | host total 0.333 | skipped 0 of 2399 | up 0.63 MB down 0.11 MB | PROBE empty 0.000 nullkernel1 0.000 nullkernel2 0.000 copy4B 0.000
[bond-stress-gpu] ticks=2400 attempts=2399 ranOnDevice=2399 checks=0 MISMATCHES=0 (count=0 removeSize=0 removeOrder=0 mask=0) firstBadTick=0 lastBadTick=0 refuse(noSolver=0 stale=0 pendingTopo=0 csr=0) STRESS_MISMATCH=0/0 big=0 maxRel=0.000e+00 BEND_MISMATCH=0 bendMaxRel=0.000e+00 OVERSET_MISMATCH=0/0 compactHits=547755 misses=0 IMPULSE=0/0 impMaxRel=0.000e+00 PAYLOAD(n=0 node=0 normal=0 disp=0 centroid=0)
[bs-phase] calls=2399 per-call ms: upload 0.130 kernel 0.040 readback 0.023 | prep 0.121 enqueue 0.067 sync 0.012 | host total 0.213 | skipped 0 of 2399 | up 0.46 MB down 0.06 MB | PROBE empty 0.000 nullkernel1 0.000 nullkernel2 0.000 copy4B 0.000
[bond-stress-gpu] ticks=2400 attempts=2399 ranOnDevice=2399 checks=0 MISMATCHES=0 (count=0 removeSize=0 removeOrder=0 mask=0) firstBadTick=0 lastBadTick=0 refuse(noSolver=0 stale=0 pendingTopo=0 csr=0) STRESS_MISMATCH=0/0 big=0 maxRel=0.000e+00 BEND_MISMATCH=0 bendMaxRel=0.000e+00 OVERSET_MISMATCH=0/0 compactHits=238062 misses=0 IMPULSE=0/0 impMaxRel=0.000e+00 PAYLOAD(n=0 node=0 normal=0 disp=0 centroid=0)
tick   1800  bodies   7167  awake   5678  broken   25318  solve 13.01 ms  | begin 1.11 solve 3.66 end 1.98 readback 1.04 events 1.44 filters 1.09 ccd 0.00 support 1.84 shape 0.84 => gap 0.00 ms  quiet 9109  pairs 15880
            topo 1.52 (frac 1.52 + valid 0.00)                   pts/pair 0.31  islands skipped 22614/375905 (6%)
            fracture: gen 0.37 prep 0.01 apply 0.75 scene 0.12 rebuild 0.00 valid 0.00 | rest 0.28
            physx step 15.04 ms avg over 300 ticks  (last: gpu_wait 11.38 fetch_copy 2.20, contacts hw 91084)
tick   2100  bodies   7809  awake   6237  broken   27676  solve 10.25 ms  | begin 1.21 solve 3.81 end 1.64 readback 0.62 events 0.00 filters 0.00 ccd 0.00 support 2.97 shape 0.00 => gap 0.00 ms  quiet 10597  pairs 16713
            topo 1.64 (frac 1.64 + valid 0.00)                   pts/pair 0.36  islands skipped 25313/468771 (5%)
            fracture: gen 0.40 prep 0.00 apply 0.00 scene 0.00 rebuild 0.00 valid 0.00 | rest 1.24
            physx step 16.91 ms avg over 300 ticks  (last: gpu_wait 12.12 fetch_copy 2.26, contacts hw 100218)
[bs-phase] calls=2999 per-call ms: upload 0.141 kernel 0.039 readback 0.028 | prep 0.135 enqueue 0.070 sync 0.010 | host total 0.228 | skipped 0 of 2999 | up 0.40 MB down 0.06 MB | PROBE empty 0.000 nullkernel1 0.000 nullkernel2 0.000 copy4B 0.000
[bond-stress-gpu] ticks=3000 attempts=2999 ranOnDevice=2999 checks=0 MISMATCHES=0 (count=0 removeSize=0 removeOrder=0 mask=0) firstBadTick=0 lastBadTick=0 refuse(noSolver=0 stale=0 pendingTopo=0 csr=0) STRESS_MISMATCH=0/0 big=0 maxRel=0.000e+00 BEND_MISMATCH=0 bendMaxRel=0.000e+00 OVERSET_MISMATCH=0/0 compactHits=263860 misses=0 IMPULSE=0/0 impMaxRel=0.000e+00 PAYLOAD(n=0 node=0 normal=0 disp=0 centroid=0)
[bs-phase] calls=2999 per-call ms: upload 0.147 kernel 0.067 readback 0.033 | prep 0.144 enqueue 0.101 sync 0.013 | host total 0.271 | skipped 0 of 2999 | up 0.35 MB down 0.08 MB | PROBE empty 0.000 nullkernel1 0.000 nullkernel2 0.000 copy4B 0.000
[bond-stress-gpu] ticks=3000 attempts=2999 ranOnDevice=2999 checks=0 MISMATCHES=0 (count=0 removeSize=0 removeOrder=0 mask=0) firstBadTick=0 lastBadTick=0 refuse(noSolver=0 stale=0 pendingTopo=0 csr=0) STRESS_MISMATCH=0/0 big=0 maxRel=0.000e+00 BEND_MISMATCH=0 bendMaxRel=0.000e+00 OVERSET_MISMATCH=0/0 compactHits=339342 misses=0 IMPULSE=0/0 impMaxRel=0.000e+00 PAYLOAD(n=0 node=0 normal=0 disp=0 centroid=0)
[bs-phase] calls=2999 per-call ms: upload 0.127 kernel 0.037 readback 0.023 | prep 0.119 enqueue 0.064 sync 0.012 | host total 0.207 | skipped 0 of 2999 | up 0.44 MB down 0.06 MB | PROBE empty 0.000 nullkernel1 0.000 nullkernel2 0.000 copy4B 0.000
[bond-stress-gpu] ticks=3000 attempts=2999 ranOnDevice=2999 checks=0 MISMATCHES=0 (count=0 removeSize=0 removeOrder=0 mask=0) firstBadTick=0 lastBadTick=0 refuse(noSolver=0 stale=0 pendingTopo=0 csr=0) STRESS_MISMATCH=0/0 big=0 maxRel=0.000e+00 BEND_MISMATCH=0 bendMaxRel=0.000e+00 OVERSET_MISMATCH=0/0 compactHits=276370 misses=0 IMPULSE=0/0 impMaxRel=0.000e+00 PAYLOAD(n=0 node=0 normal=0 disp=0 centroid=0)
[bs-phase] calls=2999 per-call ms: upload 0.164 kernel 0.115 readback 0.020 | prep 0.152 enqueue 0.139 sync 0.012 | host total 0.316 | skipped 0 of 2999 | up 0.61 MB down 0.11 MB | PROBE empty 0.000 nullkernel1 0.000 nullkernel2 0.000 copy4B 0.000
[bond-stress-gpu] ticks=3000 attempts=2999 ranOnDevice=2999 checks=0 MISMATCHES=0 (count=0 removeSize=0 removeOrder=0 mask=0) firstBadTick=0 lastBadTick=0 refuse(noSolver=0 stale=0 pendingTopo=0 csr=0) STRESS_MISMATCH=0/0 big=0 maxRel=0.000e+00 BEND_MISMATCH=0 bendMaxRel=0.000e+00 OVERSET_MISMATCH=0/0 compactHits=645921 misses=0 IMPULSE=0/0 impMaxRel=0.000e+00 PAYLOAD(n=0 node=0 normal=0 disp=0 centroid=0)
tick   2400  bodies   7887  awake   5521  broken   27949  solve 13.42 ms  | begin 1.16 solve 3.31 end 2.17 readback 1.23 events 1.63 filters 1.08 ccd 0.00 support 2.02 shape 0.83 => gap 0.00 ms  quiet 11962  pairs 14730
            topo 1.72 (frac 1.72 + valid 0.00)                   pts/pair 0.34  islands skipped 33135/436086 (8%)
            fracture: gen 0.37 prep 0.03 apply 0.80 scene 0.18 rebuild 0.00 valid 0.00 | rest 0.35
            physx step 16.22 ms avg over 300 ticks  (last: gpu_wait 12.69 fetch_copy 2.27, contacts hw 100218)
[bs-phase] calls=3599 per-call ms: upload 0.136 kernel 0.037 readback 0.028 | prep 0.130 enqueue 0.068 sync 0.010 | host total 0.220 | skipped 0 of 3599 | up 0.39 MB down 0.06 MB | PROBE empty 0.000 nullkernel1 0.000 nullkernel2 0.000 copy4B 0.000
[bond-stress-gpu] ticks=3600 attempts=3599 ranOnDevice=3599 checks=0 MISMATCHES=0 (count=0 removeSize=0 removeOrder=0 mask=0) firstBadTick=0 lastBadTick=0 refuse(noSolver=0 stale=0 pendingTopo=0 csr=0) STRESS_MISMATCH=0/0 big=0 maxRel=0.000e+00 BEND_MISMATCH=0 bendMaxRel=0.000e+00 OVERSET_MISMATCH=0/0 compactHits=298956 misses=0 IMPULSE=0/0 impMaxRel=0.000e+00 PAYLOAD(n=0 node=0 normal=0 disp=0 centroid=0)
[bs-phase] calls=3599 per-call ms: upload 0.145 kernel 0.061 readback 0.033 | prep 0.142 enqueue 0.095 sync 0.013 | host total 0.263 | skipped 0 of 3599 | up 0.34 MB down 0.08 MB | PROBE empty 0.000 nullkernel1 0.000 nullkernel2 0.000 copy4B 0.000
[bond-stress-gpu] ticks=3600 attempts=3599 ranOnDevice=3599 checks=0 MISMATCHES=0 (count=0 removeSize=0 removeOrder=0 mask=0) firstBadTick=0 lastBadTick=0 refuse(noSolver=0 stale=0 pendingTopo=0 csr=0) STRESS_MISMATCH=0/0 big=0 maxRel=0.000e+00 BEND_MISMATCH=0 bendMaxRel=0.000e+00 OVERSET_MISMATCH=0/0 compactHits=379007 misses=0 IMPULSE=0/0 impMaxRel=0.000e+00 PAYLOAD(n=0 node=0 normal=0 disp=0 centroid=0)
[bs-phase] calls=3599 per-call ms: upload 0.159 kernel 0.101 readback 0.020 | prep 0.147 enqueue 0.124 sync 0.012 | host total 0.295 | skipped 0 of 3599 | up 0.58 MB down 0.10 MB | PROBE empty 0.000 nullkernel1 0.000 nullkernel2 0.000 copy4B 0.000
[bond-stress-gpu] ticks=3600 attempts=3599 ranOnDevice=3599 checks=0 MISMATCHES=0 (count=0 removeSize=0 removeOrder=0 mask=0) firstBadTick=0 lastBadTick=0 refuse(noSolver=0 stale=0 pendingTopo=0 csr=0) STRESS_MISMATCH=0/0 big=0 maxRel=0.000e+00 BEND_MISMATCH=0 bendMaxRel=0.000e+00 OVERSET_MISMATCH=0/0 compactHits=715307 misses=0 IMPULSE=0/0 impMaxRel=0.000e+00 PAYLOAD(n=0 node=0 normal=0 disp=0 centroid=0)
[bs-phase] calls=3599 per-call ms: upload 0.123 kernel 0.035 readback 0.022 | prep 0.114 enqueue 0.062 sync 0.011 | host total 0.199 | skipped 0 of 3599 | up 0.43 MB down 0.06 MB | PROBE empty 0.000 nullkernel1 0.000 nullkernel2 0.000 copy4B 0.000
[bond-stress-gpu] ticks=3600 attempts=3599 ranOnDevice=3599 checks=0 MISMATCHES=0 (count=0 removeSize=0 removeOrder=0 mask=0) firstBadTick=0 lastBadTick=0 refuse(noSolver=0 stale=0 pendingTopo=0 csr=0) STRESS_MISMATCH=0/0 big=0 maxRel=0.000e+00 BEND_MISMATCH=0 bendMaxRel=0.000e+00 OVERSET_MISMATCH=0/0 compactHits=314534 misses=0 IMPULSE=0/0 impMaxRel=0.000e+00 PAYLOAD(n=0 node=0 normal=0 disp=0 centroid=0)
  ccd tracked 0 / identity stamped 7911 against 7911 live bodies
  resim: 2700 captures, 909 re-passes
  resim diag: captures=2700 zero=0 not_needed=0 errors=0 first_error=None

wrote /dev/null
  ticks 2700  chunks 86966  bonds 267992
  broken bonds 28049 (adapter 28049)
  migrations 81556  peak bodies 6430  membership mismatches 0
wrote /dev/null.sidecar.json
Original city deployment restored and healthy
