{"native_physical_assembly_ms":32.888486,"active_nodes":5936,"bonds":18627,"independent_operator_comparison":true,"native_load_projection":true}
{"setup_repeat":0,"gpu_galerkin":false,"setup_ms":205.936984,"retained_bytes":0,"allocations":0}
{"native_hierarchy_setup_ms":205.936984,"input_validation_ms":35.827744,"coarse_setup_ms":0.420906,"basis_reconstruction_error":6.38176246387e-17,"levels":3,"coarse_rows":96}
{"native_level":0,"rows":35616,"nnz":827552,"coarse_rows":5100,"omega":0.483457107955,"eigenvalue_upper_bound":2.75791442797,"diagonal_ms":2.325342,"spectral_bound_ms":16.094265,"aggregate_ms":5.471447,"interpolation_ms":16.297403,"galerkin_ms":43.545426,"representation_ms":20.737055}
{"native_level":1,"rows":5100,"nnz":890280,"coarse_rows":738,"omega":0.430145208696,"eigenvalue_upper_bound":3.09972843212,"diagonal_ms":0.347809,"spectral_bound_ms":6.097436,"aggregate_ms":0.607835,"interpolation_ms":4.628373,"galerkin_ms":39.059079,"representation_ms":5.754035}
{"native_level":2,"rows":738,"nnz":225180,"coarse_rows":96,"omega":0.438084405917,"eigenvalue_upper_bound":3.04355351463,"diagonal_ms":0.046557,"spectral_bound_ms":1.404643,"aggregate_ms":0.087192,"interpolation_ms":0.682635,"galerkin_ms":4.892877,"representation_ms":0.651537}
{"resident_bond_operator":true,"gpu_rigid_projector":true}
{"gpu":"NVIDIA GeForce RTX 4090","operator":"double","preconditioner_storage":"double","preconditioner_arithmetic":"double","outer_vectors_and_reductions":"double","cuda_graph":true,"device_context_upload_graph_ms":156.226074,"rows":35616,"free":false,"levels":3,"scope":"standalone hierarchy validation; no game integration"}
{"fracture_frame":0,"live_bonds":18627}
{"component_hierarchy_rebuild_ms":215.997000,"physical_assembly_ms":17.687399,"hierarchy_setup_ms":185.377250,"bonded_components":1,"isolated_nodes":0,"levels":3,"coarse_rows":96,"coarse_nnz":9216,"gpu_galerkin":false,"independent_current_matrix_check":true}
{"hierarchy_device_replace_ms":11.157014,"coupling_reuploaded":false,"graph_recaptured":true}
{"topology_and_rhs_update_ms":0.215753,"hierarchy_rebuilt":true,"coupling_reuploaded":false,"graph_recaptured":true}
{"trial":0,"passed":true,"iterations":31,"submitted":32,"cuda_solve_ms":10.821856,"wall_solve_ms":10.829894,"force_residual":1.09257110993e-11,"moment_residual":1.37916395478e-11,"bond_relative_error":5.56632811055e-12,"bond_max_error_over_peak":2.34101762125e-12,"bond_force_error_n":2.80168809501e-06,"bond_moment_error_nm":1.89406397643e-06,"bond_force_error_over_input":1.11583108191e-11,"bond_moment_error_over_input":8.0020937362e-12,"zero_bond_reference":false,"recurrence_relative_residual":6.72634971332e-11,"failed":0}
{"trial":1,"passed":true,"iterations":31,"submitted":32,"cuda_solve_ms":10.813856,"wall_solve_ms":10.820486,"force_residual":1.09257110993e-11,"moment_residual":1.37916395478e-11,"bond_relative_error":5.56632811055e-12,"bond_max_error_over_peak":2.34101762125e-12,"bond_force_error_n":2.80168809501e-06,"bond_moment_error_nm":1.89406397643e-06,"bond_force_error_over_input":1.11583108191e-11,"bond_moment_error_over_input":8.0020937362e-12,"zero_bond_reference":false,"recurrence_relative_residual":6.72634971332e-11,"failed":0}
{"fracture_frame":1,"live_bonds":18564}
{"component_hierarchy_rebuild_ms":195.000109,"physical_assembly_ms":19.338472,"hierarchy_setup_ms":162.338838,"bonded_components":1,"isolated_nodes":0,"levels":3,"coarse_rows":96,"coarse_nnz":9216,"gpu_galerkin":false,"independent_current_matrix_check":true}
{"hierarchy_device_replace_ms":10.702496,"coupling_reuploaded":false,"graph_recaptured":true}
{"topology_and_rhs_update_ms":0.391541,"hierarchy_rebuilt":true,"coupling_reuploaded":false,"graph_recaptured":true}
{"trial":2,"passed":true,"iterations":30,"submitted":32,"cuda_solve_ms":11.269760,"wall_solve_ms":11.277970,"force_residual":1.61697283805e-11,"moment_residual":2.00025753991e-11,"bond_relative_error":1.95489048734e-11,"bond_max_error_over_peak":3.42351577605e-11,"bond_force_error_n":3.58545969315e-06,"bond_moment_error_nm":2.63586401081e-06,"bond_force_error_over_input":1.42798456962e-11,"bond_moment_error_over_input":1.11360709843e-11,"zero_bond_reference":false,"recurrence_relative_residual":9.48285255734e-11,"failed":0}
{"trial":3,"passed":true,"iterations":30,"submitted":32,"cuda_solve_ms":11.268032,"wall_solve_ms":11.274584,"force_residual":1.61695223622e-11,"moment_residual":2.00026872095e-11,"bond_relative_error":1.95489003321e-11,"bond_max_error_over_peak":3.42373749916e-11,"bond_force_error_n":3.58545245471e-06,"bond_moment_error_nm":2.63586712414e-06,"bond_force_error_over_input":1.42798168677e-11,"bond_moment_error_over_input":1.11360841376e-11,"zero_bond_reference":false,"recurrence_relative_residual":9.48285255734e-11,"failed":0}
{"fracture_frame":2,"live_bonds":18036}
{"component_hierarchy_rebuild_ms":163.266351,"physical_assembly_ms":16.791075,"hierarchy_setup_ms":131.074165,"bonded_components":2,"isolated_nodes":0,"levels":3,"coarse_rows":114,"coarse_nnz":6516,"gpu_galerkin":false,"independent_current_matrix_check":true}
{"hierarchy_device_replace_ms":9.426653,"coupling_reuploaded":false,"graph_recaptured":true}
{"topology_and_rhs_update_ms":0.324206,"hierarchy_rebuilt":true,"coupling_reuploaded":false,"graph_recaptured":true}
{"trial":4,"passed":true,"iterations":36,"submitted":40,"cuda_solve_ms":13.401280,"wall_solve_ms":13.408980,"force_residual":1.44296746448e-11,"moment_residual":1.82173216134e-11,"bond_relative_error":1.08172726151e-11,"bond_max_error_over_peak":2.20147908564e-11,"bond_force_error_n":3.1403293062e-06,"bond_moment_error_nm":2.76400856329e-06,"bond_force_error_over_input":1.25070205122e-11,"bond_moment_error_over_input":1.16774596246e-11,"zero_bond_reference":false,"recurrence_relative_residual":8.44670002975e-11,"failed":0}
{"trial":5,"passed":true,"iterations":36,"submitted":40,"cuda_solve_ms":13.405664,"wall_solve_ms":13.412115,"force_residual":1.44296746448e-11,"moment_residual":1.82173216134e-11,"bond_relative_error":1.08172726151e-11,"bond_max_error_over_peak":2.20147908564e-11,"bond_force_error_n":3.1403293062e-06,"bond_moment_error_nm":2.76400856329e-06,"bond_force_error_over_input":1.25070205122e-11,"bond_moment_error_over_input":1.16774596246e-11,"zero_bond_reference":false,"recurrence_relative_residual":8.44670002975e-11,"failed":0}
{"fracture_frame":3,"live_bonds":0}
{"component_hierarchy_rebuild_ms":1.144306,"physical_assembly_ms":0.911052,"hierarchy_setup_ms":0.024777,"bonded_components":0,"isolated_nodes":5936,"levels":0,"coarse_rows":35616,"coarse_nnz":0,"gpu_galerkin":false,"independent_current_matrix_check":true}
{"hierarchy_device_replace_ms":1.588326,"coupling_reuploaded":false,"graph_recaptured":true}
{"topology_and_rhs_update_ms":0.141063,"hierarchy_rebuilt":true,"coupling_reuploaded":false,"graph_recaptured":true}
{"trial":6,"passed":true,"iterations":0,"submitted":0,"cuda_solve_ms":0.010208,"wall_solve_ms":0.015779,"force_residual":0,"moment_residual":0,"bond_relative_error":null,"bond_max_error_over_peak":null,"bond_force_error_n":0,"bond_moment_error_nm":0,"bond_force_error_over_input":0,"bond_moment_error_over_input":0,"zero_bond_reference":true,"recurrence_relative_residual":0,"failed":0}
{"trial":7,"passed":true,"iterations":0,"submitted":0,"cuda_solve_ms":0.008960,"wall_solve_ms":0.014698,"force_residual":0,"moment_residual":0,"bond_relative_error":null,"bond_max_error_over_peak":null,"bond_force_error_n":0,"bond_moment_error_nm":0,"bond_force_error_over_input":0,"bond_moment_error_over_input":0,"zero_bond_reference":true,"recurrence_relative_residual":0,"failed":0}
{"fracture_frame":4,"live_bonds":18627}
{"component_hierarchy_rebuild_ms":182.209746,"physical_assembly_ms":14.354325,"hierarchy_setup_ms":154.639772,"bonded_components":1,"isolated_nodes":0,"levels":3,"coarse_rows":96,"coarse_nnz":9216,"gpu_galerkin":false,"independent_current_matrix_check":true}
{"hierarchy_device_replace_ms":8.851910,"coupling_reuploaded":false,"graph_recaptured":true}
{"topology_and_rhs_update_ms":0.214901,"hierarchy_rebuilt":true,"coupling_reuploaded":false,"graph_recaptured":true}
{"trial":8,"passed":true,"iterations":31,"submitted":32,"cuda_solve_ms":10.809824,"wall_solve_ms":10.818132,"force_residual":1.09257110993e-11,"moment_residual":1.37916395478e-11,"bond_relative_error":5.56632811055e-12,"bond_max_error_over_peak":2.34101762125e-12,"bond_force_error_n":2.80168809501e-06,"bond_moment_error_nm":1.89406397643e-06,"bond_force_error_over_input":1.11583108191e-11,"bond_moment_error_over_input":8.0020937362e-12,"zero_bond_reference":false,"recurrence_relative_residual":6.72634971332e-11,"failed":0}
{"trial":9,"passed":true,"iterations":31,"submitted":32,"cuda_solve_ms":10.809920,"wall_solve_ms":10.816849,"force_residual":1.09257110993e-11,"moment_residual":1.37916395478e-11,"bond_relative_error":5.56632811055e-12,"bond_max_error_over_peak":2.34101762125e-12,"bond_force_error_n":2.80168809501e-06,"bond_moment_error_nm":1.89406397643e-06,"bond_force_error_over_input":1.11583108191e-11,"bond_moment_error_over_input":8.0020937362e-12,"zero_bond_reference":false,"recurrence_relative_residual":6.72634971332e-11,"failed":0}
{"fracture_frame":5,"live_bonds":12418}
{"component_hierarchy_rebuild_ms":173.971992,"physical_assembly_ms":10.522750,"hierarchy_setup_ms":153.664902,"bonded_components":7,"isolated_nodes":1,"levels":3,"coarse_rows":180,"coarse_nnz":20796,"gpu_galerkin":false,"independent_current_matrix_check":true}
{"hierarchy_device_replace_ms":10.039888,"coupling_reuploaded":false,"graph_recaptured":true}
{"topology_and_rhs_update_ms":0.174496,"hierarchy_rebuilt":true,"coupling_reuploaded":false,"graph_recaptured":true}
{"trial":10,"passed":true,"iterations":44,"submitted":48,"cuda_solve_ms":15.804416,"wall_solve_ms":15.811997,"force_residual":9.9092939462e-12,"moment_residual":1.19435072806e-11,"bond_relative_error":6.98657637534e-12,"bond_max_error_over_peak":4.91773153927e-12,"bond_force_error_n":5.17223806434e-06,"bond_moment_error_nm":2.81253776439e-06,"bond_force_error_over_input":2.05995235713e-11,"bond_moment_error_over_input":1.18824871321e-11,"zero_bond_reference":false,"recurrence_relative_residual":5.51451079614e-11,"failed":0}
{"trial":11,"passed":true,"iterations":44,"submitted":48,"cuda_solve_ms":15.867232,"wall_solve_ms":15.888871,"force_residual":9.9092939462e-12,"moment_residual":1.19435072806e-11,"bond_relative_error":6.98657637534e-12,"bond_max_error_over_peak":4.91773153927e-12,"bond_force_error_n":5.17223806434e-06,"bond_moment_error_nm":2.81253776439e-06,"bond_force_error_over_input":2.05995235713e-11,"bond_moment_error_over_input":1.18824871321e-11,"zero_bond_reference":false,"recurrence_relative_residual":5.51451079614e-11,"failed":0}
{"fracture_frame":6,"live_bonds":18564}
{"component_hierarchy_rebuild_ms":199.107789,"physical_assembly_ms":19.788122,"hierarchy_setup_ms":163.741157,"bonded_components":1,"isolated_nodes":0,"levels":3,"coarse_rows":96,"coarse_nnz":9216,"gpu_galerkin":false,"independent_current_matrix_check":true}
{"hierarchy_device_replace_ms":11.232295,"coupling_reuploaded":false,"graph_recaptured":true}
{"topology_and_rhs_update_ms":0.394757,"hierarchy_rebuilt":true,"coupling_reuploaded":false,"graph_recaptured":true}
{"trial":12,"passed":true,"iterations":30,"submitted":32,"cuda_solve_ms":11.265888,"wall_solve_ms":11.274113,"force_residual":1.61700016496e-11,"moment_residual":2.00026081258e-11,"bond_relative_error":1.95489155282e-11,"bond_max_error_over_peak":3.42362663761e-11,"bond_force_error_n":3.58545883206e-06,"bond_moment_error_nm":2.63586861306e-06,"bond_force_error_over_input":1.42798422668e-11,"bond_moment_error_over_input":1.1136090428e-11,"zero_bond_reference":false,"recurrence_relative_residual":9.48285255734e-11,"failed":0}
{"trial":13,"passed":true,"iterations":30,"submitted":32,"cuda_solve_ms":11.270816,"wall_solve_ms":11.277810,"force_residual":1.61701125551e-11,"moment_residual":2.00024334569e-11,"bond_relative_error":1.95488793894e-11,"bond_max_error_over_peak":3.42373749916e-11,"bond_force_error_n":3.58544840697e-06,"bond_moment_error_nm":2.63586476015e-06,"bond_force_error_over_input":1.42798007467e-11,"bond_moment_error_over_input":1.11360741501e-11,"zero_bond_reference":false,"recurrence_relative_residual":9.48285255734e-11,"failed":0}
{"fracture_frame":7,"live_bonds":18627}
{"component_hierarchy_rebuild_ms":191.757884,"physical_assembly_ms":15.198621,"hierarchy_setup_ms":163.487333,"bonded_components":1,"isolated_nodes":0,"levels":3,"coarse_rows":96,"coarse_nnz":9216,"gpu_galerkin":false,"independent_current_matrix_check":true}
{"hierarchy_device_replace_ms":10.448491,"coupling_reuploaded":false,"graph_recaptured":true}
{"topology_and_rhs_update_ms":0.227114,"hierarchy_rebuilt":true,"coupling_reuploaded":false,"graph_recaptured":true}
{"trial":14,"passed":true,"iterations":31,"submitted":32,"cuda_solve_ms":10.811456,"wall_solve_ms":10.819344,"force_residual":1.09257110993e-11,"moment_residual":1.37916395478e-11,"bond_relative_error":5.56632811055e-12,"bond_max_error_over_peak":2.34101762125e-12,"bond_force_error_n":2.80168809501e-06,"bond_moment_error_nm":1.89406397643e-06,"bond_force_error_over_input":1.11583108191e-11,"bond_moment_error_over_input":8.0020937362e-12,"zero_bond_reference":false,"recurrence_relative_residual":6.72634971332e-11,"failed":0}
{"trial":15,"passed":true,"iterations":31,"submitted":32,"cuda_solve_ms":10.812960,"wall_solve_ms":10.819334,"force_residual":1.09257110993e-11,"moment_residual":1.37916395478e-11,"bond_relative_error":5.56632811055e-12,"bond_max_error_over_peak":2.34101762125e-12,"bond_force_error_n":2.80168809501e-06,"bond_moment_error_nm":1.89406397643e-06,"bond_force_error_over_input":1.11583108191e-11,"bond_moment_error_over_input":8.0020937362e-12,"zero_bond_reference":false,"recurrence_relative_residual":6.72634971332e-11,"failed":0}
