{"native_physical_assembly_ms":34.778306,"active_nodes":5936,"bonds":18627,"independent_operator_comparison":true,"native_load_projection":true}
{"setup_repeat":0,"gpu_galerkin":false,"setup_ms":201.456072,"retained_bytes":0,"allocations":0}
{"native_hierarchy_setup_ms":201.456072,"input_validation_ms":35.651285,"coarse_setup_ms":0.417129,"basis_reconstruction_error":6.38176246387e-17,"levels":3,"coarse_rows":96}
{"native_level":0,"rows":35616,"nnz":827552,"coarse_rows":5100,"omega":0.483457107955,"eigenvalue_upper_bound":2.75791442797,"diagonal_ms":2.535835,"spectral_bound_ms":15.748850,"aggregate_ms":5.606910,"interpolation_ms":15.252223,"galerkin_ms":42.908438,"representation_ms":19.525332}
{"native_level":1,"rows":5100,"nnz":890280,"coarse_rows":738,"omega":0.430145208696,"eigenvalue_upper_bound":3.09972843212,"diagonal_ms":0.366274,"spectral_bound_ms":5.965280,"aggregate_ms":0.602305,"interpolation_ms":4.025878,"galerkin_ms":38.672147,"representation_ms":5.582004}
{"native_level":2,"rows":738,"nnz":225180,"coarse_rows":96,"omega":0.438084405917,"eigenvalue_upper_bound":3.04355351463,"diagonal_ms":0.046757,"spectral_bound_ms":1.396849,"aggregate_ms":0.092112,"interpolation_ms":0.691782,"galerkin_ms":4.801988,"representation_ms":0.707611}
{"resident_bond_operator":true,"gpu_rigid_projector":true}
{"gpu":"NVIDIA GeForce RTX 4090","operator":"double","preconditioner_storage":"double","preconditioner_arithmetic":"double","outer_vectors_and_reductions":"double","cuda_graph":true,"device_context_upload_graph_ms":147.267030,"rows":35616,"free":false,"levels":3,"scope":"standalone hierarchy validation; no game integration"}
{"fracture_frame":0,"live_bonds":18627}
{"component_hierarchy_rebuild_ms":215.592612,"physical_assembly_ms":17.077230,"hierarchy_setup_ms":185.520765,"bonded_components":1,"isolated_nodes":0,"levels":3,"coarse_rows":96,"coarse_nnz":9216,"gpu_galerkin":false,"independent_current_matrix_check":true}
{"hierarchy_device_replace_ms":10.082839,"coupling_reuploaded":false,"graph_recaptured":true}
{"topology_and_rhs_update_ms":0.219109,"hierarchy_rebuilt":true,"coupling_reuploaded":false,"graph_recaptured":true}
{"trial":0,"passed":true,"iterations":31,"submitted":32,"cuda_solve_ms":10.801216,"wall_solve_ms":10.809366,"force_residual":1.09257110993e-11,"moment_residual":1.37916395478e-11,"bond_relative_error":5.56632811055e-12,"bond_max_error_over_peak":2.34101762125e-12,"bond_force_error_n":2.80168809501e-06,"bond_moment_error_nm":1.89406397643e-06,"bond_force_error_over_input":1.11583108191e-11,"bond_moment_error_over_input":8.0020937362e-12,"zero_bond_reference":false,"recurrence_relative_residual":6.72634971332e-11,"failed":0}
{"trial":1,"passed":true,"iterations":31,"submitted":32,"cuda_solve_ms":10.807136,"wall_solve_ms":10.813714,"force_residual":1.09257110993e-11,"moment_residual":1.37916395478e-11,"bond_relative_error":5.56632811055e-12,"bond_max_error_over_peak":2.34101762125e-12,"bond_force_error_n":2.80168809501e-06,"bond_moment_error_nm":1.89406397643e-06,"bond_force_error_over_input":1.11583108191e-11,"bond_moment_error_over_input":8.0020937362e-12,"zero_bond_reference":false,"recurrence_relative_residual":6.72634971332e-11,"failed":0}
{"fracture_frame":1,"live_bonds":18564}
{"component_hierarchy_rebuild_ms":195.446471,"physical_assembly_ms":17.520799,"hierarchy_setup_ms":164.835597,"bonded_components":1,"isolated_nodes":0,"levels":3,"coarse_rows":96,"coarse_nnz":9216,"gpu_galerkin":false,"independent_current_matrix_check":true}
{"hierarchy_device_replace_ms":11.070132,"coupling_reuploaded":false,"graph_recaptured":true}
{"topology_and_rhs_update_ms":0.393755,"hierarchy_rebuilt":true,"coupling_reuploaded":false,"graph_recaptured":true}
{"trial":2,"passed":true,"iterations":30,"submitted":32,"cuda_solve_ms":11.271776,"wall_solve_ms":11.280124,"force_residual":1.61697902271e-11,"moment_residual":2.00025489799e-11,"bond_relative_error":1.95488974657e-11,"bond_max_error_over_peak":3.42362663761e-11,"bond_force_error_n":3.58544497277e-06,"bond_moment_error_nm":2.63587006662e-06,"bond_force_error_over_input":1.42797870692e-11,"bond_moment_error_over_input":1.11360965691e-11,"zero_bond_reference":false,"recurrence_relative_residual":9.48285255734e-11,"failed":0}
{"trial":3,"passed":true,"iterations":30,"submitted":32,"cuda_solve_ms":11.272640,"wall_solve_ms":11.279003,"force_residual":1.61698850505e-11,"moment_residual":2.00027233397e-11,"bond_relative_error":1.95488894887e-11,"bond_max_error_over_peak":3.42362663761e-11,"bond_force_error_n":3.58545936164e-06,"bond_moment_error_nm":2.63586528483e-06,"bond_force_error_over_input":1.42798443759e-11,"bond_moment_error_over_input":1.11360763668e-11,"zero_bond_reference":false,"recurrence_relative_residual":9.48285255734e-11,"failed":0}
{"fracture_frame":2,"live_bonds":18036}
{"component_hierarchy_rebuild_ms":162.580415,"physical_assembly_ms":16.634324,"hierarchy_setup_ms":131.152286,"bonded_components":2,"isolated_nodes":0,"levels":3,"coarse_rows":114,"coarse_nnz":6516,"gpu_galerkin":false,"independent_current_matrix_check":true}
{"hierarchy_device_replace_ms":9.721313,"coupling_reuploaded":false,"graph_recaptured":true}
{"topology_and_rhs_update_ms":0.319728,"hierarchy_rebuilt":true,"coupling_reuploaded":false,"graph_recaptured":true}
{"trial":4,"passed":true,"iterations":36,"submitted":40,"cuda_solve_ms":13.399232,"wall_solve_ms":13.407417,"force_residual":1.44296746448e-11,"moment_residual":1.82173216134e-11,"bond_relative_error":1.08172726151e-11,"bond_max_error_over_peak":2.20147908564e-11,"bond_force_error_n":3.1403293062e-06,"bond_moment_error_nm":2.76400856329e-06,"bond_force_error_over_input":1.25070205122e-11,"bond_moment_error_over_input":1.16774596246e-11,"zero_bond_reference":false,"recurrence_relative_residual":8.44670002975e-11,"failed":0}
{"trial":5,"passed":true,"iterations":36,"submitted":40,"cuda_solve_ms":13.407072,"wall_solve_ms":13.413608,"force_residual":1.44296746448e-11,"moment_residual":1.82173216134e-11,"bond_relative_error":1.08172726151e-11,"bond_max_error_over_peak":2.20147908564e-11,"bond_force_error_n":3.1403293062e-06,"bond_moment_error_nm":2.76400856329e-06,"bond_force_error_over_input":1.25070205122e-11,"bond_moment_error_over_input":1.16774596246e-11,"zero_bond_reference":false,"recurrence_relative_residual":8.44670002975e-11,"failed":0}
{"fracture_frame":3,"live_bonds":0}
{"component_hierarchy_rebuild_ms":9.258369,"physical_assembly_ms":0.921902,"hierarchy_setup_ms":0.024937,"bonded_components":0,"isolated_nodes":5936,"levels":0,"coarse_rows":35616,"coarse_nnz":0,"gpu_galerkin":false,"independent_current_matrix_check":true}
{"hierarchy_device_replace_ms":1.589458,"coupling_reuploaded":false,"graph_recaptured":true}
{"topology_and_rhs_update_ms":0.143137,"hierarchy_rebuilt":true,"coupling_reuploaded":false,"graph_recaptured":true}
{"trial":6,"passed":true,"iterations":0,"submitted":0,"cuda_solve_ms":0.010208,"wall_solve_ms":0.015569,"force_residual":0,"moment_residual":0,"bond_relative_error":null,"bond_max_error_over_peak":null,"bond_force_error_n":0,"bond_moment_error_nm":0,"bond_force_error_over_input":0,"bond_moment_error_over_input":0,"zero_bond_reference":true,"recurrence_relative_residual":0,"failed":0}
{"trial":7,"passed":true,"iterations":0,"submitted":0,"cuda_solve_ms":0.013920,"wall_solve_ms":0.019216,"force_residual":0,"moment_residual":0,"bond_relative_error":null,"bond_max_error_over_peak":null,"bond_force_error_n":0,"bond_moment_error_nm":0,"bond_force_error_over_input":0,"bond_moment_error_over_input":0,"zero_bond_reference":true,"recurrence_relative_residual":0,"failed":0}
{"fracture_frame":4,"live_bonds":18627}
{"component_hierarchy_rebuild_ms":209.917292,"physical_assembly_ms":14.314531,"hierarchy_setup_ms":182.593888,"bonded_components":1,"isolated_nodes":0,"levels":3,"coarse_rows":96,"coarse_nnz":9216,"gpu_galerkin":false,"independent_current_matrix_check":true}
{"hierarchy_device_replace_ms":8.736565,"coupling_reuploaded":false,"graph_recaptured":true}
{"topology_and_rhs_update_ms":0.230571,"hierarchy_rebuilt":true,"coupling_reuploaded":false,"graph_recaptured":true}
{"trial":8,"passed":true,"iterations":31,"submitted":32,"cuda_solve_ms":10.810880,"wall_solve_ms":10.819494,"force_residual":1.09257110993e-11,"moment_residual":1.37916395478e-11,"bond_relative_error":5.56632811055e-12,"bond_max_error_over_peak":2.34101762125e-12,"bond_force_error_n":2.80168809501e-06,"bond_moment_error_nm":1.89406397643e-06,"bond_force_error_over_input":1.11583108191e-11,"bond_moment_error_over_input":8.0020937362e-12,"zero_bond_reference":false,"recurrence_relative_residual":6.72634971332e-11,"failed":0}
{"trial":9,"passed":true,"iterations":31,"submitted":32,"cuda_solve_ms":10.809376,"wall_solve_ms":10.816018,"force_residual":1.09257110993e-11,"moment_residual":1.37916395478e-11,"bond_relative_error":5.56632811055e-12,"bond_max_error_over_peak":2.34101762125e-12,"bond_force_error_n":2.80168809501e-06,"bond_moment_error_nm":1.89406397643e-06,"bond_force_error_over_input":1.11583108191e-11,"bond_moment_error_over_input":8.0020937362e-12,"zero_bond_reference":false,"recurrence_relative_residual":6.72634971332e-11,"failed":0}
{"fracture_frame":5,"live_bonds":12418}
{"component_hierarchy_rebuild_ms":182.863743,"physical_assembly_ms":12.240017,"hierarchy_setup_ms":161.026092,"bonded_components":7,"isolated_nodes":1,"levels":3,"coarse_rows":180,"coarse_nnz":20796,"gpu_galerkin":false,"independent_current_matrix_check":true}
{"hierarchy_device_replace_ms":9.583045,"coupling_reuploaded":false,"graph_recaptured":true}
{"topology_and_rhs_update_ms":0.193462,"hierarchy_rebuilt":true,"coupling_reuploaded":false,"graph_recaptured":true}
{"trial":10,"passed":true,"iterations":44,"submitted":48,"cuda_solve_ms":15.798560,"wall_solve_ms":15.806126,"force_residual":9.9092939462e-12,"moment_residual":1.19435072806e-11,"bond_relative_error":6.98657637534e-12,"bond_max_error_over_peak":4.91773153927e-12,"bond_force_error_n":5.17223806434e-06,"bond_moment_error_nm":2.81253776439e-06,"bond_force_error_over_input":2.05995235713e-11,"bond_moment_error_over_input":1.18824871321e-11,"zero_bond_reference":false,"recurrence_relative_residual":5.51451079614e-11,"failed":0}
{"trial":11,"passed":true,"iterations":44,"submitted":48,"cuda_solve_ms":15.805312,"wall_solve_ms":15.811968,"force_residual":9.9092939462e-12,"moment_residual":1.19435072806e-11,"bond_relative_error":6.98657637534e-12,"bond_max_error_over_peak":4.91773153927e-12,"bond_force_error_n":5.17223806434e-06,"bond_moment_error_nm":2.81253776439e-06,"bond_force_error_over_input":2.05995235713e-11,"bond_moment_error_over_input":1.18824871321e-11,"zero_bond_reference":false,"recurrence_relative_residual":5.51451079614e-11,"failed":0}
{"fracture_frame":6,"live_bonds":18564}
{"component_hierarchy_rebuild_ms":192.964825,"physical_assembly_ms":17.609885,"hierarchy_setup_ms":162.364212,"bonded_components":1,"isolated_nodes":0,"levels":3,"coarse_rows":96,"coarse_nnz":9216,"gpu_galerkin":false,"independent_current_matrix_check":true}
{"hierarchy_device_replace_ms":11.387365,"coupling_reuploaded":false,"graph_recaptured":true}
{"topology_and_rhs_update_ms":0.391882,"hierarchy_rebuilt":true,"coupling_reuploaded":false,"graph_recaptured":true}
{"trial":12,"passed":true,"iterations":30,"submitted":32,"cuda_solve_ms":11.267360,"wall_solve_ms":11.276608,"force_residual":1.61698896128e-11,"moment_residual":2.00025862569e-11,"bond_relative_error":1.95489285332e-11,"bond_max_error_over_peak":3.42362663761e-11,"bond_force_error_n":3.58546238286e-06,"bond_moment_error_nm":2.6358653681e-06,"bond_force_error_over_input":1.42798564086e-11,"bond_moment_error_over_input":1.11360767187e-11,"zero_bond_reference":false,"recurrence_relative_residual":9.48285255734e-11,"failed":0}
{"trial":13,"passed":true,"iterations":30,"submitted":32,"cuda_solve_ms":11.273504,"wall_solve_ms":11.281227,"force_residual":1.61695205863e-11,"moment_residual":2.00025643097e-11,"bond_relative_error":1.95488708619e-11,"bond_max_error_over_peak":3.42373749916e-11,"bond_force_error_n":3.58544263902e-06,"bond_moment_error_nm":2.63586821378e-06,"bond_force_error_over_input":1.42797777746e-11,"bond_moment_error_over_input":1.11360887412e-11,"zero_bond_reference":false,"recurrence_relative_residual":9.48285255734e-11,"failed":0}
{"fracture_frame":7,"live_bonds":18627}
{"component_hierarchy_rebuild_ms":197.870395,"physical_assembly_ms":15.533187,"hierarchy_setup_ms":169.171382,"bonded_components":1,"isolated_nodes":0,"levels":3,"coarse_rows":96,"coarse_nnz":9216,"gpu_galerkin":false,"independent_current_matrix_check":true}
{"hierarchy_device_replace_ms":11.216817,"coupling_reuploaded":false,"graph_recaptured":true}
{"topology_and_rhs_update_ms":0.237474,"hierarchy_rebuilt":true,"coupling_reuploaded":false,"graph_recaptured":true}
{"trial":14,"passed":true,"iterations":31,"submitted":32,"cuda_solve_ms":10.802304,"wall_solve_ms":10.810948,"force_residual":1.09257110993e-11,"moment_residual":1.37916395478e-11,"bond_relative_error":5.56632811055e-12,"bond_max_error_over_peak":2.34101762125e-12,"bond_force_error_n":2.80168809501e-06,"bond_moment_error_nm":1.89406397643e-06,"bond_force_error_over_input":1.11583108191e-11,"bond_moment_error_over_input":8.0020937362e-12,"zero_bond_reference":false,"recurrence_relative_residual":6.72634971332e-11,"failed":0}
{"trial":15,"passed":true,"iterations":31,"submitted":32,"cuda_solve_ms":10.827008,"wall_solve_ms":10.834011,"force_residual":1.09257110993e-11,"moment_residual":1.37916395478e-11,"bond_relative_error":5.56632811055e-12,"bond_max_error_over_peak":2.34101762125e-12,"bond_force_error_n":2.80168809501e-06,"bond_moment_error_nm":1.89406397643e-06,"bond_force_error_over_input":1.11583108191e-11,"bond_moment_error_over_input":8.0020937362e-12,"zero_bond_reference":false,"recurrence_relative_residual":6.72634971332e-11,"failed":0}
