{"native_physical_assembly_ms":33.944811,"active_nodes":5936,"bonds":18627,"independent_operator_comparison":true,"native_load_projection":true}
{"setup_repeat":0,"gpu_galerkin":false,"setup_ms":201.211335,"retained_bytes":0,"allocations":0}
{"native_hierarchy_setup_ms":201.211335,"input_validation_ms":35.759159,"coarse_setup_ms":0.421678,"basis_reconstruction_error":6.38176246387e-17,"levels":3,"coarse_rows":96}
{"native_level":0,"rows":35616,"nnz":827552,"coarse_rows":5100,"omega":0.483457107955,"eigenvalue_upper_bound":2.75791442797,"diagonal_ms":2.310996,"spectral_bound_ms":15.725377,"aggregate_ms":5.438937,"interpolation_ms":15.648423,"galerkin_ms":41.240084,"representation_ms":19.433491}
{"native_level":1,"rows":5100,"nnz":890280,"coarse_rows":738,"omega":0.430145208696,"eigenvalue_upper_bound":3.09972843212,"diagonal_ms":0.356445,"spectral_bound_ms":6.076267,"aggregate_ms":0.602626,"interpolation_ms":4.056375,"galerkin_ms":39.716088,"representation_ms":5.749808}
{"native_level":2,"rows":738,"nnz":225180,"coarse_rows":96,"omega":0.438084405917,"eigenvalue_upper_bound":3.04355351463,"diagonal_ms":0.046417,"spectral_bound_ms":1.407789,"aggregate_ms":0.087934,"interpolation_ms":0.692824,"galerkin_ms":4.854175,"representation_ms":0.662727}
{"resident_bond_operator":true,"gpu_rigid_projector":true}
{"gpu":"NVIDIA GeForce RTX 4090","operator":"double","preconditioner_storage":"float","preconditioner_arithmetic":"float","outer_vectors_and_reductions":"double","cuda_graph":true,"device_context_upload_graph_ms":175.764823,"rows":35616,"free":false,"levels":3,"scope":"standalone hierarchy validation; no game integration"}
{"fracture_frame":0,"live_bonds":18627}
{"component_hierarchy_rebuild_ms":211.900195,"physical_assembly_ms":18.590107,"hierarchy_setup_ms":180.099178,"bonded_components":1,"isolated_nodes":0,"levels":3,"coarse_rows":96,"coarse_nnz":9216,"gpu_galerkin":false,"independent_current_matrix_check":true}
{"hierarchy_device_replace_ms":8.280694,"coupling_reuploaded":false,"graph_recaptured":true}
{"topology_and_rhs_update_ms":0.236231,"hierarchy_rebuilt":true,"coupling_reuploaded":false,"graph_recaptured":true}
{"trial":0,"passed":true,"iterations":31,"submitted":32,"cuda_solve_ms":6.417184,"wall_solve_ms":6.424658,"force_residual":1.09404248566e-11,"moment_residual":1.37956182279e-11,"bond_relative_error":5.56705975548e-12,"bond_max_error_over_peak":2.34101762125e-12,"bond_force_error_n":2.80292101781e-06,"bond_moment_error_nm":1.89403027704e-06,"bond_force_error_over_input":1.1163221193e-11,"bond_moment_error_over_input":8.00195136207e-12,"zero_bond_reference":false,"recurrence_relative_residual":6.7263596876e-11,"failed":0}
{"trial":1,"passed":true,"iterations":31,"submitted":32,"cuda_solve_ms":6.419296,"wall_solve_ms":6.426261,"force_residual":1.09404248566e-11,"moment_residual":1.37956182279e-11,"bond_relative_error":5.56705975548e-12,"bond_max_error_over_peak":2.34101762125e-12,"bond_force_error_n":2.80292101781e-06,"bond_moment_error_nm":1.89403027704e-06,"bond_force_error_over_input":1.1163221193e-11,"bond_moment_error_over_input":8.00195136207e-12,"zero_bond_reference":false,"recurrence_relative_residual":6.7263596876e-11,"failed":0}
{"fracture_frame":1,"live_bonds":18564}
{"component_hierarchy_rebuild_ms":191.560291,"physical_assembly_ms":17.821431,"hierarchy_setup_ms":160.534682,"bonded_components":1,"isolated_nodes":0,"levels":3,"coarse_rows":96,"coarse_nnz":9216,"gpu_galerkin":false,"independent_current_matrix_check":true}
{"hierarchy_device_replace_ms":8.251469,"coupling_reuploaded":false,"graph_recaptured":true}
{"topology_and_rhs_update_ms":0.420115,"hierarchy_rebuilt":true,"coupling_reuploaded":false,"graph_recaptured":true}
{"trial":2,"passed":true,"iterations":30,"submitted":32,"cuda_solve_ms":7.015296,"wall_solve_ms":7.023677,"force_residual":1.61696679543e-11,"moment_residual":2.00023395797e-11,"bond_relative_error":1.95489807868e-11,"bond_max_error_over_peak":3.42384836072e-11,"bond_force_error_n":3.58549265161e-06,"bond_moment_error_nm":2.63586560449e-06,"bond_force_error_over_input":1.42799769602e-11,"bond_moment_error_over_input":1.11360777173e-11,"zero_bond_reference":false,"recurrence_relative_residual":9.48281684652e-11,"failed":0}
{"trial":3,"passed":true,"iterations":30,"submitted":32,"cuda_solve_ms":7.027040,"wall_solve_ms":7.034437,"force_residual":1.61703164196e-11,"moment_residual":2.00024715257e-11,"bond_relative_error":1.95490471708e-11,"bond_max_error_over_peak":3.42407008384e-11,"bond_force_error_n":3.58555751446e-06,"bond_moment_error_nm":2.63586388529e-06,"bond_force_error_over_input":1.42802352901e-11,"bond_moment_error_over_input":1.1136070454e-11,"zero_bond_reference":false,"recurrence_relative_residual":9.48281572626e-11,"failed":0}
{"fracture_frame":2,"live_bonds":18036}
{"component_hierarchy_rebuild_ms":159.762419,"physical_assembly_ms":17.834655,"hierarchy_setup_ms":128.832159,"bonded_components":2,"isolated_nodes":0,"levels":3,"coarse_rows":114,"coarse_nnz":6516,"gpu_galerkin":false,"independent_current_matrix_check":true}
{"hierarchy_device_replace_ms":7.402915,"coupling_reuploaded":false,"graph_recaptured":true}
{"topology_and_rhs_update_ms":0.333904,"hierarchy_rebuilt":true,"coupling_reuploaded":false,"graph_recaptured":true}
{"trial":4,"passed":true,"iterations":36,"submitted":40,"cuda_solve_ms":8.384416,"wall_solve_ms":8.391841,"force_residual":1.44296291334e-11,"moment_residual":1.82169076646e-11,"bond_relative_error":1.08172778695e-11,"bond_max_error_over_peak":2.20184563227e-11,"bond_force_error_n":3.14053486384e-06,"bond_moment_error_nm":2.76399581897e-06,"bond_force_error_over_input":1.25078391887e-11,"bond_moment_error_over_input":1.1677405782e-11,"zero_bond_reference":false,"recurrence_relative_residual":8.44669712028e-11,"failed":0}
{"trial":5,"passed":true,"iterations":36,"submitted":40,"cuda_solve_ms":8.383552,"wall_solve_ms":8.390028,"force_residual":1.44296291334e-11,"moment_residual":1.82169076646e-11,"bond_relative_error":1.08172778695e-11,"bond_max_error_over_peak":2.20184563227e-11,"bond_force_error_n":3.14053486384e-06,"bond_moment_error_nm":2.76399581897e-06,"bond_force_error_over_input":1.25078391887e-11,"bond_moment_error_over_input":1.1677405782e-11,"zero_bond_reference":false,"recurrence_relative_residual":8.44669712028e-11,"failed":0}
{"fracture_frame":3,"live_bonds":0}
{"component_hierarchy_rebuild_ms":1.121855,"physical_assembly_ms":0.893098,"hierarchy_setup_ms":0.024245,"bonded_components":0,"isolated_nodes":5936,"levels":0,"coarse_rows":35616,"coarse_nnz":0,"gpu_galerkin":false,"independent_current_matrix_check":true}
{"hierarchy_device_replace_ms":1.232211,"coupling_reuploaded":false,"graph_recaptured":true}
{"topology_and_rhs_update_ms":0.138690,"hierarchy_rebuilt":true,"coupling_reuploaded":false,"graph_recaptured":true}
{"trial":6,"passed":true,"iterations":0,"submitted":0,"cuda_solve_ms":0.008928,"wall_solve_ms":0.014857,"force_residual":0,"moment_residual":0,"bond_relative_error":null,"bond_max_error_over_peak":null,"bond_force_error_n":0,"bond_moment_error_nm":0,"bond_force_error_over_input":0,"bond_moment_error_over_input":0,"zero_bond_reference":true,"recurrence_relative_residual":0,"failed":0}
{"trial":7,"passed":true,"iterations":0,"submitted":0,"cuda_solve_ms":0.011328,"wall_solve_ms":0.017402,"force_residual":0,"moment_residual":0,"bond_relative_error":null,"bond_max_error_over_peak":null,"bond_force_error_n":0,"bond_moment_error_nm":0,"bond_force_error_over_input":0,"bond_moment_error_over_input":0,"zero_bond_reference":true,"recurrence_relative_residual":0,"failed":0}
{"fracture_frame":4,"live_bonds":18627}
{"component_hierarchy_rebuild_ms":177.244777,"physical_assembly_ms":15.273012,"hierarchy_setup_ms":148.961329,"bonded_components":1,"isolated_nodes":0,"levels":3,"coarse_rows":96,"coarse_nnz":9216,"gpu_galerkin":false,"independent_current_matrix_check":true}
{"hierarchy_device_replace_ms":7.420417,"coupling_reuploaded":false,"graph_recaptured":true}
{"topology_and_rhs_update_ms":0.245668,"hierarchy_rebuilt":true,"coupling_reuploaded":false,"graph_recaptured":true}
{"trial":8,"passed":true,"iterations":31,"submitted":32,"cuda_solve_ms":6.415488,"wall_solve_ms":6.423536,"force_residual":1.09404248566e-11,"moment_residual":1.37956182279e-11,"bond_relative_error":5.56705975548e-12,"bond_max_error_over_peak":2.34101762125e-12,"bond_force_error_n":2.80292101781e-06,"bond_moment_error_nm":1.89403027704e-06,"bond_force_error_over_input":1.1163221193e-11,"bond_moment_error_over_input":8.00195136207e-12,"zero_bond_reference":false,"recurrence_relative_residual":6.7263596876e-11,"failed":0}
{"trial":9,"passed":true,"iterations":31,"submitted":32,"cuda_solve_ms":6.404000,"wall_solve_ms":6.410562,"force_residual":1.09404248566e-11,"moment_residual":1.37956182279e-11,"bond_relative_error":5.56705975548e-12,"bond_max_error_over_peak":2.34101762125e-12,"bond_force_error_n":2.80292101781e-06,"bond_moment_error_nm":1.89403027704e-06,"bond_force_error_over_input":1.1163221193e-11,"bond_moment_error_over_input":8.00195136207e-12,"zero_bond_reference":false,"recurrence_relative_residual":6.7263596876e-11,"failed":0}
{"fracture_frame":5,"live_bonds":12418}
{"component_hierarchy_rebuild_ms":165.144090,"physical_assembly_ms":10.175463,"hierarchy_setup_ms":145.384308,"bonded_components":7,"isolated_nodes":1,"levels":3,"coarse_rows":180,"coarse_nnz":20796,"gpu_galerkin":false,"independent_current_matrix_check":true}
{"hierarchy_device_replace_ms":7.975724,"coupling_reuploaded":false,"graph_recaptured":true}
{"topology_and_rhs_update_ms":0.160170,"hierarchy_rebuilt":true,"coupling_reuploaded":false,"graph_recaptured":true}
{"trial":10,"passed":true,"iterations":44,"submitted":48,"cuda_solve_ms":9.307232,"wall_solve_ms":9.315356,"force_residual":9.93001253977e-12,"moment_residual":1.19336131938e-11,"bond_relative_error":6.98650752242e-12,"bond_max_error_over_peak":4.91739244773e-12,"bond_force_error_n":5.17285782891e-06,"bond_moment_error_nm":2.81243414152e-06,"bond_force_error_over_input":2.06019919138e-11,"bond_moment_error_over_input":1.18820493433e-11,"zero_bond_reference":false,"recurrence_relative_residual":5.51443361961e-11,"failed":0}
{"trial":11,"passed":true,"iterations":44,"submitted":48,"cuda_solve_ms":9.308224,"wall_solve_ms":9.314203,"force_residual":9.93001253977e-12,"moment_residual":1.19336131938e-11,"bond_relative_error":6.98650752242e-12,"bond_max_error_over_peak":4.91739244773e-12,"bond_force_error_n":5.17285782891e-06,"bond_moment_error_nm":2.81243414152e-06,"bond_force_error_over_input":2.06019919138e-11,"bond_moment_error_over_input":1.18820493433e-11,"zero_bond_reference":false,"recurrence_relative_residual":5.51443361961e-11,"failed":0}
{"fracture_frame":6,"live_bonds":18564}
{"component_hierarchy_rebuild_ms":183.796452,"physical_assembly_ms":18.228661,"hierarchy_setup_ms":152.489447,"bonded_components":1,"isolated_nodes":0,"levels":3,"coarse_rows":96,"coarse_nnz":9216,"gpu_galerkin":false,"independent_current_matrix_check":true}
{"hierarchy_device_replace_ms":8.573561,"coupling_reuploaded":false,"graph_recaptured":true}
{"topology_and_rhs_update_ms":0.418051,"hierarchy_rebuilt":true,"coupling_reuploaded":false,"graph_recaptured":true}
{"trial":12,"passed":true,"iterations":30,"submitted":32,"cuda_solve_ms":7.011072,"wall_solve_ms":7.018346,"force_residual":1.61704237776e-11,"moment_residual":2.00025285317e-11,"bond_relative_error":1.95490133942e-11,"bond_max_error_over_peak":3.42329405293e-11,"bond_force_error_n":3.58549571973e-06,"bond_moment_error_nm":2.63586468485e-06,"bond_force_error_over_input":1.42799891797e-11,"bond_moment_error_over_input":1.1136073832e-11,"zero_bond_reference":false,"recurrence_relative_residual":9.48282230888e-11,"failed":0}
{"trial":13,"passed":true,"iterations":30,"submitted":32,"cuda_solve_ms":7.015040,"wall_solve_ms":7.022123,"force_residual":1.61703693751e-11,"moment_residual":2.00026848338e-11,"bond_relative_error":1.95489820499e-11,"bond_max_error_over_peak":3.42329405293e-11,"bond_force_error_n":3.58554019951e-06,"bond_moment_error_nm":2.63586487057e-06,"bond_force_error_over_input":1.42801663297e-11,"bond_moment_error_over_input":1.11360746167e-11,"zero_bond_reference":false,"recurrence_relative_residual":9.48282036672e-11,"failed":0}
{"fracture_frame":7,"live_bonds":18627}
{"component_hierarchy_rebuild_ms":184.439793,"physical_assembly_ms":14.292991,"hierarchy_setup_ms":157.148367,"bonded_components":1,"isolated_nodes":0,"levels":3,"coarse_rows":96,"coarse_nnz":9216,"gpu_galerkin":false,"independent_current_matrix_check":true}
{"hierarchy_device_replace_ms":8.439831,"coupling_reuploaded":false,"graph_recaptured":true}
{"topology_and_rhs_update_ms":0.234588,"hierarchy_rebuilt":true,"coupling_reuploaded":false,"graph_recaptured":true}
{"trial":14,"passed":true,"iterations":31,"submitted":32,"cuda_solve_ms":6.413952,"wall_solve_ms":6.422063,"force_residual":1.09404248566e-11,"moment_residual":1.37956182279e-11,"bond_relative_error":5.56705975548e-12,"bond_max_error_over_peak":2.34101762125e-12,"bond_force_error_n":2.80292101781e-06,"bond_moment_error_nm":1.89403027704e-06,"bond_force_error_over_input":1.1163221193e-11,"bond_moment_error_over_input":8.00195136207e-12,"zero_bond_reference":false,"recurrence_relative_residual":6.7263596876e-11,"failed":0}
{"trial":15,"passed":true,"iterations":31,"submitted":32,"cuda_solve_ms":6.418528,"wall_solve_ms":6.424929,"force_residual":1.09404248566e-11,"moment_residual":1.37956182279e-11,"bond_relative_error":5.56705975548e-12,"bond_max_error_over_peak":2.34101762125e-12,"bond_force_error_n":2.80292101781e-06,"bond_moment_error_nm":1.89403027704e-06,"bond_force_error_over_input":1.1163221193e-11,"bond_moment_error_over_input":8.00195136207e-12,"zero_bond_reference":false,"recurrence_relative_residual":6.7263596876e-11,"failed":0}
