{"native_physical_assembly_ms":31.795997,"active_nodes":5936,"bonds":18627,"independent_operator_comparison":true,"native_load_projection":true}
{"setup_repeat":0,"gpu_galerkin":false,"setup_ms":201.777260,"retained_bytes":0,"allocations":0}
{"native_hierarchy_setup_ms":201.777260,"input_validation_ms":35.767575,"coarse_setup_ms":0.427208,"basis_reconstruction_error":6.38176246387e-17,"levels":3,"coarse_rows":96}
{"native_level":0,"rows":35616,"nnz":827552,"coarse_rows":5100,"omega":0.483457107955,"eigenvalue_upper_bound":2.75791442797,"diagonal_ms":2.274378,"spectral_bound_ms":15.946329,"aggregate_ms":5.541589,"interpolation_ms":15.518760,"galerkin_ms":41.437893,"representation_ms":19.053422}
{"native_level":1,"rows":5100,"nnz":890280,"coarse_rows":738,"omega":0.430145208696,"eigenvalue_upper_bound":3.09972843212,"diagonal_ms":0.357508,"spectral_bound_ms":6.602049,"aggregate_ms":0.617713,"interpolation_ms":4.035106,"galerkin_ms":39.113042,"representation_ms":6.458250}
{"native_level":2,"rows":738,"nnz":225180,"coarse_rows":96,"omega":0.438084405917,"eigenvalue_upper_bound":3.04355351463,"diagonal_ms":0.046867,"spectral_bound_ms":1.395857,"aggregate_ms":0.088365,"interpolation_ms":0.691682,"galerkin_ms":4.902235,"representation_ms":0.663829}
{"resident_bond_operator":true,"gpu_rigid_projector":true}
{"gpu":"NVIDIA GeForce RTX 4090","operator":"double","preconditioner_storage":"double","preconditioner_arithmetic":"double","outer_vectors_and_reductions":"double","cuda_graph":true,"device_context_upload_graph_ms":148.480781,"rows":35616,"free":false,"levels":3,"scope":"standalone hierarchy validation; no game integration"}
{"fracture_frame":0,"live_bonds":18627}
{"component_hierarchy_rebuild_ms":213.500642,"physical_assembly_ms":17.127655,"hierarchy_setup_ms":183.295415,"bonded_components":1,"isolated_nodes":0,"levels":3,"coarse_rows":96,"coarse_nnz":9216,"gpu_galerkin":false,"independent_current_matrix_check":true}
{"hierarchy_device_replace_ms":10.489549,"coupling_reuploaded":false,"graph_recaptured":true}
{"topology_and_rhs_update_ms":0.230611,"hierarchy_rebuilt":true,"coupling_reuploaded":false,"graph_recaptured":true}
{"trial":0,"passed":true,"iterations":31,"submitted":32,"cuda_solve_ms":10.800992,"wall_solve_ms":10.809887,"force_residual":1.09257110993e-11,"moment_residual":1.37916395478e-11,"bond_relative_error":5.56632811055e-12,"bond_max_error_over_peak":2.34101762125e-12,"bond_force_error_n":2.80168809501e-06,"bond_moment_error_nm":1.89406397643e-06,"bond_force_error_over_input":1.11583108191e-11,"bond_moment_error_over_input":8.0020937362e-12,"zero_bond_reference":false,"recurrence_relative_residual":6.72634971332e-11,"failed":0}
{"trial":1,"passed":true,"iterations":31,"submitted":32,"cuda_solve_ms":10.819840,"wall_solve_ms":10.827480,"force_residual":1.09257110993e-11,"moment_residual":1.37916395478e-11,"bond_relative_error":5.56632811055e-12,"bond_max_error_over_peak":2.34101762125e-12,"bond_force_error_n":2.80168809501e-06,"bond_moment_error_nm":1.89406397643e-06,"bond_force_error_over_input":1.11583108191e-11,"bond_moment_error_over_input":8.0020937362e-12,"zero_bond_reference":false,"recurrence_relative_residual":6.72634971332e-11,"failed":0}
{"fracture_frame":1,"live_bonds":18564}
{"component_hierarchy_rebuild_ms":201.203488,"physical_assembly_ms":18.036212,"hierarchy_setup_ms":169.978457,"bonded_components":1,"isolated_nodes":0,"levels":3,"coarse_rows":96,"coarse_nnz":9216,"gpu_galerkin":false,"independent_current_matrix_check":true}
{"hierarchy_device_replace_ms":10.858558,"coupling_reuploaded":false,"graph_recaptured":true}
{"topology_and_rhs_update_ms":0.395259,"hierarchy_rebuilt":true,"coupling_reuploaded":false,"graph_recaptured":true}
{"trial":2,"passed":true,"iterations":30,"submitted":32,"cuda_solve_ms":11.273504,"wall_solve_ms":11.281167,"force_residual":1.6169636218e-11,"moment_residual":2.0002554474e-11,"bond_relative_error":1.9548922956e-11,"bond_max_error_over_peak":3.42362663761e-11,"bond_force_error_n":3.58547648527e-06,"bond_moment_error_nm":2.63586487303e-06,"bond_force_error_over_input":1.42799125744e-11,"bond_moment_error_over_input":1.11360746271e-11,"zero_bond_reference":false,"recurrence_relative_residual":9.48285255734e-11,"failed":0}
{"trial":3,"passed":true,"iterations":30,"submitted":32,"cuda_solve_ms":11.276352,"wall_solve_ms":11.283301,"force_residual":1.61695320113e-11,"moment_residual":2.00025882908e-11,"bond_relative_error":1.95488857506e-11,"bond_max_error_over_peak":3.42362663761e-11,"bond_force_error_n":3.58546014874e-06,"bond_moment_error_nm":2.63586450714e-06,"bond_force_error_over_input":1.42798475107e-11,"bond_moment_error_over_input":1.11360730812e-11,"zero_bond_reference":false,"recurrence_relative_residual":9.48285255734e-11,"failed":0}
{"fracture_frame":2,"live_bonds":18036}
{"component_hierarchy_rebuild_ms":163.307659,"physical_assembly_ms":17.153052,"hierarchy_setup_ms":131.296901,"bonded_components":2,"isolated_nodes":0,"levels":3,"coarse_rows":114,"coarse_nnz":6516,"gpu_galerkin":false,"independent_current_matrix_check":true}
{"hierarchy_device_replace_ms":9.758514,"coupling_reuploaded":false,"graph_recaptured":true}
{"topology_and_rhs_update_ms":0.319898,"hierarchy_rebuilt":true,"coupling_reuploaded":false,"graph_recaptured":true}
{"trial":4,"passed":true,"iterations":36,"submitted":40,"cuda_solve_ms":13.398176,"wall_solve_ms":13.407127,"force_residual":1.44296746448e-11,"moment_residual":1.82173216134e-11,"bond_relative_error":1.08172726151e-11,"bond_max_error_over_peak":2.20147908564e-11,"bond_force_error_n":3.1403293062e-06,"bond_moment_error_nm":2.76400856329e-06,"bond_force_error_over_input":1.25070205122e-11,"bond_moment_error_over_input":1.16774596246e-11,"zero_bond_reference":false,"recurrence_relative_residual":8.44670002975e-11,"failed":0}
{"trial":5,"passed":true,"iterations":36,"submitted":40,"cuda_solve_ms":13.400800,"wall_solve_ms":13.407638,"force_residual":1.44296746448e-11,"moment_residual":1.82173216134e-11,"bond_relative_error":1.08172726151e-11,"bond_max_error_over_peak":2.20147908564e-11,"bond_force_error_n":3.1403293062e-06,"bond_moment_error_nm":2.76400856329e-06,"bond_force_error_over_input":1.25070205122e-11,"bond_moment_error_over_input":1.16774596246e-11,"zero_bond_reference":false,"recurrence_relative_residual":8.44670002975e-11,"failed":0}
{"fracture_frame":3,"live_bonds":0}
{"component_hierarchy_rebuild_ms":8.309828,"physical_assembly_ms":0.922633,"hierarchy_setup_ms":0.024596,"bonded_components":0,"isolated_nodes":5936,"levels":0,"coarse_rows":35616,"coarse_nnz":0,"gpu_galerkin":false,"independent_current_matrix_check":true}
{"hierarchy_device_replace_ms":1.593766,"coupling_reuploaded":false,"graph_recaptured":true}
{"topology_and_rhs_update_ms":0.135002,"hierarchy_rebuilt":true,"coupling_reuploaded":false,"graph_recaptured":true}
{"trial":6,"passed":true,"iterations":0,"submitted":0,"cuda_solve_ms":0.009440,"wall_solve_ms":0.015749,"force_residual":0,"moment_residual":0,"bond_relative_error":null,"bond_max_error_over_peak":null,"bond_force_error_n":0,"bond_moment_error_nm":0,"bond_force_error_over_input":0,"bond_moment_error_over_input":0,"zero_bond_reference":true,"recurrence_relative_residual":0,"failed":0}
{"trial":7,"passed":true,"iterations":0,"submitted":0,"cuda_solve_ms":0.009088,"wall_solve_ms":0.015649,"force_residual":0,"moment_residual":0,"bond_relative_error":null,"bond_max_error_over_peak":null,"bond_force_error_n":0,"bond_moment_error_nm":0,"bond_force_error_over_input":0,"bond_moment_error_over_input":0,"zero_bond_reference":true,"recurrence_relative_residual":0,"failed":0}
{"fracture_frame":4,"live_bonds":18627}
{"component_hierarchy_rebuild_ms":206.964927,"physical_assembly_ms":14.447610,"hierarchy_setup_ms":179.305304,"bonded_components":1,"isolated_nodes":0,"levels":3,"coarse_rows":96,"coarse_nnz":9216,"gpu_galerkin":false,"independent_current_matrix_check":true}
{"hierarchy_device_replace_ms":9.144056,"coupling_reuploaded":false,"graph_recaptured":true}
{"topology_and_rhs_update_ms":0.215803,"hierarchy_rebuilt":true,"coupling_reuploaded":false,"graph_recaptured":true}
{"trial":8,"passed":true,"iterations":31,"submitted":32,"cuda_solve_ms":10.808384,"wall_solve_ms":10.816749,"force_residual":1.09257110993e-11,"moment_residual":1.37916395478e-11,"bond_relative_error":5.56632811055e-12,"bond_max_error_over_peak":2.34101762125e-12,"bond_force_error_n":2.80168809501e-06,"bond_moment_error_nm":1.89406397643e-06,"bond_force_error_over_input":1.11583108191e-11,"bond_moment_error_over_input":8.0020937362e-12,"zero_bond_reference":false,"recurrence_relative_residual":6.72634971332e-11,"failed":0}
{"trial":9,"passed":true,"iterations":31,"submitted":32,"cuda_solve_ms":10.830048,"wall_solve_ms":10.845343,"force_residual":1.09257110993e-11,"moment_residual":1.37916395478e-11,"bond_relative_error":5.56632811055e-12,"bond_max_error_over_peak":2.34101762125e-12,"bond_force_error_n":2.80168809501e-06,"bond_moment_error_nm":1.89406397643e-06,"bond_force_error_over_input":1.11583108191e-11,"bond_moment_error_over_input":8.0020937362e-12,"zero_bond_reference":false,"recurrence_relative_residual":6.72634971332e-11,"failed":0}
{"fracture_frame":5,"live_bonds":12418}
{"component_hierarchy_rebuild_ms":179.769270,"physical_assembly_ms":10.589575,"hierarchy_setup_ms":159.473909,"bonded_components":7,"isolated_nodes":1,"levels":3,"coarse_rows":180,"coarse_nnz":20796,"gpu_galerkin":false,"independent_current_matrix_check":true}
{"hierarchy_device_replace_ms":9.604576,"coupling_reuploaded":false,"graph_recaptured":true}
{"topology_and_rhs_update_ms":0.170498,"hierarchy_rebuilt":true,"coupling_reuploaded":false,"graph_recaptured":true}
{"trial":10,"passed":true,"iterations":44,"submitted":48,"cuda_solve_ms":15.784416,"wall_solve_ms":15.791830,"force_residual":9.9092939462e-12,"moment_residual":1.19435072806e-11,"bond_relative_error":6.98657637534e-12,"bond_max_error_over_peak":4.91773153927e-12,"bond_force_error_n":5.17223806434e-06,"bond_moment_error_nm":2.81253776439e-06,"bond_force_error_over_input":2.05995235713e-11,"bond_moment_error_over_input":1.18824871321e-11,"zero_bond_reference":false,"recurrence_relative_residual":5.51451079614e-11,"failed":0}
{"trial":11,"passed":true,"iterations":44,"submitted":48,"cuda_solve_ms":15.797184,"wall_solve_ms":15.803803,"force_residual":9.9092939462e-12,"moment_residual":1.19435072806e-11,"bond_relative_error":6.98657637534e-12,"bond_max_error_over_peak":4.91773153927e-12,"bond_force_error_n":5.17223806434e-06,"bond_moment_error_nm":2.81253776439e-06,"bond_force_error_over_input":2.05995235713e-11,"bond_moment_error_over_input":1.18824871321e-11,"zero_bond_reference":false,"recurrence_relative_residual":5.51451079614e-11,"failed":0}
{"fracture_frame":6,"live_bonds":18564}
{"component_hierarchy_rebuild_ms":192.667597,"physical_assembly_ms":17.887113,"hierarchy_setup_ms":161.601192,"bonded_components":1,"isolated_nodes":0,"levels":3,"coarse_rows":96,"coarse_nnz":9216,"gpu_galerkin":false,"independent_current_matrix_check":true}
{"hierarchy_device_replace_ms":10.722895,"coupling_reuploaded":false,"graph_recaptured":true}
{"topology_and_rhs_update_ms":0.398093,"hierarchy_rebuilt":true,"coupling_reuploaded":false,"graph_recaptured":true}
{"trial":12,"passed":true,"iterations":30,"submitted":32,"cuda_solve_ms":11.276352,"wall_solve_ms":11.284623,"force_residual":1.61698293232e-11,"moment_residual":2.00026210552e-11,"bond_relative_error":1.95488803595e-11,"bond_max_error_over_peak":3.42362663761e-11,"bond_force_error_n":3.58545513383e-06,"bond_moment_error_nm":2.6358648062e-06,"bond_force_error_over_input":1.42798275378e-11,"bond_moment_error_over_input":1.11360743447e-11,"zero_bond_reference":false,"recurrence_relative_residual":9.48285255734e-11,"failed":0}
{"trial":13,"passed":true,"iterations":30,"submitted":32,"cuda_solve_ms":11.279904,"wall_solve_ms":11.286617,"force_residual":1.61696303797e-11,"moment_residual":2.00025294511e-11,"bond_relative_error":1.95488945248e-11,"bond_max_error_over_peak":3.42373749916e-11,"bond_force_error_n":3.58545080764e-06,"bond_moment_error_nm":2.63586736014e-06,"bond_force_error_over_input":1.42798103078e-11,"bond_moment_error_over_input":1.11360851346e-11,"zero_bond_reference":false,"recurrence_relative_residual":9.48285255734e-11,"failed":0}
{"fracture_frame":7,"live_bonds":18627}
{"component_hierarchy_rebuild_ms":194.627076,"physical_assembly_ms":15.409627,"hierarchy_setup_ms":165.718330,"bonded_components":1,"isolated_nodes":0,"levels":3,"coarse_rows":96,"coarse_nnz":9216,"gpu_galerkin":false,"independent_current_matrix_check":true}
{"hierarchy_device_replace_ms":10.857776,"coupling_reuploaded":false,"graph_recaptured":true}
{"topology_and_rhs_update_ms":0.213679,"hierarchy_rebuilt":true,"coupling_reuploaded":false,"graph_recaptured":true}
{"trial":14,"passed":true,"iterations":31,"submitted":32,"cuda_solve_ms":10.805088,"wall_solve_ms":10.812782,"force_residual":1.09257110993e-11,"moment_residual":1.37916395478e-11,"bond_relative_error":5.56632811055e-12,"bond_max_error_over_peak":2.34101762125e-12,"bond_force_error_n":2.80168809501e-06,"bond_moment_error_nm":1.89406397643e-06,"bond_force_error_over_input":1.11583108191e-11,"bond_moment_error_over_input":8.0020937362e-12,"zero_bond_reference":false,"recurrence_relative_residual":6.72634971332e-11,"failed":0}
{"trial":15,"passed":true,"iterations":31,"submitted":32,"cuda_solve_ms":10.808608,"wall_solve_ms":10.814967,"force_residual":1.09257110993e-11,"moment_residual":1.37916395478e-11,"bond_relative_error":5.56632811055e-12,"bond_max_error_over_peak":2.34101762125e-12,"bond_force_error_n":2.80168809501e-06,"bond_moment_error_nm":1.89406397643e-06,"bond_force_error_over_input":1.11583108191e-11,"bond_moment_error_over_input":8.0020937362e-12,"zero_bond_reference":false,"recurrence_relative_residual":6.72634971332e-11,"failed":0}
