{"native_physical_assembly_ms":33.009102,"active_nodes":5936,"bonds":18627,"independent_operator_comparison":true,"native_load_projection":true}
{"setup_repeat":0,"gpu_galerkin":false,"setup_ms":205.605844,"retained_bytes":0,"allocations":0}
{"native_hierarchy_setup_ms":205.605844,"input_validation_ms":36.583847,"coarse_setup_ms":0.422650,"basis_reconstruction_error":6.38176246387e-17,"levels":3,"coarse_rows":96}
{"native_level":0,"rows":35616,"nnz":827552,"coarse_rows":5100,"omega":0.483457107955,"eigenvalue_upper_bound":2.75791442797,"diagonal_ms":2.634951,"spectral_bound_ms":16.589960,"aggregate_ms":5.703020,"interpolation_ms":17.154244,"galerkin_ms":41.646321,"representation_ms":19.371746}
{"native_level":1,"rows":5100,"nnz":890280,"coarse_rows":738,"omega":0.430145208696,"eigenvalue_upper_bound":3.09972843212,"diagonal_ms":0.383626,"spectral_bound_ms":6.294495,"aggregate_ms":0.616170,"interpolation_ms":4.075331,"galerkin_ms":39.513469,"representation_ms":5.801884}
{"native_level":2,"rows":738,"nnz":225180,"coarse_rows":96,"omega":0.438084405917,"eigenvalue_upper_bound":3.04355351463,"diagonal_ms":0.048380,"spectral_bound_ms":1.411055,"aggregate_ms":0.088556,"interpolation_ms":0.688305,"galerkin_ms":4.864564,"representation_ms":0.710537}
{"resident_bond_operator":true,"gpu_rigid_projector":true}
{"gpu":"NVIDIA GeForce RTX 4090","operator":"double","preconditioner_storage":"float","preconditioner_arithmetic":"float","outer_vectors_and_reductions":"double","cuda_graph":true,"device_context_upload_graph_ms":150.723525,"rows":35616,"free":false,"levels":3,"scope":"standalone hierarchy validation; no game integration"}
{"fracture_frame":0,"live_bonds":18627}
{"component_hierarchy_rebuild_ms":214.694397,"physical_assembly_ms":17.929171,"hierarchy_setup_ms":183.634885,"bonded_components":1,"isolated_nodes":0,"levels":3,"coarse_rows":96,"coarse_nnz":9216,"gpu_galerkin":false,"independent_current_matrix_check":true}
{"hierarchy_device_replace_ms":8.317883,"coupling_reuploaded":false,"graph_recaptured":true}
{"topology_and_rhs_update_ms":0.243835,"hierarchy_rebuilt":true,"coupling_reuploaded":false,"graph_recaptured":true}
{"trial":0,"passed":true,"iterations":31,"submitted":32,"cuda_solve_ms":6.415136,"wall_solve_ms":6.423606,"force_residual":1.09404248566e-11,"moment_residual":1.37956182279e-11,"bond_relative_error":5.56705975548e-12,"bond_max_error_over_peak":2.34101762125e-12,"bond_force_error_n":2.80292101781e-06,"bond_moment_error_nm":1.89403027704e-06,"bond_force_error_over_input":1.1163221193e-11,"bond_moment_error_over_input":8.00195136207e-12,"zero_bond_reference":false,"recurrence_relative_residual":6.7263596876e-11,"failed":0}
{"trial":1,"passed":true,"iterations":31,"submitted":32,"cuda_solve_ms":6.412416,"wall_solve_ms":6.419618,"force_residual":1.09404248566e-11,"moment_residual":1.37956182279e-11,"bond_relative_error":5.56705975548e-12,"bond_max_error_over_peak":2.34101762125e-12,"bond_force_error_n":2.80292101781e-06,"bond_moment_error_nm":1.89403027704e-06,"bond_force_error_over_input":1.1163221193e-11,"bond_moment_error_over_input":8.00195136207e-12,"zero_bond_reference":false,"recurrence_relative_residual":6.7263596876e-11,"failed":0}
{"fracture_frame":1,"live_bonds":18564}
{"component_hierarchy_rebuild_ms":195.075609,"physical_assembly_ms":18.256002,"hierarchy_setup_ms":163.221885,"bonded_components":1,"isolated_nodes":0,"levels":3,"coarse_rows":96,"coarse_nnz":9216,"gpu_galerkin":false,"independent_current_matrix_check":true}
{"hierarchy_device_replace_ms":8.341377,"coupling_reuploaded":false,"graph_recaptured":true}
{"topology_and_rhs_update_ms":0.417900,"hierarchy_rebuilt":true,"coupling_reuploaded":false,"graph_recaptured":true}
{"trial":2,"passed":true,"iterations":30,"submitted":32,"cuda_solve_ms":7.012128,"wall_solve_ms":7.020500,"force_residual":1.61705566812e-11,"moment_residual":2.00023441189e-11,"bond_relative_error":1.95490408035e-11,"bond_max_error_over_peak":3.42362663761e-11,"bond_force_error_n":3.58554380915e-06,"bond_moment_error_nm":2.6358670631e-06,"bond_force_error_over_input":1.42801807058e-11,"bond_moment_error_over_input":1.11360838797e-11,"zero_bond_reference":false,"recurrence_relative_residual":9.48281996603e-11,"failed":0}
{"trial":3,"passed":true,"iterations":30,"submitted":32,"cuda_solve_ms":7.012128,"wall_solve_ms":7.018416,"force_residual":1.61703567108e-11,"moment_residual":2.00024387995e-11,"bond_relative_error":1.95490707143e-11,"bond_max_error_over_peak":3.42329405293e-11,"bond_force_error_n":3.5855330624e-06,"bond_moment_error_nm":2.63586172509e-06,"bond_force_error_over_input":1.42801379047e-11,"bond_moment_error_over_input":1.11360613276e-11,"zero_bond_reference":false,"recurrence_relative_residual":9.48281397991e-11,"failed":0}
{"fracture_frame":2,"live_bonds":18036}
{"component_hierarchy_rebuild_ms":158.805838,"physical_assembly_ms":16.835179,"hierarchy_setup_ms":129.134779,"bonded_components":2,"isolated_nodes":0,"levels":3,"coarse_rows":114,"coarse_nnz":6516,"gpu_galerkin":false,"independent_current_matrix_check":true}
{"hierarchy_device_replace_ms":7.472815,"coupling_reuploaded":false,"graph_recaptured":true}
{"topology_and_rhs_update_ms":0.342089,"hierarchy_rebuilt":true,"coupling_reuploaded":false,"graph_recaptured":true}
{"trial":4,"passed":true,"iterations":36,"submitted":40,"cuda_solve_ms":8.385824,"wall_solve_ms":8.394286,"force_residual":1.44296291334e-11,"moment_residual":1.82169076646e-11,"bond_relative_error":1.08172778695e-11,"bond_max_error_over_peak":2.20184563227e-11,"bond_force_error_n":3.14053486384e-06,"bond_moment_error_nm":2.76399581897e-06,"bond_force_error_over_input":1.25078391887e-11,"bond_moment_error_over_input":1.1677405782e-11,"zero_bond_reference":false,"recurrence_relative_residual":8.44669712028e-11,"failed":0}
{"trial":5,"passed":true,"iterations":36,"submitted":40,"cuda_solve_ms":8.385088,"wall_solve_ms":8.392122,"force_residual":1.44296291334e-11,"moment_residual":1.82169076646e-11,"bond_relative_error":1.08172778695e-11,"bond_max_error_over_peak":2.20184563227e-11,"bond_force_error_n":3.14053486384e-06,"bond_moment_error_nm":2.76399581897e-06,"bond_force_error_over_input":1.25078391887e-11,"bond_moment_error_over_input":1.1677405782e-11,"zero_bond_reference":false,"recurrence_relative_residual":8.44669712028e-11,"failed":0}
{"fracture_frame":3,"live_bonds":0}
{"component_hierarchy_rebuild_ms":1.168262,"physical_assembly_ms":0.935898,"hierarchy_setup_ms":0.024857,"bonded_components":0,"isolated_nodes":5936,"levels":0,"coarse_rows":35616,"coarse_nnz":0,"gpu_galerkin":false,"independent_current_matrix_check":true}
{"hierarchy_device_replace_ms":1.282064,"coupling_reuploaded":false,"graph_recaptured":true}
{"topology_and_rhs_update_ms":0.133399,"hierarchy_rebuilt":true,"coupling_reuploaded":false,"graph_recaptured":true}
{"trial":6,"passed":true,"iterations":0,"submitted":0,"cuda_solve_ms":0.010656,"wall_solve_ms":0.016681,"force_residual":0,"moment_residual":0,"bond_relative_error":null,"bond_max_error_over_peak":null,"bond_force_error_n":0,"bond_moment_error_nm":0,"bond_force_error_over_input":0,"bond_moment_error_over_input":0,"zero_bond_reference":true,"recurrence_relative_residual":0,"failed":0}
{"trial":7,"passed":true,"iterations":0,"submitted":0,"cuda_solve_ms":0.011808,"wall_solve_ms":0.017944,"force_residual":0,"moment_residual":0,"bond_relative_error":null,"bond_max_error_over_peak":null,"bond_force_error_n":0,"bond_moment_error_nm":0,"bond_force_error_over_input":0,"bond_moment_error_over_input":0,"zero_bond_reference":true,"recurrence_relative_residual":0,"failed":0}
{"fracture_frame":4,"live_bonds":18627}
{"component_hierarchy_rebuild_ms":179.251068,"physical_assembly_ms":14.375615,"hierarchy_setup_ms":151.885405,"bonded_components":1,"isolated_nodes":0,"levels":3,"coarse_rows":96,"coarse_nnz":9216,"gpu_galerkin":false,"independent_current_matrix_check":true}
{"hierarchy_device_replace_ms":7.445915,"coupling_reuploaded":false,"graph_recaptured":true}
{"topology_and_rhs_update_ms":0.238385,"hierarchy_rebuilt":true,"coupling_reuploaded":false,"graph_recaptured":true}
{"trial":8,"passed":true,"iterations":31,"submitted":32,"cuda_solve_ms":6.415808,"wall_solve_ms":6.424106,"force_residual":1.09404248566e-11,"moment_residual":1.37956182279e-11,"bond_relative_error":5.56705975548e-12,"bond_max_error_over_peak":2.34101762125e-12,"bond_force_error_n":2.80292101781e-06,"bond_moment_error_nm":1.89403027704e-06,"bond_force_error_over_input":1.1163221193e-11,"bond_moment_error_over_input":8.00195136207e-12,"zero_bond_reference":false,"recurrence_relative_residual":6.7263596876e-11,"failed":0}
{"trial":9,"passed":true,"iterations":31,"submitted":32,"cuda_solve_ms":6.417024,"wall_solve_ms":6.423745,"force_residual":1.09404248566e-11,"moment_residual":1.37956182279e-11,"bond_relative_error":5.56705975548e-12,"bond_max_error_over_peak":2.34101762125e-12,"bond_force_error_n":2.80292101781e-06,"bond_moment_error_nm":1.89403027704e-06,"bond_force_error_over_input":1.1163221193e-11,"bond_moment_error_over_input":8.00195136207e-12,"zero_bond_reference":false,"recurrence_relative_residual":6.7263596876e-11,"failed":0}
{"fracture_frame":5,"live_bonds":12418}
{"component_hierarchy_rebuild_ms":168.656313,"physical_assembly_ms":10.219023,"hierarchy_setup_ms":148.767683,"bonded_components":7,"isolated_nodes":1,"levels":3,"coarse_rows":180,"coarse_nnz":20796,"gpu_galerkin":false,"independent_current_matrix_check":true}
{"hierarchy_device_replace_ms":8.023213,"coupling_reuploaded":false,"graph_recaptured":true}
{"topology_and_rhs_update_ms":0.160299,"hierarchy_rebuilt":true,"coupling_reuploaded":false,"graph_recaptured":true}
{"trial":10,"passed":true,"iterations":44,"submitted":48,"cuda_solve_ms":9.306656,"wall_solve_ms":9.314504,"force_residual":9.93001253977e-12,"moment_residual":1.19336131938e-11,"bond_relative_error":6.98650752242e-12,"bond_max_error_over_peak":4.91739244773e-12,"bond_force_error_n":5.17285782891e-06,"bond_moment_error_nm":2.81243414152e-06,"bond_force_error_over_input":2.06019919138e-11,"bond_moment_error_over_input":1.18820493433e-11,"zero_bond_reference":false,"recurrence_relative_residual":5.51443361961e-11,"failed":0}
{"trial":11,"passed":true,"iterations":44,"submitted":48,"cuda_solve_ms":9.301600,"wall_solve_ms":9.308313,"force_residual":9.93001253977e-12,"moment_residual":1.19336131938e-11,"bond_relative_error":6.98650752242e-12,"bond_max_error_over_peak":4.91739244773e-12,"bond_force_error_n":5.17285782891e-06,"bond_moment_error_nm":2.81243414152e-06,"bond_force_error_over_input":2.06019919138e-11,"bond_moment_error_over_input":1.18820493433e-11,"zero_bond_reference":false,"recurrence_relative_residual":5.51443361961e-11,"failed":0}
{"fracture_frame":6,"live_bonds":18564}
{"component_hierarchy_rebuild_ms":189.471092,"physical_assembly_ms":18.005624,"hierarchy_setup_ms":155.810173,"bonded_components":1,"isolated_nodes":0,"levels":3,"coarse_rows":96,"coarse_nnz":9216,"gpu_galerkin":false,"independent_current_matrix_check":true}
{"hierarchy_device_replace_ms":9.011769,"coupling_reuploaded":false,"graph_recaptured":true}
{"topology_and_rhs_update_ms":0.415205,"hierarchy_rebuilt":true,"coupling_reuploaded":false,"graph_recaptured":true}
{"trial":12,"passed":true,"iterations":30,"submitted":32,"cuda_solve_ms":7.012000,"wall_solve_ms":7.019839,"force_residual":1.61700443605e-11,"moment_residual":2.00026165792e-11,"bond_relative_error":1.9549023643e-11,"bond_max_error_over_peak":3.42307232982e-11,"bond_force_error_n":3.58549942377e-06,"bond_moment_error_nm":2.63586752247e-06,"bond_force_error_over_input":1.42800039318e-11,"bond_moment_error_over_input":1.11360858205e-11,"zero_bond_reference":false,"recurrence_relative_residual":9.48281886144e-11,"failed":0}
{"trial":13,"passed":true,"iterations":30,"submitted":32,"cuda_solve_ms":7.012192,"wall_solve_ms":7.018717,"force_residual":1.61701640964e-11,"moment_residual":2.00024318356e-11,"bond_relative_error":1.95489990159e-11,"bond_max_error_over_peak":3.42318319137e-11,"bond_force_error_n":3.58555878462e-06,"bond_moment_error_nm":2.63586670192e-06,"bond_force_error_over_input":1.42802403488e-11,"bond_moment_error_over_input":1.11360823538e-11,"zero_bond_reference":false,"recurrence_relative_residual":9.48282174495e-11,"failed":0}
{"fracture_frame":7,"live_bonds":18627}
{"component_hierarchy_rebuild_ms":196.444244,"physical_assembly_ms":14.218512,"hierarchy_setup_ms":169.018679,"bonded_components":1,"isolated_nodes":0,"levels":3,"coarse_rows":96,"coarse_nnz":9216,"gpu_galerkin":false,"independent_current_matrix_check":true}
{"hierarchy_device_replace_ms":8.431105,"coupling_reuploaded":false,"graph_recaptured":true}
{"topology_and_rhs_update_ms":0.242874,"hierarchy_rebuilt":true,"coupling_reuploaded":false,"graph_recaptured":true}
{"trial":14,"passed":true,"iterations":31,"submitted":32,"cuda_solve_ms":6.418272,"wall_solve_ms":6.426562,"force_residual":1.09404248566e-11,"moment_residual":1.37956182279e-11,"bond_relative_error":5.56705975548e-12,"bond_max_error_over_peak":2.34101762125e-12,"bond_force_error_n":2.80292101781e-06,"bond_moment_error_nm":1.89403027704e-06,"bond_force_error_over_input":1.1163221193e-11,"bond_moment_error_over_input":8.00195136207e-12,"zero_bond_reference":false,"recurrence_relative_residual":6.7263596876e-11,"failed":0}
{"trial":15,"passed":true,"iterations":31,"submitted":32,"cuda_solve_ms":6.411872,"wall_solve_ms":6.417865,"force_residual":1.09404248566e-11,"moment_residual":1.37956182279e-11,"bond_relative_error":5.56705975548e-12,"bond_max_error_over_peak":2.34101762125e-12,"bond_force_error_n":2.80292101781e-06,"bond_moment_error_nm":1.89403027704e-06,"bond_force_error_over_input":1.1163221193e-11,"bond_moment_error_over_input":8.00195136207e-12,"zero_bond_reference":false,"recurrence_relative_residual":6.7263596876e-11,"failed":0}
