{"native_physical_assembly_ms":34.109196,"active_nodes":5936,"bonds":18627,"independent_operator_comparison":true,"native_load_projection":true}
{"setup_repeat":0,"gpu_galerkin":false,"setup_ms":208.048840,"retained_bytes":0,"allocations":0}
{"native_hierarchy_setup_ms":208.048840,"input_validation_ms":36.916308,"coarse_setup_ms":0.421588,"basis_reconstruction_error":6.38176246387e-17,"levels":3,"coarse_rows":96}
{"native_level":0,"rows":35616,"nnz":827552,"coarse_rows":5100,"omega":0.483457107955,"eigenvalue_upper_bound":2.75791442797,"diagonal_ms":2.827761,"spectral_bound_ms":16.544695,"aggregate_ms":5.680107,"interpolation_ms":16.309697,"galerkin_ms":43.306450,"representation_ms":19.806607}
{"native_level":1,"rows":5100,"nnz":890280,"coarse_rows":738,"omega":0.430145208696,"eigenvalue_upper_bound":3.09972843212,"diagonal_ms":0.386402,"spectral_bound_ms":6.262715,"aggregate_ms":0.618906,"interpolation_ms":4.151883,"galerkin_ms":39.920748,"representation_ms":6.066298}
{"native_level":2,"rows":738,"nnz":225180,"coarse_rows":96,"omega":0.438084405917,"eigenvalue_upper_bound":3.04355351463,"diagonal_ms":0.048580,"spectral_bound_ms":1.405134,"aggregate_ms":0.089888,"interpolation_ms":0.691251,"galerkin_ms":4.874352,"representation_ms":0.714765}
{"resident_bond_operator":true,"gpu_rigid_projector":true}
{"gpu":"NVIDIA GeForce RTX 4090","operator":"double","preconditioner_storage":"float","preconditioner_arithmetic":"float","outer_vectors_and_reductions":"double","cuda_graph":true,"device_context_upload_graph_ms":146.807537,"rows":35616,"free":false,"levels":3,"scope":"standalone hierarchy validation; no game integration"}
{"fracture_frame":0,"live_bonds":18627}
{"component_hierarchy_rebuild_ms":218.637643,"physical_assembly_ms":17.337706,"hierarchy_setup_ms":188.113833,"bonded_components":1,"isolated_nodes":0,"levels":3,"coarse_rows":96,"coarse_nnz":9216,"gpu_galerkin":false,"independent_current_matrix_check":true}
{"hierarchy_device_replace_ms":8.678447,"coupling_reuploaded":false,"graph_recaptured":true}
{"topology_and_rhs_update_ms":0.239306,"hierarchy_rebuilt":true,"coupling_reuploaded":false,"graph_recaptured":true}
{"trial":0,"passed":true,"iterations":31,"submitted":32,"cuda_solve_ms":6.409280,"wall_solve_ms":6.417474,"force_residual":1.09404248566e-11,"moment_residual":1.37956182279e-11,"bond_relative_error":5.56705975548e-12,"bond_max_error_over_peak":2.34101762125e-12,"bond_force_error_n":2.80292101781e-06,"bond_moment_error_nm":1.89403027704e-06,"bond_force_error_over_input":1.1163221193e-11,"bond_moment_error_over_input":8.00195136207e-12,"zero_bond_reference":false,"recurrence_relative_residual":6.7263596876e-11,"failed":0}
{"trial":1,"passed":true,"iterations":31,"submitted":32,"cuda_solve_ms":6.418784,"wall_solve_ms":6.425840,"force_residual":1.09404248566e-11,"moment_residual":1.37956182279e-11,"bond_relative_error":5.56705975548e-12,"bond_max_error_over_peak":2.34101762125e-12,"bond_force_error_n":2.80292101781e-06,"bond_moment_error_nm":1.89403027704e-06,"bond_force_error_over_input":1.1163221193e-11,"bond_moment_error_over_input":8.00195136207e-12,"zero_bond_reference":false,"recurrence_relative_residual":6.7263596876e-11,"failed":0}
{"fracture_frame":1,"live_bonds":18564}
{"component_hierarchy_rebuild_ms":200.714473,"physical_assembly_ms":19.243715,"hierarchy_setup_ms":167.810488,"bonded_components":1,"isolated_nodes":0,"levels":3,"coarse_rows":96,"coarse_nnz":9216,"gpu_galerkin":false,"independent_current_matrix_check":true}
{"hierarchy_device_replace_ms":8.695247,"coupling_reuploaded":false,"graph_recaptured":true}
{"topology_and_rhs_update_ms":0.402581,"hierarchy_rebuilt":true,"coupling_reuploaded":false,"graph_recaptured":true}
{"trial":2,"passed":true,"iterations":30,"submitted":32,"cuda_solve_ms":7.016832,"wall_solve_ms":7.024758,"force_residual":1.61695910172e-11,"moment_residual":2.00024503672e-11,"bond_relative_error":1.95489758716e-11,"bond_max_error_over_peak":3.42307232982e-11,"bond_force_error_n":3.58550098696e-06,"bond_moment_error_nm":2.63586916293e-06,"bond_force_error_over_input":1.42800101575e-11,"bond_moment_error_over_input":1.11360927511e-11,"zero_bond_reference":false,"recurrence_relative_residual":9.48282046585e-11,"failed":0}
{"trial":3,"passed":true,"iterations":30,"submitted":32,"cuda_solve_ms":7.019040,"wall_solve_ms":7.025329,"force_residual":1.61711793765e-11,"moment_residual":2.00024211209e-11,"bond_relative_error":1.95490923192e-11,"bond_max_error_over_peak":3.42373749916e-11,"bond_force_error_n":3.5855731481e-06,"bond_moment_error_nm":2.63586021979e-06,"bond_force_error_over_input":1.42802975544e-11,"bond_moment_error_over_input":1.11360549679e-11,"zero_bond_reference":false,"recurrence_relative_residual":9.48281527712e-11,"failed":0}
{"fracture_frame":2,"live_bonds":18036}
{"component_hierarchy_rebuild_ms":158.124390,"physical_assembly_ms":16.550446,"hierarchy_setup_ms":128.681508,"bonded_components":2,"isolated_nodes":0,"levels":3,"coarse_rows":114,"coarse_nnz":6516,"gpu_galerkin":false,"independent_current_matrix_check":true}
{"hierarchy_device_replace_ms":7.349244,"coupling_reuploaded":false,"graph_recaptured":true}
{"topology_and_rhs_update_ms":0.333873,"hierarchy_rebuilt":true,"coupling_reuploaded":false,"graph_recaptured":true}
{"trial":4,"passed":true,"iterations":36,"submitted":40,"cuda_solve_ms":8.372032,"wall_solve_ms":8.380370,"force_residual":1.44296291334e-11,"moment_residual":1.82169076646e-11,"bond_relative_error":1.08172778695e-11,"bond_max_error_over_peak":2.20184563227e-11,"bond_force_error_n":3.14053486384e-06,"bond_moment_error_nm":2.76399581897e-06,"bond_force_error_over_input":1.25078391887e-11,"bond_moment_error_over_input":1.1677405782e-11,"zero_bond_reference":false,"recurrence_relative_residual":8.44669712028e-11,"failed":0}
{"trial":5,"passed":true,"iterations":36,"submitted":40,"cuda_solve_ms":8.361920,"wall_solve_ms":8.368067,"force_residual":1.44296291334e-11,"moment_residual":1.82169076646e-11,"bond_relative_error":1.08172778695e-11,"bond_max_error_over_peak":2.20184563227e-11,"bond_force_error_n":3.14053486384e-06,"bond_moment_error_nm":2.76399581897e-06,"bond_force_error_over_input":1.25078391887e-11,"bond_moment_error_over_input":1.1677405782e-11,"zero_bond_reference":false,"recurrence_relative_residual":8.44669712028e-11,"failed":0}
{"fracture_frame":3,"live_bonds":0}
{"component_hierarchy_rebuild_ms":1.155749,"physical_assembly_ms":0.922523,"hierarchy_setup_ms":0.024996,"bonded_components":0,"isolated_nodes":5936,"levels":0,"coarse_rows":35616,"coarse_nnz":0,"gpu_galerkin":false,"independent_current_matrix_check":true}
{"hierarchy_device_replace_ms":1.235508,"coupling_reuploaded":false,"graph_recaptured":true}
{"topology_and_rhs_update_ms":0.126587,"hierarchy_rebuilt":true,"coupling_reuploaded":false,"graph_recaptured":true}
{"trial":6,"passed":true,"iterations":0,"submitted":0,"cuda_solve_ms":0.010016,"wall_solve_ms":0.015349,"force_residual":0,"moment_residual":0,"bond_relative_error":null,"bond_max_error_over_peak":null,"bond_force_error_n":0,"bond_moment_error_nm":0,"bond_force_error_over_input":0,"bond_moment_error_over_input":0,"zero_bond_reference":true,"recurrence_relative_residual":0,"failed":0}
{"trial":7,"passed":true,"iterations":0,"submitted":0,"cuda_solve_ms":0.008064,"wall_solve_ms":0.014146,"force_residual":0,"moment_residual":0,"bond_relative_error":null,"bond_max_error_over_peak":null,"bond_force_error_n":0,"bond_moment_error_nm":0,"bond_force_error_over_input":0,"bond_moment_error_over_input":0,"zero_bond_reference":true,"recurrence_relative_residual":0,"failed":0}
{"fracture_frame":4,"live_bonds":18627}
{"component_hierarchy_rebuild_ms":176.655244,"physical_assembly_ms":15.298379,"hierarchy_setup_ms":147.910026,"bonded_components":1,"isolated_nodes":0,"levels":3,"coarse_rows":96,"coarse_nnz":9216,"gpu_galerkin":false,"independent_current_matrix_check":true}
{"hierarchy_device_replace_ms":7.851892,"coupling_reuploaded":false,"graph_recaptured":true}
{"topology_and_rhs_update_ms":0.241811,"hierarchy_rebuilt":true,"coupling_reuploaded":false,"graph_recaptured":true}
{"trial":8,"passed":true,"iterations":31,"submitted":32,"cuda_solve_ms":6.409568,"wall_solve_ms":6.422012,"force_residual":1.09404248566e-11,"moment_residual":1.37956182279e-11,"bond_relative_error":5.56705975548e-12,"bond_max_error_over_peak":2.34101762125e-12,"bond_force_error_n":2.80292101781e-06,"bond_moment_error_nm":1.89403027704e-06,"bond_force_error_over_input":1.1163221193e-11,"bond_moment_error_over_input":8.00195136207e-12,"zero_bond_reference":false,"recurrence_relative_residual":6.7263596876e-11,"failed":0}
{"trial":9,"passed":true,"iterations":31,"submitted":32,"cuda_solve_ms":6.413696,"wall_solve_ms":6.420911,"force_residual":1.09404248566e-11,"moment_residual":1.37956182279e-11,"bond_relative_error":5.56705975548e-12,"bond_max_error_over_peak":2.34101762125e-12,"bond_force_error_n":2.80292101781e-06,"bond_moment_error_nm":1.89403027704e-06,"bond_force_error_over_input":1.1163221193e-11,"bond_moment_error_over_input":8.00195136207e-12,"zero_bond_reference":false,"recurrence_relative_residual":6.7263596876e-11,"failed":0}
{"fracture_frame":5,"live_bonds":12418}
{"component_hierarchy_rebuild_ms":167.912729,"physical_assembly_ms":10.351220,"hierarchy_setup_ms":147.806302,"bonded_components":7,"isolated_nodes":1,"levels":3,"coarse_rows":180,"coarse_nnz":20796,"gpu_galerkin":false,"independent_current_matrix_check":true}
{"hierarchy_device_replace_ms":8.225961,"coupling_reuploaded":false,"graph_recaptured":true}
{"topology_and_rhs_update_ms":0.171781,"hierarchy_rebuilt":true,"coupling_reuploaded":false,"graph_recaptured":true}
{"trial":10,"passed":true,"iterations":44,"submitted":48,"cuda_solve_ms":9.308768,"wall_solve_ms":9.316808,"force_residual":9.93001253977e-12,"moment_residual":1.19336131938e-11,"bond_relative_error":6.98650752242e-12,"bond_max_error_over_peak":4.91739244773e-12,"bond_force_error_n":5.17285782891e-06,"bond_moment_error_nm":2.81243414152e-06,"bond_force_error_over_input":2.06019919138e-11,"bond_moment_error_over_input":1.18820493433e-11,"zero_bond_reference":false,"recurrence_relative_residual":5.51443361961e-11,"failed":0}
{"trial":11,"passed":true,"iterations":44,"submitted":48,"cuda_solve_ms":9.305728,"wall_solve_ms":9.312560,"force_residual":9.93001253977e-12,"moment_residual":1.19336131938e-11,"bond_relative_error":6.98650752242e-12,"bond_max_error_over_peak":4.91739244773e-12,"bond_force_error_n":5.17285782891e-06,"bond_moment_error_nm":2.81243414152e-06,"bond_force_error_over_input":2.06019919138e-11,"bond_moment_error_over_input":1.18820493433e-11,"zero_bond_reference":false,"recurrence_relative_residual":5.51443361961e-11,"failed":0}
{"fracture_frame":6,"live_bonds":18564}
{"component_hierarchy_rebuild_ms":183.329488,"physical_assembly_ms":17.706134,"hierarchy_setup_ms":152.465223,"bonded_components":1,"isolated_nodes":0,"levels":3,"coarse_rows":96,"coarse_nnz":9216,"gpu_galerkin":false,"independent_current_matrix_check":true}
{"hierarchy_device_replace_ms":8.642348,"coupling_reuploaded":false,"graph_recaptured":true}
{"topology_and_rhs_update_ms":0.416898,"hierarchy_rebuilt":true,"coupling_reuploaded":false,"graph_recaptured":true}
{"trial":12,"passed":true,"iterations":30,"submitted":32,"cuda_solve_ms":7.013472,"wall_solve_ms":7.020871,"force_residual":1.61699425751e-11,"moment_residual":2.00025105854e-11,"bond_relative_error":1.95490154489e-11,"bond_max_error_over_peak":3.42273974514e-11,"bond_force_error_n":3.58552977458e-06,"bond_moment_error_nm":2.63586506947e-06,"bond_force_error_over_input":1.42801248102e-11,"bond_moment_error_over_input":1.1136075457e-11,"zero_bond_reference":false,"recurrence_relative_residual":9.48281558916e-11,"failed":0}
{"trial":13,"passed":true,"iterations":30,"submitted":32,"cuda_solve_ms":7.074816,"wall_solve_ms":7.080853,"force_residual":1.61701601861e-11,"moment_residual":2.00024235702e-11,"bond_relative_error":1.95490362215e-11,"bond_max_error_over_peak":3.42307232982e-11,"bond_force_error_n":3.5855177023e-06,"bond_moment_error_nm":2.63586292848e-06,"bond_force_error_over_input":1.42800767298e-11,"bond_moment_error_over_input":1.11360664117e-11,"zero_bond_reference":false,"recurrence_relative_residual":9.48281614082e-11,"failed":0}
{"fracture_frame":7,"live_bonds":18627}
{"component_hierarchy_rebuild_ms":182.141840,"physical_assembly_ms":14.113977,"hierarchy_setup_ms":155.002119,"bonded_components":1,"isolated_nodes":0,"levels":3,"coarse_rows":96,"coarse_nnz":9216,"gpu_galerkin":false,"independent_current_matrix_check":true}
{"hierarchy_device_replace_ms":8.456501,"coupling_reuploaded":false,"graph_recaptured":true}
{"topology_and_rhs_update_ms":0.228106,"hierarchy_rebuilt":true,"coupling_reuploaded":false,"graph_recaptured":true}
{"trial":14,"passed":true,"iterations":31,"submitted":32,"cuda_solve_ms":6.413600,"wall_solve_ms":6.422152,"force_residual":1.09404248566e-11,"moment_residual":1.37956182279e-11,"bond_relative_error":5.56705975548e-12,"bond_max_error_over_peak":2.34101762125e-12,"bond_force_error_n":2.80292101781e-06,"bond_moment_error_nm":1.89403027704e-06,"bond_force_error_over_input":1.1163221193e-11,"bond_moment_error_over_input":8.00195136207e-12,"zero_bond_reference":false,"recurrence_relative_residual":6.7263596876e-11,"failed":0}
{"trial":15,"passed":true,"iterations":31,"submitted":32,"cuda_solve_ms":6.405440,"wall_solve_ms":6.411342,"force_residual":1.09404248566e-11,"moment_residual":1.37956182279e-11,"bond_relative_error":5.56705975548e-12,"bond_max_error_over_peak":2.34101762125e-12,"bond_force_error_n":2.80292101781e-06,"bond_moment_error_nm":1.89403027704e-06,"bond_force_error_over_input":1.1163221193e-11,"bond_moment_error_over_input":8.00195136207e-12,"zero_bond_reference":false,"recurrence_relative_residual":6.7263596876e-11,"failed":0}
