{"native_physical_assembly_ms":33.754905,"active_nodes":5936,"bonds":18627,"independent_operator_comparison":true,"native_load_projection":true}
{"galerkin_algorithm":2}
{"gpu_galerkin_context_ms":140.446866}
{"setup_repeat":0,"gpu_galerkin":true,"setup_ms":170.817131,"retained_bytes":359861155,"allocations":24}
{"native_hierarchy_setup_ms":170.817131,"input_validation_ms":36.584830,"coarse_setup_ms":0.420014,"basis_reconstruction_error":6.38176246387e-17,"levels":3,"coarse_rows":96}
{"native_level":0,"rows":35616,"nnz":827552,"coarse_rows":5100,"omega":0.483457107955,"eigenvalue_upper_bound":2.75791442797,"diagonal_ms":2.438144,"spectral_bound_ms":15.920230,"aggregate_ms":5.245155,"interpolation_ms":15.904941,"galerkin_ms":41.139025,"representation_ms":20.774145}
{"native_level":1,"rows":5100,"nnz":890280,"coarse_rows":738,"omega":0.430145208696,"eigenvalue_upper_bound":3.09972843212,"diagonal_ms":0.406950,"spectral_bound_ms":6.900136,"aggregate_ms":0.617403,"interpolation_ms":4.310519,"galerkin_ms":10.525907,"representation_ms":4.422529}
{"native_level":2,"rows":738,"nnz":225180,"coarse_rows":96,"omega":0.438084405917,"eigenvalue_upper_bound":3.04355351463,"diagonal_ms":0.047268,"spectral_bound_ms":1.401176,"aggregate_ms":0.088586,"interpolation_ms":0.709334,"galerkin_ms":1.421665,"representation_ms":0.676203}
{"resident_bond_operator":true,"gpu_rigid_projector":true}
{"gpu":"NVIDIA GeForce RTX 4090","operator":"double","preconditioner_storage":"float","preconditioner_arithmetic":"float","outer_vectors_and_reductions":"double","cuda_graph":true,"device_context_upload_graph_ms":11.607766,"rows":35616,"free":false,"levels":3,"scope":"standalone hierarchy validation; no game integration"}
{"fracture_frame":0,"live_bonds":18627}
{"component_hierarchy_rebuild_ms":172.655946,"physical_assembly_ms":16.287957,"hierarchy_setup_ms":143.161456,"bonded_components":1,"isolated_nodes":0,"levels":3,"coarse_rows":96,"coarse_nnz":9216,"gpu_galerkin":true,"independent_current_matrix_check":true}
{"hierarchy_device_replace_ms":8.424653,"coupling_reuploaded":false,"graph_recaptured":true}
{"topology_and_rhs_update_ms":0.242012,"hierarchy_rebuilt":true,"coupling_reuploaded":false,"graph_recaptured":true}
{"trial":0,"passed":true,"iterations":31,"submitted":32,"cuda_solve_ms":6.448256,"wall_solve_ms":6.456487,"force_residual":1.09255354568e-11,"moment_residual":1.37937504727e-11,"bond_relative_error":5.56630007669e-12,"bond_max_error_over_peak":2.34052329245e-12,"bond_force_error_n":2.8025158133e-06,"bond_moment_error_nm":1.89403472338e-06,"bond_force_error_over_input":1.1161607381e-11,"bond_moment_error_over_input":8.00197014711e-12,"zero_bond_reference":false,"recurrence_relative_residual":6.72636448469e-11,"failed":0}
{"trial":1,"passed":true,"iterations":31,"submitted":32,"cuda_solve_ms":6.423008,"wall_solve_ms":6.430408,"force_residual":1.09255354568e-11,"moment_residual":1.37937504727e-11,"bond_relative_error":5.56630007669e-12,"bond_max_error_over_peak":2.34052329245e-12,"bond_force_error_n":2.8025158133e-06,"bond_moment_error_nm":1.89403472338e-06,"bond_force_error_over_input":1.1161607381e-11,"bond_moment_error_over_input":8.00197014711e-12,"zero_bond_reference":false,"recurrence_relative_residual":6.72636448469e-11,"failed":0}
{"fracture_frame":1,"live_bonds":18564}
{"component_hierarchy_rebuild_ms":155.654145,"physical_assembly_ms":18.953294,"hierarchy_setup_ms":123.334560,"bonded_components":1,"isolated_nodes":0,"levels":3,"coarse_rows":96,"coarse_nnz":9216,"gpu_galerkin":true,"independent_current_matrix_check":true}
{"hierarchy_device_replace_ms":8.473494,"coupling_reuploaded":false,"graph_recaptured":true}
{"topology_and_rhs_update_ms":0.411588,"hierarchy_rebuilt":true,"coupling_reuploaded":false,"graph_recaptured":true}
{"trial":2,"passed":true,"iterations":30,"submitted":32,"cuda_solve_ms":7.046784,"wall_solve_ms":7.055055,"force_residual":1.61705051562e-11,"moment_residual":2.00027760116e-11,"bond_relative_error":1.9549096639e-11,"bond_max_error_over_peak":3.42362663761e-11,"bond_force_error_n":3.58553579377e-06,"bond_moment_error_nm":2.63586575899e-06,"bond_force_error_over_input":1.42801487829e-11,"bond_moment_error_over_input":1.11360783701e-11,"zero_bond_reference":false,"recurrence_relative_residual":9.48283582141e-11,"failed":0}
{"trial":3,"passed":true,"iterations":30,"submitted":32,"cuda_solve_ms":7.012000,"wall_solve_ms":7.018557,"force_residual":1.6170407159e-11,"moment_residual":2.00025385151e-11,"bond_relative_error":1.9549024337e-11,"bond_max_error_over_peak":3.42362663761e-11,"bond_force_error_n":3.58550998005e-06,"bond_moment_error_nm":2.63586839395e-06,"bond_force_error_over_input":1.42800459744e-11,"bond_moment_error_over_input":1.11360895023e-11,"zero_bond_reference":false,"recurrence_relative_residual":9.48283792909e-11,"failed":0}
{"fracture_frame":2,"live_bonds":18036}
{"component_hierarchy_rebuild_ms":138.658928,"physical_assembly_ms":17.068234,"hierarchy_setup_ms":108.599213,"bonded_components":2,"isolated_nodes":0,"levels":3,"coarse_rows":114,"coarse_nnz":6516,"gpu_galerkin":true,"independent_current_matrix_check":true}
{"hierarchy_device_replace_ms":7.305622,"coupling_reuploaded":false,"graph_recaptured":true}
{"topology_and_rhs_update_ms":0.328153,"hierarchy_rebuilt":true,"coupling_reuploaded":false,"graph_recaptured":true}
{"trial":4,"passed":true,"iterations":36,"submitted":40,"cuda_solve_ms":8.390176,"wall_solve_ms":8.398333,"force_residual":1.44311294128e-11,"moment_residual":1.82192514269e-11,"bond_relative_error":1.08172029504e-11,"bond_max_error_over_peak":2.20037944574e-11,"bond_force_error_n":3.14030544299e-06,"bond_moment_error_nm":2.76401012985e-06,"bond_force_error_over_input":1.2506925472e-11,"bond_moment_error_over_input":1.1677466243e-11,"zero_bond_reference":false,"recurrence_relative_residual":8.44669369617e-11,"failed":0}
{"trial":5,"passed":true,"iterations":36,"submitted":40,"cuda_solve_ms":8.371136,"wall_solve_ms":8.377895,"force_residual":1.44311294128e-11,"moment_residual":1.82192514269e-11,"bond_relative_error":1.08172029504e-11,"bond_max_error_over_peak":2.20037944574e-11,"bond_force_error_n":3.14030544299e-06,"bond_moment_error_nm":2.76401012985e-06,"bond_force_error_over_input":1.2506925472e-11,"bond_moment_error_over_input":1.1677466243e-11,"zero_bond_reference":false,"recurrence_relative_residual":8.44669369617e-11,"failed":0}
{"fracture_frame":3,"live_bonds":0}
{"component_hierarchy_rebuild_ms":7.790348,"physical_assembly_ms":0.873842,"hierarchy_setup_ms":0.025508,"bonded_components":0,"isolated_nodes":5936,"levels":0,"coarse_rows":35616,"coarse_nnz":0,"gpu_galerkin":true,"independent_current_matrix_check":true}
{"hierarchy_device_replace_ms":1.315116,"coupling_reuploaded":false,"graph_recaptured":true}
{"topology_and_rhs_update_ms":0.151593,"hierarchy_rebuilt":true,"coupling_reuploaded":false,"graph_recaptured":true}
{"trial":6,"passed":true,"iterations":0,"submitted":0,"cuda_solve_ms":0.011296,"wall_solve_ms":0.018715,"force_residual":0,"moment_residual":0,"bond_relative_error":null,"bond_max_error_over_peak":null,"bond_force_error_n":0,"bond_moment_error_nm":0,"bond_force_error_over_input":0,"bond_moment_error_over_input":0,"zero_bond_reference":true,"recurrence_relative_residual":0,"failed":0}
{"trial":7,"passed":true,"iterations":0,"submitted":0,"cuda_solve_ms":0.010080,"wall_solve_ms":0.016761,"force_residual":0,"moment_residual":0,"bond_relative_error":null,"bond_max_error_over_peak":null,"bond_force_error_n":0,"bond_moment_error_nm":0,"bond_force_error_over_input":0,"bond_moment_error_over_input":0,"zero_bond_reference":true,"recurrence_relative_residual":0,"failed":0}
{"fracture_frame":4,"live_bonds":18627}
{"component_hierarchy_rebuild_ms":153.494993,"physical_assembly_ms":14.593773,"hierarchy_setup_ms":125.633403,"bonded_components":1,"isolated_nodes":0,"levels":3,"coarse_rows":96,"coarse_nnz":9216,"gpu_galerkin":true,"independent_current_matrix_check":true}
{"hierarchy_device_replace_ms":7.367578,"coupling_reuploaded":false,"graph_recaptured":true}
{"topology_and_rhs_update_ms":0.240139,"hierarchy_rebuilt":true,"coupling_reuploaded":false,"graph_recaptured":true}
{"trial":8,"passed":true,"iterations":31,"submitted":32,"cuda_solve_ms":6.446144,"wall_solve_ms":6.454413,"force_residual":1.09255354568e-11,"moment_residual":1.37937504727e-11,"bond_relative_error":5.56630007669e-12,"bond_max_error_over_peak":2.34052329245e-12,"bond_force_error_n":2.8025158133e-06,"bond_moment_error_nm":1.89403472338e-06,"bond_force_error_over_input":1.1161607381e-11,"bond_moment_error_over_input":8.00197014711e-12,"zero_bond_reference":false,"recurrence_relative_residual":6.72636448469e-11,"failed":0}
{"trial":9,"passed":true,"iterations":31,"submitted":32,"cuda_solve_ms":6.421184,"wall_solve_ms":6.428244,"force_residual":1.09255354568e-11,"moment_residual":1.37937504727e-11,"bond_relative_error":5.56630007669e-12,"bond_max_error_over_peak":2.34052329245e-12,"bond_force_error_n":2.8025158133e-06,"bond_moment_error_nm":1.89403472338e-06,"bond_force_error_over_input":1.1161607381e-11,"bond_moment_error_over_input":8.00197014711e-12,"zero_bond_reference":false,"recurrence_relative_residual":6.72636448469e-11,"failed":0}
{"fracture_frame":5,"live_bonds":12418}
{"component_hierarchy_rebuild_ms":143.838340,"physical_assembly_ms":11.253916,"hierarchy_setup_ms":122.833794,"bonded_components":7,"isolated_nodes":1,"levels":3,"coarse_rows":180,"coarse_nnz":20796,"gpu_galerkin":true,"independent_current_matrix_check":true}
{"hierarchy_device_replace_ms":8.440653,"coupling_reuploaded":false,"graph_recaptured":true}
{"topology_and_rhs_update_ms":0.182931,"hierarchy_rebuilt":true,"coupling_reuploaded":false,"graph_recaptured":true}
{"trial":10,"passed":true,"iterations":44,"submitted":48,"cuda_solve_ms":9.345344,"wall_solve_ms":9.353507,"force_residual":9.92352694395e-12,"moment_residual":1.19418613052e-11,"bond_relative_error":6.98585176722e-12,"bond_max_error_over_peak":4.91750547824e-12,"bond_force_error_n":5.17061798462e-06,"bond_moment_error_nm":2.81240908548e-06,"bond_force_error_over_input":2.05930712638e-11,"bond_moment_error_over_input":1.18819434858e-11,"zero_bond_reference":false,"recurrence_relative_residual":5.51441796894e-11,"failed":0}
{"trial":11,"passed":true,"iterations":44,"submitted":48,"cuda_solve_ms":9.313056,"wall_solve_ms":9.320145,"force_residual":9.92352694395e-12,"moment_residual":1.19418613052e-11,"bond_relative_error":6.98585176722e-12,"bond_max_error_over_peak":4.91750547824e-12,"bond_force_error_n":5.17061798462e-06,"bond_moment_error_nm":2.81240908548e-06,"bond_force_error_over_input":2.05930712638e-11,"bond_moment_error_over_input":1.18819434858e-11,"zero_bond_reference":false,"recurrence_relative_residual":5.51441796894e-11,"failed":0}
{"fracture_frame":6,"live_bonds":18564}
{"component_hierarchy_rebuild_ms":154.321737,"physical_assembly_ms":17.962514,"hierarchy_setup_ms":123.045861,"bonded_components":1,"isolated_nodes":0,"levels":3,"coarse_rows":96,"coarse_nnz":9216,"gpu_galerkin":true,"independent_current_matrix_check":true}
{"hierarchy_device_replace_ms":8.615509,"coupling_reuploaded":false,"graph_recaptured":true}
{"topology_and_rhs_update_ms":0.401519,"hierarchy_rebuilt":true,"coupling_reuploaded":false,"graph_recaptured":true}
{"trial":12,"passed":true,"iterations":30,"submitted":32,"cuda_solve_ms":7.040736,"wall_solve_ms":7.048653,"force_residual":1.61700620107e-11,"moment_residual":2.00025371732e-11,"bond_relative_error":1.95489928285e-11,"bond_max_error_over_peak":3.42362663761e-11,"bond_force_error_n":3.58550511674e-06,"bond_moment_error_nm":2.63586426015e-06,"bond_force_error_over_input":1.42800266052e-11,"bond_moment_error_over_input":1.11360720378e-11,"zero_bond_reference":false,"recurrence_relative_residual":9.48283680369e-11,"failed":0}
{"trial":13,"passed":true,"iterations":30,"submitted":32,"cuda_solve_ms":7.017504,"wall_solve_ms":7.025550,"force_residual":1.61703096909e-11,"moment_residual":2.00025904105e-11,"bond_relative_error":1.95490295868e-11,"bond_max_error_over_peak":3.42407008384e-11,"bond_force_error_n":3.58548826272e-06,"bond_moment_error_nm":2.63586617837e-06,"bond_force_error_over_input":1.42799594806e-11,"bond_moment_error_over_input":1.11360801419e-11,"zero_bond_reference":false,"recurrence_relative_residual":9.48283445279e-11,"failed":0}
{"fracture_frame":7,"live_bonds":18627}
{"component_hierarchy_rebuild_ms":145.540708,"physical_assembly_ms":14.855251,"hierarchy_setup_ms":117.345205,"bonded_components":1,"isolated_nodes":0,"levels":3,"coarse_rows":96,"coarse_nnz":9216,"gpu_galerkin":true,"independent_current_matrix_check":true}
{"hierarchy_device_replace_ms":8.265585,"coupling_reuploaded":false,"graph_recaptured":true}
{"topology_and_rhs_update_ms":0.240089,"hierarchy_rebuilt":true,"coupling_reuploaded":false,"graph_recaptured":true}
{"trial":14,"passed":true,"iterations":31,"submitted":32,"cuda_solve_ms":6.447744,"wall_solve_ms":6.455986,"force_residual":1.09255354568e-11,"moment_residual":1.37937504727e-11,"bond_relative_error":5.56630007669e-12,"bond_max_error_over_peak":2.34052329245e-12,"bond_force_error_n":2.8025158133e-06,"bond_moment_error_nm":1.89403472338e-06,"bond_force_error_over_input":1.1161607381e-11,"bond_moment_error_over_input":8.00197014711e-12,"zero_bond_reference":false,"recurrence_relative_residual":6.72636448469e-11,"failed":0}
{"trial":15,"passed":true,"iterations":31,"submitted":32,"cuda_solve_ms":6.418400,"wall_solve_ms":6.425680,"force_residual":1.09255354568e-11,"moment_residual":1.37937504727e-11,"bond_relative_error":5.56630007669e-12,"bond_max_error_over_peak":2.34052329245e-12,"bond_force_error_n":2.8025158133e-06,"bond_moment_error_nm":1.89403472338e-06,"bond_force_error_over_input":1.1161607381e-11,"bond_moment_error_over_input":8.00197014711e-12,"zero_bond_reference":false,"recurrence_relative_residual":6.72636448469e-11,"failed":0}
