{"native_physical_assembly_ms":31.017613,"active_nodes":5936,"bonds":18627,"independent_operator_comparison":true,"native_load_projection":true}
{"galerkin_algorithm":2}
{"gpu_galerkin_context_ms":138.319178}
{"setup_repeat":0,"gpu_galerkin":true,"setup_ms":170.143978,"retained_bytes":359861155,"allocations":24}
{"native_hierarchy_setup_ms":170.143978,"input_validation_ms":36.333299,"coarse_setup_ms":0.423672,"basis_reconstruction_error":6.38176246387e-17,"levels":3,"coarse_rows":96}
{"native_level":0,"rows":35616,"nnz":827552,"coarse_rows":5100,"omega":0.483457107955,"eigenvalue_upper_bound":2.75791442797,"diagonal_ms":2.287872,"spectral_bound_ms":15.746195,"aggregate_ms":5.251366,"interpolation_ms":16.497347,"galerkin_ms":40.794760,"representation_ms":20.587546}
{"native_level":1,"rows":5100,"nnz":890280,"coarse_rows":738,"omega":0.430145208696,"eigenvalue_upper_bound":3.09972843212,"diagonal_ms":0.386762,"spectral_bound_ms":6.603461,"aggregate_ms":0.602065,"interpolation_ms":4.283679,"galerkin_ms":10.444073,"representation_ms":4.276807}
{"native_level":2,"rows":738,"nnz":225180,"coarse_rows":96,"omega":0.438084405917,"eigenvalue_upper_bound":3.04355351463,"diagonal_ms":0.046487,"spectral_bound_ms":1.388282,"aggregate_ms":0.088646,"interpolation_ms":0.710246,"galerkin_ms":1.383553,"representation_ms":0.681663}
{"resident_bond_operator":true,"gpu_rigid_projector":true}
{"gpu":"NVIDIA GeForce RTX 4090","operator":"double","preconditioner_storage":"double","preconditioner_arithmetic":"double","outer_vectors_and_reductions":"double","cuda_graph":true,"device_context_upload_graph_ms":13.054809,"rows":35616,"free":false,"levels":3,"scope":"standalone hierarchy validation; no game integration"}
{"fracture_frame":0,"live_bonds":18627}
{"component_hierarchy_rebuild_ms":173.757525,"physical_assembly_ms":15.764298,"hierarchy_setup_ms":145.038946,"bonded_components":1,"isolated_nodes":0,"levels":3,"coarse_rows":96,"coarse_nnz":9216,"gpu_galerkin":true,"independent_current_matrix_check":true}
{"hierarchy_device_replace_ms":13.790763,"coupling_reuploaded":false,"graph_recaptured":true}
{"topology_and_rhs_update_ms":0.233506,"hierarchy_rebuilt":true,"coupling_reuploaded":false,"graph_recaptured":true}
{"trial":0,"passed":true,"iterations":31,"submitted":32,"cuda_solve_ms":10.793472,"wall_solve_ms":10.801911,"force_residual":1.09297284015e-11,"moment_residual":1.37898549695e-11,"bond_relative_error":5.56660300341e-12,"bond_max_error_over_peak":2.34077045685e-12,"bond_force_error_n":2.80226545271e-06,"bond_moment_error_nm":1.89408002063e-06,"bond_force_error_over_input":1.11606102674e-11,"bond_moment_error_over_input":8.00216152016e-12,"zero_bond_reference":false,"recurrence_relative_residual":6.72634971332e-11,"failed":0}
{"trial":1,"passed":true,"iterations":31,"submitted":32,"cuda_solve_ms":10.754336,"wall_solve_ms":10.761246,"force_residual":1.09297284015e-11,"moment_residual":1.37898549695e-11,"bond_relative_error":5.56660300341e-12,"bond_max_error_over_peak":2.34077045685e-12,"bond_force_error_n":2.80226545271e-06,"bond_moment_error_nm":1.89408002063e-06,"bond_force_error_over_input":1.11606102674e-11,"bond_moment_error_over_input":8.00216152016e-12,"zero_bond_reference":false,"recurrence_relative_residual":6.72634971332e-11,"failed":0}
{"fracture_frame":1,"live_bonds":18564}
{"component_hierarchy_rebuild_ms":152.305906,"physical_assembly_ms":18.073701,"hierarchy_setup_ms":121.026124,"bonded_components":1,"isolated_nodes":0,"levels":3,"coarse_rows":96,"coarse_nnz":9216,"gpu_galerkin":true,"independent_current_matrix_check":true}
{"hierarchy_device_replace_ms":10.700693,"coupling_reuploaded":false,"graph_recaptured":true}
{"topology_and_rhs_update_ms":0.398354,"hierarchy_rebuilt":true,"coupling_reuploaded":false,"graph_recaptured":true}
{"trial":2,"passed":true,"iterations":30,"submitted":32,"cuda_solve_ms":11.250016,"wall_solve_ms":11.258013,"force_residual":1.61697921779e-11,"moment_residual":2.00025809407e-11,"bond_relative_error":1.95489188546e-11,"bond_max_error_over_peak":3.42362663761e-11,"bond_force_error_n":3.58546532652e-06,"bond_moment_error_nm":2.63586522716e-06,"bond_force_error_over_input":1.42798681323e-11,"bond_moment_error_over_input":1.11360761232e-11,"zero_bond_reference":false,"recurrence_relative_residual":9.48285255734e-11,"failed":0}
{"trial":3,"passed":true,"iterations":30,"submitted":32,"cuda_solve_ms":11.221184,"wall_solve_ms":11.229390,"force_residual":1.61694566985e-11,"moment_residual":2.00028007941e-11,"bond_relative_error":1.95488789633e-11,"bond_max_error_over_peak":3.42373749916e-11,"bond_force_error_n":3.58545315319e-06,"bond_moment_error_nm":2.63586563938e-06,"bond_force_error_over_input":1.42798196495e-11,"bond_moment_error_over_input":1.11360778648e-11,"zero_bond_reference":false,"recurrence_relative_residual":9.48285255734e-11,"failed":0}
{"fracture_frame":2,"live_bonds":18036}
{"component_hierarchy_rebuild_ms":151.279209,"physical_assembly_ms":19.910181,"hierarchy_setup_ms":116.463363,"bonded_components":2,"isolated_nodes":0,"levels":3,"coarse_rows":114,"coarse_nnz":6516,"gpu_galerkin":true,"independent_current_matrix_check":true}
{"hierarchy_device_replace_ms":9.960570,"coupling_reuploaded":false,"graph_recaptured":true}
{"topology_and_rhs_update_ms":0.330677,"hierarchy_rebuilt":true,"coupling_reuploaded":false,"graph_recaptured":true}
{"trial":4,"passed":true,"iterations":36,"submitted":40,"cuda_solve_ms":13.427744,"wall_solve_ms":13.436481,"force_residual":1.44316173593e-11,"moment_residual":1.82171327875e-11,"bond_relative_error":1.08173932675e-11,"bond_max_error_over_peak":2.20147908564e-11,"bond_force_error_n":3.14026019877e-06,"bond_moment_error_nm":2.7640171546e-06,"bond_force_error_over_input":1.25067452774e-11,"bond_moment_error_over_input":1.16774959214e-11,"zero_bond_reference":false,"recurrence_relative_residual":8.44670002975e-11,"failed":0}
{"trial":5,"passed":true,"iterations":36,"submitted":40,"cuda_solve_ms":13.394272,"wall_solve_ms":13.401927,"force_residual":1.44316173593e-11,"moment_residual":1.82171327875e-11,"bond_relative_error":1.08173932675e-11,"bond_max_error_over_peak":2.20147908564e-11,"bond_force_error_n":3.14026019877e-06,"bond_moment_error_nm":2.7640171546e-06,"bond_force_error_over_input":1.25067452774e-11,"bond_moment_error_over_input":1.16774959214e-11,"zero_bond_reference":false,"recurrence_relative_residual":8.44670002975e-11,"failed":0}
{"fracture_frame":3,"live_bonds":0}
{"component_hierarchy_rebuild_ms":1.161409,"physical_assembly_ms":0.922042,"hierarchy_setup_ms":0.025177,"bonded_components":0,"isolated_nodes":5936,"levels":0,"coarse_rows":35616,"coarse_nnz":0,"gpu_galerkin":true,"independent_current_matrix_check":true}
{"hierarchy_device_replace_ms":1.509929,"coupling_reuploaded":false,"graph_recaptured":true}
{"topology_and_rhs_update_ms":0.147345,"hierarchy_rebuilt":true,"coupling_reuploaded":false,"graph_recaptured":true}
{"trial":6,"passed":true,"iterations":0,"submitted":0,"cuda_solve_ms":0.012160,"wall_solve_ms":0.019256,"force_residual":0,"moment_residual":0,"bond_relative_error":null,"bond_max_error_over_peak":null,"bond_force_error_n":0,"bond_moment_error_nm":0,"bond_force_error_over_input":0,"bond_moment_error_over_input":0,"zero_bond_reference":true,"recurrence_relative_residual":0,"failed":0}
{"trial":7,"passed":true,"iterations":0,"submitted":0,"cuda_solve_ms":0.012128,"wall_solve_ms":0.018835,"force_residual":0,"moment_residual":0,"bond_relative_error":null,"bond_max_error_over_peak":null,"bond_force_error_n":0,"bond_moment_error_nm":0,"bond_force_error_over_input":0,"bond_moment_error_over_input":0,"zero_bond_reference":true,"recurrence_relative_residual":0,"failed":0}
{"fracture_frame":4,"live_bonds":18627}
{"component_hierarchy_rebuild_ms":169.367397,"physical_assembly_ms":14.765032,"hierarchy_setup_ms":141.394270,"bonded_components":1,"isolated_nodes":0,"levels":3,"coarse_rows":96,"coarse_nnz":9216,"gpu_galerkin":true,"independent_current_matrix_check":true}
{"hierarchy_device_replace_ms":8.804802,"coupling_reuploaded":false,"graph_recaptured":true}
{"topology_and_rhs_update_ms":0.217096,"hierarchy_rebuilt":true,"coupling_reuploaded":false,"graph_recaptured":true}
{"trial":8,"passed":true,"iterations":31,"submitted":32,"cuda_solve_ms":10.788128,"wall_solve_ms":10.796852,"force_residual":1.09297284015e-11,"moment_residual":1.37898549695e-11,"bond_relative_error":5.56660300341e-12,"bond_max_error_over_peak":2.34077045685e-12,"bond_force_error_n":2.80226545271e-06,"bond_moment_error_nm":1.89408002063e-06,"bond_force_error_over_input":1.11606102674e-11,"bond_moment_error_over_input":8.00216152016e-12,"zero_bond_reference":false,"recurrence_relative_residual":6.72634971332e-11,"failed":0}
{"trial":9,"passed":true,"iterations":31,"submitted":32,"cuda_solve_ms":10.754816,"wall_solve_ms":10.761686,"force_residual":1.09297284015e-11,"moment_residual":1.37898549695e-11,"bond_relative_error":5.56660300341e-12,"bond_max_error_over_peak":2.34077045685e-12,"bond_force_error_n":2.80226545271e-06,"bond_moment_error_nm":1.89408002063e-06,"bond_force_error_over_input":1.11606102674e-11,"bond_moment_error_over_input":8.00216152016e-12,"zero_bond_reference":false,"recurrence_relative_residual":6.72634971332e-11,"failed":0}
{"fracture_frame":5,"live_bonds":12418}
{"component_hierarchy_rebuild_ms":147.444708,"physical_assembly_ms":10.840243,"hierarchy_setup_ms":126.859878,"bonded_components":7,"isolated_nodes":1,"levels":3,"coarse_rows":180,"coarse_nnz":20796,"gpu_galerkin":true,"independent_current_matrix_check":true}
{"hierarchy_device_replace_ms":10.537538,"coupling_reuploaded":false,"graph_recaptured":true}
{"topology_and_rhs_update_ms":0.178242,"hierarchy_rebuilt":true,"coupling_reuploaded":false,"graph_recaptured":true}
{"trial":10,"passed":true,"iterations":44,"submitted":48,"cuda_solve_ms":15.810176,"wall_solve_ms":15.819011,"force_residual":9.905602465e-12,"moment_residual":1.19383824702e-11,"bond_relative_error":6.98621449865e-12,"bond_max_error_over_peak":4.91795760029e-12,"bond_force_error_n":5.17200376683e-06,"bond_moment_error_nm":2.81247258976e-06,"bond_force_error_over_input":2.05985904323e-11,"bond_moment_error_over_input":1.18822117805e-11,"zero_bond_reference":false,"recurrence_relative_residual":5.51451079614e-11,"failed":0}
{"trial":11,"passed":true,"iterations":44,"submitted":48,"cuda_solve_ms":15.792864,"wall_solve_ms":15.800877,"force_residual":9.905602465e-12,"moment_residual":1.19383824702e-11,"bond_relative_error":6.98621449865e-12,"bond_max_error_over_peak":4.91795760029e-12,"bond_force_error_n":5.17200376683e-06,"bond_moment_error_nm":2.81247258976e-06,"bond_force_error_over_input":2.05985904323e-11,"bond_moment_error_over_input":1.18822117805e-11,"zero_bond_reference":false,"recurrence_relative_residual":5.51451079614e-11,"failed":0}
{"fracture_frame":6,"live_bonds":18564}
{"component_hierarchy_rebuild_ms":153.473827,"physical_assembly_ms":19.567500,"hierarchy_setup_ms":120.565784,"bonded_components":1,"isolated_nodes":0,"levels":3,"coarse_rows":96,"coarse_nnz":9216,"gpu_galerkin":true,"independent_current_matrix_check":true}
{"hierarchy_device_replace_ms":10.760094,"coupling_reuploaded":false,"graph_recaptured":true}
{"topology_and_rhs_update_ms":0.405066,"hierarchy_rebuilt":true,"coupling_reuploaded":false,"graph_recaptured":true}
{"trial":12,"passed":true,"iterations":30,"submitted":32,"cuda_solve_ms":11.249440,"wall_solve_ms":11.257582,"force_residual":1.61691885018e-11,"moment_residual":2.00028326284e-11,"bond_relative_error":1.95488737438e-11,"bond_max_error_over_peak":3.42351577605e-11,"bond_force_error_n":3.5854433625e-06,"bond_moment_error_nm":2.6358647255e-06,"bond_force_error_over_input":1.4279780656e-11,"bond_moment_error_over_input":1.11360740038e-11,"zero_bond_reference":false,"recurrence_relative_residual":9.48285255734e-11,"failed":0}
{"trial":13,"passed":true,"iterations":30,"submitted":32,"cuda_solve_ms":11.223104,"wall_solve_ms":11.231504,"force_residual":1.61694375661e-11,"moment_residual":2.00028141952e-11,"bond_relative_error":1.95488651857e-11,"bond_max_error_over_peak":3.42362663761e-11,"bond_force_error_n":3.58543491457e-06,"bond_moment_error_nm":2.63586468918e-06,"bond_force_error_over_input":1.42797470104e-11,"bond_moment_error_over_input":1.11360738503e-11,"zero_bond_reference":false,"recurrence_relative_residual":9.48285255734e-11,"failed":0}
{"fracture_frame":7,"live_bonds":18627}
{"component_hierarchy_rebuild_ms":147.519498,"physical_assembly_ms":15.076805,"hierarchy_setup_ms":119.235130,"bonded_components":1,"isolated_nodes":0,"levels":3,"coarse_rows":96,"coarse_nnz":9216,"gpu_galerkin":true,"independent_current_matrix_check":true}
{"hierarchy_device_replace_ms":11.021191,"coupling_reuploaded":false,"graph_recaptured":true}
{"topology_and_rhs_update_ms":0.219800,"hierarchy_rebuilt":true,"coupling_reuploaded":false,"graph_recaptured":true}
{"trial":14,"passed":true,"iterations":31,"submitted":32,"cuda_solve_ms":10.782400,"wall_solve_ms":10.790781,"force_residual":1.09297284015e-11,"moment_residual":1.37898549695e-11,"bond_relative_error":5.56660300341e-12,"bond_max_error_over_peak":2.34077045685e-12,"bond_force_error_n":2.80226545271e-06,"bond_moment_error_nm":1.89408002063e-06,"bond_force_error_over_input":1.11606102674e-11,"bond_moment_error_over_input":8.00216152016e-12,"zero_bond_reference":false,"recurrence_relative_residual":6.72634971332e-11,"failed":0}
{"trial":15,"passed":true,"iterations":31,"submitted":32,"cuda_solve_ms":10.771840,"wall_solve_ms":10.779259,"force_residual":1.09297284015e-11,"moment_residual":1.37898549695e-11,"bond_relative_error":5.56660300341e-12,"bond_max_error_over_peak":2.34077045685e-12,"bond_force_error_n":2.80226545271e-06,"bond_moment_error_nm":1.89408002063e-06,"bond_force_error_over_input":1.11606102674e-11,"bond_moment_error_over_input":8.00216152016e-12,"zero_bond_reference":false,"recurrence_relative_residual":6.72634971332e-11,"failed":0}
