{"native_physical_assembly_ms":34.777735,"active_nodes":5936,"bonds":18627,"independent_operator_comparison":true,"native_load_projection":true}
{"galerkin_algorithm":2}
{"gpu_galerkin_context_ms":140.250950}
{"setup_repeat":0,"gpu_galerkin":true,"setup_ms":173.968926,"retained_bytes":359861155,"allocations":24}
{"native_hierarchy_setup_ms":173.968926,"input_validation_ms":37.137402,"coarse_setup_ms":0.420235,"basis_reconstruction_error":6.38176246387e-17,"levels":3,"coarse_rows":96}
{"native_level":0,"rows":35616,"nnz":827552,"coarse_rows":5100,"omega":0.483457107955,"eigenvalue_upper_bound":2.75791442797,"diagonal_ms":2.506441,"spectral_bound_ms":16.385528,"aggregate_ms":5.550436,"interpolation_ms":15.930599,"galerkin_ms":42.011895,"representation_ms":21.308111}
{"native_level":1,"rows":5100,"nnz":890280,"coarse_rows":738,"omega":0.430145208696,"eigenvalue_upper_bound":3.09972843212,"diagonal_ms":0.375501,"spectral_bound_ms":6.867685,"aggregate_ms":0.608566,"interpolation_ms":4.363399,"galerkin_ms":10.623899,"representation_ms":4.620238}
{"native_level":2,"rows":738,"nnz":225180,"coarse_rows":96,"omega":0.438084405917,"eigenvalue_upper_bound":3.04355351463,"diagonal_ms":0.049151,"spectral_bound_ms":1.429760,"aggregate_ms":0.089588,"interpolation_ms":0.711619,"galerkin_ms":1.420453,"representation_ms":0.682935}
{"resident_bond_operator":true,"gpu_rigid_projector":true}
{"gpu":"NVIDIA GeForce RTX 4090","operator":"double","preconditioner_storage":"double","preconditioner_arithmetic":"double","outer_vectors_and_reductions":"double","cuda_graph":true,"device_context_upload_graph_ms":13.334662,"rows":35616,"free":false,"levels":3,"scope":"standalone hierarchy validation; no game integration"}
{"fracture_frame":0,"live_bonds":18627}
{"component_hierarchy_rebuild_ms":172.875193,"physical_assembly_ms":16.459357,"hierarchy_setup_ms":143.043365,"bonded_components":1,"isolated_nodes":0,"levels":3,"coarse_rows":96,"coarse_nnz":9216,"gpu_galerkin":true,"independent_current_matrix_check":true}
{"hierarchy_device_replace_ms":13.950702,"coupling_reuploaded":false,"graph_recaptured":true}
{"topology_and_rhs_update_ms":0.224560,"hierarchy_rebuilt":true,"coupling_reuploaded":false,"graph_recaptured":true}
{"trial":0,"passed":true,"iterations":31,"submitted":32,"cuda_solve_ms":10.786784,"wall_solve_ms":10.796071,"force_residual":1.09297284015e-11,"moment_residual":1.37898549695e-11,"bond_relative_error":5.56660300341e-12,"bond_max_error_over_peak":2.34077045685e-12,"bond_force_error_n":2.80226545271e-06,"bond_moment_error_nm":1.89408002063e-06,"bond_force_error_over_input":1.11606102674e-11,"bond_moment_error_over_input":8.00216152016e-12,"zero_bond_reference":false,"recurrence_relative_residual":6.72634971332e-11,"failed":0}
{"trial":1,"passed":true,"iterations":31,"submitted":32,"cuda_solve_ms":10.763168,"wall_solve_ms":10.770523,"force_residual":1.09297284015e-11,"moment_residual":1.37898549695e-11,"bond_relative_error":5.56660300341e-12,"bond_max_error_over_peak":2.34077045685e-12,"bond_force_error_n":2.80226545271e-06,"bond_moment_error_nm":1.89408002063e-06,"bond_force_error_over_input":1.11606102674e-11,"bond_moment_error_over_input":8.00216152016e-12,"zero_bond_reference":false,"recurrence_relative_residual":6.72634971332e-11,"failed":0}
{"fracture_frame":1,"live_bonds":18564}
{"component_hierarchy_rebuild_ms":152.989789,"physical_assembly_ms":18.201581,"hierarchy_setup_ms":121.556980,"bonded_components":1,"isolated_nodes":0,"levels":3,"coarse_rows":96,"coarse_nnz":9216,"gpu_galerkin":true,"independent_current_matrix_check":true}
{"hierarchy_device_replace_ms":11.339797,"coupling_reuploaded":false,"graph_recaptured":true}
{"topology_and_rhs_update_ms":0.405307,"hierarchy_rebuilt":true,"coupling_reuploaded":false,"graph_recaptured":true}
{"trial":2,"passed":true,"iterations":30,"submitted":32,"cuda_solve_ms":11.249056,"wall_solve_ms":11.257352,"force_residual":1.61691877419e-11,"moment_residual":2.00027100918e-11,"bond_relative_error":1.95488614052e-11,"bond_max_error_over_peak":3.42340491449e-11,"bond_force_error_n":3.58544231038e-06,"bond_moment_error_nm":2.63586511183e-06,"bond_force_error_over_input":1.42797764657e-11,"bond_moment_error_over_input":1.11360756359e-11,"zero_bond_reference":false,"recurrence_relative_residual":9.48285255734e-11,"failed":0}
{"trial":3,"passed":true,"iterations":30,"submitted":32,"cuda_solve_ms":11.218080,"wall_solve_ms":11.224852,"force_residual":1.61693832686e-11,"moment_residual":2.00028567463e-11,"bond_relative_error":1.9548861127e-11,"bond_max_error_over_peak":3.42340491449e-11,"bond_force_error_n":3.58543579869e-06,"bond_moment_error_nm":2.63586506639e-06,"bond_force_error_over_input":1.42797505315e-11,"bond_moment_error_over_input":1.11360754439e-11,"zero_bond_reference":false,"recurrence_relative_residual":9.48285255734e-11,"failed":0}
{"fracture_frame":2,"live_bonds":18036}
{"component_hierarchy_rebuild_ms":137.068607,"physical_assembly_ms":17.530548,"hierarchy_setup_ms":104.236104,"bonded_components":2,"isolated_nodes":0,"levels":3,"coarse_rows":114,"coarse_nnz":6516,"gpu_galerkin":true,"independent_current_matrix_check":true}
{"hierarchy_device_replace_ms":9.391929,"coupling_reuploaded":false,"graph_recaptured":true}
{"topology_and_rhs_update_ms":0.320759,"hierarchy_rebuilt":true,"coupling_reuploaded":false,"graph_recaptured":true}
{"trial":4,"passed":true,"iterations":36,"submitted":40,"cuda_solve_ms":13.420128,"wall_solve_ms":13.429178,"force_residual":1.44316173593e-11,"moment_residual":1.82171327875e-11,"bond_relative_error":1.08173932675e-11,"bond_max_error_over_peak":2.20147908564e-11,"bond_force_error_n":3.14026019877e-06,"bond_moment_error_nm":2.7640171546e-06,"bond_force_error_over_input":1.25067452774e-11,"bond_moment_error_over_input":1.16774959214e-11,"zero_bond_reference":false,"recurrence_relative_residual":8.44670002975e-11,"failed":0}
{"trial":5,"passed":true,"iterations":36,"submitted":40,"cuda_solve_ms":13.395232,"wall_solve_ms":13.401988,"force_residual":1.44316173593e-11,"moment_residual":1.82171327875e-11,"bond_relative_error":1.08173932675e-11,"bond_max_error_over_peak":2.20147908564e-11,"bond_force_error_n":3.14026019877e-06,"bond_moment_error_nm":2.7640171546e-06,"bond_force_error_over_input":1.25067452774e-11,"bond_moment_error_over_input":1.16774959214e-11,"zero_bond_reference":false,"recurrence_relative_residual":8.44670002975e-11,"failed":0}
{"fracture_frame":3,"live_bonds":0}
{"component_hierarchy_rebuild_ms":1.147823,"physical_assembly_ms":0.918395,"hierarchy_setup_ms":0.024576,"bonded_components":0,"isolated_nodes":5936,"levels":0,"coarse_rows":35616,"coarse_nnz":0,"gpu_galerkin":true,"independent_current_matrix_check":true}
{"hierarchy_device_replace_ms":1.447603,"coupling_reuploaded":false,"graph_recaptured":true}
{"topology_and_rhs_update_ms":0.139931,"hierarchy_rebuilt":true,"coupling_reuploaded":false,"graph_recaptured":true}
{"trial":6,"passed":true,"iterations":0,"submitted":0,"cuda_solve_ms":0.010688,"wall_solve_ms":0.016290,"force_residual":0,"moment_residual":0,"bond_relative_error":null,"bond_max_error_over_peak":null,"bond_force_error_n":0,"bond_moment_error_nm":0,"bond_force_error_over_input":0,"bond_moment_error_over_input":0,"zero_bond_reference":true,"recurrence_relative_residual":0,"failed":0}
{"trial":7,"passed":true,"iterations":0,"submitted":0,"cuda_solve_ms":0.010848,"wall_solve_ms":0.017293,"force_residual":0,"moment_residual":0,"bond_relative_error":null,"bond_max_error_over_peak":null,"bond_force_error_n":0,"bond_moment_error_nm":0,"bond_force_error_over_input":0,"bond_moment_error_over_input":0,"zero_bond_reference":true,"recurrence_relative_residual":0,"failed":0}
{"fracture_frame":4,"live_bonds":18627}
{"component_hierarchy_rebuild_ms":138.897932,"physical_assembly_ms":15.918858,"hierarchy_setup_ms":109.361285,"bonded_components":1,"isolated_nodes":0,"levels":3,"coarse_rows":96,"coarse_nnz":9216,"gpu_galerkin":true,"independent_current_matrix_check":true}
{"hierarchy_device_replace_ms":8.884521,"coupling_reuploaded":false,"graph_recaptured":true}
{"topology_and_rhs_update_ms":0.231653,"hierarchy_rebuilt":true,"coupling_reuploaded":false,"graph_recaptured":true}
{"trial":8,"passed":true,"iterations":31,"submitted":32,"cuda_solve_ms":10.780704,"wall_solve_ms":10.790320,"force_residual":1.09297284015e-11,"moment_residual":1.37898549695e-11,"bond_relative_error":5.56660300341e-12,"bond_max_error_over_peak":2.34077045685e-12,"bond_force_error_n":2.80226545271e-06,"bond_moment_error_nm":1.89408002063e-06,"bond_force_error_over_input":1.11606102674e-11,"bond_moment_error_over_input":8.00216152016e-12,"zero_bond_reference":false,"recurrence_relative_residual":6.72634971332e-11,"failed":0}
{"trial":9,"passed":true,"iterations":31,"submitted":32,"cuda_solve_ms":10.756000,"wall_solve_ms":10.762648,"force_residual":1.09297284015e-11,"moment_residual":1.37898549695e-11,"bond_relative_error":5.56660300341e-12,"bond_max_error_over_peak":2.34077045685e-12,"bond_force_error_n":2.80226545271e-06,"bond_moment_error_nm":1.89408002063e-06,"bond_force_error_over_input":1.11606102674e-11,"bond_moment_error_over_input":8.00216152016e-12,"zero_bond_reference":false,"recurrence_relative_residual":6.72634971332e-11,"failed":0}
{"fracture_frame":5,"live_bonds":12418}
{"component_hierarchy_rebuild_ms":138.656291,"physical_assembly_ms":10.744855,"hierarchy_setup_ms":118.086137,"bonded_components":7,"isolated_nodes":1,"levels":3,"coarse_rows":180,"coarse_nnz":20796,"gpu_galerkin":true,"independent_current_matrix_check":true}
{"hierarchy_device_replace_ms":10.408748,"coupling_reuploaded":false,"graph_recaptured":true}
{"topology_and_rhs_update_ms":0.166722,"hierarchy_rebuilt":true,"coupling_reuploaded":false,"graph_recaptured":true}
{"trial":10,"passed":true,"iterations":44,"submitted":48,"cuda_solve_ms":15.812832,"wall_solve_ms":15.821867,"force_residual":9.905602465e-12,"moment_residual":1.19383824702e-11,"bond_relative_error":6.98621449865e-12,"bond_max_error_over_peak":4.91795760029e-12,"bond_force_error_n":5.17200376683e-06,"bond_moment_error_nm":2.81247258976e-06,"bond_force_error_over_input":2.05985904323e-11,"bond_moment_error_over_input":1.18822117805e-11,"zero_bond_reference":false,"recurrence_relative_residual":5.51451079614e-11,"failed":0}
{"trial":11,"passed":true,"iterations":44,"submitted":48,"cuda_solve_ms":15.783904,"wall_solve_ms":15.790678,"force_residual":9.905602465e-12,"moment_residual":1.19383824702e-11,"bond_relative_error":6.98621449865e-12,"bond_max_error_over_peak":4.91795760029e-12,"bond_force_error_n":5.17200376683e-06,"bond_moment_error_nm":2.81247258976e-06,"bond_force_error_over_input":2.05985904323e-11,"bond_moment_error_over_input":1.18822117805e-11,"zero_bond_reference":false,"recurrence_relative_residual":5.51451079614e-11,"failed":0}
{"fracture_frame":6,"live_bonds":18564}
{"component_hierarchy_rebuild_ms":147.791741,"physical_assembly_ms":18.840954,"hierarchy_setup_ms":115.650860,"bonded_components":1,"isolated_nodes":0,"levels":3,"coarse_rows":96,"coarse_nnz":9216,"gpu_galerkin":true,"independent_current_matrix_check":true}
{"hierarchy_device_replace_ms":10.402356,"coupling_reuploaded":false,"graph_recaptured":true}
{"topology_and_rhs_update_ms":0.393665,"hierarchy_rebuilt":true,"coupling_reuploaded":false,"graph_recaptured":true}
{"trial":12,"passed":true,"iterations":30,"submitted":32,"cuda_solve_ms":11.250336,"wall_solve_ms":11.258955,"force_residual":1.61697521426e-11,"moment_residual":2.00028676998e-11,"bond_relative_error":1.95488757097e-11,"bond_max_error_over_peak":3.42362663761e-11,"bond_force_error_n":3.58544761025e-06,"bond_moment_error_nm":2.63586457615e-06,"bond_force_error_over_input":1.42797975736e-11,"bond_moment_error_over_input":1.11360733728e-11,"zero_bond_reference":false,"recurrence_relative_residual":9.48285255734e-11,"failed":0}
{"trial":13,"passed":true,"iterations":30,"submitted":32,"cuda_solve_ms":11.213216,"wall_solve_ms":11.220985,"force_residual":1.61697815207e-11,"moment_residual":2.00025905445e-11,"bond_relative_error":1.9548883809e-11,"bond_max_error_over_peak":3.42362663761e-11,"bond_force_error_n":3.58544698464e-06,"bond_moment_error_nm":2.63586660243e-06,"bond_force_error_over_input":1.42797950819e-11,"bond_moment_error_over_input":1.11360819335e-11,"zero_bond_reference":false,"recurrence_relative_residual":9.48285255734e-11,"failed":0}
{"fracture_frame":7,"live_bonds":18627}
{"component_hierarchy_rebuild_ms":144.681162,"physical_assembly_ms":15.371134,"hierarchy_setup_ms":115.815417,"bonded_components":1,"isolated_nodes":0,"levels":3,"coarse_rows":96,"coarse_nnz":9216,"gpu_galerkin":true,"independent_current_matrix_check":true}
{"hierarchy_device_replace_ms":10.827390,"coupling_reuploaded":false,"graph_recaptured":true}
{"topology_and_rhs_update_ms":0.232684,"hierarchy_rebuilt":true,"coupling_reuploaded":false,"graph_recaptured":true}
{"trial":14,"passed":true,"iterations":31,"submitted":32,"cuda_solve_ms":10.786752,"wall_solve_ms":10.795239,"force_residual":1.09297284015e-11,"moment_residual":1.37898549695e-11,"bond_relative_error":5.56660300341e-12,"bond_max_error_over_peak":2.34077045685e-12,"bond_force_error_n":2.80226545271e-06,"bond_moment_error_nm":1.89408002063e-06,"bond_force_error_over_input":1.11606102674e-11,"bond_moment_error_over_input":8.00216152016e-12,"zero_bond_reference":false,"recurrence_relative_residual":6.72634971332e-11,"failed":0}
{"trial":15,"passed":true,"iterations":31,"submitted":32,"cuda_solve_ms":10.759776,"wall_solve_ms":10.766546,"force_residual":1.09297284015e-11,"moment_residual":1.37898549695e-11,"bond_relative_error":5.56660300341e-12,"bond_max_error_over_peak":2.34077045685e-12,"bond_force_error_n":2.80226545271e-06,"bond_moment_error_nm":1.89408002063e-06,"bond_force_error_over_input":1.11606102674e-11,"bond_moment_error_over_input":8.00216152016e-12,"zero_bond_reference":false,"recurrence_relative_residual":6.72634971332e-11,"failed":0}
