{"native_physical_assembly_ms":35.487109,"active_nodes":5936,"bonds":18627,"independent_operator_comparison":true,"native_load_projection":true}
{"galerkin_algorithm":2}
{"gpu_galerkin_context_ms":148.151429}
{"setup_repeat":0,"gpu_galerkin":true,"setup_ms":171.698612,"retained_bytes":359861155,"allocations":24}
{"native_hierarchy_setup_ms":171.698612,"input_validation_ms":36.050431,"coarse_setup_ms":0.418672,"basis_reconstruction_error":6.38176246387e-17,"levels":3,"coarse_rows":96}
{"native_level":0,"rows":35616,"nnz":827552,"coarse_rows":5100,"omega":0.483457107955,"eigenvalue_upper_bound":2.75791442797,"diagonal_ms":2.225366,"spectral_bound_ms":15.595353,"aggregate_ms":5.292042,"interpolation_ms":16.225580,"galerkin_ms":43.573489,"representation_ms":20.449077}
{"native_level":1,"rows":5100,"nnz":890280,"coarse_rows":738,"omega":0.430145208696,"eigenvalue_upper_bound":3.09972843212,"diagonal_ms":0.358259,"spectral_bound_ms":6.643556,"aggregate_ms":0.603377,"interpolation_ms":4.269684,"galerkin_ms":10.245382,"representation_ms":4.614086}
{"native_level":2,"rows":738,"nnz":225180,"coarse_rows":96,"omega":0.438084405917,"eigenvalue_upper_bound":3.04355351463,"diagonal_ms":0.050273,"spectral_bound_ms":1.393082,"aggregate_ms":0.087593,"interpolation_ms":0.713162,"galerkin_ms":1.403952,"representation_ms":0.645285}
{"resident_bond_operator":true,"gpu_rigid_projector":true}
{"gpu":"NVIDIA GeForce RTX 4090","operator":"double","preconditioner_storage":"float","preconditioner_arithmetic":"float","outer_vectors_and_reductions":"double","cuda_graph":true,"device_context_upload_graph_ms":11.850610,"rows":35616,"free":false,"levels":3,"scope":"standalone hierarchy validation; no game integration"}
{"fracture_frame":0,"live_bonds":18627}
{"component_hierarchy_rebuild_ms":171.655862,"physical_assembly_ms":14.660598,"hierarchy_setup_ms":143.804702,"bonded_components":1,"isolated_nodes":0,"levels":3,"coarse_rows":96,"coarse_nnz":9216,"gpu_galerkin":true,"independent_current_matrix_check":true}
{"hierarchy_device_replace_ms":8.498531,"coupling_reuploaded":false,"graph_recaptured":true}
{"topology_and_rhs_update_ms":0.246700,"hierarchy_rebuilt":true,"coupling_reuploaded":false,"graph_recaptured":true}
{"trial":0,"passed":true,"iterations":31,"submitted":32,"cuda_solve_ms":6.446496,"wall_solve_ms":6.455294,"force_residual":1.09255354568e-11,"moment_residual":1.37937504727e-11,"bond_relative_error":5.56630007669e-12,"bond_max_error_over_peak":2.34052329245e-12,"bond_force_error_n":2.8025158133e-06,"bond_moment_error_nm":1.89403472338e-06,"bond_force_error_over_input":1.1161607381e-11,"bond_moment_error_over_input":8.00197014711e-12,"zero_bond_reference":false,"recurrence_relative_residual":6.72636448469e-11,"failed":0}
{"trial":1,"passed":true,"iterations":31,"submitted":32,"cuda_solve_ms":6.420576,"wall_solve_ms":6.427352,"force_residual":1.09255354568e-11,"moment_residual":1.37937504727e-11,"bond_relative_error":5.56630007669e-12,"bond_max_error_over_peak":2.34052329245e-12,"bond_force_error_n":2.8025158133e-06,"bond_moment_error_nm":1.89403472338e-06,"bond_force_error_over_input":1.1161607381e-11,"bond_moment_error_over_input":8.00197014711e-12,"zero_bond_reference":false,"recurrence_relative_residual":6.72636448469e-11,"failed":0}
{"fracture_frame":1,"live_bonds":18564}
{"component_hierarchy_rebuild_ms":157.100921,"physical_assembly_ms":17.839153,"hierarchy_setup_ms":126.082949,"bonded_components":1,"isolated_nodes":0,"levels":3,"coarse_rows":96,"coarse_nnz":9216,"gpu_galerkin":true,"independent_current_matrix_check":true}
{"hierarchy_device_replace_ms":8.348991,"coupling_reuploaded":false,"graph_recaptured":true}
{"topology_and_rhs_update_ms":0.405156,"hierarchy_rebuilt":true,"coupling_reuploaded":false,"graph_recaptured":true}
{"trial":2,"passed":true,"iterations":30,"submitted":32,"cuda_solve_ms":7.059392,"wall_solve_ms":7.067468,"force_residual":1.61707752743e-11,"moment_residual":2.00025875385e-11,"bond_relative_error":1.95490912601e-11,"bond_max_error_over_peak":3.42351577605e-11,"bond_force_error_n":3.58551116214e-06,"bond_moment_error_nm":2.63586572244e-06,"bond_force_error_over_input":1.42800506823e-11,"bond_moment_error_over_input":1.11360782156e-11,"zero_bond_reference":false,"recurrence_relative_residual":9.48282258604e-11,"failed":0}
{"trial":3,"passed":true,"iterations":30,"submitted":32,"cuda_solve_ms":7.019456,"wall_solve_ms":7.031110,"force_residual":1.61704235698e-11,"moment_residual":2.00024225254e-11,"bond_relative_error":1.95490522301e-11,"bond_max_error_over_peak":3.42362663761e-11,"bond_force_error_n":3.58552299571e-06,"bond_moment_error_nm":2.63586994221e-06,"bond_force_error_over_input":1.4280097812e-11,"bond_moment_error_over_input":1.11360960435e-11,"zero_bond_reference":false,"recurrence_relative_residual":9.48282948723e-11,"failed":0}
{"fracture_frame":2,"live_bonds":18036}
{"component_hierarchy_rebuild_ms":135.109795,"physical_assembly_ms":16.560926,"hierarchy_setup_ms":105.718018,"bonded_components":2,"isolated_nodes":0,"levels":3,"coarse_rows":114,"coarse_nnz":6516,"gpu_galerkin":true,"independent_current_matrix_check":true}
{"hierarchy_device_replace_ms":7.404818,"coupling_reuploaded":false,"graph_recaptured":true}
{"topology_and_rhs_update_ms":0.334144,"hierarchy_rebuilt":true,"coupling_reuploaded":false,"graph_recaptured":true}
{"trial":4,"passed":true,"iterations":36,"submitted":40,"cuda_solve_ms":8.397248,"wall_solve_ms":8.405085,"force_residual":1.44311294128e-11,"moment_residual":1.82192514269e-11,"bond_relative_error":1.08172029504e-11,"bond_max_error_over_peak":2.20037944574e-11,"bond_force_error_n":3.14030544299e-06,"bond_moment_error_nm":2.76401012985e-06,"bond_force_error_over_input":1.2506925472e-11,"bond_moment_error_over_input":1.1677466243e-11,"zero_bond_reference":false,"recurrence_relative_residual":8.44669369617e-11,"failed":0}
{"trial":5,"passed":true,"iterations":36,"submitted":40,"cuda_solve_ms":8.362848,"wall_solve_ms":8.369419,"force_residual":1.44311294128e-11,"moment_residual":1.82192514269e-11,"bond_relative_error":1.08172029504e-11,"bond_max_error_over_peak":2.20037944574e-11,"bond_force_error_n":3.14030544299e-06,"bond_moment_error_nm":2.76401012985e-06,"bond_force_error_over_input":1.2506925472e-11,"bond_moment_error_over_input":1.1677466243e-11,"zero_bond_reference":false,"recurrence_relative_residual":8.44669369617e-11,"failed":0}
{"fracture_frame":3,"live_bonds":0}
{"component_hierarchy_rebuild_ms":11.093637,"physical_assembly_ms":0.912394,"hierarchy_setup_ms":0.024996,"bonded_components":0,"isolated_nodes":5936,"levels":0,"coarse_rows":35616,"coarse_nnz":0,"gpu_galerkin":true,"independent_current_matrix_check":true}
{"hierarchy_device_replace_ms":1.147703,"coupling_reuploaded":false,"graph_recaptured":true}
{"topology_and_rhs_update_ms":0.145121,"hierarchy_rebuilt":true,"coupling_reuploaded":false,"graph_recaptured":true}
{"trial":6,"passed":true,"iterations":0,"submitted":0,"cuda_solve_ms":0.010016,"wall_solve_ms":0.016130,"force_residual":0,"moment_residual":0,"bond_relative_error":null,"bond_max_error_over_peak":null,"bond_force_error_n":0,"bond_moment_error_nm":0,"bond_force_error_over_input":0,"bond_moment_error_over_input":0,"zero_bond_reference":true,"recurrence_relative_residual":0,"failed":0}
{"trial":7,"passed":true,"iterations":0,"submitted":0,"cuda_solve_ms":0.009408,"wall_solve_ms":0.015549,"force_residual":0,"moment_residual":0,"bond_relative_error":null,"bond_max_error_over_peak":null,"bond_force_error_n":0,"bond_moment_error_nm":0,"bond_force_error_over_input":0,"bond_moment_error_over_input":0,"zero_bond_reference":true,"recurrence_relative_residual":0,"failed":0}
{"fracture_frame":4,"live_bonds":18627}
{"component_hierarchy_rebuild_ms":160.834123,"physical_assembly_ms":14.367089,"hierarchy_setup_ms":133.402717,"bonded_components":1,"isolated_nodes":0,"levels":3,"coarse_rows":96,"coarse_nnz":9216,"gpu_galerkin":true,"independent_current_matrix_check":true}
{"hierarchy_device_replace_ms":7.189746,"coupling_reuploaded":false,"graph_recaptured":true}
{"topology_and_rhs_update_ms":0.234949,"hierarchy_rebuilt":true,"coupling_reuploaded":false,"graph_recaptured":true}
{"trial":8,"passed":true,"iterations":31,"submitted":32,"cuda_solve_ms":6.442848,"wall_solve_ms":6.451317,"force_residual":1.09255354568e-11,"moment_residual":1.37937504727e-11,"bond_relative_error":5.56630007669e-12,"bond_max_error_over_peak":2.34052329245e-12,"bond_force_error_n":2.8025158133e-06,"bond_moment_error_nm":1.89403472338e-06,"bond_force_error_over_input":1.1161607381e-11,"bond_moment_error_over_input":8.00197014711e-12,"zero_bond_reference":false,"recurrence_relative_residual":6.72636448469e-11,"failed":0}
{"trial":9,"passed":true,"iterations":31,"submitted":32,"cuda_solve_ms":6.424704,"wall_solve_ms":6.431880,"force_residual":1.09255354568e-11,"moment_residual":1.37937504727e-11,"bond_relative_error":5.56630007669e-12,"bond_max_error_over_peak":2.34052329245e-12,"bond_force_error_n":2.8025158133e-06,"bond_moment_error_nm":1.89403472338e-06,"bond_force_error_over_input":1.1161607381e-11,"bond_moment_error_over_input":8.00197014711e-12,"zero_bond_reference":false,"recurrence_relative_residual":6.72636448469e-11,"failed":0}
{"fracture_frame":5,"live_bonds":12418}
{"component_hierarchy_rebuild_ms":142.616193,"physical_assembly_ms":10.273144,"hierarchy_setup_ms":122.610794,"bonded_components":7,"isolated_nodes":1,"levels":3,"coarse_rows":180,"coarse_nnz":20796,"gpu_galerkin":true,"independent_current_matrix_check":true}
{"hierarchy_device_replace_ms":8.112500,"coupling_reuploaded":false,"graph_recaptured":true}
{"topology_and_rhs_update_ms":0.175037,"hierarchy_rebuilt":true,"coupling_reuploaded":false,"graph_recaptured":true}
{"trial":10,"passed":true,"iterations":44,"submitted":48,"cuda_solve_ms":9.329472,"wall_solve_ms":9.337767,"force_residual":9.92352694395e-12,"moment_residual":1.19418613052e-11,"bond_relative_error":6.98585176722e-12,"bond_max_error_over_peak":4.91750547824e-12,"bond_force_error_n":5.17061798462e-06,"bond_moment_error_nm":2.81240908548e-06,"bond_force_error_over_input":2.05930712638e-11,"bond_moment_error_over_input":1.18819434858e-11,"zero_bond_reference":false,"recurrence_relative_residual":5.51441796894e-11,"failed":0}
{"trial":11,"passed":true,"iterations":44,"submitted":48,"cuda_solve_ms":9.300032,"wall_solve_ms":9.306960,"force_residual":9.92352694395e-12,"moment_residual":1.19418613052e-11,"bond_relative_error":6.98585176722e-12,"bond_max_error_over_peak":4.91750547824e-12,"bond_force_error_n":5.17061798462e-06,"bond_moment_error_nm":2.81240908548e-06,"bond_force_error_over_input":2.05930712638e-11,"bond_moment_error_over_input":1.18819434858e-11,"zero_bond_reference":false,"recurrence_relative_residual":5.51441796894e-11,"failed":0}
{"fracture_frame":6,"live_bonds":18564}
{"component_hierarchy_rebuild_ms":147.005980,"physical_assembly_ms":17.789871,"hierarchy_setup_ms":116.086851,"bonded_components":1,"isolated_nodes":0,"levels":3,"coarse_rows":96,"coarse_nnz":9216,"gpu_galerkin":true,"independent_current_matrix_check":true}
{"hierarchy_device_replace_ms":8.472451,"coupling_reuploaded":false,"graph_recaptured":true}
{"topology_and_rhs_update_ms":0.411238,"hierarchy_rebuilt":true,"coupling_reuploaded":false,"graph_recaptured":true}
{"trial":12,"passed":true,"iterations":30,"submitted":32,"cuda_solve_ms":7.043488,"wall_solve_ms":7.051538,"force_residual":1.61704477081e-11,"moment_residual":2.00026312165e-11,"bond_relative_error":1.95490405342e-11,"bond_max_error_over_peak":3.42307232982e-11,"bond_force_error_n":3.58552977925e-06,"bond_moment_error_nm":2.63586226937e-06,"bond_force_error_over_input":1.42801248289e-11,"bond_moment_error_over_input":1.1136063627e-11,"zero_bond_reference":false,"recurrence_relative_residual":9.4828424462e-11,"failed":0}
{"trial":13,"passed":true,"iterations":30,"submitted":32,"cuda_solve_ms":7.011136,"wall_solve_ms":7.017525,"force_residual":1.6170446036e-11,"moment_residual":2.00025040212e-11,"bond_relative_error":1.95490397328e-11,"bond_max_error_over_peak":3.42340491449e-11,"bond_force_error_n":3.58551599782e-06,"bond_moment_error_nm":2.63586081385e-06,"bond_force_error_over_input":1.42800699414e-11,"bond_moment_error_over_input":1.11360574777e-11,"zero_bond_reference":false,"recurrence_relative_residual":9.4828356752e-11,"failed":0}
{"fracture_frame":7,"live_bonds":18627}
{"component_hierarchy_rebuild_ms":142.609590,"physical_assembly_ms":14.733594,"hierarchy_setup_ms":114.637715,"bonded_components":1,"isolated_nodes":0,"levels":3,"coarse_rows":96,"coarse_nnz":9216,"gpu_galerkin":true,"independent_current_matrix_check":true}
{"hierarchy_device_replace_ms":8.426976,"coupling_reuploaded":false,"graph_recaptured":true}
{"topology_and_rhs_update_ms":0.231623,"hierarchy_rebuilt":true,"coupling_reuploaded":false,"graph_recaptured":true}
{"trial":14,"passed":true,"iterations":31,"submitted":32,"cuda_solve_ms":6.439488,"wall_solve_ms":6.447901,"force_residual":1.09255354568e-11,"moment_residual":1.37937504727e-11,"bond_relative_error":5.56630007669e-12,"bond_max_error_over_peak":2.34052329245e-12,"bond_force_error_n":2.8025158133e-06,"bond_moment_error_nm":1.89403472338e-06,"bond_force_error_over_input":1.1161607381e-11,"bond_moment_error_over_input":8.00197014711e-12,"zero_bond_reference":false,"recurrence_relative_residual":6.72636448469e-11,"failed":0}
{"trial":15,"passed":true,"iterations":31,"submitted":32,"cuda_solve_ms":6.414592,"wall_solve_ms":6.421201,"force_residual":1.09255354568e-11,"moment_residual":1.37937504727e-11,"bond_relative_error":5.56630007669e-12,"bond_max_error_over_peak":2.34052329245e-12,"bond_force_error_n":2.8025158133e-06,"bond_moment_error_nm":1.89403472338e-06,"bond_force_error_over_input":1.1161607381e-11,"bond_moment_error_over_input":8.00197014711e-12,"zero_bond_reference":false,"recurrence_relative_residual":6.72636448469e-11,"failed":0}
