{"native_physical_assembly_ms":32.691497,"active_nodes":5936,"bonds":18627,"independent_operator_comparison":true,"native_load_projection":true}
{"galerkin_algorithm":2}
{"gpu_galerkin_context_ms":143.037766}
{"setup_repeat":0,"gpu_galerkin":true,"setup_ms":175.561330,"retained_bytes":359861155,"allocations":24}
{"native_hierarchy_setup_ms":175.561330,"input_validation_ms":37.912527,"coarse_setup_ms":0.424413,"basis_reconstruction_error":6.38176246387e-17,"levels":3,"coarse_rows":96}
{"native_level":0,"rows":35616,"nnz":827552,"coarse_rows":5100,"omega":0.483457107955,"eigenvalue_upper_bound":2.75791442797,"diagonal_ms":2.550192,"spectral_bound_ms":16.323533,"aggregate_ms":5.295849,"interpolation_ms":16.276344,"galerkin_ms":42.416538,"representation_ms":21.719529}
{"native_level":1,"rows":5100,"nnz":890280,"coarse_rows":738,"omega":0.430145208696,"eigenvalue_upper_bound":3.09972843212,"diagonal_ms":0.384488,"spectral_bound_ms":6.729807,"aggregate_ms":0.611763,"interpolation_ms":4.331959,"galerkin_ms":10.679863,"representation_ms":4.551049}
{"native_level":2,"rows":738,"nnz":225180,"coarse_rows":96,"omega":0.438084405917,"eigenvalue_upper_bound":3.04355351463,"diagonal_ms":0.047048,"spectral_bound_ms":1.386519,"aggregate_ms":0.087944,"interpolation_ms":0.718312,"galerkin_ms":1.388653,"representation_ms":0.727959}
{"resident_bond_operator":true,"gpu_rigid_projector":true}
{"gpu":"NVIDIA GeForce RTX 4090","operator":"double","preconditioner_storage":"float","preconditioner_arithmetic":"float","outer_vectors_and_reductions":"double","cuda_graph":true,"device_context_upload_graph_ms":11.643302,"rows":35616,"free":false,"levels":3,"scope":"standalone hierarchy validation; no game integration"}
{"fracture_frame":0,"live_bonds":18627}
{"component_hierarchy_rebuild_ms":170.299653,"physical_assembly_ms":15.948963,"hierarchy_setup_ms":141.328833,"bonded_components":1,"isolated_nodes":0,"levels":3,"coarse_rows":96,"coarse_nnz":9216,"gpu_galerkin":true,"independent_current_matrix_check":true}
{"hierarchy_device_replace_ms":8.094616,"coupling_reuploaded":false,"graph_recaptured":true}
{"topology_and_rhs_update_ms":0.228166,"hierarchy_rebuilt":true,"coupling_reuploaded":false,"graph_recaptured":true}
{"trial":0,"passed":true,"iterations":31,"submitted":32,"cuda_solve_ms":6.442048,"wall_solve_ms":6.451067,"force_residual":1.09255354568e-11,"moment_residual":1.37937504727e-11,"bond_relative_error":5.56630007669e-12,"bond_max_error_over_peak":2.34052329245e-12,"bond_force_error_n":2.8025158133e-06,"bond_moment_error_nm":1.89403472338e-06,"bond_force_error_over_input":1.1161607381e-11,"bond_moment_error_over_input":8.00197014711e-12,"zero_bond_reference":false,"recurrence_relative_residual":6.72636448469e-11,"failed":0}
{"trial":1,"passed":true,"iterations":31,"submitted":32,"cuda_solve_ms":6.419392,"wall_solve_ms":6.426290,"force_residual":1.09255354568e-11,"moment_residual":1.37937504727e-11,"bond_relative_error":5.56630007669e-12,"bond_max_error_over_peak":2.34052329245e-12,"bond_force_error_n":2.8025158133e-06,"bond_moment_error_nm":1.89403472338e-06,"bond_force_error_over_input":1.1161607381e-11,"bond_moment_error_over_input":8.00197014711e-12,"zero_bond_reference":false,"recurrence_relative_residual":6.72636448469e-11,"failed":0}
{"fracture_frame":1,"live_bonds":18564}
{"component_hierarchy_rebuild_ms":154.125430,"physical_assembly_ms":18.319209,"hierarchy_setup_ms":122.688916,"bonded_components":1,"isolated_nodes":0,"levels":3,"coarse_rows":96,"coarse_nnz":9216,"gpu_galerkin":true,"independent_current_matrix_check":true}
{"hierarchy_device_replace_ms":8.180336,"coupling_reuploaded":false,"graph_recaptured":true}
{"topology_and_rhs_update_ms":0.409294,"hierarchy_rebuilt":true,"coupling_reuploaded":false,"graph_recaptured":true}
{"trial":2,"passed":true,"iterations":30,"submitted":32,"cuda_solve_ms":7.043104,"wall_solve_ms":7.052009,"force_residual":1.61705401354e-11,"moment_residual":2.00025198523e-11,"bond_relative_error":1.95490309946e-11,"bond_max_error_over_peak":3.42362663761e-11,"bond_force_error_n":3.58551913779e-06,"bond_moment_error_nm":2.63586665665e-06,"bond_force_error_over_input":1.4280082447e-11,"bond_moment_error_over_input":1.11360821626e-11,"zero_bond_reference":false,"recurrence_relative_residual":9.48284001605e-11,"failed":0}
{"trial":3,"passed":true,"iterations":30,"submitted":32,"cuda_solve_ms":7.009184,"wall_solve_ms":7.015300,"force_residual":1.61709720579e-11,"moment_residual":2.0002635409e-11,"bond_relative_error":1.95491067971e-11,"bond_max_error_over_peak":3.42307232982e-11,"bond_force_error_n":3.58553473406e-06,"bond_moment_error_nm":2.63586344979e-06,"bond_force_error_over_input":1.42801445624e-11,"bond_moment_error_over_input":1.11360686141e-11,"zero_bond_reference":false,"recurrence_relative_residual":9.48283383215e-11,"failed":0}
{"fracture_frame":2,"live_bonds":18036}
{"component_hierarchy_rebuild_ms":135.161688,"physical_assembly_ms":17.152119,"hierarchy_setup_ms":105.211650,"bonded_components":2,"isolated_nodes":0,"levels":3,"coarse_rows":114,"coarse_nnz":6516,"gpu_galerkin":true,"independent_current_matrix_check":true}
{"hierarchy_device_replace_ms":7.312365,"coupling_reuploaded":false,"graph_recaptured":true}
{"topology_and_rhs_update_ms":0.333272,"hierarchy_rebuilt":true,"coupling_reuploaded":false,"graph_recaptured":true}
{"trial":4,"passed":true,"iterations":36,"submitted":40,"cuda_solve_ms":8.394912,"wall_solve_ms":8.402851,"force_residual":1.44311294128e-11,"moment_residual":1.82192514269e-11,"bond_relative_error":1.08172029504e-11,"bond_max_error_over_peak":2.20037944574e-11,"bond_force_error_n":3.14030544299e-06,"bond_moment_error_nm":2.76401012985e-06,"bond_force_error_over_input":1.2506925472e-11,"bond_moment_error_over_input":1.1677466243e-11,"zero_bond_reference":false,"recurrence_relative_residual":8.44669369617e-11,"failed":0}
{"trial":5,"passed":true,"iterations":36,"submitted":40,"cuda_solve_ms":8.364640,"wall_solve_ms":8.370741,"force_residual":1.44311294128e-11,"moment_residual":1.82192514269e-11,"bond_relative_error":1.08172029504e-11,"bond_max_error_over_peak":2.20037944574e-11,"bond_force_error_n":3.14030544299e-06,"bond_moment_error_nm":2.76401012985e-06,"bond_force_error_over_input":1.2506925472e-11,"bond_moment_error_over_input":1.1677466243e-11,"zero_bond_reference":false,"recurrence_relative_residual":8.44669369617e-11,"failed":0}
{"fracture_frame":3,"live_bonds":0}
{"component_hierarchy_rebuild_ms":12.189212,"physical_assembly_ms":0.896404,"hierarchy_setup_ms":0.024916,"bonded_components":0,"isolated_nodes":5936,"levels":0,"coarse_rows":35616,"coarse_nnz":0,"gpu_galerkin":true,"independent_current_matrix_check":true}
{"hierarchy_device_replace_ms":1.139998,"coupling_reuploaded":false,"graph_recaptured":true}
{"topology_and_rhs_update_ms":0.145211,"hierarchy_rebuilt":true,"coupling_reuploaded":false,"graph_recaptured":true}
{"trial":6,"passed":true,"iterations":0,"submitted":0,"cuda_solve_ms":0.010336,"wall_solve_ms":0.016060,"force_residual":0,"moment_residual":0,"bond_relative_error":null,"bond_max_error_over_peak":null,"bond_force_error_n":0,"bond_moment_error_nm":0,"bond_force_error_over_input":0,"bond_moment_error_over_input":0,"zero_bond_reference":true,"recurrence_relative_residual":0,"failed":0}
{"trial":7,"passed":true,"iterations":0,"submitted":0,"cuda_solve_ms":0.009280,"wall_solve_ms":0.014487,"force_residual":0,"moment_residual":0,"bond_relative_error":null,"bond_max_error_over_peak":null,"bond_force_error_n":0,"bond_moment_error_nm":0,"bond_force_error_over_input":0,"bond_moment_error_over_input":0,"zero_bond_reference":true,"recurrence_relative_residual":0,"failed":0}
{"fracture_frame":4,"live_bonds":18627}
{"component_hierarchy_rebuild_ms":163.359664,"physical_assembly_ms":14.120719,"hierarchy_setup_ms":136.235112,"bonded_components":1,"isolated_nodes":0,"levels":3,"coarse_rows":96,"coarse_nnz":9216,"gpu_galerkin":true,"independent_current_matrix_check":true}
{"hierarchy_device_replace_ms":7.054073,"coupling_reuploaded":false,"graph_recaptured":true}
{"topology_and_rhs_update_ms":0.240349,"hierarchy_rebuilt":true,"coupling_reuploaded":false,"graph_recaptured":true}
{"trial":8,"passed":true,"iterations":31,"submitted":32,"cuda_solve_ms":6.444288,"wall_solve_ms":6.452770,"force_residual":1.09255354568e-11,"moment_residual":1.37937504727e-11,"bond_relative_error":5.56630007669e-12,"bond_max_error_over_peak":2.34052329245e-12,"bond_force_error_n":2.8025158133e-06,"bond_moment_error_nm":1.89403472338e-06,"bond_force_error_over_input":1.1161607381e-11,"bond_moment_error_over_input":8.00197014711e-12,"zero_bond_reference":false,"recurrence_relative_residual":6.72636448469e-11,"failed":0}
{"trial":9,"passed":true,"iterations":31,"submitted":32,"cuda_solve_ms":6.414304,"wall_solve_ms":6.420680,"force_residual":1.09255354568e-11,"moment_residual":1.37937504727e-11,"bond_relative_error":5.56630007669e-12,"bond_max_error_over_peak":2.34052329245e-12,"bond_force_error_n":2.8025158133e-06,"bond_moment_error_nm":1.89403472338e-06,"bond_force_error_over_input":1.1161607381e-11,"bond_moment_error_over_input":8.00197014711e-12,"zero_bond_reference":false,"recurrence_relative_residual":6.72636448469e-11,"failed":0}
{"fracture_frame":5,"live_bonds":12418}
{"component_hierarchy_rebuild_ms":145.683996,"physical_assembly_ms":10.270259,"hierarchy_setup_ms":125.834511,"bonded_components":7,"isolated_nodes":1,"levels":3,"coarse_rows":180,"coarse_nnz":20796,"gpu_galerkin":true,"independent_current_matrix_check":true}
{"hierarchy_device_replace_ms":8.212505,"coupling_reuploaded":false,"graph_recaptured":true}
{"topology_and_rhs_update_ms":0.203831,"hierarchy_rebuilt":true,"coupling_reuploaded":false,"graph_recaptured":true}
{"trial":10,"passed":true,"iterations":44,"submitted":48,"cuda_solve_ms":9.346464,"wall_solve_ms":9.354369,"force_residual":9.92352694395e-12,"moment_residual":1.19418613052e-11,"bond_relative_error":6.98585176722e-12,"bond_max_error_over_peak":4.91750547824e-12,"bond_force_error_n":5.17061798462e-06,"bond_moment_error_nm":2.81240908548e-06,"bond_force_error_over_input":2.05930712638e-11,"bond_moment_error_over_input":1.18819434858e-11,"zero_bond_reference":false,"recurrence_relative_residual":5.51441796894e-11,"failed":0}
{"trial":11,"passed":true,"iterations":44,"submitted":48,"cuda_solve_ms":9.312576,"wall_solve_ms":9.318731,"force_residual":9.92352694395e-12,"moment_residual":1.19418613052e-11,"bond_relative_error":6.98585176722e-12,"bond_max_error_over_peak":4.91750547824e-12,"bond_force_error_n":5.17061798462e-06,"bond_moment_error_nm":2.81240908548e-06,"bond_force_error_over_input":2.05930712638e-11,"bond_moment_error_over_input":1.18819434858e-11,"zero_bond_reference":false,"recurrence_relative_residual":5.51441796894e-11,"failed":0}
{"fracture_frame":6,"live_bonds":18564}
{"component_hierarchy_rebuild_ms":152.707531,"physical_assembly_ms":17.580690,"hierarchy_setup_ms":117.974532,"bonded_components":1,"isolated_nodes":0,"levels":3,"coarse_rows":96,"coarse_nnz":9216,"gpu_galerkin":true,"independent_current_matrix_check":true}
{"hierarchy_device_replace_ms":8.681562,"coupling_reuploaded":false,"graph_recaptured":true}
{"topology_and_rhs_update_ms":0.410326,"hierarchy_rebuilt":true,"coupling_reuploaded":false,"graph_recaptured":true}
{"trial":12,"passed":true,"iterations":30,"submitted":32,"cuda_solve_ms":7.046176,"wall_solve_ms":7.054774,"force_residual":1.61706764738e-11,"moment_residual":2.00026328381e-11,"bond_relative_error":1.95490141139e-11,"bond_max_error_over_peak":3.42229629891e-11,"bond_force_error_n":3.58553200547e-06,"bond_moment_error_nm":2.63586709389e-06,"bond_force_error_over_input":1.42801336952e-11,"bond_moment_error_over_input":1.11360840098e-11,"zero_bond_reference":false,"recurrence_relative_residual":9.48283600395e-11,"failed":0}
{"trial":13,"passed":true,"iterations":30,"submitted":32,"cuda_solve_ms":7.014240,"wall_solve_ms":7.020971,"force_residual":1.61699727196e-11,"moment_residual":2.00024543415e-11,"bond_relative_error":1.95489503364e-11,"bond_max_error_over_peak":3.42296146826e-11,"bond_force_error_n":3.58551333367e-06,"bond_moment_error_nm":2.63586442578e-06,"bond_force_error_over_input":1.42800593309e-11,"bond_moment_error_over_input":1.11360727375e-11,"zero_bond_reference":false,"recurrence_relative_residual":9.48283049131e-11,"failed":0}
{"fracture_frame":7,"live_bonds":18627}
{"component_hierarchy_rebuild_ms":155.072348,"physical_assembly_ms":14.479689,"hierarchy_setup_ms":127.594677,"bonded_components":1,"isolated_nodes":0,"levels":3,"coarse_rows":96,"coarse_nnz":9216,"gpu_galerkin":true,"independent_current_matrix_check":true}
{"hierarchy_device_replace_ms":8.275784,"coupling_reuploaded":false,"graph_recaptured":true}
{"topology_and_rhs_update_ms":0.244236,"hierarchy_rebuilt":true,"coupling_reuploaded":false,"graph_recaptured":true}
{"trial":14,"passed":true,"iterations":31,"submitted":32,"cuda_solve_ms":6.445696,"wall_solve_ms":6.454152,"force_residual":1.09255354568e-11,"moment_residual":1.37937504727e-11,"bond_relative_error":5.56630007669e-12,"bond_max_error_over_peak":2.34052329245e-12,"bond_force_error_n":2.8025158133e-06,"bond_moment_error_nm":1.89403472338e-06,"bond_force_error_over_input":1.1161607381e-11,"bond_moment_error_over_input":8.00197014711e-12,"zero_bond_reference":false,"recurrence_relative_residual":6.72636448469e-11,"failed":0}
{"trial":15,"passed":true,"iterations":31,"submitted":32,"cuda_solve_ms":6.405056,"wall_solve_ms":6.411402,"force_residual":1.09255354568e-11,"moment_residual":1.37937504727e-11,"bond_relative_error":5.56630007669e-12,"bond_max_error_over_peak":2.34052329245e-12,"bond_force_error_n":2.8025158133e-06,"bond_moment_error_nm":1.89403472338e-06,"bond_force_error_over_input":1.1161607381e-11,"bond_moment_error_over_input":8.00197014711e-12,"zero_bond_reference":false,"recurrence_relative_residual":6.72636448469e-11,"failed":0}
