{"native_physical_assembly_ms":32.928750,"active_nodes":5936,"bonds":18627,"independent_operator_comparison":true,"native_load_projection":true}
{"galerkin_algorithm":2}
{"gpu_galerkin_context_ms":150.161818}
{"setup_repeat":0,"gpu_galerkin":true,"setup_ms":179.005990,"retained_bytes":359861155,"allocations":24}
{"native_hierarchy_setup_ms":179.005990,"input_validation_ms":37.470962,"coarse_setup_ms":0.432407,"basis_reconstruction_error":6.38176246387e-17,"levels":3,"coarse_rows":96}
{"native_level":0,"rows":35616,"nnz":827552,"coarse_rows":5100,"omega":0.483457107955,"eigenvalue_upper_bound":2.75791442797,"diagonal_ms":2.256304,"spectral_bound_ms":15.977997,"aggregate_ms":5.111875,"interpolation_ms":16.177550,"galerkin_ms":47.300888,"representation_ms":21.566182}
{"native_level":1,"rows":5100,"nnz":890280,"coarse_rows":738,"omega":0.430145208696,"eigenvalue_upper_bound":3.09972843212,"diagonal_ms":0.392212,"spectral_bound_ms":6.845684,"aggregate_ms":0.628073,"interpolation_ms":4.273500,"galerkin_ms":10.577332,"representation_ms":4.632250}
{"native_level":2,"rows":738,"nnz":225180,"coarse_rows":96,"omega":0.438084405917,"eigenvalue_upper_bound":3.04355351463,"diagonal_ms":0.049633,"spectral_bound_ms":1.433496,"aggregate_ms":0.087454,"interpolation_ms":0.710977,"galerkin_ms":1.381210,"representation_ms":0.721888}
{"resident_bond_operator":true,"gpu_rigid_projector":true}
{"gpu":"NVIDIA GeForce RTX 4090","operator":"double","preconditioner_storage":"double","preconditioner_arithmetic":"double","outer_vectors_and_reductions":"double","cuda_graph":true,"device_context_upload_graph_ms":13.706906,"rows":35616,"free":false,"levels":3,"scope":"standalone hierarchy validation; no game integration"}
{"fracture_frame":0,"live_bonds":18627}
{"component_hierarchy_rebuild_ms":174.016483,"physical_assembly_ms":15.672646,"hierarchy_setup_ms":145.208478,"bonded_components":1,"isolated_nodes":0,"levels":3,"coarse_rows":96,"coarse_nnz":9216,"gpu_galerkin":true,"independent_current_matrix_check":true}
{"hierarchy_device_replace_ms":10.590156,"coupling_reuploaded":false,"graph_recaptured":true}
{"topology_and_rhs_update_ms":0.222455,"hierarchy_rebuilt":true,"coupling_reuploaded":false,"graph_recaptured":true}
{"trial":0,"passed":true,"iterations":31,"submitted":32,"cuda_solve_ms":10.791008,"wall_solve_ms":10.798985,"force_residual":1.09297284015e-11,"moment_residual":1.37898549695e-11,"bond_relative_error":5.56660300341e-12,"bond_max_error_over_peak":2.34077045685e-12,"bond_force_error_n":2.80226545271e-06,"bond_moment_error_nm":1.89408002063e-06,"bond_force_error_over_input":1.11606102674e-11,"bond_moment_error_over_input":8.00216152016e-12,"zero_bond_reference":false,"recurrence_relative_residual":6.72634971332e-11,"failed":0}
{"trial":1,"passed":true,"iterations":31,"submitted":32,"cuda_solve_ms":10.758624,"wall_solve_ms":10.764922,"force_residual":1.09297284015e-11,"moment_residual":1.37898549695e-11,"bond_relative_error":5.56660300341e-12,"bond_max_error_over_peak":2.34077045685e-12,"bond_force_error_n":2.80226545271e-06,"bond_moment_error_nm":1.89408002063e-06,"bond_force_error_over_input":1.11606102674e-11,"bond_moment_error_over_input":8.00216152016e-12,"zero_bond_reference":false,"recurrence_relative_residual":6.72634971332e-11,"failed":0}
{"fracture_frame":1,"live_bonds":18564}
{"component_hierarchy_rebuild_ms":153.727365,"physical_assembly_ms":18.118394,"hierarchy_setup_ms":122.573599,"bonded_components":1,"isolated_nodes":0,"levels":3,"coarse_rows":96,"coarse_nnz":9216,"gpu_galerkin":true,"independent_current_matrix_check":true}
{"hierarchy_device_replace_ms":10.538549,"coupling_reuploaded":false,"graph_recaptured":true}
{"topology_and_rhs_update_ms":0.393605,"hierarchy_rebuilt":true,"coupling_reuploaded":false,"graph_recaptured":true}
{"trial":2,"passed":true,"iterations":30,"submitted":32,"cuda_solve_ms":11.253184,"wall_solve_ms":11.260758,"force_residual":1.61691679251e-11,"moment_residual":2.00027967586e-11,"bond_relative_error":1.95488795016e-11,"bond_max_error_over_peak":3.42362663761e-11,"bond_force_error_n":3.58544341572e-06,"bond_moment_error_nm":2.63586593913e-06,"bond_force_error_over_input":1.4279780868e-11,"bond_moment_error_over_input":1.11360791311e-11,"zero_bond_reference":false,"recurrence_relative_residual":9.48285255734e-11,"failed":0}
{"trial":3,"passed":true,"iterations":30,"submitted":32,"cuda_solve_ms":11.220064,"wall_solve_ms":11.227717,"force_residual":1.61696206213e-11,"moment_residual":2.00025390751e-11,"bond_relative_error":1.95488468319e-11,"bond_max_error_over_peak":3.42362663761e-11,"bond_force_error_n":3.58544855207e-06,"bond_moment_error_nm":2.63586021951e-06,"bond_force_error_over_input":1.42798013246e-11,"bond_moment_error_over_input":1.11360549667e-11,"zero_bond_reference":false,"recurrence_relative_residual":9.48285255734e-11,"failed":0}
{"fracture_frame":2,"live_bonds":18036}
{"component_hierarchy_rebuild_ms":139.562695,"physical_assembly_ms":17.720571,"hierarchy_setup_ms":106.860598,"bonded_components":2,"isolated_nodes":0,"levels":3,"coarse_rows":114,"coarse_nnz":6516,"gpu_galerkin":true,"independent_current_matrix_check":true}
{"hierarchy_device_replace_ms":8.888508,"coupling_reuploaded":false,"graph_recaptured":true}
{"topology_and_rhs_update_ms":0.324496,"hierarchy_rebuilt":true,"coupling_reuploaded":false,"graph_recaptured":true}
{"trial":4,"passed":true,"iterations":36,"submitted":40,"cuda_solve_ms":13.422944,"wall_solve_ms":13.431511,"force_residual":1.44316173593e-11,"moment_residual":1.82171327875e-11,"bond_relative_error":1.08173932675e-11,"bond_max_error_over_peak":2.20147908564e-11,"bond_force_error_n":3.14026019877e-06,"bond_moment_error_nm":2.7640171546e-06,"bond_force_error_over_input":1.25067452774e-11,"bond_moment_error_over_input":1.16774959214e-11,"zero_bond_reference":false,"recurrence_relative_residual":8.44670002975e-11,"failed":0}
{"trial":5,"passed":true,"iterations":36,"submitted":40,"cuda_solve_ms":13.393376,"wall_solve_ms":13.399853,"force_residual":1.44316173593e-11,"moment_residual":1.82171327875e-11,"bond_relative_error":1.08173932675e-11,"bond_max_error_over_peak":2.20147908564e-11,"bond_force_error_n":3.14026019877e-06,"bond_moment_error_nm":2.7640171546e-06,"bond_force_error_over_input":1.25067452774e-11,"bond_moment_error_over_input":1.16774959214e-11,"zero_bond_reference":false,"recurrence_relative_residual":8.44670002975e-11,"failed":0}
{"fracture_frame":3,"live_bonds":0}
{"component_hierarchy_rebuild_ms":8.916681,"physical_assembly_ms":0.907485,"hierarchy_setup_ms":0.041187,"bonded_components":0,"isolated_nodes":5936,"levels":0,"coarse_rows":35616,"coarse_nnz":0,"gpu_galerkin":true,"independent_current_matrix_check":true}
{"hierarchy_device_replace_ms":1.495803,"coupling_reuploaded":false,"graph_recaptured":true}
{"topology_and_rhs_update_ms":0.134601,"hierarchy_rebuilt":true,"coupling_reuploaded":false,"graph_recaptured":true}
{"trial":6,"passed":true,"iterations":0,"submitted":0,"cuda_solve_ms":0.010976,"wall_solve_ms":0.017663,"force_residual":0,"moment_residual":0,"bond_relative_error":null,"bond_max_error_over_peak":null,"bond_force_error_n":0,"bond_moment_error_nm":0,"bond_force_error_over_input":0,"bond_moment_error_over_input":0,"zero_bond_reference":true,"recurrence_relative_residual":0,"failed":0}
{"trial":7,"passed":true,"iterations":0,"submitted":0,"cuda_solve_ms":0.011392,"wall_solve_ms":0.017573,"force_residual":0,"moment_residual":0,"bond_relative_error":null,"bond_max_error_over_peak":null,"bond_force_error_n":0,"bond_moment_error_nm":0,"bond_force_error_over_input":0,"bond_moment_error_over_input":0,"zero_bond_reference":true,"recurrence_relative_residual":0,"failed":0}
{"fracture_frame":4,"live_bonds":18627}
{"component_hierarchy_rebuild_ms":161.279478,"physical_assembly_ms":13.982711,"hierarchy_setup_ms":134.227212,"bonded_components":1,"isolated_nodes":0,"levels":3,"coarse_rows":96,"coarse_nnz":9216,"gpu_galerkin":true,"independent_current_matrix_check":true}
{"hierarchy_device_replace_ms":9.288645,"coupling_reuploaded":false,"graph_recaptured":true}
{"topology_and_rhs_update_ms":0.229989,"hierarchy_rebuilt":true,"coupling_reuploaded":false,"graph_recaptured":true}
{"trial":8,"passed":true,"iterations":31,"submitted":32,"cuda_solve_ms":10.786688,"wall_solve_ms":10.794948,"force_residual":1.09297284015e-11,"moment_residual":1.37898549695e-11,"bond_relative_error":5.56660300341e-12,"bond_max_error_over_peak":2.34077045685e-12,"bond_force_error_n":2.80226545271e-06,"bond_moment_error_nm":1.89408002063e-06,"bond_force_error_over_input":1.11606102674e-11,"bond_moment_error_over_input":8.00216152016e-12,"zero_bond_reference":false,"recurrence_relative_residual":6.72634971332e-11,"failed":0}
{"trial":9,"passed":true,"iterations":31,"submitted":32,"cuda_solve_ms":10.765920,"wall_solve_ms":10.774780,"force_residual":1.09297284015e-11,"moment_residual":1.37898549695e-11,"bond_relative_error":5.56660300341e-12,"bond_max_error_over_peak":2.34077045685e-12,"bond_force_error_n":2.80226545271e-06,"bond_moment_error_nm":1.89408002063e-06,"bond_force_error_over_input":1.11606102674e-11,"bond_moment_error_over_input":8.00216152016e-12,"zero_bond_reference":false,"recurrence_relative_residual":6.72634971332e-11,"failed":0}
{"fracture_frame":5,"live_bonds":12418}
{"component_hierarchy_rebuild_ms":141.871697,"physical_assembly_ms":10.253336,"hierarchy_setup_ms":121.929367,"bonded_components":7,"isolated_nodes":1,"levels":3,"coarse_rows":180,"coarse_nnz":20796,"gpu_galerkin":true,"independent_current_matrix_check":true}
{"hierarchy_device_replace_ms":9.650501,"coupling_reuploaded":false,"graph_recaptured":true}
{"topology_and_rhs_update_ms":0.182050,"hierarchy_rebuilt":true,"coupling_reuploaded":false,"graph_recaptured":true}
{"trial":10,"passed":true,"iterations":44,"submitted":48,"cuda_solve_ms":15.816160,"wall_solve_ms":15.824531,"force_residual":9.905602465e-12,"moment_residual":1.19383824702e-11,"bond_relative_error":6.98621449865e-12,"bond_max_error_over_peak":4.91795760029e-12,"bond_force_error_n":5.17200376683e-06,"bond_moment_error_nm":2.81247258976e-06,"bond_force_error_over_input":2.05985904323e-11,"bond_moment_error_over_input":1.18822117805e-11,"zero_bond_reference":false,"recurrence_relative_residual":5.51451079614e-11,"failed":0}
{"trial":11,"passed":true,"iterations":44,"submitted":48,"cuda_solve_ms":15.809056,"wall_solve_ms":15.816876,"force_residual":9.905602465e-12,"moment_residual":1.19383824702e-11,"bond_relative_error":6.98621449865e-12,"bond_max_error_over_peak":4.91795760029e-12,"bond_force_error_n":5.17200376683e-06,"bond_moment_error_nm":2.81247258976e-06,"bond_force_error_over_input":2.05985904323e-11,"bond_moment_error_over_input":1.18822117805e-11,"zero_bond_reference":false,"recurrence_relative_residual":5.51451079614e-11,"failed":0}
{"fracture_frame":6,"live_bonds":18564}
{"component_hierarchy_rebuild_ms":155.914098,"physical_assembly_ms":18.556121,"hierarchy_setup_ms":119.875361,"bonded_components":1,"isolated_nodes":0,"levels":3,"coarse_rows":96,"coarse_nnz":9216,"gpu_galerkin":true,"independent_current_matrix_check":true}
{"hierarchy_device_replace_ms":11.106671,"coupling_reuploaded":false,"graph_recaptured":true}
{"topology_and_rhs_update_ms":0.393806,"hierarchy_rebuilt":true,"coupling_reuploaded":false,"graph_recaptured":true}
{"trial":12,"passed":true,"iterations":30,"submitted":32,"cuda_solve_ms":11.247552,"wall_solve_ms":11.255097,"force_residual":1.61694028833e-11,"moment_residual":2.00025844813e-11,"bond_relative_error":1.95488233074e-11,"bond_max_error_over_peak":3.42351577605e-11,"bond_force_error_n":3.58543705848e-06,"bond_moment_error_nm":2.63586148793e-06,"bond_force_error_over_input":1.42797555489e-11,"bond_moment_error_over_input":1.11360603256e-11,"zero_bond_reference":false,"recurrence_relative_residual":9.48285255734e-11,"failed":0}
{"trial":13,"passed":true,"iterations":30,"submitted":32,"cuda_solve_ms":11.208256,"wall_solve_ms":11.214672,"force_residual":1.6169664963e-11,"moment_residual":2.00027823998e-11,"bond_relative_error":1.95489074387e-11,"bond_max_error_over_peak":3.42351577605e-11,"bond_force_error_n":3.58547590215e-06,"bond_moment_error_nm":2.63586485528e-06,"bond_force_error_over_input":1.4279910252e-11,"bond_moment_error_over_input":1.11360745521e-11,"zero_bond_reference":false,"recurrence_relative_residual":9.48285255734e-11,"failed":0}
{"fracture_frame":7,"live_bonds":18627}
{"component_hierarchy_rebuild_ms":155.894892,"physical_assembly_ms":14.693288,"hierarchy_setup_ms":128.152277,"bonded_components":1,"isolated_nodes":0,"levels":3,"coarse_rows":96,"coarse_nnz":9216,"gpu_galerkin":true,"independent_current_matrix_check":true}
{"hierarchy_device_replace_ms":10.146468,"coupling_reuploaded":false,"graph_recaptured":true}
{"topology_and_rhs_update_ms":0.217857,"hierarchy_rebuilt":true,"coupling_reuploaded":false,"graph_recaptured":true}
{"trial":14,"passed":true,"iterations":31,"submitted":32,"cuda_solve_ms":10.785568,"wall_solve_ms":10.793225,"force_residual":1.09297284015e-11,"moment_residual":1.37898549695e-11,"bond_relative_error":5.56660300341e-12,"bond_max_error_over_peak":2.34077045685e-12,"bond_force_error_n":2.80226545271e-06,"bond_moment_error_nm":1.89408002063e-06,"bond_force_error_over_input":1.11606102674e-11,"bond_moment_error_over_input":8.00216152016e-12,"zero_bond_reference":false,"recurrence_relative_residual":6.72634971332e-11,"failed":0}
{"trial":15,"passed":true,"iterations":31,"submitted":32,"cuda_solve_ms":10.751360,"wall_solve_ms":10.757478,"force_residual":1.09297284015e-11,"moment_residual":1.37898549695e-11,"bond_relative_error":5.56660300341e-12,"bond_max_error_over_peak":2.34077045685e-12,"bond_force_error_n":2.80226545271e-06,"bond_moment_error_nm":1.89408002063e-06,"bond_force_error_over_input":1.11606102674e-11,"bond_moment_error_over_input":8.00216152016e-12,"zero_bond_reference":false,"recurrence_relative_residual":6.72634971332e-11,"failed":0}
