{"native_physical_assembly_ms":32.696466,"active_nodes":5936,"bonds":18627,"independent_operator_comparison":true,"native_load_projection":true}
{"galerkin_algorithm":2}
{"gpu_galerkin_context_ms":144.110496}
{"setup_repeat":0,"gpu_galerkin":true,"setup_ms":172.933679,"retained_bytes":359861155,"allocations":24}
{"native_hierarchy_setup_ms":172.933679,"input_validation_ms":36.867925,"coarse_setup_ms":0.416859,"basis_reconstruction_error":6.38176246387e-17,"levels":3,"coarse_rows":96}
{"native_level":0,"rows":35616,"nnz":827552,"coarse_rows":5100,"omega":0.483457107955,"eigenvalue_upper_bound":2.75791442797,"diagonal_ms":2.344148,"spectral_bound_ms":15.908447,"aggregate_ms":5.226549,"interpolation_ms":16.559383,"galerkin_ms":42.188591,"representation_ms":21.847707}
{"native_level":1,"rows":5100,"nnz":890280,"coarse_rows":738,"omega":0.430145208696,"eigenvalue_upper_bound":3.09972843212,"diagonal_ms":0.356436,"spectral_bound_ms":6.564408,"aggregate_ms":0.604128,"interpolation_ms":4.230320,"galerkin_ms":10.040880,"representation_ms":4.543925}
{"native_level":2,"rows":738,"nnz":225180,"coarse_rows":96,"omega":0.438084405917,"eigenvalue_upper_bound":3.04355351463,"diagonal_ms":0.049863,"spectral_bound_ms":1.396026,"aggregate_ms":0.086382,"interpolation_ms":0.708753,"galerkin_ms":1.372323,"representation_ms":0.647229}
{"resident_bond_operator":true,"gpu_rigid_projector":true}
{"gpu":"NVIDIA GeForce RTX 4090","operator":"double","preconditioner_storage":"float","preconditioner_arithmetic":"float","outer_vectors_and_reductions":"double","cuda_graph":true,"device_context_upload_graph_ms":11.531583,"rows":35616,"free":false,"levels":3,"scope":"standalone hierarchy validation; no game integration"}
{"fracture_frame":0,"live_bonds":18627}
{"component_hierarchy_rebuild_ms":172.880770,"physical_assembly_ms":14.570288,"hierarchy_setup_ms":145.292292,"bonded_components":1,"isolated_nodes":0,"levels":3,"coarse_rows":96,"coarse_nnz":9216,"gpu_galerkin":true,"independent_current_matrix_check":true}
{"hierarchy_device_replace_ms":8.113150,"coupling_reuploaded":false,"graph_recaptured":true}
{"topology_and_rhs_update_ms":0.232324,"hierarchy_rebuilt":true,"coupling_reuploaded":false,"graph_recaptured":true}
{"trial":0,"passed":false,"iterations":1,"submitted":1,"cuda_solve_ms":0.414720,"wall_solve_ms":0.422609,"force_residual":1.16470150453,"moment_residual":0.677662689337,"bond_relative_error":0.43509003345,"bond_max_error_over_peak":0.435284557159,"bond_force_error_n":233798.346002,"bond_moment_error_nm":106974.876208,"bond_force_error_over_input":0.93115097942,"bond_moment_error_over_input":0.451950407952,"zero_bond_reference":false,"recurrence_relative_residual":3.61837204857,"failed":0}
{"fracture_frame":1,"live_bonds":18564}
{"component_hierarchy_rebuild_ms":153.428856,"physical_assembly_ms":17.956401,"hierarchy_setup_ms":122.356192,"bonded_components":1,"isolated_nodes":0,"levels":3,"coarse_rows":96,"coarse_nnz":9216,"gpu_galerkin":true,"independent_current_matrix_check":true}
{"hierarchy_device_replace_ms":8.206564,"coupling_reuploaded":false,"graph_recaptured":true}
{"topology_and_rhs_update_ms":0.391380,"hierarchy_rebuilt":true,"coupling_reuploaded":false,"graph_recaptured":true}
{"trial":1,"passed":false,"iterations":1,"submitted":1,"cuda_solve_ms":0.453760,"wall_solve_ms":0.461833,"force_residual":0.518622457342,"moment_residual":0.326535988905,"bond_relative_error":0.455186886017,"bond_max_error_over_peak":0.478316952244,"bond_force_error_n":91358.9703323,"bond_moment_error_nm":50338.639901,"bond_force_error_over_input":0.363856272546,"bond_moment_error_over_input":0.212672074467,"zero_bond_reference":false,"recurrence_relative_residual":1.38697373285,"failed":0}
{"fracture_frame":2,"live_bonds":18036}
{"component_hierarchy_rebuild_ms":137.978245,"physical_assembly_ms":16.876865,"hierarchy_setup_ms":106.287647,"bonded_components":2,"isolated_nodes":0,"levels":3,"coarse_rows":114,"coarse_nnz":6516,"gpu_galerkin":true,"independent_current_matrix_check":true}
{"hierarchy_device_replace_ms":7.325720,"coupling_reuploaded":false,"graph_recaptured":true}
{"topology_and_rhs_update_ms":0.323384,"hierarchy_rebuilt":true,"coupling_reuploaded":false,"graph_recaptured":true}
{"trial":2,"passed":false,"iterations":1,"submitted":1,"cuda_solve_ms":0.437568,"wall_solve_ms":0.445351,"force_residual":0.983184541569,"moment_residual":0.57810929863,"bond_relative_error":0.506884465166,"bond_max_error_over_peak":0.629725931411,"bond_force_error_n":170819.641472,"bond_moment_error_nm":95863.0714146,"bond_force_error_over_input":0.680325071503,"bond_moment_error_over_input":0.405004948537,"zero_bond_reference":false,"recurrence_relative_residual":2.65265652212,"failed":0}
{"fracture_frame":3,"live_bonds":0}
{"component_hierarchy_rebuild_ms":4.463364,"physical_assembly_ms":0.865656,"hierarchy_setup_ms":0.024887,"bonded_components":0,"isolated_nodes":5936,"levels":0,"coarse_rows":35616,"coarse_nnz":0,"gpu_galerkin":true,"independent_current_matrix_check":true}
{"hierarchy_device_replace_ms":1.066722,"coupling_reuploaded":false,"graph_recaptured":true}
{"topology_and_rhs_update_ms":0.124192,"hierarchy_rebuilt":true,"coupling_reuploaded":false,"graph_recaptured":true}
{"trial":3,"passed":true,"iterations":0,"submitted":0,"cuda_solve_ms":0.011072,"wall_solve_ms":0.016291,"force_residual":0,"moment_residual":0,"bond_relative_error":null,"bond_max_error_over_peak":null,"bond_force_error_n":0,"bond_moment_error_nm":0,"bond_force_error_over_input":0,"bond_moment_error_over_input":0,"zero_bond_reference":true,"recurrence_relative_residual":0,"failed":0}
{"fracture_frame":4,"live_bonds":18627}
{"component_hierarchy_rebuild_ms":165.721131,"physical_assembly_ms":14.109538,"hierarchy_setup_ms":138.534904,"bonded_components":1,"isolated_nodes":0,"levels":3,"coarse_rows":96,"coarse_nnz":9216,"gpu_galerkin":true,"independent_current_matrix_check":true}
{"hierarchy_device_replace_ms":7.158297,"coupling_reuploaded":false,"graph_recaptured":true}
{"topology_and_rhs_update_ms":0.223016,"hierarchy_rebuilt":true,"coupling_reuploaded":false,"graph_recaptured":true}
{"trial":4,"passed":false,"iterations":1,"submitted":1,"cuda_solve_ms":0.419904,"wall_solve_ms":0.427709,"force_residual":1.16470150453,"moment_residual":0.677662689337,"bond_relative_error":0.43509003345,"bond_max_error_over_peak":0.435284557159,"bond_force_error_n":233798.346002,"bond_moment_error_nm":106974.876208,"bond_force_error_over_input":0.93115097942,"bond_moment_error_over_input":0.451950407952,"zero_bond_reference":false,"recurrence_relative_residual":3.61837204857,"failed":0}
{"fracture_frame":5,"live_bonds":12418}
{"component_hierarchy_rebuild_ms":145.733105,"physical_assembly_ms":10.172535,"hierarchy_setup_ms":125.938652,"bonded_components":7,"isolated_nodes":1,"levels":3,"coarse_rows":180,"coarse_nnz":20796,"gpu_galerkin":true,"independent_current_matrix_check":true}
{"hierarchy_device_replace_ms":8.117789,"coupling_reuploaded":false,"graph_recaptured":true}
{"topology_and_rhs_update_ms":0.179996,"hierarchy_rebuilt":true,"coupling_reuploaded":false,"graph_recaptured":true}
{"trial":5,"passed":false,"iterations":1,"submitted":1,"cuda_solve_ms":0.421600,"wall_solve_ms":0.431506,"force_residual":1.43274409197,"moment_residual":1.12642105305,"bond_relative_error":0.486221377094,"bond_max_error_over_peak":0.388607801809,"bond_force_error_n":363130.693919,"bond_moment_error_nm":220915.300712,"bond_force_error_over_input":1.44624419754,"bond_moment_error_over_input":0.933329056493,"zero_bond_reference":false,"recurrence_relative_residual":5.46270864501,"failed":0}
{"fracture_frame":6,"live_bonds":18564}
{"component_hierarchy_rebuild_ms":151.345596,"physical_assembly_ms":17.697217,"hierarchy_setup_ms":117.447326,"bonded_components":1,"isolated_nodes":0,"levels":3,"coarse_rows":96,"coarse_nnz":9216,"gpu_galerkin":true,"independent_current_matrix_check":true}
{"hierarchy_device_replace_ms":8.660823,"coupling_reuploaded":false,"graph_recaptured":true}
{"topology_and_rhs_update_ms":0.393415,"hierarchy_rebuilt":true,"coupling_reuploaded":false,"graph_recaptured":true}
{"trial":6,"passed":false,"iterations":1,"submitted":1,"cuda_solve_ms":0.450624,"wall_solve_ms":0.459528,"force_residual":0.518622457342,"moment_residual":0.326535988905,"bond_relative_error":0.455186886017,"bond_max_error_over_peak":0.478316952244,"bond_force_error_n":91358.9703323,"bond_moment_error_nm":50338.639901,"bond_force_error_over_input":0.363856272546,"bond_moment_error_over_input":0.212672074467,"zero_bond_reference":false,"recurrence_relative_residual":1.38697373285,"failed":0}
{"fracture_frame":7,"live_bonds":18627}
{"component_hierarchy_rebuild_ms":160.075788,"physical_assembly_ms":13.967482,"hierarchy_setup_ms":132.889562,"bonded_components":1,"isolated_nodes":0,"levels":3,"coarse_rows":96,"coarse_nnz":9216,"gpu_galerkin":true,"independent_current_matrix_check":true}
{"hierarchy_device_replace_ms":8.332359,"coupling_reuploaded":false,"graph_recaptured":true}
{"topology_and_rhs_update_ms":0.238245,"hierarchy_rebuilt":true,"coupling_reuploaded":false,"graph_recaptured":true}
{"trial":7,"passed":false,"iterations":1,"submitted":1,"cuda_solve_ms":0.432192,"wall_solve_ms":0.439601,"force_residual":1.16470150453,"moment_residual":0.677662689337,"bond_relative_error":0.43509003345,"bond_max_error_over_peak":0.435284557159,"bond_force_error_n":233798.346002,"bond_moment_error_nm":106974.876208,"bond_force_error_over_input":0.93115097942,"bond_moment_error_over_input":0.451950407952,"zero_bond_reference":false,"recurrence_relative_residual":3.61837204857,"failed":0}
