{"native_physical_assembly_ms":33.633215,"active_nodes":5936,"bonds":18627,"independent_operator_comparison":true,"native_load_projection":true}
{"setup_repeat":0,"gpu_galerkin":false,"setup_ms":206.370448,"retained_bytes":0,"allocations":0}
{"native_hierarchy_setup_ms":206.370448,"input_validation_ms":35.131082,"coarse_setup_ms":0.423140,"basis_reconstruction_error":6.38176246387e-17,"levels":3,"coarse_rows":96}
{"native_level":0,"rows":35616,"nnz":827552,"coarse_rows":5100,"omega":0.483457107955,"eigenvalue_upper_bound":2.75791442797,"diagonal_ms":2.268296,"spectral_bound_ms":15.808620,"aggregate_ms":5.727085,"interpolation_ms":16.144397,"galerkin_ms":43.400565,"representation_ms":22.145103}
{"native_level":1,"rows":5100,"nnz":890280,"coarse_rows":738,"omega":0.430145208696,"eigenvalue_upper_bound":3.09972843212,"diagonal_ms":0.353520,"spectral_bound_ms":6.222510,"aggregate_ms":0.609317,"interpolation_ms":4.137326,"galerkin_ms":39.384756,"representation_ms":5.879379}
{"native_level":2,"rows":738,"nnz":225180,"coarse_rows":96,"omega":0.438084405917,"eigenvalue_upper_bound":3.04355351463,"diagonal_ms":0.051747,"spectral_bound_ms":1.385818,"aggregate_ms":0.087533,"interpolation_ms":0.679770,"galerkin_ms":4.888339,"representation_ms":0.689036}
{"resident_bond_operator":true,"gpu_rigid_projector":true}
{"gpu":"NVIDIA GeForce RTX 4090","operator":"double","preconditioner_storage":"float","preconditioner_arithmetic":"float","outer_vectors_and_reductions":"double","cuda_graph":true,"device_context_upload_graph_ms":178.264705,"rows":35616,"free":false,"levels":3,"scope":"standalone hierarchy validation; no game integration"}
{"fracture_frame":0,"live_bonds":18627}
{"topology_and_rhs_update_ms":0.239627,"hierarchy_rebuilt":false,"coupling_reuploaded":false,"graph_recaptured":false}
{"trial":0,"passed":true,"iterations":31,"submitted":32,"cuda_solve_ms":6.414912,"wall_solve_ms":6.422744,"force_residual":1.09404248566e-11,"moment_residual":1.37956182279e-11,"bond_relative_error":5.56705975548e-12,"bond_max_error_over_peak":2.34101762125e-12,"bond_force_error_n":2.80292101781e-06,"bond_moment_error_nm":1.89403027704e-06,"bond_force_error_over_input":1.1163221193e-11,"bond_moment_error_over_input":8.00195136207e-12,"zero_bond_reference":false,"recurrence_relative_residual":6.7263596876e-11,"failed":0}
{"trial":1,"passed":true,"iterations":31,"submitted":32,"cuda_solve_ms":6.417408,"wall_solve_ms":6.424286,"force_residual":1.09404248566e-11,"moment_residual":1.37956182279e-11,"bond_relative_error":5.56705975548e-12,"bond_max_error_over_peak":2.34101762125e-12,"bond_force_error_n":2.80292101781e-06,"bond_moment_error_nm":1.89403027704e-06,"bond_force_error_over_input":1.1163221193e-11,"bond_moment_error_over_input":8.00195136207e-12,"zero_bond_reference":false,"recurrence_relative_residual":6.7263596876e-11,"failed":0}
{"fracture_frame":1,"live_bonds":18564}
{"topology_and_rhs_update_ms":0.421306,"hierarchy_rebuilt":false,"coupling_reuploaded":false,"graph_recaptured":false}
{"trial":2,"passed":true,"iterations":54,"submitted":56,"cuda_solve_ms":12.374272,"wall_solve_ms":12.381400,"force_residual":1.34664961405e-11,"moment_residual":1.67770063715e-11,"bond_relative_error":1.97452164352e-11,"bond_max_error_over_peak":8.25969881403e-11,"bond_force_error_n":3.13823556053e-06,"bond_moment_error_nm":2.86667993344e-06,"bond_force_error_over_input":1.24986817307e-11,"bond_moment_error_over_input":1.21112284614e-11,"zero_bond_reference":false,"recurrence_relative_residual":8.06010537432e-11,"failed":0}
{"trial":3,"passed":true,"iterations":54,"submitted":56,"cuda_solve_ms":12.374336,"wall_solve_ms":12.380399,"force_residual":1.34657195762e-11,"moment_residual":1.67765430245e-11,"bond_relative_error":1.9745231355e-11,"bond_max_error_over_peak":8.25968149191e-11,"bond_force_error_n":3.13821484082e-06,"bond_moment_error_nm":2.86667937524e-06,"bond_force_error_over_input":1.24985992101e-11,"bond_moment_error_over_input":1.21112261031e-11,"zero_bond_reference":false,"recurrence_relative_residual":8.06013359096e-11,"failed":0}
{"fracture_frame":2,"live_bonds":18036}
{"topology_and_rhs_update_ms":0.342619,"hierarchy_rebuilt":false,"coupling_reuploaded":false,"graph_recaptured":false}
{"trial":4,"passed":false,"iterations":256,"submitted":256,"cuda_solve_ms":57.368862,"wall_solve_ms":57.382013,"force_residual":2.16399829326e-06,"moment_residual":2.66042625749e-06,"bond_relative_error":2.9971302575e-06,"bond_max_error_over_peak":3.03195172094e-06,"bond_force_error_n":0.856698653265,"bond_moment_error_nm":0.68525694994,"bond_force_error_over_input":3.41198217907e-06,"bond_moment_error_over_input":2.89509246522e-06,"zero_bond_reference":false,"recurrence_relative_residual":1.14835093518e-05,"failed":0}
{"trial":5,"passed":false,"iterations":256,"submitted":256,"cuda_solve_ms":57.387936,"wall_solve_ms":57.395748,"force_residual":2.16399829326e-06,"moment_residual":2.66042625749e-06,"bond_relative_error":2.9971302575e-06,"bond_max_error_over_peak":3.03195172094e-06,"bond_force_error_n":0.856698653265,"bond_moment_error_nm":0.68525694994,"bond_force_error_over_input":3.41198217907e-06,"bond_moment_error_over_input":2.89509246522e-06,"zero_bond_reference":false,"recurrence_relative_residual":1.14835093518e-05,"failed":0}
{"fracture_frame":3,"live_bonds":0}
{"topology_and_rhs_update_ms":0.146002,"hierarchy_rebuilt":false,"coupling_reuploaded":false,"graph_recaptured":false}
{"trial":6,"passed":true,"iterations":0,"submitted":0,"cuda_solve_ms":0.011168,"wall_solve_ms":0.016561,"force_residual":0,"moment_residual":0,"bond_relative_error":null,"bond_max_error_over_peak":null,"bond_force_error_n":0,"bond_moment_error_nm":0,"bond_force_error_over_input":0,"bond_moment_error_over_input":0,"zero_bond_reference":true,"recurrence_relative_residual":0,"failed":0}
{"trial":7,"passed":true,"iterations":0,"submitted":0,"cuda_solve_ms":0.008512,"wall_solve_ms":0.014417,"force_residual":0,"moment_residual":0,"bond_relative_error":null,"bond_max_error_over_peak":null,"bond_force_error_n":0,"bond_moment_error_nm":0,"bond_force_error_over_input":0,"bond_moment_error_over_input":0,"zero_bond_reference":true,"recurrence_relative_residual":0,"failed":0}
{"fracture_frame":4,"live_bonds":18627}
{"topology_and_rhs_update_ms":0.239247,"hierarchy_rebuilt":false,"coupling_reuploaded":false,"graph_recaptured":false}
{"trial":8,"passed":true,"iterations":31,"submitted":32,"cuda_solve_ms":6.411808,"wall_solve_ms":6.419217,"force_residual":1.09404248566e-11,"moment_residual":1.37956182279e-11,"bond_relative_error":5.56705975548e-12,"bond_max_error_over_peak":2.34101762125e-12,"bond_force_error_n":2.80292101781e-06,"bond_moment_error_nm":1.89403027704e-06,"bond_force_error_over_input":1.1163221193e-11,"bond_moment_error_over_input":8.00195136207e-12,"zero_bond_reference":false,"recurrence_relative_residual":6.7263596876e-11,"failed":0}
{"trial":9,"passed":true,"iterations":31,"submitted":32,"cuda_solve_ms":6.395936,"wall_solve_ms":6.401514,"force_residual":1.09404248566e-11,"moment_residual":1.37956182279e-11,"bond_relative_error":5.56705975548e-12,"bond_max_error_over_peak":2.34101762125e-12,"bond_force_error_n":2.80292101781e-06,"bond_moment_error_nm":1.89403027704e-06,"bond_force_error_over_input":1.1163221193e-11,"bond_moment_error_over_input":8.00195136207e-12,"zero_bond_reference":false,"recurrence_relative_residual":6.7263596876e-11,"failed":0}
{"fracture_frame":5,"live_bonds":12418}
{"topology_and_rhs_update_ms":0.176229,"hierarchy_rebuilt":false,"coupling_reuploaded":false,"graph_recaptured":false}
{"trial":10,"passed":true,"iterations":157,"submitted":160,"cuda_solve_ms":31.636448,"wall_solve_ms":31.642849,"force_residual":1.74725561833e-11,"moment_residual":1.85658019856e-11,"bond_relative_error":9.45705455675e-12,"bond_max_error_over_peak":9.23852068423e-12,"bond_force_error_n":5.8516643676e-06,"bond_moment_error_nm":4.22342751096e-06,"bond_force_error_over_input":2.33054814129e-11,"bond_moment_error_over_input":1.78432530534e-11,"zero_bond_reference":false,"recurrence_relative_residual":9.6629618297e-11,"failed":0}
{"trial":11,"passed":true,"iterations":157,"submitted":160,"cuda_solve_ms":30.412224,"wall_solve_ms":30.418221,"force_residual":1.74725561833e-11,"moment_residual":1.85658019856e-11,"bond_relative_error":9.45705455675e-12,"bond_max_error_over_peak":9.23852068423e-12,"bond_force_error_n":5.8516643676e-06,"bond_moment_error_nm":4.22342751096e-06,"bond_force_error_over_input":2.33054814129e-11,"bond_moment_error_over_input":1.78432530534e-11,"zero_bond_reference":false,"recurrence_relative_residual":9.6629618297e-11,"failed":0}
{"fracture_frame":6,"live_bonds":18564}
{"topology_and_rhs_update_ms":0.435633,"hierarchy_rebuilt":false,"coupling_reuploaded":false,"graph_recaptured":false}
{"trial":12,"passed":true,"iterations":54,"submitted":56,"cuda_solve_ms":11.805024,"wall_solve_ms":11.810995,"force_residual":1.34663698941e-11,"moment_residual":1.67769900738e-11,"bond_relative_error":1.97451805806e-11,"bond_max_error_over_peak":8.25968495634e-11,"bond_force_error_n":3.13815902302e-06,"bond_moment_error_nm":2.8666815834e-06,"bond_force_error_over_input":1.2498376904e-11,"bond_moment_error_over_input":1.21112354322e-11,"zero_bond_reference":false,"recurrence_relative_residual":8.06010555008e-11,"failed":0}
{"trial":13,"passed":true,"iterations":54,"submitted":56,"cuda_solve_ms":11.797728,"wall_solve_ms":11.803561,"force_residual":1.34665173573e-11,"moment_residual":1.67769330345e-11,"bond_relative_error":1.97452232487e-11,"bond_max_error_over_peak":8.25968149191e-11,"bond_force_error_n":3.13822267609e-06,"bond_moment_error_nm":2.86667739836e-06,"bond_force_error_over_input":1.24986304157e-11,"bond_moment_error_over_input":1.21112177511e-11,"zero_bond_reference":false,"recurrence_relative_residual":8.06010722306e-11,"failed":0}
{"fracture_frame":7,"live_bonds":18627}
{"topology_and_rhs_update_ms":0.241732,"hierarchy_rebuilt":false,"coupling_reuploaded":false,"graph_recaptured":false}
{"trial":14,"passed":true,"iterations":31,"submitted":32,"cuda_solve_ms":6.105952,"wall_solve_ms":6.111863,"force_residual":1.09404248566e-11,"moment_residual":1.37956182279e-11,"bond_relative_error":5.56705975548e-12,"bond_max_error_over_peak":2.34101762125e-12,"bond_force_error_n":2.80292101781e-06,"bond_moment_error_nm":1.89403027704e-06,"bond_force_error_over_input":1.1163221193e-11,"bond_moment_error_over_input":8.00195136207e-12,"zero_bond_reference":false,"recurrence_relative_residual":6.7263596876e-11,"failed":0}
{"trial":15,"passed":true,"iterations":31,"submitted":32,"cuda_solve_ms":6.103392,"wall_solve_ms":6.108977,"force_residual":1.09404248566e-11,"moment_residual":1.37956182279e-11,"bond_relative_error":5.56705975548e-12,"bond_max_error_over_peak":2.34101762125e-12,"bond_force_error_n":2.80292101781e-06,"bond_moment_error_nm":1.89403027704e-06,"bond_force_error_over_input":1.1163221193e-11,"bond_moment_error_over_input":8.00195136207e-12,"zero_bond_reference":false,"recurrence_relative_residual":6.7263596876e-11,"failed":0}
