[  3%] Built target scene_pack_test
[  6%] Built target blast_direct_gpu_p0
[  9%] Built target scene_pack_v3_test
[ 12%] Built target node_mesh_test
[ 15%] Built target scene_pack_conformance_test
[ 17%] Built target NvBlastExtStressGpu
[ 19%] Built target gpu_device_input_test
[ 20%] Building CXX object CMakeFiles/blast_stress_core.dir/root/workspace/blast-stress-solver-2/blast/source/sdk/extensions/stress/NvBlastExtStressSolver.cpp.o
In file included from /root/workspace/blast-stress-solver-2/blast/source/shared/stress_solver/coupling.h:30,
                 from /root/workspace/blast-stress-solver-2/blast/source/shared/stress_solver/bond.h:29,
                 from /root/workspace/blast-stress-solver-2/blast/source/shared/stress_solver/stress.h:29,
                 from /root/workspace/blast-stress-solver-2/blast/source/sdk/extensions/stress/NvBlastExtStressSolver.cpp:43:
/root/workspace/blast-stress-solver-2/blast/source/shared/stress_solver/anglin6.h:167:25: warning: ignoring attributes on template argument ‘__m128’ [-Wignored-attributes]
  167 | struct AngLin6Ops<__m128>
      |                         ^
/root/workspace/blast-stress-solver-2/blast/source/shared/stress_solver/coupling.h:121:43: warning: ignoring attributes on template argument ‘SIMD_Scalar’ {aka ‘__m128’} [-Wignored-attributes]
  121 | struct CouplingMatrixOps<Elem, SIMD_Scalar>
      |                                           ^
In file included from /root/workspace/blast-stress-solver-2/blast/source/shared/stress_solver/bond.h:30:
/root/workspace/blast-stress-solver-2/blast/source/shared/stress_solver/inertia.h:86:36: warning: ignoring attributes on template argument ‘SIMD_Scalar’ {aka ‘__m128’} [-Wignored-attributes]
   86 | struct InertiaMatrixOps<SIMD_Scalar>
      |                                    ^
[ 21%] Linking CXX static library libblast_stress_core.a
[ 35%] Built target blast_stress_core
[ 36%] Linking CXX executable gpu_stress_test
[ 37%] Linking CXX executable gpu_stress_benchmark
[ 38%] Building CXX object CMakeFiles/NvBlastExtStressPhysX.dir/root/workspace/blast-stress-solver-2/blast/source/sdk/extensions/stressphysx/NvBlastExtStressPhysX.cpp.o
[ 39%] Linking CXX executable gpu_stress_suite
[ 40%] Built target gpu_stress_test
[ 41%] Built target gpu_stress_benchmark
[ 43%] Built target gpu_stress_suite
[ 44%] Linking CXX static library libNvBlastExtStressPhysX.a
[ 49%] Built target NvBlastExtStressPhysX
[ 50%] Linking CXX executable point_force_test
[ 52%] Linking CXX executable solver_divergence_test
[ 52%] Linking CXX executable resim_snapshot_test
[ 55%] Linking CXX executable resim_scoped_cascade_test
[ 55%] Linking CXX executable velocity_fidelity_test
[ 55%] Linking CXX executable resim_punchthrough_test
[ 56%] Linking CXX executable load_path_test
[ 57%] Linking CXX executable blast_stress_demo
[ 59%] Built target resim_scoped_cascade_test
[ 61%] Built target solver_divergence_test
[ 62%] Linking CXX executable direct_gpu_resim_test
[ 64%] Built target load_path_test
[ 66%] Built target resim_punchthrough_test
[ 67%] Linking CXX executable gpu_activity_bench
[ 69%] Built target velocity_fidelity_test
[ 71%] Built target resim_snapshot_test
[ 75%] Built target blast_stress_demo
[ 77%] Built target point_force_test
[ 78%] Linking CXX executable gpu_activity_test
[ 80%] Linking CXX executable material_behavior_test
[ 80%] Linking CXX executable chunk_crush_test
[ 81%] Linking CXX executable destruction_quality_test
[ 82%] Building CUDA object CMakeFiles/direct_gpu_contact_test.dir/tests/direct_gpu_contact_test.cu.o
[ 83%] Linking CXX executable gpu_lazy_readback_test
[ 85%] Built target direct_gpu_resim_test
[ 87%] Built target gpu_activity_bench
[ 89%] Built target gpu_activity_test
[ 91%] Built target material_behavior_test
[ 93%] Built target chunk_crush_test
[ 96%] Built target destruction_quality_test
[ 98%] Built target gpu_lazy_readback_test
[ 99%] Linking CXX executable direct_gpu_contact_test
[100%] Built target direct_gpu_contact_test
