Internal ctest changing into directory: /root/workspace/blast-stress-solver-2/demos/blast-stress-demo/build-gpu-activity
UpdateCTestConfiguration  from :/root/workspace/blast-stress-solver-2/demos/blast-stress-demo/build-gpu-activity/DartConfiguration.tcl
UpdateCTestConfiguration  from :/root/workspace/blast-stress-solver-2/demos/blast-stress-demo/build-gpu-activity/DartConfiguration.tcl
Test project /root/workspace/blast-stress-solver-2/demos/blast-stress-demo/build-gpu-activity
Constructing a list of tests
Done constructing a list of tests
Updating test list for fixtures
Added 0 tests to meet fixture requirements
Checking test dependency graph...
Checking test dependency graph end
test 5
    Start 5: blast_stress_point_force_cpu

5: Test command: /root/workspace/blast-stress-solver-2/demos/blast-stress-demo/build-gpu-activity/point_force_test "cpu"
5: Working Directory: /root/workspace/blast-stress-solver-2/demos/blast-stress-demo/build-gpu-activity
5: Test timeout computed to be: 10000000
5: point moment has the wrong sign about the bond
5: lever cpu height=1.0 actual=(4.4444451,4.4444451,1.1111107) expected_bend=0
1/1 Test #5: blast_stress_point_force_cpu .....***Failed    0.00 sec
point moment has the wrong sign about the bond
lever cpu height=1.0 actual=(4.4444451,4.4444451,1.1111107) expected_bend=0


0% tests passed, 1 tests failed out of 1

Total Test time (real) =   0.01 sec

The following tests FAILED:
	  5 - blast_stress_point_force_cpu (Failed)
Errors while running CTest
