{"native_physical_assembly_ms":30.732502,"active_nodes":5936,"bonds":18627,"independent_operator_comparison":true,"native_load_projection":true}
{"native_hierarchy_setup_ms":189.636959,"basis_reconstruction_error":6.38176246387e-17,"levels":3,"coarse_rows":96}
{"native_level":0,"rows":35616,"nnz":827552,"coarse_rows":5100,"omega":0.483457107955,"eigenvalue_upper_bound":2.75791442797}
{"native_level":1,"rows":5100,"nnz":890280,"coarse_rows":738,"omega":0.430145208696,"eigenvalue_upper_bound":3.09972843212}
{"native_level":2,"rows":738,"nnz":225180,"coarse_rows":96,"omega":0.438084405917,"eigenvalue_upper_bound":3.04355351463}
{"resident_bond_operator":true,"gpu_rigid_projector":true}
{"gpu":"NVIDIA GeForce RTX 4090","operator":"double","preconditioner_storage":"float","preconditioner_arithmetic":"float","outer_vectors_and_reductions":"double","cuda_graph":true,"device_context_upload_graph_ms":149.117721,"rows":35616,"free":false,"levels":3,"scope":"standalone hierarchy validation; no game integration"}
{"fracture_frame":0,"live_bonds":18627}
{"topology_and_rhs_update_ms":0.221964,"hierarchy_rebuilt":false,"coupling_reuploaded":false,"graph_recaptured":false}
{"trial":0,"passed":true,"iterations":31,"submitted":32,"cuda_solve_ms":5.775328,"wall_solve_ms":5.783058,"force_residual":1.09404248566e-11,"moment_residual":1.37956182279e-11,"bond_relative_error":5.56705975548e-12,"bond_max_error_over_peak":2.34101762125e-12,"bond_force_error_n":2.80292101781e-06,"bond_moment_error_nm":1.89403027704e-06,"bond_force_error_over_input":1.1163221193e-11,"bond_moment_error_over_input":8.00195136207e-12,"zero_bond_reference":false,"recurrence_relative_residual":6.7263596876e-11,"failed":0}
{"trial":1,"passed":true,"iterations":31,"submitted":32,"cuda_solve_ms":5.776384,"wall_solve_ms":5.782758,"force_residual":1.09404248566e-11,"moment_residual":1.37956182279e-11,"bond_relative_error":5.56705975548e-12,"bond_max_error_over_peak":2.34101762125e-12,"bond_force_error_n":2.80292101781e-06,"bond_moment_error_nm":1.89403027704e-06,"bond_force_error_over_input":1.1163221193e-11,"bond_moment_error_over_input":8.00195136207e-12,"zero_bond_reference":false,"recurrence_relative_residual":6.7263596876e-11,"failed":0}
{"fracture_frame":1,"live_bonds":18564}
{"topology_and_rhs_update_ms":0.488351,"hierarchy_rebuilt":false,"coupling_reuploaded":false,"graph_recaptured":false}
{"trial":2,"passed":true,"iterations":54,"submitted":56,"cuda_solve_ms":25.097248,"wall_solve_ms":25.103872,"force_residual":1.34662786736e-11,"moment_residual":1.67768064883e-11,"bond_relative_error":1.97452112954e-11,"bond_max_error_over_peak":8.25968842076e-11,"bond_force_error_n":3.13821550739e-06,"bond_moment_error_nm":2.86668195093e-06,"bond_force_error_over_input":1.24986018648e-11,"bond_moment_error_over_input":1.21112369849e-11,"zero_bond_reference":false,"recurrence_relative_residual":8.06015515455e-11,"failed":0}
{"trial":3,"passed":true,"iterations":54,"submitted":56,"cuda_solve_ms":25.103872,"wall_solve_ms":25.110544,"force_residual":1.34662786736e-11,"moment_residual":1.67768064883e-11,"bond_relative_error":1.97452112954e-11,"bond_max_error_over_peak":8.25968842076e-11,"bond_force_error_n":3.13821550739e-06,"bond_moment_error_nm":2.86668195093e-06,"bond_force_error_over_input":1.24986018648e-11,"bond_moment_error_over_input":1.21112369849e-11,"zero_bond_reference":false,"recurrence_relative_residual":8.06015515455e-11,"failed":0}
{"fracture_frame":2,"live_bonds":18036}
{"topology_and_rhs_update_ms":0.360132,"hierarchy_rebuilt":false,"coupling_reuploaded":false,"graph_recaptured":false}
{"trial":4,"passed":false,"iterations":256,"submitted":256,"cuda_solve_ms":84.264259,"wall_solve_ms":84.271931,"force_residual":2.16400018399e-06,"moment_residual":2.66043408473e-06,"bond_relative_error":2.99713175095e-06,"bond_max_error_over_peak":3.03161659102e-06,"bond_force_error_n":0.856701754592,"bond_moment_error_nm":0.685258308137,"bond_force_error_over_input":3.41199453076e-06,"bond_moment_error_over_input":2.89509820336e-06,"zero_bond_reference":false,"recurrence_relative_residual":1.14835591757e-05,"failed":0}
{"trial":5,"passed":false,"iterations":256,"submitted":256,"cuda_solve_ms":84.310272,"wall_solve_ms":84.318036,"force_residual":2.16400018399e-06,"moment_residual":2.66043408473e-06,"bond_relative_error":2.99713175095e-06,"bond_max_error_over_peak":3.03161659102e-06,"bond_force_error_n":0.856701754592,"bond_moment_error_nm":0.685258308137,"bond_force_error_over_input":3.41199453076e-06,"bond_moment_error_over_input":2.89509820336e-06,"zero_bond_reference":false,"recurrence_relative_residual":1.14835591757e-05,"failed":0}
{"fracture_frame":3,"live_bonds":0}
{"topology_and_rhs_update_ms":0.144810,"hierarchy_rebuilt":false,"coupling_reuploaded":false,"graph_recaptured":false}
{"trial":6,"passed":true,"iterations":0,"submitted":0,"cuda_solve_ms":0.009952,"wall_solve_ms":0.015719,"force_residual":0,"moment_residual":0,"bond_relative_error":null,"bond_max_error_over_peak":null,"bond_force_error_n":0,"bond_moment_error_nm":0,"bond_force_error_over_input":0,"bond_moment_error_over_input":0,"zero_bond_reference":true,"recurrence_relative_residual":0,"failed":0}
{"trial":7,"passed":true,"iterations":0,"submitted":0,"cuda_solve_ms":0.007744,"wall_solve_ms":0.013505,"force_residual":0,"moment_residual":0,"bond_relative_error":null,"bond_max_error_over_peak":null,"bond_force_error_n":0,"bond_moment_error_nm":0,"bond_force_error_over_input":0,"bond_moment_error_over_input":0,"zero_bond_reference":true,"recurrence_relative_residual":0,"failed":0}
{"fracture_frame":4,"live_bonds":18627}
{"topology_and_rhs_update_ms":0.232704,"hierarchy_rebuilt":false,"coupling_reuploaded":false,"graph_recaptured":false}
{"trial":8,"passed":true,"iterations":31,"submitted":32,"cuda_solve_ms":5.775040,"wall_solve_ms":5.780944,"force_residual":1.09404248566e-11,"moment_residual":1.37956182279e-11,"bond_relative_error":5.56705975548e-12,"bond_max_error_over_peak":2.34101762125e-12,"bond_force_error_n":2.80292101781e-06,"bond_moment_error_nm":1.89403027704e-06,"bond_force_error_over_input":1.1163221193e-11,"bond_moment_error_over_input":8.00195136207e-12,"zero_bond_reference":false,"recurrence_relative_residual":6.7263596876e-11,"failed":0}
{"trial":9,"passed":true,"iterations":31,"submitted":32,"cuda_solve_ms":5.777024,"wall_solve_ms":5.783790,"force_residual":1.09404248566e-11,"moment_residual":1.37956182279e-11,"bond_relative_error":5.56705975548e-12,"bond_max_error_over_peak":2.34101762125e-12,"bond_force_error_n":2.80292101781e-06,"bond_moment_error_nm":1.89403027704e-06,"bond_force_error_over_input":1.1163221193e-11,"bond_moment_error_over_input":8.00195136207e-12,"zero_bond_reference":false,"recurrence_relative_residual":6.7263596876e-11,"failed":0}
{"fracture_frame":5,"live_bonds":12418}
{"topology_and_rhs_update_ms":0.159468,"hierarchy_rebuilt":false,"coupling_reuploaded":false,"graph_recaptured":false}
{"trial":10,"passed":true,"iterations":157,"submitted":160,"cuda_solve_ms":28.819551,"wall_solve_ms":28.825675,"force_residual":1.74725561833e-11,"moment_residual":1.85658019856e-11,"bond_relative_error":9.45705455675e-12,"bond_max_error_over_peak":9.23852068423e-12,"bond_force_error_n":5.8516643676e-06,"bond_moment_error_nm":4.22342751096e-06,"bond_force_error_over_input":2.33054814129e-11,"bond_moment_error_over_input":1.78432530534e-11,"zero_bond_reference":false,"recurrence_relative_residual":9.6629618297e-11,"failed":0}
{"trial":11,"passed":true,"iterations":157,"submitted":160,"cuda_solve_ms":28.814625,"wall_solve_ms":28.821116,"force_residual":1.74725561833e-11,"moment_residual":1.85658019856e-11,"bond_relative_error":9.45705455675e-12,"bond_max_error_over_peak":9.23852068423e-12,"bond_force_error_n":5.8516643676e-06,"bond_moment_error_nm":4.22342751096e-06,"bond_force_error_over_input":2.33054814129e-11,"bond_moment_error_over_input":1.78432530534e-11,"zero_bond_reference":false,"recurrence_relative_residual":9.6629618297e-11,"failed":0}
{"fracture_frame":6,"live_bonds":18564}
{"topology_and_rhs_update_ms":0.470297,"hierarchy_rebuilt":false,"coupling_reuploaded":false,"graph_recaptured":false}
{"trial":12,"passed":true,"iterations":54,"submitted":56,"cuda_solve_ms":25.102495,"wall_solve_ms":25.108651,"force_residual":1.34662786736e-11,"moment_residual":1.67768064883e-11,"bond_relative_error":1.97452112954e-11,"bond_max_error_over_peak":8.25968842076e-11,"bond_force_error_n":3.13821550739e-06,"bond_moment_error_nm":2.86668195093e-06,"bond_force_error_over_input":1.24986018648e-11,"bond_moment_error_over_input":1.21112369849e-11,"zero_bond_reference":false,"recurrence_relative_residual":8.06015515455e-11,"failed":0}
{"trial":13,"passed":true,"iterations":54,"submitted":56,"cuda_solve_ms":25.093311,"wall_solve_ms":25.100305,"force_residual":1.34662786736e-11,"moment_residual":1.67768064883e-11,"bond_relative_error":1.97452112954e-11,"bond_max_error_over_peak":8.25968842076e-11,"bond_force_error_n":3.13821550739e-06,"bond_moment_error_nm":2.86668195093e-06,"bond_force_error_over_input":1.24986018648e-11,"bond_moment_error_over_input":1.21112369849e-11,"zero_bond_reference":false,"recurrence_relative_residual":8.06015515455e-11,"failed":0}
{"fracture_frame":7,"live_bonds":18627}
{"topology_and_rhs_update_ms":0.223837,"hierarchy_rebuilt":false,"coupling_reuploaded":false,"graph_recaptured":false}
{"trial":14,"passed":true,"iterations":31,"submitted":32,"cuda_solve_ms":5.768288,"wall_solve_ms":5.773621,"force_residual":1.09404248566e-11,"moment_residual":1.37956182279e-11,"bond_relative_error":5.56705975548e-12,"bond_max_error_over_peak":2.34101762125e-12,"bond_force_error_n":2.80292101781e-06,"bond_moment_error_nm":1.89403027704e-06,"bond_force_error_over_input":1.1163221193e-11,"bond_moment_error_over_input":8.00195136207e-12,"zero_bond_reference":false,"recurrence_relative_residual":6.7263596876e-11,"failed":0}
{"trial":15,"passed":true,"iterations":31,"submitted":32,"cuda_solve_ms":5.771392,"wall_solve_ms":5.777528,"force_residual":1.09404248566e-11,"moment_residual":1.37956182279e-11,"bond_relative_error":5.56705975548e-12,"bond_max_error_over_peak":2.34101762125e-12,"bond_force_error_n":2.80292101781e-06,"bond_moment_error_nm":1.89403027704e-06,"bond_force_error_over_input":1.1163221193e-11,"bond_moment_error_over_input":8.00195136207e-12,"zero_bond_reference":false,"recurrence_relative_residual":6.7263596876e-11,"failed":0}
